******************************************************************************
                  TI ARM Linker Unix v5.2.6                    
******************************************************************************
>> Linked Wed Apr 27 22:25:22 2016

OUTPUT FILE NAME:   <final_ece461.out>
ENTRY POINT SYMBOL: "_c_int00"  address: 00009e2d


MEMORY CONFIGURATION

         name            origin    length      used     unused   attr    fill
----------------------  --------  ---------  --------  --------  ----  --------
  MAIN                  00000000   00040000  0000abea  00035416  R  X
  INFO                  00200000   00004000  00000000  00004000  R  X
  SRAM_CODE             01000000   00010000  00000000  00010000  RW X
  SRAM_DATA             20000000   00010000  00000b9f  0000f461  RW  


SEGMENT ALLOCATION MAP

run origin  load origin   length   init length attrs members
----------  ----------- ---------- ----------- ----- -------
00000000    00000000    0000abf0   0000abf0    r-x
  00000000    00000000    00000144   00000144    r-- .intvecs
  00000144    00000144    0000a28e   0000a28e    r-x .text
  0000a3d4    0000a3d4    000007b8   000007b8    r-- .const
  0000ab90    0000ab90    00000060   00000060    r-- .cinit
20000000    20000000    000009a0   00000000    rw-
  20000000    20000000    000000e4   00000000    rw- .vtable
  200000e4    200000e4    00000877   00000000    rw- .bss
  2000095c    2000095c    00000044   00000000    rw- .data
2000fe00    2000fe00    00000200   00000000    rw-
  2000fe00    2000fe00    00000200   00000000    rw- .stack


SECTION ALLOCATION MAP

 output                                  attributes/
section   page    origin      length       input sections
--------  ----  ----------  ----------   ----------------
.intvecs   0    00000000    00000144     
                  00000000    00000144     msp432_startup_ccs.obj (.intvecs:retain)

.text      0    00000144    0000a28e     
                  00000144    00002024     driver.obj (.text)
                  00002168    00000ed4     socket.obj (.text)
                  0000303c    00000b44     netapp.obj (.text)
                  00003b80    00000ab8     wlan.obj (.text)
                  00004638    00000a00     MQTTClient.obj (.text)
                  00005038    00000678     Crystalfontz128x128_ST7735.obj (.text)
                  000056b0    00000630     string.obj (.text)
                  00005ce0    000005b4     device.obj (.text)
                  00006294    000004e8     myinit.obj (.text)
                  0000677c    00000490     line.obj (.text)
                  00006c0c    00000488     main.obj (.text)
                  00007094    000003f8     MQTTPacket.obj (.text)
                  0000748c    000003ac     MQTTConnectClient.obj (.text)
                  00007838    00000388     MQTTCC3100.obj (.text)
                  00007bc0    00000354     board.obj (.text)
                  00007f14    000002d4     events.obj (.text)
                  000081e8    0000028c     lcd_display.obj (.text)
                  00008474    00000266     context.obj (.text)
                  000086da    00000002     --HOLE-- [fill = 0]
                  000086dc    00000218     MQTTSerializePublish.obj (.text)
                  000088f4    00000218     MQTTSubscribeClient.obj (.text)
                  00008b0c    00000214     spi_cc3100.obj (.text)
                  00008d20    000001a0     MQTTUnsubscribeClient.obj (.text)
                  00008ec0    00000182     msp432p4xx_driverlib.lib : pcm.o (.text:PCM_setPowerStateWithTimeout)
                  00009042    00000002     --HOLE-- [fill = 0]
                  00009044    00000138     MQTTDeserializePublish.obj (.text)
                  0000917c    00000134     display.obj (.text)
                  000092b0    00000130     nonos.obj (.text)
                  000093e0    00000110     netcfg.obj (.text)
                  000094f0    000000f0     ped_adc.obj (.text)
                  000095e0    000000e0     msp432p4xx_driverlib.lib : cs.o (.text:CS_initClockSignal)
                  000096c0    000000d4                              : pcm.o (.text:PCM_setPowerModeWithTimeout)
                  00009794    000000bc     HAL_MSP_EXP432P401R_Crystalfontz128x128_ST7735.obj (.text)
                  00009850    000000b2     msp432p4xx_driverlib.lib : timer_a.o (.text:privateTimer_AProcessClockSourceDivider)
                  00009902    00000002     --HOLE-- [fill = 0]
                  00009904    000000a8                              : pcm.o (.text:PCM_setCoreVoltageLevelWithTimeout)
                  000099ac    0000009c     rtsv7M4_T_le_v4SPD16_eabi.lib : memcpy_t2.obj (.text)
                  00009a48    00000080     flowcont.obj (.text)
                  00009ac8    0000007c     msp432p4xx_driverlib.lib : pcm.o (.text:PCM_gotoLPM3)
                  00009b44    0000007c                              : spi.o (.text:SPI_initMaster)
                  00009bc0    0000007a     rtsv7M4_T_le_v4SPD16_eabi.lib : memset_t2.obj (.text)
                  00009c3a    00000002     --HOLE-- [fill = 0]
                  00009c3c    0000006c                                   : autoinit.obj (.text)
                  00009ca8    0000006a                                   : copy_decompress_rle.obj (.text)
                  00009d12    00000002     --HOLE-- [fill = 0]
                  00009d14    00000064     msp432p4xx_driverlib.lib : interrupt.o (.text:Interrupt_disableInterrupt)
                  00009d78    00000064                              : interrupt.o (.text:Interrupt_enableInterrupt)
                  00009ddc    00000050                              : pcm.o (.text:PCM_shutdownDevice)
                  00009e2c    00000050     rtsv7M4_T_le_v4SPD16_eabi.lib : boot.obj (.text)
                  00009e7c    0000004c     msp432p4xx_driverlib.lib : gpio.o (.text:GPIO_setAsPeripheralModuleFunctionInputPin)
                  00009ec8    0000004c                              : gpio.o (.text:GPIO_setAsPeripheralModuleFunctionOutputPin)
                  00009f14    0000004c     rtsv7M4_T_le_v4SPD16_eabi.lib : cpy_tbl.obj (.text)
                  00009f60    00000044     msp432p4xx_driverlib.lib : timer_a.o (.text:Timer_A_configureUpMode)
                  00009fa4    00000044     rtsv7M4_T_le_v4SPD16_eabi.lib : exit.obj (.text)
                  00009fe8    00000040     cli_uart.obj (.text)
                  0000a028    00000034     msp432p4xx_driverlib.lib : interrupt.o (.text:Interrupt_registerInterrupt)
                  0000a05c    00000030                              : gpio.o (.text:GPIO_getEnabledInterruptStatus)
                  0000a08c    00000030                              : gpio.o (.text:GPIO_setAsInputPinWithPullUpResistor)
                  0000a0bc    00000030                              : spi.o (.text:is_A_Module)
                  0000a0ec    0000002c                              : pcm.o (.text:PCM_getCoreVoltageLevel)
                  0000a118    0000002a                              : pcm.o (.text:PCM_getPowerMode)
                  0000a142    00000002     --HOLE-- [fill = 0]
                  0000a144    00000028                              : pcm.o (.text:PCM_gotoLPM0)
                  0000a16c    00000026     rtsv7M4_T_le_v4SPD16_eabi.lib : strncmp.obj (.text)
                  0000a192    00000002     --HOLE-- [fill = 0]
                  0000a194    00000024     msp432p4xx_driverlib.lib : cs.o (.text:CS_setDCOCenteredFrequency)
                  0000a1b8    00000024                              : gpio.o (.text:GPIO_setAsOutputPin)
                  0000a1dc    00000020                              : gpio.o (.text:GPIO_interruptEdgeSelect)
                  0000a1fc    00000020                              : spi.o (.text:SPI_transmitData)
                  0000a21c    0000001a                              : spi.o (.text:SPI_enableModule)
                  0000a236    00000002     --HOLE-- [fill = 0]
                  0000a238    00000018                              : gpio.o (.text:GPIO_clearInterruptFlag)
                  0000a250    00000018                              : gpio.o (.text:GPIO_setOutputLowOnPin)
                  0000a268    00000018     rtsv7M4_T_le_v4SPD16_eabi.lib : args_main.obj (.text)
                  0000a280    00000014     msp432p4xx_driverlib.lib : cs.o (.text:CS_setExternalClockSourceFrequency)
                  0000a294    00000014                              : gpio.o (.text:GPIO_enableInterrupt)
                  0000a2a8    00000014                              : gpio.o (.text:GPIO_setOutputHighOnPin)
                  0000a2bc    00000014                              : systick.o (.text:SysTick_enableInterrupt)
                  0000a2d0    00000014                              : systick.o (.text:SysTick_enableModule)
                  0000a2e4    00000014     rtsv7M4_T_le_v4SPD16_eabi.lib : _lock.obj (.text)
                  0000a2f8    00000014                                   : strlen.obj (.text)
                  0000a30c    00000010     msp432p4xx_driverlib.lib : gpio.o (.text:GPIO_getInterruptStatus)
                  0000a31c    00000010                              : interrupt.o (.text:Interrupt_enableMaster)
                  0000a32c    00000010                              : pcm.o (.text:PCM_getPowerState)
                  0000a33c    0000000e     rtsv7M4_T_le_v4SPD16_eabi.lib : copy_decompress_none.obj (.text:decompress:none)
                  0000a34a    0000000c     msp432p4xx_driverlib.lib : cpu.o (.text:CPU_cpsie)
                  0000a356    0000000c                              : spi.o (.text:EUSCI_A_SPI_enable)
                  0000a362    0000000c                              : spi.o (.text:EUSCI_B_SPI_enable)
                  0000a36e    00000002     --HOLE-- [fill = 0]
                  0000a370    0000000c                              : systick.o (.text:SysTick_setPeriod)
                  0000a37c    0000000c                              : timer_a.o (.text:Timer_A_stopTimer)
                  0000a388    0000000c     rtsv7M4_T_le_v4SPD16_eabi.lib : copy_zero_init.obj (.text:decompress:ZI)
                  0000a394    0000000c     msp432_startup_ccs.obj (.text)
                  0000a3a0    00000008     msp432p4xx_driverlib.lib : spi.o (.text:EUSCI_B_SPI_getInterruptStatus)
                  0000a3a8    00000008                              : systick.o (.text:SysTick_registerInterrupt)
                  0000a3b0    00000006                              : pcm.o (.text:PCM_setPowerMode)
                  0000a3b6    00000006                              : pcm.o (.text:PCM_setPowerState)
                  0000a3bc    00000006     rtsv7M4_T_le_v4SPD16_eabi.lib : copy_decompress_rle.obj (.text:decompress:rle24)
                  0000a3c2    00000004     msp432p4xx_driverlib.lib : cpu.o (.text:CPU_wfi)
                  0000a3c6    00000004                              : spi.o (.text:EUSCI_A_SPI_transmitData)
                  0000a3ca    00000004                              : spi.o (.text:EUSCI_B_SPI_transmitData)
                  0000a3ce    00000004     rtsv7M4_T_le_v4SPD16_eabi.lib : pre_init.obj (.text)

.const     0    0000a3d4    000007b8     
                  0000a3d4    000002f8     fontfixed6x8.obj (.const:.string:g_pucFontFixed6x8Data)
                  0000a6cc    000000c8     fontfixed6x8.obj (.const:g_sFontFixed6x8)
                  0000a794    000000b0     wlan.obj (.const:$P$T0$1)
                  0000a844    00000058     main.obj (.const:$P$T0$1)
                  0000a89c    00000058     MQTTClient.obj (.const:$P$T1$2)
                  0000a8f4    00000040     msp432p4xx_driverlib.lib : interrupt.o (.const)
                  0000a934    0000003c     wlan.obj (.const)
                  0000a970    00000038     driver.obj (.const:_SlActionLookupTable)
                  0000a9a8    00000038     myinit.obj (.const)
                  0000a9e0    00000034     socket.obj (.const)
                  0000aa14    00000030     msp432p4xx_driverlib.lib : gpio.o (.const:GPIO_PORT_TO_BASE)
                  0000aa44    0000002c     myinit.obj (.const:$P$T0$1)
                  0000aa70    0000002c     Crystalfontz128x128_ST7735.obj (.const:g_sCrystalfontz128x128)
                  0000aa9c    00000028     MQTTClient.obj (.const)
                  0000aac4    00000028     netapp.obj (.const)
                  0000aaec    0000001c     HAL_MSP_EXP432P401R_Crystalfontz128x128_ST7735.obj (.const)
                  0000ab08    00000014     MQTTConnectClient.obj (.const)
                  0000ab1c    00000014     device.obj (.const)
                  0000ab30    00000014     driver.obj (.const)
                  0000ab44    0000000f     lcd_display.obj (.const:.string)
                  0000ab53    00000008     main.obj (.const:.string)
                  0000ab5b    00000001     --HOLE-- [fill = 0]
                  0000ab5c    00000008     Crystalfontz128x128_ST7735.obj (.const)
                  0000ab64    00000008     MQTTDeserializePublish.obj (.const)
                  0000ab6c    00000008     MQTTSerializePublish.obj (.const)
                  0000ab74    00000008     MQTTSubscribeClient.obj (.const)
                  0000ab7c    00000008     netcfg.obj (.const)
                  0000ab84    00000004     MQTTPacket.obj (.const)
                  0000ab88    00000004     MQTTUnsubscribeClient.obj (.const)

.cinit     0    0000ab90    00000060     
                  0000ab90    00000029     (.cinit..data.load) [load image, compression = rle]
                  0000abb9    00000003     --HOLE-- [fill = 0]
                  0000abbc    0000000c     (__TI_handler_table)
                  0000abc8    00000008     (.cinit..bss.load) [load image, compression = zero_init]
                  0000abd0    00000008     (.cinit..vtable.load) [load image, compression = zero_init]
                  0000abd8    00000018     (__TI_cinit_table)

.init_array 
*          0    00000000    00000000     UNINITIALIZED

.vtable    0    20000000    000000e4     UNINITIALIZED
                  20000000    000000e4     msp432p4xx_driverlib.lib : interrupt.o (.vtable)

.bss       0    200000e4    00000877     UNINITIALIZED
                  200000e4    00000648     myinit.obj (.bss:g_AppData)
                  2000072c    00000164     driver.obj (.bss:g_StatMem)
                  20000890    0000005c     main.obj (.bss:hMQTTClient)
                  200008ec    00000028     nonos.obj (.bss:g__SlNonOsCB)
                  20000914    0000001c     (.common:g_sContext)
                  20000930    00000010     (.common:n)
                  20000940    00000004     (.common:MilliTimer)
                  20000944    00000004     (.common:bufptr)
                  20000948    00000004     (.common:hfxtFreq)
                  2000094c    00000004     (.common:lfxtFreq)
                  20000950    00000002     (.common:Lcd_ScreenHeigth)
                  20000952    00000002     (.common:Lcd_ScreenWidth)
                  20000954    00000002     (.common:Lcd_TouchTrim)
                  20000956    00000001     (.common:IntIsMasked)
                  20000957    00000001     (.common:Lcd_FlagRead)
                  20000958    00000001     (.common:Lcd_FontSolid)
                  20000959    00000001     (.common:Lcd_Orientation)
                  2000095a    00000001     (.common:Lcd_PenSolid)

.TI.noinit 
*          0    200000e4    00000000     UNINITIALIZED

.data      0    2000095c    00000044     UNINITIALIZED
                  2000095c    0000001d     main.obj (.data)
                  20000979    00000003     --HOLE--
                  2000097c    00000009     driver.obj (.data)
                  20000985    00000003     --HOLE--
                  20000988    00000008     rtsv7M4_T_le_v4SPD16_eabi.lib : _lock.obj (.data)
                  20000990    00000008                                   : exit.obj (.data)
                  20000998    00000004     board.obj (.data)
                  2000099c    00000004     rtsv7M4_T_le_v4SPD16_eabi.lib : stkdepth_vars.obj (.data)

.TI.persistent 
*          0    2000095c    00000000     UNINITIALIZED

.stack     0    2000fe00    00000200     UNINITIALIZED
                  2000fe00    00000200     --HOLE--


LINKER GENERATED COPY TABLES

__TI_cinit_table @ 0000abd8 records: 3, size/record: 8, table size: 24
	.data: load addr=0000ab90, load size=00000029 bytes, run addr=2000095c, run size=00000044 bytes, compression=rle
	.bss: load addr=0000abc8, load size=00000008 bytes, run addr=200000e4, run size=00000877 bytes, compression=zero_init
	.vtable: load addr=0000abd0, load size=00000008 bytes, run addr=20000000, run size=000000e4 bytes, compression=zero_init


LINKER GENERATED HANDLER TABLE

__TI_handler_table @ 0000abbc records: 3, size/record: 4, table size: 12
	index: 0, handler: __TI_zero_init
	index: 1, handler: __TI_decompress_rle24
	index: 2, handler: __TI_decompress_none


GLOBAL SYMBOLS: SORTED ALPHABETICALLY BY Name 

address   name                                       
-------   ----                                       
00009fa5  C$$EXIT                                    
00007c0f  CC3100_InterruptDisable                    
00007bed  CC3100_InterruptEnable                     
00007ec3  CC3100_UART_ISR                            
00007bd5  CC3100_disable                             
00007be1  CC3100_enable                              
0000a021  CLI_Configure                              
00009ff5  CLI_Read                                   
0000a00b  CLI_Write                                  
0000a34b  CPU_cpsie                                  
0000a3c3  CPU_wfi                                    
000095e1  CS_initClockSignal                         
0000a195  CS_setDCOCenteredFrequency                 
0000a281  CS_setExternalClockSourceFrequency         
00007b15  ConnectNetwork                             
0000369d  CopyPingResultsToReport                    
00005039  Crystalfontz128x128_Init                   
0000514d  Crystalfontz128x128_SetDrawFrame           
0000527b  Crystalfontz128x128_SetOrientation         
00007e6d  Delay                                      
00009fe9  EUSCIA0_IRQHandler                         
0000a357  EUSCI_A_SPI_enable                         
0000a3c7  EUSCI_A_SPI_transmitData                   
0000a363  EUSCI_B_SPI_enable                         
0000a3a1  EUSCI_B_SPI_getInterruptStatus             
0000a3cb  EUSCI_B_SPI_transmitData                   
0000a239  GPIO_clearInterruptFlag                    
0000a295  GPIO_enableInterrupt                       
0000a05d  GPIO_getEnabledInterruptStatus             
0000a30d  GPIO_getInterruptStatus                    
0000a1dd  GPIO_interruptEdgeSelect                   
0000a08d  GPIO_setAsInputPinWithPullUpResistor       
0000a1b9  GPIO_setAsOutputPin                        
00009e7d  GPIO_setAsPeripheralModuleFunctionInputPin 
00009ec9  GPIO_setAsPeripheralModuleFunctionOutputPin
0000a2a9  GPIO_setOutputHighOnPin                    
0000a251  GPIO_setOutputLowOnPin                     
00007db9  GetLEDStatus                               
00008661  Graphics_clearDisplay                      
00009299  Graphics_clearDisplayOnDisplay             
000091eb  Graphics_drawHorizontalLineOnDisplay       
00006a99  Graphics_drawLine                          
0000677d  Graphics_drawLineH                         
00006819  Graphics_drawLineV                         
000091a7  Graphics_drawMultiplePixelsOnDisplay       
00008673  Graphics_drawPixel                         
0000917d  Graphics_drawPixelOnDisplay                
000057eb  Graphics_drawString                        
00005c79  Graphics_drawStringCentered                
0000921f  Graphics_drawVerticalLineOnDisplay         
00009253  Graphics_fillRectangleOnDisplay            
00008653  Graphics_flushBuffer                       
00009287  Graphics_flushOnDisplay                    
00008635  Graphics_getDisplayHeight                  
00008625  Graphics_getDisplayWidth                   
000085d3  Graphics_getFontBaseline                   
00008609  Graphics_getFontHeight                     
00008617  Graphics_getFontMaxWidth                   
00008645  Graphics_getHeightOfDisplay                
00005c69  Graphics_getStringBaseline                 
00005cc1  Graphics_getStringHeight                   
00005cd1  Graphics_getStringMaxWidth                 
000056f1  Graphics_getStringWidth                    
000086cd  Graphics_getWidthOfDisplay                 
00008475  Graphics_initContext                       
00008589  Graphics_setBackgroundColor                
000085a3  Graphics_setBackgroundColorTranslated      
000084bf  Graphics_setClipRegion                     
000085b9  Graphics_setFont                           
000085e1  Graphics_setForegroundColor                
000085f7  Graphics_setForegroundColorTranslated      
00009271  Graphics_translateColorOnDisplay           
00009795  HAL_LCD_PortInit                           
000097c5  HAL_LCD_SpiInit                            
000097fb  HAL_LCD_writeCommand                       
00009829  HAL_LCD_writeData                          
000078bb  InitTimer                                  
20000956  IntIsMasked                                
00009d15  Interrupt_disableInterrupt                 
00009d79  Interrupt_enableInterrupt                  
0000a31d  Interrupt_enableMaster                     
0000a029  Interrupt_registerInterrupt                
20000957  Lcd_FlagRead                               
20000958  Lcd_FontSolid                              
20000959  Lcd_Orientation                            
2000095a  Lcd_PenSolid                               
20000950  Lcd_ScreenHeigth                           
20000952  Lcd_ScreenWidth                            
20000954  Lcd_TouchTrim                              
000046f7  MQTTClient                                 
00004c41  MQTTConnect                                
000090fd  MQTTDeserialize_ack                        
000076ff  MQTTDeserialize_connack                    
00009045  MQTTDeserialize_publish                    
00008a5b  MQTTDeserialize_suback                     
00008e7b  MQTTDeserialize_unsuback                   
00004fe7  MQTTDisconnect                             
000070eb  MQTTPacket_decode                          
000071d1  MQTTPacket_decodeBuf                       
00007095  MQTTPacket_encode                          
000073ad  MQTTPacket_equals                          
00007153  MQTTPacket_len                             
00007411  MQTTPacket_read                            
00004ebd  MQTTPublish                                
000087f1  MQTTSerialize_ack                          
00007545  MQTTSerialize_connect                      
0000748d  MQTTSerialize_connectLength                
000077ef  MQTTSerialize_disconnect                   
00007805  MQTTSerialize_pingreq                      
0000887b  MQTTSerialize_puback                       
000088c9  MQTTSerialize_pubcomp                      
0000871b  MQTTSerialize_publish                      
000086dd  MQTTSerialize_publishLength                
0000889f  MQTTSerialize_pubrel                       
00008959  MQTTSerialize_subscribe                    
000088f5  MQTTSerialize_subscribeLength              
00008d85  MQTTSerialize_unsubscribe                  
00008d21  MQTTSerialize_unsubscribeLength            
00007787  MQTTSerialize_zero                         
00004d0b  MQTTSubscribe                              
00004e13  MQTTUnsubscribe                            
00004bcd  MQTTYield                                  
00007381  MQTTstrlen                                 
00007c23  MaskIntHdlr                                
20000940  MilliTimer                                 
00004639  NewMessageData                             
000079c7  NewNetwork                                 
0000a0ed  PCM_getCoreVoltageLevel                    
0000a119  PCM_getPowerMode                           
0000a32d  PCM_getPowerState                          
0000a145  PCM_gotoLPM0                               
00009ac9  PCM_gotoLPM3                               
00009905  PCM_setCoreVoltageLevelWithTimeout         
0000a3b1  PCM_setPowerMode                           
000096c1  PCM_setPowerModeWithTimeout                
0000a3b7  PCM_setPowerState                          
00008ec1  PCM_setPowerStateWithTimeout               
00009ddd  PCM_shutdownDevice                         
00006c2f  PORT1_IRQHandler                           
00007e9d  PORT2_IRQHandler                           
00007e6b  Port1_ISR                                  
2000095c  S1buttonDebounce                           
20000960  S2buttonDebounce                           
UNDEFED   SHT$$INIT_ARRAY$$Base                      
UNDEFED   SHT$$INIT_ARRAY$$Limit                     
00002f3f  SL_FD_CLR                                  
00002f65  SL_FD_ISSET                                
00002f1d  SL_FD_SET                                  
00002f8d  SL_FD_ZERO                                 
0000a21d  SPI_enableModule                           
00009b45  SPI_initMaster                             
0000a1fd  SPI_transmitData                           
00007e27  SelAntenna                                 
00007fff  SimpleLinkGeneralEventHandler              
00007fb1  SimpleLinkHttpServerCallback               
00007f81  SimpleLinkNetAppEventHandler               
00007fbf  SimpleLinkSockEventHandler                 
00007f15  SimpleLinkWlanEventHandler                 
00007839  SysTick_Handler                            
0000a2bd  SysTick_enableInterrupt                    
0000a2d1  SysTick_enableModule                       
0000a3a9  SysTick_registerInterrupt                  
0000a371  SysTick_setPeriod                          
00006c91  TA1_0_IRQHandler                           
000079ed  TLSConnectNetwork                          
00009f61  Timer_A_configureUpMode                    
0000a37d  Timer_A_stopTimer                          
00007c2b  UnMaskIntHdlr                              
4000480c  WDTCTL_SYM                                 
0000a9f4  _SlAcceptCmdCtrl                           
0000a970  _SlActionLookupTable                       
00001011  _SlAsyncEventGenericHandler                
0000ab28  _SlDeviceGetCmdCtrl                        
0000ab2c  _SlDeviceSetCmdCtrl                        
00001a23  _SlDrvBasicCmd                             
000016d9  _SlDrvClassifyRxMsg                        
0000030f  _SlDrvCmdOp                                
000003bf  _SlDrvCmdSend                              
00000415  _SlDrvDataReadOp                           
00000619  _SlDrvDataWriteOp                          
00006215  _SlDrvDeviceEventHandler                   
00000229  _SlDrvDriverCBDeinit                       
00000145  _SlDrvDriverCBInit                         
00009a87  _SlDrvFlowContDeinit                       
00009a49  _SlDrvFlowContInit                         
000009dd  _SlDrvMsgRead                              
000014f5  _SlDrvMsgReadCmdCtx                        
000015ef  _SlDrvMsgReadSpawnCtx                      
000007e9  _SlDrvMsgWrite                             
00003a6d  _SlDrvNetAppEventHandler                   
00001f17  _SlDrvObjDeInit                            
00001e9b  _SlDrvObjInit                              
00001c91  _SlDrvReleasePoolObj                       
0000181d  _SlDrvRxHdrRead                            
000002cd  _SlDrvRxIrqHandler                         
000017d7  _SlDrvShiftDWord                           
00001a89  _SlDrvWaitForPoolObj                       
0000ab24  _SlEventMaskGetCmdCtrl                     
0000ab20  _SlEventMaskSetCmdCtrl                     
00001ff9  _SlFindAndSetActiveObj                     
0000aad8  _SlGetHostByNameCtrl                       
0000aad4  _SlGetHostByServiceCtrl                    
0000aacc  _SlGetServiceListeCtrl                     
0000aa00  _SlGetSockOptCmdCtrl                       
0000a9f0  _SlListenCmdCtrl                           
0000aae4  _SlNetAppGetCmdCtrl                        
0000aae0  _SlNetAppSendTokenValueCmdCtrl             
0000aadc  _SlNetAppSetCmdCtrl                        
0000aac4  _SlNetAppStartCtrl                         
0000aac8  _SlNetAppStopCtrl                          
0000ab80  _SlNetCfgGetCmdCtrl                        
0000ab7c  _SlNetCfgSetCmdCtrl                        
00009375  _SlNonOsMainLoopTask                       
000092c9  _SlNonOsSemGet                             
000092b1  _SlNonOsSemSet                             
00009325  _SlNonOsSpawn                              
0000a938  _SlPolicyGetCmdCtrl                        
0000a934  _SlPolicySetCmdCtrl                        
0000a940  _SlProfileDelCmdCtrl                       
0000a93c  _SlProfileGetCmdCtrl                       
0000a9f8  _SlRecvCmdCtrl                             
0000a9e8  _SlRecvfomCmdCtrl                          
0000aad0  _SlRegisterServiceCtrl                     
00001f37  _SlRemoveFromList                          
0000a948  _SlRxFilterAddtCmdCtrl                     
0000a950  _SlRxFilterGetCmdCtrl                      
0000a94c  _SlRxFilterSetCmdCtrl                      
0000aa04  _SlSelectCmdCtrl                           
0000a9ec  _SlSendCmdCtrl                             
0000a9fc  _SlSetSockOptCmdCtrl                       
0000a954  _SlSmartConfigStartCmdCtrl                 
0000a9e4  _SlSockCloseCmdCtrl                        
0000a9e0  _SlSockSocketCmdCtrl                       
0000ab1c  _SlStopCmdCtrl                             
0000a960  _SlWlanCfgGetCmdCtrl                       
0000a95c  _SlWlanCfgSetCmdCtrl                       
0000a944  _SlWlanGetNetworkListCtrl                  
0000a958  _SlWlanSetModeCmdCtrl                      
20010000  __STACK_END                                
00000200  __STACK_SIZE                               
0000abd8  __TI_CINIT_Base                            
0000abf0  __TI_CINIT_Limit                           
0000abbc  __TI_Handler_Table_Base                    
0000abc8  __TI_Handler_Table_Limit                   
00009c3d  __TI_auto_init                             
20000990  __TI_cleanup_ptr                           
0000a33d  __TI_decompress_none                       
0000a3bd  __TI_decompress_rle24                      
20000994  __TI_dtors_ptr                             
00000000  __TI_static_base__                         
0000a389  __TI_zero_init                             
00009bc1  __aeabi_memclr                             
00009bc1  __aeabi_memclr4                            
00009bc1  __aeabi_memclr8                            
000099ad  __aeabi_memcpy                             
000099ad  __aeabi_memcpy4                            
000099ad  __aeabi_memcpy8                            
00009bc3  __aeabi_memset                             
00009bc3  __aeabi_memset4                            
00009bc3  __aeabi_memset8                            
ffffffff  __binit__                                  
ffffffff  __c_args__                                 
2000fe00  __stack                                    
0000a269  _args_main                                 
00009e2d  _c_int00                                   
20000988  _lock                                      
0000a2f3  _nop                                       
0000a2eb  _register_lock                             
0000a2e5  _register_unlock                           
00002169  _sl_BuildAddress                           
00005ce1  _sl_GetStartResponseConvert                
00002b7d  _sl_HandleAsync_Accept                     
00002777  _sl_HandleAsync_Connect                    
00003485  _sl_HandleAsync_DnsGetHostByAddr           
000035d9  _sl_HandleAsync_DnsGetHostByName           
000033b5  _sl_HandleAsync_DnsGetHostByService        
00005e45  _sl_HandleAsync_InitComplete               
000036d9  _sl_HandleAsync_PingResponse               
00002fa5  _sl_HandleAsync_Select                     
00005ef7  _sl_HandleAsync_Stop                       
00002281  _sl_ParseAddress                           
000021b9  _sl_TruncatePayloadByProtocol              
0000a3cf  _system_pre_init                           
2000098c  _unlock                                    
00009fa9  abort                                      
ffffffff  binit                                      
00007199  bufchar                                    
000079b7  cc3100_disconnect                          
000078cb  cc3100_read                                
0000794d  cc3100_write                               
00007c3f  clear_rts                                  
000082fb  combine_ints_to_string                     
00006295  configureSimpleLinkToDefaultState          
00009f15  copy_in                                    
0000787b  countdown                                  
00007863  countdown_ms                               
00004a61  cycle                                      
00004769  decodePacket                               
00004943  deliverMessage                             
00006483  establishConnectionWithAP                  
00009fb1  exit                                       
00007843  expired                                    
20000984  gFirstCmdMode                              
200000e4  g_AppData                                  
0000ab38  g_H2NCnysPattern                           
0000ab30  g_H2NSyncPattern                           
2000072c  g_StatMem                                  
2000096c  g_Status                                   
200008ec  g__SlNonOsCB                               
2000097c  g_pCB                                      
20000000  g_pfnRAMVectors                            
20000914  g_sContext                                 
0000aa70  g_sCrystalfontz128x128                     
0000a6cc  g_sFontFixed6x8                            
000072bd  getLenStringLen                            
00004653  getNextPacketId                            
20000890  hMQTTClient                                
00007df3  initAntSelGPIO                             
00007c4b  initClk                                    
00007ccb  initLEDs                                   
000094f1  init_adc                                   
000095ad  init_clocks                                
000081e9  init_lcd                                   
00006505  init_main                                  
000064dd  initializeAppVariables                     
00000000  interruptVectors                           
0000488f  isTopicMatched                             
00008297  itoa                                       
000049f3  keepalive                                  
00007899  left_ms                                    
20000968  macAddressLen                              
00006c0d  main                                       
2000099c  main_func_sp                               
000099ad  memcpy                                     
00009bc9  memset                                     
00006e95  messageArrived                             
00006cf1  mqtt_subscribe                             
20000930  n                                          
20000998  pIraEventHandler                           
20000980  pPingCallBackFunc                          
0000ab53  port_mapping                               
20000964  publishID                                  
0000720f  readChar                                   
000071e7  readInt                                    
00007327  readMQTTLenString                          
000047e5  readPacket                                 
00007bc1  registerInterruptHandler                   
00008245  reverse                                    
00004677  sendPacket                                 
00006e15  send_steps                                 
00007c33  set_rts                                    
00002979  sl_Accept                                  
0000235b  sl_Bind                                    
00002331  sl_Close                                   
00002621  sl_Connect                                 
00006111  sl_DevGet                                  
000061af  sl_DevSet                                  
000060dd  sl_EventMaskGet                            
000060a3  sl_EventMaskSet                            
00002cfd  sl_GetSockOpt                              
00002afb  sl_Htonl                                   
00002b3d  sl_Htons                                   
00002939  sl_Listen                                  
00003495  sl_NetAppDnsGetHostByName                  
00003285  sl_NetAppDnsGetHostByService               
000039dd  sl_NetAppGet                               
00003085  sl_NetAppGetServiceList                    
00003209  sl_NetAppMDNSRegisterService               
00003155  sl_NetAppMDNSRegisterUnregisterService     
00003245  sl_NetAppMDNSUnRegisterService             
0000379d  sl_NetAppPingStart                         
00003979  sl_NetAppSendTokenValue                    
0000390f  sl_NetAppSet                               
0000303d  sl_NetAppStart                             
00003061  sl_NetAppStop                              
00009447  sl_NetCfgGet                               
000093e1  sl_NetCfgSet                               
00002c15  sl_Recv                                    
000024ff  sl_RecvFrom                                
00002d97  sl_Select                                  
00002829  sl_Send                                    
000023e3  sl_SendTo                                  
00002c91  sl_SetSockOpt                              
000022db  sl_Socket                                  
00005d41  sl_Start                                   
00005f7b  sl_Stop                                    
00005d39  sl_Task                                    
00003b81  sl_WlanConnect                             
00003db3  sl_WlanDisconnect                          
00004581  sl_WlanGet                                 
00004249  sl_WlanGetNetworkList                      
00003e29  sl_WlanPolicyGet                           
00003dbf  sl_WlanPolicySet                           
00003ecd  sl_WlanProfileAdd                          
0000421b  sl_WlanProfileDel                          
00004139  sl_WlanProfileGet                          
000042bb  sl_WlanRxFilterAdd                         
0000437d  sl_WlanRxFilterGet                         
00004329  sl_WlanRxFilterSet                         
0000440b  sl_WlanRxStatGet                           
000043f3  sl_WlanRxStatStart                         
000043ff  sl_WlanRxStatStop                          
0000450d  sl_WlanSet                                 
000044dd  sl_WlanSetMode                             
00004451  sl_WlanSmartConfigStart                    
00004441  sl_WlanSmartConfigStop                     
00008b0d  spi_Close                                  
00008b19  spi_Open                                   
00008c65  spi_Read                                   
00008c0b  spi_Write                                  
00007cc1  stopWDT                                    
000083e7  string_to_int                              
0000a2f9  strlen                                     
0000a16d  strncmp                                    
00007d85  toggleLed                                  
00007d51  turnLedOff                                 
00007d1d  turnLedOn                                  
20000970  uniqueID                                   
0000a9a8  upConfig                                   
00004c11  waitfor                                    
0000728f  writeCString                               
0000722f  writeChar                                  
0000724f  writeInt                                   
000072d7  writeMQTTString                            
00008225  write_lcd                                  


GLOBAL SYMBOLS: SORTED BY Symbol Address 

address   name                                       
-------   ----                                       
00000000  __TI_static_base__                         
00000000  interruptVectors                           
00000145  _SlDrvDriverCBInit                         
00000200  __STACK_SIZE                               
00000229  _SlDrvDriverCBDeinit                       
000002cd  _SlDrvRxIrqHandler                         
0000030f  _SlDrvCmdOp                                
000003bf  _SlDrvCmdSend                              
00000415  _SlDrvDataReadOp                           
00000619  _SlDrvDataWriteOp                          
000007e9  _SlDrvMsgWrite                             
000009dd  _SlDrvMsgRead                              
00001011  _SlAsyncEventGenericHandler                
000014f5  _SlDrvMsgReadCmdCtx                        
000015ef  _SlDrvMsgReadSpawnCtx                      
000016d9  _SlDrvClassifyRxMsg                        
000017d7  _SlDrvShiftDWord                           
0000181d  _SlDrvRxHdrRead                            
00001a23  _SlDrvBasicCmd                             
00001a89  _SlDrvWaitForPoolObj                       
00001c91  _SlDrvReleasePoolObj                       
00001e9b  _SlDrvObjInit                              
00001f17  _SlDrvObjDeInit                            
00001f37  _SlRemoveFromList                          
00001ff9  _SlFindAndSetActiveObj                     
00002169  _sl_BuildAddress                           
000021b9  _sl_TruncatePayloadByProtocol              
00002281  _sl_ParseAddress                           
000022db  sl_Socket                                  
00002331  sl_Close                                   
0000235b  sl_Bind                                    
000023e3  sl_SendTo                                  
000024ff  sl_RecvFrom                                
00002621  sl_Connect                                 
00002777  _sl_HandleAsync_Connect                    
00002829  sl_Send                                    
00002939  sl_Listen                                  
00002979  sl_Accept                                  
00002afb  sl_Htonl                                   
00002b3d  sl_Htons                                   
00002b7d  _sl_HandleAsync_Accept                     
00002c15  sl_Recv                                    
00002c91  sl_SetSockOpt                              
00002cfd  sl_GetSockOpt                              
00002d97  sl_Select                                  
00002f1d  SL_FD_SET                                  
00002f3f  SL_FD_CLR                                  
00002f65  SL_FD_ISSET                                
00002f8d  SL_FD_ZERO                                 
00002fa5  _sl_HandleAsync_Select                     
0000303d  sl_NetAppStart                             
00003061  sl_NetAppStop                              
00003085  sl_NetAppGetServiceList                    
00003155  sl_NetAppMDNSRegisterUnregisterService     
00003209  sl_NetAppMDNSRegisterService               
00003245  sl_NetAppMDNSUnRegisterService             
00003285  sl_NetAppDnsGetHostByService               
000033b5  _sl_HandleAsync_DnsGetHostByService        
00003485  _sl_HandleAsync_DnsGetHostByAddr           
00003495  sl_NetAppDnsGetHostByName                  
000035d9  _sl_HandleAsync_DnsGetHostByName           
0000369d  CopyPingResultsToReport                    
000036d9  _sl_HandleAsync_PingResponse               
0000379d  sl_NetAppPingStart                         
0000390f  sl_NetAppSet                               
00003979  sl_NetAppSendTokenValue                    
000039dd  sl_NetAppGet                               
00003a6d  _SlDrvNetAppEventHandler                   
00003b81  sl_WlanConnect                             
00003db3  sl_WlanDisconnect                          
00003dbf  sl_WlanPolicySet                           
00003e29  sl_WlanPolicyGet                           
00003ecd  sl_WlanProfileAdd                          
00004139  sl_WlanProfileGet                          
0000421b  sl_WlanProfileDel                          
00004249  sl_WlanGetNetworkList                      
000042bb  sl_WlanRxFilterAdd                         
00004329  sl_WlanRxFilterSet                         
0000437d  sl_WlanRxFilterGet                         
000043f3  sl_WlanRxStatStart                         
000043ff  sl_WlanRxStatStop                          
0000440b  sl_WlanRxStatGet                           
00004441  sl_WlanSmartConfigStop                     
00004451  sl_WlanSmartConfigStart                    
000044dd  sl_WlanSetMode                             
0000450d  sl_WlanSet                                 
00004581  sl_WlanGet                                 
00004639  NewMessageData                             
00004653  getNextPacketId                            
00004677  sendPacket                                 
000046f7  MQTTClient                                 
00004769  decodePacket                               
000047e5  readPacket                                 
0000488f  isTopicMatched                             
00004943  deliverMessage                             
000049f3  keepalive                                  
00004a61  cycle                                      
00004bcd  MQTTYield                                  
00004c11  waitfor                                    
00004c41  MQTTConnect                                
00004d0b  MQTTSubscribe                              
00004e13  MQTTUnsubscribe                            
00004ebd  MQTTPublish                                
00004fe7  MQTTDisconnect                             
00005039  Crystalfontz128x128_Init                   
0000514d  Crystalfontz128x128_SetDrawFrame           
0000527b  Crystalfontz128x128_SetOrientation         
000056f1  Graphics_getStringWidth                    
000057eb  Graphics_drawString                        
00005c69  Graphics_getStringBaseline                 
00005c79  Graphics_drawStringCentered                
00005cc1  Graphics_getStringHeight                   
00005cd1  Graphics_getStringMaxWidth                 
00005ce1  _sl_GetStartResponseConvert                
00005d39  sl_Task                                    
00005d41  sl_Start                                   
00005e45  _sl_HandleAsync_InitComplete               
00005ef7  _sl_HandleAsync_Stop                       
00005f7b  sl_Stop                                    
000060a3  sl_EventMaskSet                            
000060dd  sl_EventMaskGet                            
00006111  sl_DevGet                                  
000061af  sl_DevSet                                  
00006215  _SlDrvDeviceEventHandler                   
00006295  configureSimpleLinkToDefaultState          
00006483  establishConnectionWithAP                  
000064dd  initializeAppVariables                     
00006505  init_main                                  
0000677d  Graphics_drawLineH                         
00006819  Graphics_drawLineV                         
00006a99  Graphics_drawLine                          
00006c0d  main                                       
00006c2f  PORT1_IRQHandler                           
00006c91  TA1_0_IRQHandler                           
00006cf1  mqtt_subscribe                             
00006e15  send_steps                                 
00006e95  messageArrived                             
00007095  MQTTPacket_encode                          
000070eb  MQTTPacket_decode                          
00007153  MQTTPacket_len                             
00007199  bufchar                                    
000071d1  MQTTPacket_decodeBuf                       
000071e7  readInt                                    
0000720f  readChar                                   
0000722f  writeChar                                  
0000724f  writeInt                                   
0000728f  writeCString                               
000072bd  getLenStringLen                            
000072d7  writeMQTTString                            
00007327  readMQTTLenString                          
00007381  MQTTstrlen                                 
000073ad  MQTTPacket_equals                          
00007411  MQTTPacket_read                            
0000748d  MQTTSerialize_connectLength                
00007545  MQTTSerialize_connect                      
000076ff  MQTTDeserialize_connack                    
00007787  MQTTSerialize_zero                         
000077ef  MQTTSerialize_disconnect                   
00007805  MQTTSerialize_pingreq                      
00007839  SysTick_Handler                            
00007843  expired                                    
00007863  countdown_ms                               
0000787b  countdown                                  
00007899  left_ms                                    
000078bb  InitTimer                                  
000078cb  cc3100_read                                
0000794d  cc3100_write                               
000079b7  cc3100_disconnect                          
000079c7  NewNetwork                                 
000079ed  TLSConnectNetwork                          
00007b15  ConnectNetwork                             
00007bc1  registerInterruptHandler                   
00007bd5  CC3100_disable                             
00007be1  CC3100_enable                              
00007bed  CC3100_InterruptEnable                     
00007c0f  CC3100_InterruptDisable                    
00007c23  MaskIntHdlr                                
00007c2b  UnMaskIntHdlr                              
00007c33  set_rts                                    
00007c3f  clear_rts                                  
00007c4b  initClk                                    
00007cc1  stopWDT                                    
00007ccb  initLEDs                                   
00007d1d  turnLedOn                                  
00007d51  turnLedOff                                 
00007d85  toggleLed                                  
00007db9  GetLEDStatus                               
00007df3  initAntSelGPIO                             
00007e27  SelAntenna                                 
00007e6b  Port1_ISR                                  
00007e6d  Delay                                      
00007e9d  PORT2_IRQHandler                           
00007ec3  CC3100_UART_ISR                            
00007f15  SimpleLinkWlanEventHandler                 
00007f81  SimpleLinkNetAppEventHandler               
00007fb1  SimpleLinkHttpServerCallback               
00007fbf  SimpleLinkSockEventHandler                 
00007fff  SimpleLinkGeneralEventHandler              
000081e9  init_lcd                                   
00008225  write_lcd                                  
00008245  reverse                                    
00008297  itoa                                       
000082fb  combine_ints_to_string                     
000083e7  string_to_int                              
00008475  Graphics_initContext                       
000084bf  Graphics_setClipRegion                     
00008589  Graphics_setBackgroundColor                
000085a3  Graphics_setBackgroundColorTranslated      
000085b9  Graphics_setFont                           
000085d3  Graphics_getFontBaseline                   
000085e1  Graphics_setForegroundColor                
000085f7  Graphics_setForegroundColorTranslated      
00008609  Graphics_getFontHeight                     
00008617  Graphics_getFontMaxWidth                   
00008625  Graphics_getDisplayWidth                   
00008635  Graphics_getDisplayHeight                  
00008645  Graphics_getHeightOfDisplay                
00008653  Graphics_flushBuffer                       
00008661  Graphics_clearDisplay                      
00008673  Graphics_drawPixel                         
000086cd  Graphics_getWidthOfDisplay                 
000086dd  MQTTSerialize_publishLength                
0000871b  MQTTSerialize_publish                      
000087f1  MQTTSerialize_ack                          
0000887b  MQTTSerialize_puback                       
0000889f  MQTTSerialize_pubrel                       
000088c9  MQTTSerialize_pubcomp                      
000088f5  MQTTSerialize_subscribeLength              
00008959  MQTTSerialize_subscribe                    
00008a5b  MQTTDeserialize_suback                     
00008b0d  spi_Close                                  
00008b19  spi_Open                                   
00008c0b  spi_Write                                  
00008c65  spi_Read                                   
00008d21  MQTTSerialize_unsubscribeLength            
00008d85  MQTTSerialize_unsubscribe                  
00008e7b  MQTTDeserialize_unsuback                   
00008ec1  PCM_setPowerStateWithTimeout               
00009045  MQTTDeserialize_publish                    
000090fd  MQTTDeserialize_ack                        
0000917d  Graphics_drawPixelOnDisplay                
000091a7  Graphics_drawMultiplePixelsOnDisplay       
000091eb  Graphics_drawHorizontalLineOnDisplay       
0000921f  Graphics_drawVerticalLineOnDisplay         
00009253  Graphics_fillRectangleOnDisplay            
00009271  Graphics_translateColorOnDisplay           
00009287  Graphics_flushOnDisplay                    
00009299  Graphics_clearDisplayOnDisplay             
000092b1  _SlNonOsSemSet                             
000092c9  _SlNonOsSemGet                             
00009325  _SlNonOsSpawn                              
00009375  _SlNonOsMainLoopTask                       
000093e1  sl_NetCfgSet                               
00009447  sl_NetCfgGet                               
000094f1  init_adc                                   
000095ad  init_clocks                                
000095e1  CS_initClockSignal                         
000096c1  PCM_setPowerModeWithTimeout                
00009795  HAL_LCD_PortInit                           
000097c5  HAL_LCD_SpiInit                            
000097fb  HAL_LCD_writeCommand                       
00009829  HAL_LCD_writeData                          
00009905  PCM_setCoreVoltageLevelWithTimeout         
000099ad  __aeabi_memcpy                             
000099ad  __aeabi_memcpy4                            
000099ad  __aeabi_memcpy8                            
000099ad  memcpy                                     
00009a49  _SlDrvFlowContInit                         
00009a87  _SlDrvFlowContDeinit                       
00009ac9  PCM_gotoLPM3                               
00009b45  SPI_initMaster                             
00009bc1  __aeabi_memclr                             
00009bc1  __aeabi_memclr4                            
00009bc1  __aeabi_memclr8                            
00009bc3  __aeabi_memset                             
00009bc3  __aeabi_memset4                            
00009bc3  __aeabi_memset8                            
00009bc9  memset                                     
00009c3d  __TI_auto_init                             
00009d15  Interrupt_disableInterrupt                 
00009d79  Interrupt_enableInterrupt                  
00009ddd  PCM_shutdownDevice                         
00009e2d  _c_int00                                   
00009e7d  GPIO_setAsPeripheralModuleFunctionInputPin 
00009ec9  GPIO_setAsPeripheralModuleFunctionOutputPin
00009f15  copy_in                                    
00009f61  Timer_A_configureUpMode                    
00009fa5  C$$EXIT                                    
00009fa9  abort                                      
00009fb1  exit                                       
00009fe9  EUSCIA0_IRQHandler                         
00009ff5  CLI_Read                                   
0000a00b  CLI_Write                                  
0000a021  CLI_Configure                              
0000a029  Interrupt_registerInterrupt                
0000a05d  GPIO_getEnabledInterruptStatus             
0000a08d  GPIO_setAsInputPinWithPullUpResistor       
0000a0ed  PCM_getCoreVoltageLevel                    
0000a119  PCM_getPowerMode                           
0000a145  PCM_gotoLPM0                               
0000a16d  strncmp                                    
0000a195  CS_setDCOCenteredFrequency                 
0000a1b9  GPIO_setAsOutputPin                        
0000a1dd  GPIO_interruptEdgeSelect                   
0000a1fd  SPI_transmitData                           
0000a21d  SPI_enableModule                           
0000a239  GPIO_clearInterruptFlag                    
0000a251  GPIO_setOutputLowOnPin                     
0000a269  _args_main                                 
0000a281  CS_setExternalClockSourceFrequency         
0000a295  GPIO_enableInterrupt                       
0000a2a9  GPIO_setOutputHighOnPin                    
0000a2bd  SysTick_enableInterrupt                    
0000a2d1  SysTick_enableModule                       
0000a2e5  _register_unlock                           
0000a2eb  _register_lock                             
0000a2f3  _nop                                       
0000a2f9  strlen                                     
0000a30d  GPIO_getInterruptStatus                    
0000a31d  Interrupt_enableMaster                     
0000a32d  PCM_getPowerState                          
0000a33d  __TI_decompress_none                       
0000a34b  CPU_cpsie                                  
0000a357  EUSCI_A_SPI_enable                         
0000a363  EUSCI_B_SPI_enable                         
0000a371  SysTick_setPeriod                          
0000a37d  Timer_A_stopTimer                          
0000a389  __TI_zero_init                             
0000a3a1  EUSCI_B_SPI_getInterruptStatus             
0000a3a9  SysTick_registerInterrupt                  
0000a3b1  PCM_setPowerMode                           
0000a3b7  PCM_setPowerState                          
0000a3bd  __TI_decompress_rle24                      
0000a3c3  CPU_wfi                                    
0000a3c7  EUSCI_A_SPI_transmitData                   
0000a3cb  EUSCI_B_SPI_transmitData                   
0000a3cf  _system_pre_init                           
0000a6cc  g_sFontFixed6x8                            
0000a934  _SlPolicySetCmdCtrl                        
0000a938  _SlPolicyGetCmdCtrl                        
0000a93c  _SlProfileGetCmdCtrl                       
0000a940  _SlProfileDelCmdCtrl                       
0000a944  _SlWlanGetNetworkListCtrl                  
0000a948  _SlRxFilterAddtCmdCtrl                     
0000a94c  _SlRxFilterSetCmdCtrl                      
0000a950  _SlRxFilterGetCmdCtrl                      
0000a954  _SlSmartConfigStartCmdCtrl                 
0000a958  _SlWlanSetModeCmdCtrl                      
0000a95c  _SlWlanCfgSetCmdCtrl                       
0000a960  _SlWlanCfgGetCmdCtrl                       
0000a970  _SlActionLookupTable                       
0000a9a8  upConfig                                   
0000a9e0  _SlSockSocketCmdCtrl                       
0000a9e4  _SlSockCloseCmdCtrl                        
0000a9e8  _SlRecvfomCmdCtrl                          
0000a9ec  _SlSendCmdCtrl                             
0000a9f0  _SlListenCmdCtrl                           
0000a9f4  _SlAcceptCmdCtrl                           
0000a9f8  _SlRecvCmdCtrl                             
0000a9fc  _SlSetSockOptCmdCtrl                       
0000aa00  _SlGetSockOptCmdCtrl                       
0000aa04  _SlSelectCmdCtrl                           
0000aa70  g_sCrystalfontz128x128                     
0000aac4  _SlNetAppStartCtrl                         
0000aac8  _SlNetAppStopCtrl                          
0000aacc  _SlGetServiceListeCtrl                     
0000aad0  _SlRegisterServiceCtrl                     
0000aad4  _SlGetHostByServiceCtrl                    
0000aad8  _SlGetHostByNameCtrl                       
0000aadc  _SlNetAppSetCmdCtrl                        
0000aae0  _SlNetAppSendTokenValueCmdCtrl             
0000aae4  _SlNetAppGetCmdCtrl                        
0000ab1c  _SlStopCmdCtrl                             
0000ab20  _SlEventMaskSetCmdCtrl                     
0000ab24  _SlEventMaskGetCmdCtrl                     
0000ab28  _SlDeviceGetCmdCtrl                        
0000ab2c  _SlDeviceSetCmdCtrl                        
0000ab30  g_H2NSyncPattern                           
0000ab38  g_H2NCnysPattern                           
0000ab53  port_mapping                               
0000ab7c  _SlNetCfgSetCmdCtrl                        
0000ab80  _SlNetCfgGetCmdCtrl                        
0000abbc  __TI_Handler_Table_Base                    
0000abc8  __TI_Handler_Table_Limit                   
0000abd8  __TI_CINIT_Base                            
0000abf0  __TI_CINIT_Limit                           
20000000  g_pfnRAMVectors                            
200000e4  g_AppData                                  
2000072c  g_StatMem                                  
20000890  hMQTTClient                                
200008ec  g__SlNonOsCB                               
20000914  g_sContext                                 
20000930  n                                          
20000940  MilliTimer                                 
20000950  Lcd_ScreenHeigth                           
20000952  Lcd_ScreenWidth                            
20000954  Lcd_TouchTrim                              
20000956  IntIsMasked                                
20000957  Lcd_FlagRead                               
20000958  Lcd_FontSolid                              
20000959  Lcd_Orientation                            
2000095a  Lcd_PenSolid                               
2000095c  S1buttonDebounce                           
20000960  S2buttonDebounce                           
20000964  publishID                                  
20000968  macAddressLen                              
2000096c  g_Status                                   
20000970  uniqueID                                   
2000097c  g_pCB                                      
20000980  pPingCallBackFunc                          
20000984  gFirstCmdMode                              
20000988  _lock                                      
2000098c  _unlock                                    
20000990  __TI_cleanup_ptr                           
20000994  __TI_dtors_ptr                             
20000998  pIraEventHandler                           
2000099c  main_func_sp                               
2000fe00  __stack                                    
20010000  __STACK_END                                
4000480c  WDTCTL_SYM                                 
ffffffff  __binit__                                  
ffffffff  __c_args__                                 
ffffffff  binit                                      
UNDEFED   SHT$$INIT_ARRAY$$Base                      
UNDEFED   SHT$$INIT_ARRAY$$Limit                     

[425 symbols]
