******************************************************************************
                  TI ARM Linker Unix v5.2.6                    
******************************************************************************
>> Linked Thu Apr 28 03:08:02 2016

OUTPUT FILE NAME:   <final_ece461.out>
ENTRY POINT SYMBOL: "_c_int00"  address: 0000a1fd


MEMORY CONFIGURATION

         name            origin    length      used     unused   attr    fill
----------------------  --------  ---------  --------  --------  ----  --------
  MAIN                  00000000   00040000  0000b1aa  00034e56  R  X
  INFO                  00200000   00004000  00000000  00004000  R  X
  SRAM_CODE             01000000   00010000  00000000  00010000  RW X
  SRAM_DATA             20000000   00010000  00000ba7  0000f459  RW  


SEGMENT ALLOCATION MAP

run origin  load origin   length   init length attrs members
----------  ----------- ---------- ----------- ----- -------
00000000    00000000    0000b1b0   0000b1b0    r-x
  00000000    00000000    00000144   00000144    r-- .intvecs
  00000144    00000144    0000a74a   0000a74a    r-x .text
  0000a890    0000a890    000008bc   000008bc    r-- .const
  0000b150    0000b150    00000060   00000060    r-- .cinit
20000000    20000000    000009a8   00000000    rw-
  20000000    20000000    000000e4   00000000    rw- .vtable
  200000e4    200000e4    00000877   00000000    rw- .bss
  2000095c    2000095c    0000004c   00000000    rw- .data
2000fe00    2000fe00    00000200   00000000    rw-
  2000fe00    2000fe00    00000200   00000000    rw- .stack


SECTION ALLOCATION MAP

 output                                  attributes/
section   page    origin      length       input sections
--------  ----  ----------  ----------   ----------------
.intvecs   0    00000000    00000144     
                  00000000    00000144     msp432_startup_ccs.obj (.intvecs:retain)

.text      0    00000144    0000a74a     
                  00000144    00002024     driver.obj (.text)
                  00002168    00000ed4     socket.obj (.text)
                  0000303c    00000b44     netapp.obj (.text)
                  00003b80    00000ab8     wlan.obj (.text)
                  00004638    00000a00     MQTTClient.obj (.text)
                  00005038    00000678     Crystalfontz128x128_ST7735.obj (.text)
                  000056b0    00000630     string.obj (.text)
                  00005ce0    000005bc     main.obj (.text)
                  0000629c    000005b4     device.obj (.text)
                  00006850    000004b0     myinit.obj (.text)
                  00006d00    00000490     line.obj (.text)
                  00007190    000003f8     MQTTPacket.obj (.text)
                  00007588    000003ac     MQTTConnectClient.obj (.text)
                  00007934    00000388     MQTTCC3100.obj (.text)
                  00007cbc    00000354     board.obj (.text)
                  00008010    000002d4     events.obj (.text)
                  000082e4    000002ac     lcd_display.obj (.text)
                  00008590    00000266     context.obj (.text)
                  000087f6    00000002     --HOLE-- [fill = 0]
                  000087f8    00000218     MQTTSerializePublish.obj (.text)
                  00008a10    00000218     MQTTSubscribeClient.obj (.text)
                  00008c28    00000214     spi_cc3100.obj (.text)
                  00008e3c    000001a0     MQTTUnsubscribeClient.obj (.text)
                  00008fdc    00000182     msp432p4xx_driverlib.lib : pcm.o (.text:PCM_setPowerStateWithTimeout)
                  0000915e    00000002     --HOLE-- [fill = 0]
                  00009160    00000138     MQTTDeserializePublish.obj (.text)
                  00009298    00000136     rtsv7M4_T_le_v4SPD16_eabi.lib : fd_div_t2.obj (.text)
                  000093ce    00000134     display.obj (.text)
                  00009502    00000002     --HOLE-- [fill = 0]
                  00009504    00000134     rtsv7M4_T_le_v4SPD16_eabi.lib : strtol.obj (.text)
                  00009638    00000130     nonos.obj (.text)
                  00009768    00000110     netcfg.obj (.text)
                  00009878    000000fc     rtsv7M4_T_le_v4SPD16_eabi.lib : fd_mul_t2.obj (.text)
                  00009974    000000f0     ped_adc.obj (.text)
                  00009a64    000000e0     msp432p4xx_driverlib.lib : cs.o (.text:CS_initClockSignal)
                  00009b44    000000d4                              : pcm.o (.text:PCM_setPowerModeWithTimeout)
                  00009c18    000000bc     HAL_MSP_EXP432P401R_Crystalfontz128x128_ST7735.obj (.text)
                  00009cd4    000000a8     msp432p4xx_driverlib.lib : pcm.o (.text:PCM_setCoreVoltageLevelWithTimeout)
                  00009d7c    0000009c     rtsv7M4_T_le_v4SPD16_eabi.lib : memcpy_t2.obj (.text)
                  00009e18    00000080     flowcont.obj (.text)
                  00009e98    0000007c     msp432p4xx_driverlib.lib : pcm.o (.text:PCM_gotoLPM3)
                  00009f14    0000007c                              : spi.o (.text:SPI_initMaster)
                  00009f90    0000007a     rtsv7M4_T_le_v4SPD16_eabi.lib : memset_t2.obj (.text)
                  0000a00a    00000002     --HOLE-- [fill = 0]
                  0000a00c    0000006c                                   : autoinit.obj (.text)
                  0000a078    0000006a                                   : copy_decompress_rle.obj (.text)
                  0000a0e2    00000002     --HOLE-- [fill = 0]
                  0000a0e4    00000064     msp432p4xx_driverlib.lib : interrupt.o (.text:Interrupt_disableInterrupt)
                  0000a148    00000064                              : interrupt.o (.text:Interrupt_enableInterrupt)
                  0000a1ac    00000050                              : pcm.o (.text:PCM_shutdownDevice)
                  0000a1fc    00000050     rtsv7M4_T_le_v4SPD16_eabi.lib : boot.obj (.text)
                  0000a24c    0000004c     msp432p4xx_driverlib.lib : gpio.o (.text:GPIO_setAsPeripheralModuleFunctionInputPin)
                  0000a298    0000004c                              : gpio.o (.text:GPIO_setAsPeripheralModuleFunctionOutputPin)
                  0000a2e4    0000004c     rtsv7M4_T_le_v4SPD16_eabi.lib : cpy_tbl.obj (.text)
                  0000a330    00000044                                   : exit.obj (.text)
                  0000a374    00000044                                   : fd_tou_t2.obj (.text)
                  0000a3b8    00000040     cli_uart.obj (.text)
                  0000a3f8    00000040     rtsv7M4_T_le_v4SPD16_eabi.lib : strtok.obj (.text)
                  0000a438    00000034     msp432p4xx_driverlib.lib : interrupt.o (.text:Interrupt_registerInterrupt)
                  0000a46c    00000030                              : gpio.o (.text:GPIO_getEnabledInterruptStatus)
                  0000a49c    00000030                              : gpio.o (.text:GPIO_setAsInputPinWithPullUpResistor)
                  0000a4cc    00000030                              : spi.o (.text:is_A_Module)
                  0000a4fc    00000030     rtsv7M4_T_le_v4SPD16_eabi.lib : strncpy.obj (.text)
                  0000a52c    0000002e                                   : i_tofd_t2.obj (.text)
                  0000a55a    0000002c     msp432p4xx_driverlib.lib : pcm.o (.text:PCM_getCoreVoltageLevel)
                  0000a586    0000002a                              : pcm.o (.text:PCM_getPowerMode)
                  0000a5b0    0000002a     rtsv7M4_T_le_v4SPD16_eabi.lib : strspn.obj (.text)
                  0000a5da    00000002     --HOLE-- [fill = 0]
                  0000a5dc    00000028     msp432p4xx_driverlib.lib : pcm.o (.text:PCM_gotoLPM0)
                  0000a604    00000026     rtsv7M4_T_le_v4SPD16_eabi.lib : strncmp.obj (.text)
                  0000a62a    00000002     --HOLE-- [fill = 0]
                  0000a62c    00000024     msp432p4xx_driverlib.lib : cs.o (.text:CS_setDCOCenteredFrequency)
                  0000a650    00000024                              : gpio.o (.text:GPIO_setAsOutputPin)
                  0000a674    00000024     rtsv7M4_T_le_v4SPD16_eabi.lib : strcspn.obj (.text)
                  0000a698    00000020     msp432p4xx_driverlib.lib : gpio.o (.text:GPIO_interruptEdgeSelect)
                  0000a6b8    00000020                              : spi.o (.text:SPI_transmitData)
                  0000a6d8    0000001a                              : spi.o (.text:SPI_enableModule)
                  0000a6f2    00000002     --HOLE-- [fill = 0]
                  0000a6f4    00000018                              : gpio.o (.text:GPIO_clearInterruptFlag)
                  0000a70c    00000018                              : gpio.o (.text:GPIO_setOutputLowOnPin)
                  0000a724    00000018     rtsv7M4_T_le_v4SPD16_eabi.lib : args_main.obj (.text)
                  0000a73c    00000014     msp432p4xx_driverlib.lib : cs.o (.text:CS_setExternalClockSourceFrequency)
                  0000a750    00000014                              : gpio.o (.text:GPIO_enableInterrupt)
                  0000a764    00000014                              : gpio.o (.text:GPIO_setOutputHighOnPin)
                  0000a778    00000014                              : systick.o (.text:SysTick_enableInterrupt)
                  0000a78c    00000014                              : systick.o (.text:SysTick_enableModule)
                  0000a7a0    00000014     rtsv7M4_T_le_v4SPD16_eabi.lib : _lock.obj (.text)
                  0000a7b4    00000014                                   : strlen.obj (.text)
                  0000a7c8    00000010     msp432p4xx_driverlib.lib : gpio.o (.text:GPIO_getInterruptStatus)
                  0000a7d8    00000010                              : interrupt.o (.text:Interrupt_enableMaster)
                  0000a7e8    00000010                              : pcm.o (.text:PCM_getPowerState)
                  0000a7f8    0000000e     rtsv7M4_T_le_v4SPD16_eabi.lib : copy_decompress_none.obj (.text:decompress:none)
                  0000a806    0000000c     msp432p4xx_driverlib.lib : cpu.o (.text:CPU_cpsie)
                  0000a812    0000000c                              : spi.o (.text:EUSCI_A_SPI_enable)
                  0000a81e    0000000c                              : spi.o (.text:EUSCI_B_SPI_enable)
                  0000a82a    00000002     --HOLE-- [fill = 0]
                  0000a82c    0000000c                              : systick.o (.text:SysTick_setPeriod)
                  0000a838    0000000c                              : timer_a.o (.text:Timer_A_stopTimer)
                  0000a844    0000000c     rtsv7M4_T_le_v4SPD16_eabi.lib : copy_zero_init.obj (.text:decompress:ZI)
                  0000a850    0000000c     msp432_startup_ccs.obj (.text)
                  0000a85c    00000008     msp432p4xx_driverlib.lib : spi.o (.text:EUSCI_B_SPI_getInterruptStatus)
                  0000a864    00000008                              : systick.o (.text:SysTick_registerInterrupt)
                  0000a86c    00000006                              : pcm.o (.text:PCM_setPowerMode)
                  0000a872    00000006                              : pcm.o (.text:PCM_setPowerState)
                  0000a878    00000006     rtsv7M4_T_le_v4SPD16_eabi.lib : copy_decompress_rle.obj (.text:decompress:rle24)
                  0000a87e    00000004     msp432p4xx_driverlib.lib : cpu.o (.text:CPU_wfi)
                  0000a882    00000004                              : spi.o (.text:EUSCI_A_SPI_transmitData)
                  0000a886    00000004                              : spi.o (.text:EUSCI_B_SPI_transmitData)
                  0000a88a    00000004     rtsv7M4_T_le_v4SPD16_eabi.lib : pre_init.obj (.text)

.const     0    0000a890    000008bc     
                  0000a890    000002f8     fontfixed6x8.obj (.const:.string:g_pucFontFixed6x8Data)
                  0000ab88    00000101     rtsv7M4_T_le_v4SPD16_eabi.lib : ctype.obj (.const:.string:_ctypes_)
                  0000ac89    00000003     --HOLE-- [fill = 0]
                  0000ac8c    000000c8     fontfixed6x8.obj (.const:g_sFontFixed6x8)
                  0000ad54    000000b0     wlan.obj (.const:$P$T0$1)
                  0000ae04    00000058     main.obj (.const:$P$T0$1)
                  0000ae5c    00000058     MQTTClient.obj (.const:$P$T1$2)
                  0000aeb4    00000040     msp432p4xx_driverlib.lib : interrupt.o (.const)
                  0000aef4    0000003c     wlan.obj (.const)
                  0000af30    00000038     driver.obj (.const:_SlActionLookupTable)
                  0000af68    00000038     myinit.obj (.const)
                  0000afa0    00000034     socket.obj (.const)
                  0000afd4    00000030     msp432p4xx_driverlib.lib : gpio.o (.const:GPIO_PORT_TO_BASE)
                  0000b004    0000002c     myinit.obj (.const:$P$T0$1)
                  0000b030    0000002c     Crystalfontz128x128_ST7735.obj (.const:g_sCrystalfontz128x128)
                  0000b05c    00000028     MQTTClient.obj (.const)
                  0000b084    00000028     netapp.obj (.const)
                  0000b0ac    0000001c     HAL_MSP_EXP432P401R_Crystalfontz128x128_ST7735.obj (.const)
                  0000b0c8    00000014     MQTTConnectClient.obj (.const)
                  0000b0dc    00000014     device.obj (.const)
                  0000b0f0    00000014     driver.obj (.const)
                  0000b104    0000000f     lcd_display.obj (.const:.string)
                  0000b113    00000008     main.obj (.const:.string)
                  0000b11b    00000001     --HOLE-- [fill = 0]
                  0000b11c    00000008     Crystalfontz128x128_ST7735.obj (.const)
                  0000b124    00000008     MQTTDeserializePublish.obj (.const)
                  0000b12c    00000008     MQTTSerializePublish.obj (.const)
                  0000b134    00000008     MQTTSubscribeClient.obj (.const)
                  0000b13c    00000008     netcfg.obj (.const)
                  0000b144    00000004     MQTTPacket.obj (.const)
                  0000b148    00000004     MQTTUnsubscribeClient.obj (.const)

.cinit     0    0000b150    00000060     
                  0000b150    00000029     (.cinit..data.load) [load image, compression = rle]
                  0000b179    00000003     --HOLE-- [fill = 0]
                  0000b17c    0000000c     (__TI_handler_table)
                  0000b188    00000008     (.cinit..bss.load) [load image, compression = zero_init]
                  0000b190    00000008     (.cinit..vtable.load) [load image, compression = zero_init]
                  0000b198    00000018     (__TI_cinit_table)

.init_array 
*          0    00000000    00000000     UNINITIALIZED

.vtable    0    20000000    000000e4     UNINITIALIZED
                  20000000    000000e4     msp432p4xx_driverlib.lib : interrupt.o (.vtable)

.bss       0    200000e4    00000877     UNINITIALIZED
                  200000e4    00000648     myinit.obj (.bss:g_AppData)
                  2000072c    00000164     driver.obj (.bss:g_StatMem)
                  20000890    0000005c     main.obj (.bss:hMQTTClient)
                  200008ec    00000028     nonos.obj (.bss:g__SlNonOsCB)
                  20000914    0000001c     (.common:g_sContext)
                  20000930    00000010     (.common:n)
                  20000940    00000004     (.common:MilliTimer)
                  20000944    00000004     (.common:bufptr)
                  20000948    00000004     (.common:hfxtFreq)
                  2000094c    00000004     (.common:lfxtFreq)
                  20000950    00000002     (.common:Lcd_ScreenHeigth)
                  20000952    00000002     (.common:Lcd_ScreenWidth)
                  20000954    00000002     (.common:Lcd_TouchTrim)
                  20000956    00000001     (.common:IntIsMasked)
                  20000957    00000001     (.common:Lcd_FlagRead)
                  20000958    00000001     (.common:Lcd_FontSolid)
                  20000959    00000001     (.common:Lcd_Orientation)
                  2000095a    00000001     (.common:Lcd_PenSolid)

.TI.noinit 
*          0    200000e4    00000000     UNINITIALIZED

.data      0    2000095c    0000004c     UNINITIALIZED
                  2000095c    0000001d     main.obj (.data)
                  20000979    00000003     --HOLE--
                  2000097c    00000009     driver.obj (.data)
                  20000985    00000003     --HOLE--
                  20000988    00000008     rtsv7M4_T_le_v4SPD16_eabi.lib : _lock.obj (.data)
                  20000990    00000008                                   : exit.obj (.data)
                  20000998    00000004     board.obj (.data)
                  2000099c    00000004     rtsv7M4_T_le_v4SPD16_eabi.lib : errno.obj (.data)
                  200009a0    00000004                                   : stkdepth_vars.obj (.data)
                  200009a4    00000004                                   : strtok.obj (.data)

.TI.persistent 
*          0    2000095c    00000000     UNINITIALIZED

.stack     0    2000fe00    00000200     UNINITIALIZED
                  2000fe00    00000200     --HOLE--


LINKER GENERATED COPY TABLES

__TI_cinit_table @ 0000b198 records: 3, size/record: 8, table size: 24
	.data: load addr=0000b150, load size=00000029 bytes, run addr=2000095c, run size=0000004c bytes, compression=rle
	.bss: load addr=0000b188, load size=00000008 bytes, run addr=200000e4, run size=00000877 bytes, compression=zero_init
	.vtable: load addr=0000b190, load size=00000008 bytes, run addr=20000000, run size=000000e4 bytes, compression=zero_init


LINKER GENERATED HANDLER TABLE

__TI_handler_table @ 0000b17c records: 3, size/record: 4, table size: 12
	index: 0, handler: __TI_zero_init
	index: 1, handler: __TI_decompress_rle24
	index: 2, handler: __TI_decompress_none


GLOBAL SYMBOLS: SORTED ALPHABETICALLY BY Name 

address   name                                       
-------   ----                                       
0000a331  C$$EXIT                                    
00007d0b  CC3100_InterruptDisable                    
00007ce9  CC3100_InterruptEnable                     
00007fbf  CC3100_UART_ISR                            
00007cd1  CC3100_disable                             
00007cdd  CC3100_enable                              
0000a3f1  CLI_Configure                              
0000a3c5  CLI_Read                                   
0000a3db  CLI_Write                                  
0000a807  CPU_cpsie                                  
0000a87f  CPU_wfi                                    
00009a65  CS_initClockSignal                         
0000a62d  CS_setDCOCenteredFrequency                 
0000a73d  CS_setExternalClockSourceFrequency         
00007c11  ConnectNetwork                             
0000369d  CopyPingResultsToReport                    
00005039  Crystalfontz128x128_Init                   
0000514d  Crystalfontz128x128_SetDrawFrame           
0000527b  Crystalfontz128x128_SetOrientation         
00007f69  Delay                                      
0000a3b9  EUSCIA0_IRQHandler                         
0000a813  EUSCI_A_SPI_enable                         
0000a883  EUSCI_A_SPI_transmitData                   
0000a81f  EUSCI_B_SPI_enable                         
0000a85d  EUSCI_B_SPI_getInterruptStatus             
0000a887  EUSCI_B_SPI_transmitData                   
0000a6f5  GPIO_clearInterruptFlag                    
0000a751  GPIO_enableInterrupt                       
0000a46d  GPIO_getEnabledInterruptStatus             
0000a7c9  GPIO_getInterruptStatus                    
0000a699  GPIO_interruptEdgeSelect                   
0000a49d  GPIO_setAsInputPinWithPullUpResistor       
0000a651  GPIO_setAsOutputPin                        
0000a24d  GPIO_setAsPeripheralModuleFunctionInputPin 
0000a299  GPIO_setAsPeripheralModuleFunctionOutputPin
0000a765  GPIO_setOutputHighOnPin                    
0000a70d  GPIO_setOutputLowOnPin                     
00007eb5  GetLEDStatus                               
0000877d  Graphics_clearDisplay                      
000094eb  Graphics_clearDisplayOnDisplay             
0000943d  Graphics_drawHorizontalLineOnDisplay       
0000701d  Graphics_drawLine                          
00006d01  Graphics_drawLineH                         
00006d9d  Graphics_drawLineV                         
000093f9  Graphics_drawMultiplePixelsOnDisplay       
0000878f  Graphics_drawPixel                         
000093cf  Graphics_drawPixelOnDisplay                
000057eb  Graphics_drawString                        
00005c79  Graphics_drawStringCentered                
00009471  Graphics_drawVerticalLineOnDisplay         
000094a5  Graphics_fillRectangleOnDisplay            
0000876f  Graphics_flushBuffer                       
000094d9  Graphics_flushOnDisplay                    
00008751  Graphics_getDisplayHeight                  
00008741  Graphics_getDisplayWidth                   
000086ef  Graphics_getFontBaseline                   
00008725  Graphics_getFontHeight                     
00008733  Graphics_getFontMaxWidth                   
00008761  Graphics_getHeightOfDisplay                
00005c69  Graphics_getStringBaseline                 
00005cc1  Graphics_getStringHeight                   
00005cd1  Graphics_getStringMaxWidth                 
000056f1  Graphics_getStringWidth                    
000087e9  Graphics_getWidthOfDisplay                 
00008591  Graphics_initContext                       
000086a5  Graphics_setBackgroundColor                
000086bf  Graphics_setBackgroundColorTranslated      
000085db  Graphics_setClipRegion                     
000086d5  Graphics_setFont                           
000086fd  Graphics_setForegroundColor                
00008713  Graphics_setForegroundColorTranslated      
000094c3  Graphics_translateColorOnDisplay           
00009c19  HAL_LCD_PortInit                           
00009c49  HAL_LCD_SpiInit                            
00009c7f  HAL_LCD_writeCommand                       
00009cad  HAL_LCD_writeData                          
000079b7  InitTimer                                  
20000956  IntIsMasked                                
0000a0e5  Interrupt_disableInterrupt                 
0000a149  Interrupt_enableInterrupt                  
0000a7d9  Interrupt_enableMaster                     
0000a439  Interrupt_registerInterrupt                
20000957  Lcd_FlagRead                               
20000958  Lcd_FontSolid                              
20000959  Lcd_Orientation                            
2000095a  Lcd_PenSolid                               
20000950  Lcd_ScreenHeigth                           
20000952  Lcd_ScreenWidth                            
20000954  Lcd_TouchTrim                              
000046f7  MQTTClient                                 
00004c41  MQTTConnect                                
00009219  MQTTDeserialize_ack                        
000077fb  MQTTDeserialize_connack                    
00009161  MQTTDeserialize_publish                    
00008b77  MQTTDeserialize_suback                     
00008f97  MQTTDeserialize_unsuback                   
00004fe7  MQTTDisconnect                             
000071e7  MQTTPacket_decode                          
000072cd  MQTTPacket_decodeBuf                       
00007191  MQTTPacket_encode                          
000074a9  MQTTPacket_equals                          
0000724f  MQTTPacket_len                             
0000750d  MQTTPacket_read                            
00004ebd  MQTTPublish                                
0000890d  MQTTSerialize_ack                          
00007641  MQTTSerialize_connect                      
00007589  MQTTSerialize_connectLength                
000078eb  MQTTSerialize_disconnect                   
00007901  MQTTSerialize_pingreq                      
00008997  MQTTSerialize_puback                       
000089e5  MQTTSerialize_pubcomp                      
00008837  MQTTSerialize_publish                      
000087f9  MQTTSerialize_publishLength                
000089bb  MQTTSerialize_pubrel                       
00008a75  MQTTSerialize_subscribe                    
00008a11  MQTTSerialize_subscribeLength              
00008ea1  MQTTSerialize_unsubscribe                  
00008e3d  MQTTSerialize_unsubscribeLength            
00007883  MQTTSerialize_zero                         
00004d0b  MQTTSubscribe                              
00004e13  MQTTUnsubscribe                            
00004bcd  MQTTYield                                  
0000747d  MQTTstrlen                                 
00007d1f  MaskIntHdlr                                
20000940  MilliTimer                                 
00004639  NewMessageData                             
00007ac3  NewNetwork                                 
0000a55b  PCM_getCoreVoltageLevel                    
0000a587  PCM_getPowerMode                           
0000a7e9  PCM_getPowerState                          
0000a5dd  PCM_gotoLPM0                               
00009e99  PCM_gotoLPM3                               
00009cd5  PCM_setCoreVoltageLevelWithTimeout         
0000a86d  PCM_setPowerMode                           
00009b45  PCM_setPowerModeWithTimeout                
0000a873  PCM_setPowerState                          
00008fdd  PCM_setPowerStateWithTimeout               
0000a1ad  PCM_shutdownDevice                         
00005e19  PORT1_IRQHandler                           
00007f99  PORT2_IRQHandler                           
00007f67  Port1_ISR                                  
2000095c  S1buttonDebounce                           
20000960  S2buttonDebounce                           
UNDEFED   SHT$$INIT_ARRAY$$Base                      
UNDEFED   SHT$$INIT_ARRAY$$Limit                     
00002f3f  SL_FD_CLR                                  
00002f65  SL_FD_ISSET                                
00002f1d  SL_FD_SET                                  
00002f8d  SL_FD_ZERO                                 
0000a6d9  SPI_enableModule                           
00009f15  SPI_initMaster                             
0000a6b9  SPI_transmitData                           
00007f23  SelAntenna                                 
000080fb  SimpleLinkGeneralEventHandler              
000080ad  SimpleLinkHttpServerCallback               
0000807d  SimpleLinkNetAppEventHandler               
000080bb  SimpleLinkSockEventHandler                 
00008011  SimpleLinkWlanEventHandler                 
00007935  SysTick_Handler                            
0000a779  SysTick_enableInterrupt                    
0000a78d  SysTick_enableModule                       
0000a865  SysTick_registerInterrupt                  
0000a82d  SysTick_setPeriod                          
00005e89  TA1_0_IRQHandler                           
00007ae9  TLSConnectNetwork                          
0000a839  Timer_A_stopTimer                          
00007d27  UnMaskIntHdlr                              
4000480c  WDTCTL_SYM                                 
2000099c  _Errno                                     
0000afb4  _SlAcceptCmdCtrl                           
0000af30  _SlActionLookupTable                       
00001011  _SlAsyncEventGenericHandler                
0000b0e8  _SlDeviceGetCmdCtrl                        
0000b0ec  _SlDeviceSetCmdCtrl                        
00001a23  _SlDrvBasicCmd                             
000016d9  _SlDrvClassifyRxMsg                        
0000030f  _SlDrvCmdOp                                
000003bf  _SlDrvCmdSend                              
00000415  _SlDrvDataReadOp                           
00000619  _SlDrvDataWriteOp                          
000067d1  _SlDrvDeviceEventHandler                   
00000229  _SlDrvDriverCBDeinit                       
00000145  _SlDrvDriverCBInit                         
00009e57  _SlDrvFlowContDeinit                       
00009e19  _SlDrvFlowContInit                         
000009dd  _SlDrvMsgRead                              
000014f5  _SlDrvMsgReadCmdCtx                        
000015ef  _SlDrvMsgReadSpawnCtx                      
000007e9  _SlDrvMsgWrite                             
00003a6d  _SlDrvNetAppEventHandler                   
00001f17  _SlDrvObjDeInit                            
00001e9b  _SlDrvObjInit                              
00001c91  _SlDrvReleasePoolObj                       
0000181d  _SlDrvRxHdrRead                            
000002cd  _SlDrvRxIrqHandler                         
000017d7  _SlDrvShiftDWord                           
00001a89  _SlDrvWaitForPoolObj                       
0000b0e4  _SlEventMaskGetCmdCtrl                     
0000b0e0  _SlEventMaskSetCmdCtrl                     
00001ff9  _SlFindAndSetActiveObj                     
0000b098  _SlGetHostByNameCtrl                       
0000b094  _SlGetHostByServiceCtrl                    
0000b08c  _SlGetServiceListeCtrl                     
0000afc0  _SlGetSockOptCmdCtrl                       
0000afb0  _SlListenCmdCtrl                           
0000b0a4  _SlNetAppGetCmdCtrl                        
0000b0a0  _SlNetAppSendTokenValueCmdCtrl             
0000b09c  _SlNetAppSetCmdCtrl                        
0000b084  _SlNetAppStartCtrl                         
0000b088  _SlNetAppStopCtrl                          
0000b140  _SlNetCfgGetCmdCtrl                        
0000b13c  _SlNetCfgSetCmdCtrl                        
000096fd  _SlNonOsMainLoopTask                       
00009651  _SlNonOsSemGet                             
00009639  _SlNonOsSemSet                             
000096ad  _SlNonOsSpawn                              
0000aef8  _SlPolicyGetCmdCtrl                        
0000aef4  _SlPolicySetCmdCtrl                        
0000af00  _SlProfileDelCmdCtrl                       
0000aefc  _SlProfileGetCmdCtrl                       
0000afb8  _SlRecvCmdCtrl                             
0000afa8  _SlRecvfomCmdCtrl                          
0000b090  _SlRegisterServiceCtrl                     
00001f37  _SlRemoveFromList                          
0000af08  _SlRxFilterAddtCmdCtrl                     
0000af10  _SlRxFilterGetCmdCtrl                      
0000af0c  _SlRxFilterSetCmdCtrl                      
0000afc4  _SlSelectCmdCtrl                           
0000afac  _SlSendCmdCtrl                             
0000afbc  _SlSetSockOptCmdCtrl                       
0000af14  _SlSmartConfigStartCmdCtrl                 
0000afa4  _SlSockCloseCmdCtrl                        
0000afa0  _SlSockSocketCmdCtrl                       
0000b0dc  _SlStopCmdCtrl                             
0000af20  _SlWlanCfgGetCmdCtrl                       
0000af1c  _SlWlanCfgSetCmdCtrl                       
0000af04  _SlWlanGetNetworkListCtrl                  
0000af18  _SlWlanSetModeCmdCtrl                      
20010000  __STACK_END                                
00000200  __STACK_SIZE                               
0000b198  __TI_CINIT_Base                            
0000b1b0  __TI_CINIT_Limit                           
0000b17c  __TI_Handler_Table_Base                    
0000b188  __TI_Handler_Table_Limit                   
0000a00d  __TI_auto_init                             
20000990  __TI_cleanup_ptr                           
0000a7f9  __TI_decompress_none                       
0000a879  __TI_decompress_rle24                      
20000994  __TI_dtors_ptr                             
00000000  __TI_static_base__                         
0000a845  __TI_zero_init                             
0000a375  __aeabi_d2uiz                              
00009299  __aeabi_ddiv                               
00009879  __aeabi_dmul                               
0000a52d  __aeabi_i2d                                
00009f91  __aeabi_memclr                             
00009f91  __aeabi_memclr4                            
00009f91  __aeabi_memclr8                            
00009d7d  __aeabi_memcpy                             
00009d7d  __aeabi_memcpy4                            
00009d7d  __aeabi_memcpy8                            
00009f93  __aeabi_memset                             
00009f93  __aeabi_memset4                            
00009f93  __aeabi_memset8                            
ffffffff  __binit__                                  
ffffffff  __c_args__                                 
2000fe00  __stack                                    
0000a725  _args_main                                 
0000a1fd  _c_int00                                   
0000ab88  _ctypes_                                   
20000988  _lock                                      
0000a7af  _nop                                       
0000a7a7  _register_lock                             
0000a7a1  _register_unlock                           
00002169  _sl_BuildAddress                           
0000629d  _sl_GetStartResponseConvert                
00002b7d  _sl_HandleAsync_Accept                     
00002777  _sl_HandleAsync_Connect                    
00003485  _sl_HandleAsync_DnsGetHostByAddr           
000035d9  _sl_HandleAsync_DnsGetHostByName           
000033b5  _sl_HandleAsync_DnsGetHostByService        
00006401  _sl_HandleAsync_InitComplete               
000036d9  _sl_HandleAsync_PingResponse               
00002fa5  _sl_HandleAsync_Select                     
000064b3  _sl_HandleAsync_Stop                       
00002281  _sl_ParseAddress                           
000021b9  _sl_TruncatePayloadByProtocol              
0000a88b  _system_pre_init                           
2000098c  _unlock                                    
0000a335  abort                                      
0000855d  backlight_off                              
00008549  backlight_on                               
ffffffff  binit                                      
00007295  bufchar                                    
00007ab3  cc3100_disconnect                          
000079c7  cc3100_read                                
00007a49  cc3100_write                               
00007d3b  clear_rts                                  
000083f3  combine_ints_to_string                     
00006851  configureSimpleLinkToDefaultState          
0000a2e5  copy_in                                    
00007977  countdown                                  
0000795f  countdown_ms                               
00004a61  cycle                                      
00004769  decodePacket                               
00004943  deliverMessage                             
00006a3f  establishConnectionWithAP                  
0000a33d  exit                                       
0000793f  expired                                    
20000984  gFirstCmdMode                              
200000e4  g_AppData                                  
0000b0f8  g_H2NCnysPattern                           
0000b0f0  g_H2NSyncPattern                           
2000072c  g_StatMem                                  
2000096c  g_Status                                   
200008ec  g__SlNonOsCB                               
2000097c  g_pCB                                      
20000000  g_pfnRAMVectors                            
20000914  g_sContext                                 
0000b030  g_sCrystalfontz128x128                     
0000ac8c  g_sFontFixed6x8                            
000073b9  getLenStringLen                            
00004653  getNextPacketId                            
20000890  hMQTTClient                                
00007eef  initAntSelGPIO                             
00007d47  initClk                                    
00007dc7  initLEDs                                   
00009975  init_adc                                   
00009a31  init_clocks                                
000082e5  init_lcd                                   
00006ac1  init_main                                  
00006a99  initializeAppVariables                     
00000000  interruptVectors                           
0000488f  isTopicMatched                             
0000838f  itoa                                       
000049f3  keepalive                                  
00007995  left_ms                                    
20000968  macAddressLen                              
00005ce1  main                                       
200009a0  main_func_sp                               
00009d7d  memcpy                                     
00009f99  memset                                     
0000614d  messageArrived                             
00005ed5  mqtt_subscribe                             
20000930  n                                          
20000998  pIraEventHandler                           
20000980  pPingCallBackFunc                          
0000b113  port_mapping                               
20000964  publishID                                  
0000730b  readChar                                   
000072e3  readInt                                    
00007423  readMQTTLenString                          
000047e5  readPacket                                 
00007cbd  registerInterruptHandler                   
0000833d  reverse                                    
00004677  sendPacket                                 
00005edd  send_steps                                 
00007d2f  set_rts                                    
00002979  sl_Accept                                  
0000235b  sl_Bind                                    
00002331  sl_Close                                   
00002621  sl_Connect                                 
000066cd  sl_DevGet                                  
0000676b  sl_DevSet                                  
00006699  sl_EventMaskGet                            
0000665f  sl_EventMaskSet                            
00002cfd  sl_GetSockOpt                              
00002afb  sl_Htonl                                   
00002b3d  sl_Htons                                   
00002939  sl_Listen                                  
00003495  sl_NetAppDnsGetHostByName                  
00003285  sl_NetAppDnsGetHostByService               
000039dd  sl_NetAppGet                               
00003085  sl_NetAppGetServiceList                    
00003209  sl_NetAppMDNSRegisterService               
00003155  sl_NetAppMDNSRegisterUnregisterService     
00003245  sl_NetAppMDNSUnRegisterService             
0000379d  sl_NetAppPingStart                         
00003979  sl_NetAppSendTokenValue                    
0000390f  sl_NetAppSet                               
0000303d  sl_NetAppStart                             
00003061  sl_NetAppStop                              
000097cf  sl_NetCfgGet                               
00009769  sl_NetCfgSet                               
00002c15  sl_Recv                                    
000024ff  sl_RecvFrom                                
00002d97  sl_Select                                  
00002829  sl_Send                                    
000023e3  sl_SendTo                                  
00002c91  sl_SetSockOpt                              
000022db  sl_Socket                                  
000062fd  sl_Start                                   
00006537  sl_Stop                                    
000062f5  sl_Task                                    
00003b81  sl_WlanConnect                             
00003db3  sl_WlanDisconnect                          
00004581  sl_WlanGet                                 
00004249  sl_WlanGetNetworkList                      
00003e29  sl_WlanPolicyGet                           
00003dbf  sl_WlanPolicySet                           
00003ecd  sl_WlanProfileAdd                          
0000421b  sl_WlanProfileDel                          
00004139  sl_WlanProfileGet                          
000042bb  sl_WlanRxFilterAdd                         
0000437d  sl_WlanRxFilterGet                         
00004329  sl_WlanRxFilterSet                         
0000440b  sl_WlanRxStatGet                           
000043f3  sl_WlanRxStatStart                         
000043ff  sl_WlanRxStatStop                          
0000450d  sl_WlanSet                                 
000044dd  sl_WlanSetMode                             
00004451  sl_WlanSmartConfigStart                    
00004441  sl_WlanSmartConfigStop                     
00008c29  spi_Close                                  
00008c35  spi_Open                                   
00008d81  spi_Read                                   
00008d27  spi_Write                                  
00007dbd  stopWDT                                    
0000a675  strcspn                                    
000084df  string_to_int                              
0000a7b5  strlen                                     
0000a605  strncmp                                    
0000a4fd  strncpy                                    
0000a5b1  strspn                                     
0000a3f9  strtok                                     
00009505  strtol                                     
00007e81  toggleLed                                  
00007e4d  turnLedOff                                 
00007e19  turnLedOn                                  
20000970  uniqueID                                   
0000af68  upConfig                                   
00004c11  waitfor                                    
0000738b  writeCString                               
0000732b  writeChar                                  
0000734b  writeInt                                   
000073d3  writeMQTTString                            
0000831d  write_lcd                                  


GLOBAL SYMBOLS: SORTED BY Symbol Address 

address   name                                       
-------   ----                                       
00000000  __TI_static_base__                         
00000000  interruptVectors                           
00000145  _SlDrvDriverCBInit                         
00000200  __STACK_SIZE                               
00000229  _SlDrvDriverCBDeinit                       
000002cd  _SlDrvRxIrqHandler                         
0000030f  _SlDrvCmdOp                                
000003bf  _SlDrvCmdSend                              
00000415  _SlDrvDataReadOp                           
00000619  _SlDrvDataWriteOp                          
000007e9  _SlDrvMsgWrite                             
000009dd  _SlDrvMsgRead                              
00001011  _SlAsyncEventGenericHandler                
000014f5  _SlDrvMsgReadCmdCtx                        
000015ef  _SlDrvMsgReadSpawnCtx                      
000016d9  _SlDrvClassifyRxMsg                        
000017d7  _SlDrvShiftDWord                           
0000181d  _SlDrvRxHdrRead                            
00001a23  _SlDrvBasicCmd                             
00001a89  _SlDrvWaitForPoolObj                       
00001c91  _SlDrvReleasePoolObj                       
00001e9b  _SlDrvObjInit                              
00001f17  _SlDrvObjDeInit                            
00001f37  _SlRemoveFromList                          
00001ff9  _SlFindAndSetActiveObj                     
00002169  _sl_BuildAddress                           
000021b9  _sl_TruncatePayloadByProtocol              
00002281  _sl_ParseAddress                           
000022db  sl_Socket                                  
00002331  sl_Close                                   
0000235b  sl_Bind                                    
000023e3  sl_SendTo                                  
000024ff  sl_RecvFrom                                
00002621  sl_Connect                                 
00002777  _sl_HandleAsync_Connect                    
00002829  sl_Send                                    
00002939  sl_Listen                                  
00002979  sl_Accept                                  
00002afb  sl_Htonl                                   
00002b3d  sl_Htons                                   
00002b7d  _sl_HandleAsync_Accept                     
00002c15  sl_Recv                                    
00002c91  sl_SetSockOpt                              
00002cfd  sl_GetSockOpt                              
00002d97  sl_Select                                  
00002f1d  SL_FD_SET                                  
00002f3f  SL_FD_CLR                                  
00002f65  SL_FD_ISSET                                
00002f8d  SL_FD_ZERO                                 
00002fa5  _sl_HandleAsync_Select                     
0000303d  sl_NetAppStart                             
00003061  sl_NetAppStop                              
00003085  sl_NetAppGetServiceList                    
00003155  sl_NetAppMDNSRegisterUnregisterService     
00003209  sl_NetAppMDNSRegisterService               
00003245  sl_NetAppMDNSUnRegisterService             
00003285  sl_NetAppDnsGetHostByService               
000033b5  _sl_HandleAsync_DnsGetHostByService        
00003485  _sl_HandleAsync_DnsGetHostByAddr           
00003495  sl_NetAppDnsGetHostByName                  
000035d9  _sl_HandleAsync_DnsGetHostByName           
0000369d  CopyPingResultsToReport                    
000036d9  _sl_HandleAsync_PingResponse               
0000379d  sl_NetAppPingStart                         
0000390f  sl_NetAppSet                               
00003979  sl_NetAppSendTokenValue                    
000039dd  sl_NetAppGet                               
00003a6d  _SlDrvNetAppEventHandler                   
00003b81  sl_WlanConnect                             
00003db3  sl_WlanDisconnect                          
00003dbf  sl_WlanPolicySet                           
00003e29  sl_WlanPolicyGet                           
00003ecd  sl_WlanProfileAdd                          
00004139  sl_WlanProfileGet                          
0000421b  sl_WlanProfileDel                          
00004249  sl_WlanGetNetworkList                      
000042bb  sl_WlanRxFilterAdd                         
00004329  sl_WlanRxFilterSet                         
0000437d  sl_WlanRxFilterGet                         
000043f3  sl_WlanRxStatStart                         
000043ff  sl_WlanRxStatStop                          
0000440b  sl_WlanRxStatGet                           
00004441  sl_WlanSmartConfigStop                     
00004451  sl_WlanSmartConfigStart                    
000044dd  sl_WlanSetMode                             
0000450d  sl_WlanSet                                 
00004581  sl_WlanGet                                 
00004639  NewMessageData                             
00004653  getNextPacketId                            
00004677  sendPacket                                 
000046f7  MQTTClient                                 
00004769  decodePacket                               
000047e5  readPacket                                 
0000488f  isTopicMatched                             
00004943  deliverMessage                             
000049f3  keepalive                                  
00004a61  cycle                                      
00004bcd  MQTTYield                                  
00004c11  waitfor                                    
00004c41  MQTTConnect                                
00004d0b  MQTTSubscribe                              
00004e13  MQTTUnsubscribe                            
00004ebd  MQTTPublish                                
00004fe7  MQTTDisconnect                             
00005039  Crystalfontz128x128_Init                   
0000514d  Crystalfontz128x128_SetDrawFrame           
0000527b  Crystalfontz128x128_SetOrientation         
000056f1  Graphics_getStringWidth                    
000057eb  Graphics_drawString                        
00005c69  Graphics_getStringBaseline                 
00005c79  Graphics_drawStringCentered                
00005cc1  Graphics_getStringHeight                   
00005cd1  Graphics_getStringMaxWidth                 
00005ce1  main                                       
00005e19  PORT1_IRQHandler                           
00005e89  TA1_0_IRQHandler                           
00005ed5  mqtt_subscribe                             
00005edd  send_steps                                 
0000614d  messageArrived                             
0000629d  _sl_GetStartResponseConvert                
000062f5  sl_Task                                    
000062fd  sl_Start                                   
00006401  _sl_HandleAsync_InitComplete               
000064b3  _sl_HandleAsync_Stop                       
00006537  sl_Stop                                    
0000665f  sl_EventMaskSet                            
00006699  sl_EventMaskGet                            
000066cd  sl_DevGet                                  
0000676b  sl_DevSet                                  
000067d1  _SlDrvDeviceEventHandler                   
00006851  configureSimpleLinkToDefaultState          
00006a3f  establishConnectionWithAP                  
00006a99  initializeAppVariables                     
00006ac1  init_main                                  
00006d01  Graphics_drawLineH                         
00006d9d  Graphics_drawLineV                         
0000701d  Graphics_drawLine                          
00007191  MQTTPacket_encode                          
000071e7  MQTTPacket_decode                          
0000724f  MQTTPacket_len                             
00007295  bufchar                                    
000072cd  MQTTPacket_decodeBuf                       
000072e3  readInt                                    
0000730b  readChar                                   
0000732b  writeChar                                  
0000734b  writeInt                                   
0000738b  writeCString                               
000073b9  getLenStringLen                            
000073d3  writeMQTTString                            
00007423  readMQTTLenString                          
0000747d  MQTTstrlen                                 
000074a9  MQTTPacket_equals                          
0000750d  MQTTPacket_read                            
00007589  MQTTSerialize_connectLength                
00007641  MQTTSerialize_connect                      
000077fb  MQTTDeserialize_connack                    
00007883  MQTTSerialize_zero                         
000078eb  MQTTSerialize_disconnect                   
00007901  MQTTSerialize_pingreq                      
00007935  SysTick_Handler                            
0000793f  expired                                    
0000795f  countdown_ms                               
00007977  countdown                                  
00007995  left_ms                                    
000079b7  InitTimer                                  
000079c7  cc3100_read                                
00007a49  cc3100_write                               
00007ab3  cc3100_disconnect                          
00007ac3  NewNetwork                                 
00007ae9  TLSConnectNetwork                          
00007c11  ConnectNetwork                             
00007cbd  registerInterruptHandler                   
00007cd1  CC3100_disable                             
00007cdd  CC3100_enable                              
00007ce9  CC3100_InterruptEnable                     
00007d0b  CC3100_InterruptDisable                    
00007d1f  MaskIntHdlr                                
00007d27  UnMaskIntHdlr                              
00007d2f  set_rts                                    
00007d3b  clear_rts                                  
00007d47  initClk                                    
00007dbd  stopWDT                                    
00007dc7  initLEDs                                   
00007e19  turnLedOn                                  
00007e4d  turnLedOff                                 
00007e81  toggleLed                                  
00007eb5  GetLEDStatus                               
00007eef  initAntSelGPIO                             
00007f23  SelAntenna                                 
00007f67  Port1_ISR                                  
00007f69  Delay                                      
00007f99  PORT2_IRQHandler                           
00007fbf  CC3100_UART_ISR                            
00008011  SimpleLinkWlanEventHandler                 
0000807d  SimpleLinkNetAppEventHandler               
000080ad  SimpleLinkHttpServerCallback               
000080bb  SimpleLinkSockEventHandler                 
000080fb  SimpleLinkGeneralEventHandler              
000082e5  init_lcd                                   
0000831d  write_lcd                                  
0000833d  reverse                                    
0000838f  itoa                                       
000083f3  combine_ints_to_string                     
000084df  string_to_int                              
00008549  backlight_on                               
0000855d  backlight_off                              
00008591  Graphics_initContext                       
000085db  Graphics_setClipRegion                     
000086a5  Graphics_setBackgroundColor                
000086bf  Graphics_setBackgroundColorTranslated      
000086d5  Graphics_setFont                           
000086ef  Graphics_getFontBaseline                   
000086fd  Graphics_setForegroundColor                
00008713  Graphics_setForegroundColorTranslated      
00008725  Graphics_getFontHeight                     
00008733  Graphics_getFontMaxWidth                   
00008741  Graphics_getDisplayWidth                   
00008751  Graphics_getDisplayHeight                  
00008761  Graphics_getHeightOfDisplay                
0000876f  Graphics_flushBuffer                       
0000877d  Graphics_clearDisplay                      
0000878f  Graphics_drawPixel                         
000087e9  Graphics_getWidthOfDisplay                 
000087f9  MQTTSerialize_publishLength                
00008837  MQTTSerialize_publish                      
0000890d  MQTTSerialize_ack                          
00008997  MQTTSerialize_puback                       
000089bb  MQTTSerialize_pubrel                       
000089e5  MQTTSerialize_pubcomp                      
00008a11  MQTTSerialize_subscribeLength              
00008a75  MQTTSerialize_subscribe                    
00008b77  MQTTDeserialize_suback                     
00008c29  spi_Close                                  
00008c35  spi_Open                                   
00008d27  spi_Write                                  
00008d81  spi_Read                                   
00008e3d  MQTTSerialize_unsubscribeLength            
00008ea1  MQTTSerialize_unsubscribe                  
00008f97  MQTTDeserialize_unsuback                   
00008fdd  PCM_setPowerStateWithTimeout               
00009161  MQTTDeserialize_publish                    
00009219  MQTTDeserialize_ack                        
00009299  __aeabi_ddiv                               
000093cf  Graphics_drawPixelOnDisplay                
000093f9  Graphics_drawMultiplePixelsOnDisplay       
0000943d  Graphics_drawHorizontalLineOnDisplay       
00009471  Graphics_drawVerticalLineOnDisplay         
000094a5  Graphics_fillRectangleOnDisplay            
000094c3  Graphics_translateColorOnDisplay           
000094d9  Graphics_flushOnDisplay                    
000094eb  Graphics_clearDisplayOnDisplay             
00009505  strtol                                     
00009639  _SlNonOsSemSet                             
00009651  _SlNonOsSemGet                             
000096ad  _SlNonOsSpawn                              
000096fd  _SlNonOsMainLoopTask                       
00009769  sl_NetCfgSet                               
000097cf  sl_NetCfgGet                               
00009879  __aeabi_dmul                               
00009975  init_adc                                   
00009a31  init_clocks                                
00009a65  CS_initClockSignal                         
00009b45  PCM_setPowerModeWithTimeout                
00009c19  HAL_LCD_PortInit                           
00009c49  HAL_LCD_SpiInit                            
00009c7f  HAL_LCD_writeCommand                       
00009cad  HAL_LCD_writeData                          
00009cd5  PCM_setCoreVoltageLevelWithTimeout         
00009d7d  __aeabi_memcpy                             
00009d7d  __aeabi_memcpy4                            
00009d7d  __aeabi_memcpy8                            
00009d7d  memcpy                                     
00009e19  _SlDrvFlowContInit                         
00009e57  _SlDrvFlowContDeinit                       
00009e99  PCM_gotoLPM3                               
00009f15  SPI_initMaster                             
00009f91  __aeabi_memclr                             
00009f91  __aeabi_memclr4                            
00009f91  __aeabi_memclr8                            
00009f93  __aeabi_memset                             
00009f93  __aeabi_memset4                            
00009f93  __aeabi_memset8                            
00009f99  memset                                     
0000a00d  __TI_auto_init                             
0000a0e5  Interrupt_disableInterrupt                 
0000a149  Interrupt_enableInterrupt                  
0000a1ad  PCM_shutdownDevice                         
0000a1fd  _c_int00                                   
0000a24d  GPIO_setAsPeripheralModuleFunctionInputPin 
0000a299  GPIO_setAsPeripheralModuleFunctionOutputPin
0000a2e5  copy_in                                    
0000a331  C$$EXIT                                    
0000a335  abort                                      
0000a33d  exit                                       
0000a375  __aeabi_d2uiz                              
0000a3b9  EUSCIA0_IRQHandler                         
0000a3c5  CLI_Read                                   
0000a3db  CLI_Write                                  
0000a3f1  CLI_Configure                              
0000a3f9  strtok                                     
0000a439  Interrupt_registerInterrupt                
0000a46d  GPIO_getEnabledInterruptStatus             
0000a49d  GPIO_setAsInputPinWithPullUpResistor       
0000a4fd  strncpy                                    
0000a52d  __aeabi_i2d                                
0000a55b  PCM_getCoreVoltageLevel                    
0000a587  PCM_getPowerMode                           
0000a5b1  strspn                                     
0000a5dd  PCM_gotoLPM0                               
0000a605  strncmp                                    
0000a62d  CS_setDCOCenteredFrequency                 
0000a651  GPIO_setAsOutputPin                        
0000a675  strcspn                                    
0000a699  GPIO_interruptEdgeSelect                   
0000a6b9  SPI_transmitData                           
0000a6d9  SPI_enableModule                           
0000a6f5  GPIO_clearInterruptFlag                    
0000a70d  GPIO_setOutputLowOnPin                     
0000a725  _args_main                                 
0000a73d  CS_setExternalClockSourceFrequency         
0000a751  GPIO_enableInterrupt                       
0000a765  GPIO_setOutputHighOnPin                    
0000a779  SysTick_enableInterrupt                    
0000a78d  SysTick_enableModule                       
0000a7a1  _register_unlock                           
0000a7a7  _register_lock                             
0000a7af  _nop                                       
0000a7b5  strlen                                     
0000a7c9  GPIO_getInterruptStatus                    
0000a7d9  Interrupt_enableMaster                     
0000a7e9  PCM_getPowerState                          
0000a7f9  __TI_decompress_none                       
0000a807  CPU_cpsie                                  
0000a813  EUSCI_A_SPI_enable                         
0000a81f  EUSCI_B_SPI_enable                         
0000a82d  SysTick_setPeriod                          
0000a839  Timer_A_stopTimer                          
0000a845  __TI_zero_init                             
0000a85d  EUSCI_B_SPI_getInterruptStatus             
0000a865  SysTick_registerInterrupt                  
0000a86d  PCM_setPowerMode                           
0000a873  PCM_setPowerState                          
0000a879  __TI_decompress_rle24                      
0000a87f  CPU_wfi                                    
0000a883  EUSCI_A_SPI_transmitData                   
0000a887  EUSCI_B_SPI_transmitData                   
0000a88b  _system_pre_init                           
0000ab88  _ctypes_                                   
0000ac8c  g_sFontFixed6x8                            
0000aef4  _SlPolicySetCmdCtrl                        
0000aef8  _SlPolicyGetCmdCtrl                        
0000aefc  _SlProfileGetCmdCtrl                       
0000af00  _SlProfileDelCmdCtrl                       
0000af04  _SlWlanGetNetworkListCtrl                  
0000af08  _SlRxFilterAddtCmdCtrl                     
0000af0c  _SlRxFilterSetCmdCtrl                      
0000af10  _SlRxFilterGetCmdCtrl                      
0000af14  _SlSmartConfigStartCmdCtrl                 
0000af18  _SlWlanSetModeCmdCtrl                      
0000af1c  _SlWlanCfgSetCmdCtrl                       
0000af20  _SlWlanCfgGetCmdCtrl                       
0000af30  _SlActionLookupTable                       
0000af68  upConfig                                   
0000afa0  _SlSockSocketCmdCtrl                       
0000afa4  _SlSockCloseCmdCtrl                        
0000afa8  _SlRecvfomCmdCtrl                          
0000afac  _SlSendCmdCtrl                             
0000afb0  _SlListenCmdCtrl                           
0000afb4  _SlAcceptCmdCtrl                           
0000afb8  _SlRecvCmdCtrl                             
0000afbc  _SlSetSockOptCmdCtrl                       
0000afc0  _SlGetSockOptCmdCtrl                       
0000afc4  _SlSelectCmdCtrl                           
0000b030  g_sCrystalfontz128x128                     
0000b084  _SlNetAppStartCtrl                         
0000b088  _SlNetAppStopCtrl                          
0000b08c  _SlGetServiceListeCtrl                     
0000b090  _SlRegisterServiceCtrl                     
0000b094  _SlGetHostByServiceCtrl                    
0000b098  _SlGetHostByNameCtrl                       
0000b09c  _SlNetAppSetCmdCtrl                        
0000b0a0  _SlNetAppSendTokenValueCmdCtrl             
0000b0a4  _SlNetAppGetCmdCtrl                        
0000b0dc  _SlStopCmdCtrl                             
0000b0e0  _SlEventMaskSetCmdCtrl                     
0000b0e4  _SlEventMaskGetCmdCtrl                     
0000b0e8  _SlDeviceGetCmdCtrl                        
0000b0ec  _SlDeviceSetCmdCtrl                        
0000b0f0  g_H2NSyncPattern                           
0000b0f8  g_H2NCnysPattern                           
0000b113  port_mapping                               
0000b13c  _SlNetCfgSetCmdCtrl                        
0000b140  _SlNetCfgGetCmdCtrl                        
0000b17c  __TI_Handler_Table_Base                    
0000b188  __TI_Handler_Table_Limit                   
0000b198  __TI_CINIT_Base                            
0000b1b0  __TI_CINIT_Limit                           
20000000  g_pfnRAMVectors                            
200000e4  g_AppData                                  
2000072c  g_StatMem                                  
20000890  hMQTTClient                                
200008ec  g__SlNonOsCB                               
20000914  g_sContext                                 
20000930  n                                          
20000940  MilliTimer                                 
20000950  Lcd_ScreenHeigth                           
20000952  Lcd_ScreenWidth                            
20000954  Lcd_TouchTrim                              
20000956  IntIsMasked                                
20000957  Lcd_FlagRead                               
20000958  Lcd_FontSolid                              
20000959  Lcd_Orientation                            
2000095a  Lcd_PenSolid                               
2000095c  S1buttonDebounce                           
20000960  S2buttonDebounce                           
20000964  publishID                                  
20000968  macAddressLen                              
2000096c  g_Status                                   
20000970  uniqueID                                   
2000097c  g_pCB                                      
20000980  pPingCallBackFunc                          
20000984  gFirstCmdMode                              
20000988  _lock                                      
2000098c  _unlock                                    
20000990  __TI_cleanup_ptr                           
20000994  __TI_dtors_ptr                             
20000998  pIraEventHandler                           
2000099c  _Errno                                     
200009a0  main_func_sp                               
2000fe00  __stack                                    
20010000  __STACK_END                                
4000480c  WDTCTL_SYM                                 
ffffffff  __binit__                                  
ffffffff  __c_args__                                 
ffffffff  binit                                      
UNDEFED   SHT$$INIT_ARRAY$$Base                      
UNDEFED   SHT$$INIT_ARRAY$$Limit                     

[437 symbols]
