******************************************************************************
                  TI ARM Linker Unix v5.2.6                    
******************************************************************************
>> Linked Mon Apr 25 04:04:27 2016

OUTPUT FILE NAME:   <final_ece461.out>
ENTRY POINT SYMBOL: "_c_int00"  address: 00008935


MEMORY CONFIGURATION

         name            origin    length      used     unused   attr    fill
----------------------  --------  ---------  --------  --------  ----  --------
  MAIN                  00000000   00040000  00009426  00036bda  R  X
  INFO                  00200000   00004000  00000000  00004000  R  X
  SRAM_CODE             01000000   00010000  00000000  00010000  RW X
  SRAM_DATA             20000000   00010000  00000b81  0000f47f  RW  


SEGMENT ALLOCATION MAP

run origin  load origin   length   init length attrs members
----------  ----------- ---------- ----------- ----- -------
00000000    00000000    00009428   00009428    r-x
  00000000    00000000    00000144   00000144    r-- .intvecs
  00000144    00000144    00008de6   00008de6    r-x .text
  00008f2c    00008f2c    0000049c   0000049c    r-- .const
  000093c8    000093c8    00000060   00000060    r-- .cinit
20000000    20000000    00000984   00000000    rw-
  20000000    20000000    000000e4   00000000    rw- .vtable
  200000e4    200000e4    00000851   00000000    rw- .bss
  20000938    20000938    0000004c   00000000    rw- .data
2000fe00    2000fe00    00000200   00000000    rw-
  2000fe00    2000fe00    00000200   00000000    rw- .stack


SECTION ALLOCATION MAP

 output                                  attributes/
section   page    origin      length       input sections
--------  ----  ----------  ----------   ----------------
.intvecs   0    00000000    00000144     
                  00000000    00000144     msp432_startup_ccs.obj (.intvecs:retain)

.text      0    00000144    00008de6     
                  00000144    00002024     driver.obj (.text)
                  00002168    00000ed4     socket.obj (.text)
                  0000303c    00000b44     netapp.obj (.text)
                  00003b80    00000ab8     wlan.obj (.text)
                  00004638    00000a00     MQTTClient.obj (.text)
                  00005038    00000680     main.obj (.text)
                  000056b8    000005b4     device.obj (.text)
                  00005c6c    000004f0     myinit.obj (.text)
                  0000615c    000003f8     MQTTPacket.obj (.text)
                  00006554    000003ac     MQTTConnectClient.obj (.text)
                  00006900    00000388     MQTTCC3100.obj (.text)
                  00006c88    00000354     board.obj (.text)
                  00006fdc    00000218     MQTTSerializePublish.obj (.text)
                  000071f4    00000218     MQTTSubscribeClient.obj (.text)
                  0000740c    00000214     spi_cc3100.obj (.text)
                  00007620    000001fc     events.obj (.text)
                  0000781c    000001a0     MQTTUnsubscribeClient.obj (.text)
                  000079bc    00000182     msp432p4xx_driverlib.lib : pcm.o (.text:PCM_setPowerStateWithTimeout)
                  00007b3e    00000002     --HOLE-- [fill = 0]
                  00007b40    00000138     MQTTDeserializePublish.obj (.text)
                  00007c78    00000136     rtsv7M4_T_le_v4SPD16_eabi.lib : fd_div_t2.obj (.text)
                  00007dae    00000002     --HOLE-- [fill = 0]
                  00007db0    00000134                                   : strtol.obj (.text)
                  00007ee4    00000130     nonos.obj (.text)
                  00008014    00000110     netcfg.obj (.text)
                  00008124    000000fc     rtsv7M4_T_le_v4SPD16_eabi.lib : fd_mul_t2.obj (.text)
                  00008220    000000e0     msp432p4xx_driverlib.lib : cs.o (.text:CS_initClockSignal)
                  00008300    000000d4                              : pcm.o (.text:PCM_setPowerModeWithTimeout)
                  000083d4    000000b2                              : timer_a.o (.text:privateTimer_AProcessClockSourceDivider)
                  00008486    00000002     --HOLE-- [fill = 0]
                  00008488    000000a8                              : pcm.o (.text:PCM_setCoreVoltageLevelWithTimeout)
                  00008530    0000009c     rtsv7M4_T_le_v4SPD16_eabi.lib : memcpy_t2.obj (.text)
                  000085cc    00000080     flowcont.obj (.text)
                  0000864c    0000007c     msp432p4xx_driverlib.lib : pcm.o (.text:PCM_gotoLPM3)
                  000086c8    0000007a     rtsv7M4_T_le_v4SPD16_eabi.lib : memset_t2.obj (.text)
                  00008742    00000002     --HOLE-- [fill = 0]
                  00008744    0000006c                                   : autoinit.obj (.text)
                  000087b0    0000006a                                   : copy_decompress_rle.obj (.text)
                  0000881a    00000002     --HOLE-- [fill = 0]
                  0000881c    00000064     msp432p4xx_driverlib.lib : interrupt.o (.text:Interrupt_disableInterrupt)
                  00008880    00000064                              : interrupt.o (.text:Interrupt_enableInterrupt)
                  000088e4    00000050                              : pcm.o (.text:PCM_shutdownDevice)
                  00008934    00000050     rtsv7M4_T_le_v4SPD16_eabi.lib : boot.obj (.text)
                  00008984    0000004c     msp432p4xx_driverlib.lib : gpio.o (.text:GPIO_setAsPeripheralModuleFunctionOutputPin)
                  000089d0    0000004c     rtsv7M4_T_le_v4SPD16_eabi.lib : cpy_tbl.obj (.text)
                  00008a1c    00000044     msp432p4xx_driverlib.lib : timer_a.o (.text:Timer_A_configureUpMode)
                  00008a60    00000044     rtsv7M4_T_le_v4SPD16_eabi.lib : exit.obj (.text)
                  00008aa4    00000044                                   : fd_tou_t2.obj (.text)
                  00008ae8    00000040     cli_uart.obj (.text)
                  00008b28    00000040     rtsv7M4_T_le_v4SPD16_eabi.lib : strtok.obj (.text)
                  00008b68    00000034     msp432p4xx_driverlib.lib : interrupt.o (.text:Interrupt_registerInterrupt)
                  00008b9c    00000030                              : gpio.o (.text:GPIO_getEnabledInterruptStatus)
                  00008bcc    00000030                              : gpio.o (.text:GPIO_setAsInputPinWithPullUpResistor)
                  00008bfc    00000030     rtsv7M4_T_le_v4SPD16_eabi.lib : strncpy.obj (.text)
                  00008c2c    0000002e                                   : i_tofd_t2.obj (.text)
                  00008c5a    0000002c     msp432p4xx_driverlib.lib : pcm.o (.text:PCM_getCoreVoltageLevel)
                  00008c86    0000002a                              : pcm.o (.text:PCM_getPowerMode)
                  00008cb0    0000002a     rtsv7M4_T_le_v4SPD16_eabi.lib : strspn.obj (.text)
                  00008cda    00000002     --HOLE-- [fill = 0]
                  00008cdc    00000028     msp432p4xx_driverlib.lib : pcm.o (.text:PCM_gotoLPM0)
                  00008d04    00000026     rtsv7M4_T_le_v4SPD16_eabi.lib : strncmp.obj (.text)
                  00008d2a    00000002     --HOLE-- [fill = 0]
                  00008d2c    00000024     msp432p4xx_driverlib.lib : cs.o (.text:CS_setDCOCenteredFrequency)
                  00008d50    00000024                              : gpio.o (.text:GPIO_setAsOutputPin)
                  00008d74    00000024     rtsv7M4_T_le_v4SPD16_eabi.lib : strcspn.obj (.text)
                  00008d98    00000020     msp432p4xx_driverlib.lib : gpio.o (.text:GPIO_interruptEdgeSelect)
                  00008db8    00000018                              : gpio.o (.text:GPIO_clearInterruptFlag)
                  00008dd0    00000018                              : gpio.o (.text:GPIO_setOutputLowOnPin)
                  00008de8    00000018     rtsv7M4_T_le_v4SPD16_eabi.lib : args_main.obj (.text)
                  00008e00    00000014     msp432p4xx_driverlib.lib : cs.o (.text:CS_setExternalClockSourceFrequency)
                  00008e14    00000014                              : gpio.o (.text:GPIO_enableInterrupt)
                  00008e28    00000014                              : gpio.o (.text:GPIO_setOutputHighOnPin)
                  00008e3c    00000014                              : systick.o (.text:SysTick_enableInterrupt)
                  00008e50    00000014                              : systick.o (.text:SysTick_enableModule)
                  00008e64    00000014     rtsv7M4_T_le_v4SPD16_eabi.lib : _lock.obj (.text)
                  00008e78    00000014                                   : strlen.obj (.text)
                  00008e8c    00000010     msp432p4xx_driverlib.lib : gpio.o (.text:GPIO_getInterruptStatus)
                  00008e9c    00000010                              : interrupt.o (.text:Interrupt_enableMaster)
                  00008eac    00000010                              : pcm.o (.text:PCM_getPowerState)
                  00008ebc    0000000e     rtsv7M4_T_le_v4SPD16_eabi.lib : copy_decompress_none.obj (.text:decompress:none)
                  00008eca    0000000c     msp432p4xx_driverlib.lib : cpu.o (.text:CPU_cpsie)
                  00008ed6    00000002     --HOLE-- [fill = 0]
                  00008ed8    0000000c                              : systick.o (.text:SysTick_setPeriod)
                  00008ee4    0000000c                              : timer_a.o (.text:Timer_A_stopTimer)
                  00008ef0    0000000c     rtsv7M4_T_le_v4SPD16_eabi.lib : copy_zero_init.obj (.text:decompress:ZI)
                  00008efc    0000000c     msp432_startup_ccs.obj (.text)
                  00008f08    00000008     msp432p4xx_driverlib.lib : systick.o (.text:SysTick_registerInterrupt)
                  00008f10    00000006                              : pcm.o (.text:PCM_setPowerMode)
                  00008f16    00000006                              : pcm.o (.text:PCM_setPowerState)
                  00008f1c    00000006     rtsv7M4_T_le_v4SPD16_eabi.lib : copy_decompress_rle.obj (.text:decompress:rle24)
                  00008f22    00000004     msp432p4xx_driverlib.lib : cpu.o (.text:CPU_wfi)
                  00008f26    00000004     rtsv7M4_T_le_v4SPD16_eabi.lib : pre_init.obj (.text)

.const     0    00008f2c    0000049c     
                  00008f2c    00000101     rtsv7M4_T_le_v4SPD16_eabi.lib : ctype.obj (.const:.string:_ctypes_)
                  0000902d    00000003     --HOLE-- [fill = 0]
                  00009030    000000b0     wlan.obj (.const:$P$T0$1)
                  000090e0    00000058     main.obj (.const:$P$T0$1)
                  00009138    00000058     MQTTClient.obj (.const:$P$T1$2)
                  00009190    00000040     msp432p4xx_driverlib.lib : interrupt.o (.const)
                  000091d0    0000003c     wlan.obj (.const)
                  0000920c    00000038     driver.obj (.const:_SlActionLookupTable)
                  00009244    00000038     myinit.obj (.const)
                  0000927c    00000034     socket.obj (.const)
                  000092b0    00000030     msp432p4xx_driverlib.lib : gpio.o (.const:GPIO_PORT_TO_BASE)
                  000092e0    0000002c     myinit.obj (.const:$P$T0$1)
                  0000930c    00000028     MQTTClient.obj (.const)
                  00009334    00000028     netapp.obj (.const)
                  0000935c    00000014     MQTTConnectClient.obj (.const)
                  00009370    00000014     device.obj (.const)
                  00009384    00000014     driver.obj (.const)
                  00009398    00000008     main.obj (.const:.string)
                  000093a0    00000008     MQTTDeserializePublish.obj (.const)
                  000093a8    00000008     MQTTSerializePublish.obj (.const)
                  000093b0    00000008     MQTTSubscribeClient.obj (.const)
                  000093b8    00000008     netcfg.obj (.const)
                  000093c0    00000004     MQTTPacket.obj (.const)
                  000093c4    00000004     MQTTUnsubscribeClient.obj (.const)

.cinit     0    000093c8    00000060     
                  000093c8    00000029     (.cinit..data.load) [load image, compression = rle]
                  000093f1    00000003     --HOLE-- [fill = 0]
                  000093f4    0000000c     (__TI_handler_table)
                  00009400    00000008     (.cinit..bss.load) [load image, compression = zero_init]
                  00009408    00000008     (.cinit..vtable.load) [load image, compression = zero_init]
                  00009410    00000018     (__TI_cinit_table)

.init_array 
*          0    00000000    00000000     UNINITIALIZED

.vtable    0    20000000    000000e4     UNINITIALIZED
                  20000000    000000e4     msp432p4xx_driverlib.lib : interrupt.o (.vtable)

.bss       0    200000e4    00000851     UNINITIALIZED
                  200000e4    00000648     myinit.obj (.bss:g_AppData)
                  2000072c    00000164     driver.obj (.bss:g_StatMem)
                  20000890    0000005c     main.obj (.bss:hMQTTClient)
                  200008ec    00000028     nonos.obj (.bss:g__SlNonOsCB)
                  20000914    00000010     (.common:n)
                  20000924    00000004     (.common:MilliTimer)
                  20000928    00000004     (.common:bufptr)
                  2000092c    00000004     (.common:hfxtFreq)
                  20000930    00000004     (.common:lfxtFreq)
                  20000934    00000001     (.common:IntIsMasked)

.TI.noinit 
*          0    200000e4    00000000     UNINITIALIZED

.data      0    20000938    0000004c     UNINITIALIZED
                  20000938    0000001d     main.obj (.data)
                  20000955    00000003     --HOLE--
                  20000958    00000009     driver.obj (.data)
                  20000961    00000003     --HOLE--
                  20000964    00000008     rtsv7M4_T_le_v4SPD16_eabi.lib : _lock.obj (.data)
                  2000096c    00000008                                   : exit.obj (.data)
                  20000974    00000004     board.obj (.data)
                  20000978    00000004     rtsv7M4_T_le_v4SPD16_eabi.lib : errno.obj (.data)
                  2000097c    00000004                                   : stkdepth_vars.obj (.data)
                  20000980    00000004                                   : strtok.obj (.data)

.TI.persistent 
*          0    20000938    00000000     UNINITIALIZED

.stack     0    2000fe00    00000200     UNINITIALIZED
                  2000fe00    00000200     --HOLE--


LINKER GENERATED COPY TABLES

__TI_cinit_table @ 00009410 records: 3, size/record: 8, table size: 24
	.data: load addr=000093c8, load size=00000029 bytes, run addr=20000938, run size=0000004c bytes, compression=rle
	.bss: load addr=00009400, load size=00000008 bytes, run addr=200000e4, run size=00000851 bytes, compression=zero_init
	.vtable: load addr=00009408, load size=00000008 bytes, run addr=20000000, run size=000000e4 bytes, compression=zero_init


LINKER GENERATED HANDLER TABLE

__TI_handler_table @ 000093f4 records: 3, size/record: 4, table size: 12
	index: 0, handler: __TI_zero_init
	index: 1, handler: __TI_decompress_rle24
	index: 2, handler: __TI_decompress_none


GLOBAL SYMBOLS: SORTED ALPHABETICALLY BY Name 

address   name                                       
-------   ----                                       
00008a61  C$$EXIT                                    
00006cd7  CC3100_InterruptDisable                    
00006cb5  CC3100_InterruptEnable                     
00006f8b  CC3100_UART_ISR                            
00006c9d  CC3100_disable                             
00006ca9  CC3100_enable                              
00008b21  CLI_Configure                              
00008af5  CLI_Read                                   
00008b0b  CLI_Write                                  
00008ecb  CPU_cpsie                                  
00008f23  CPU_wfi                                    
00008221  CS_initClockSignal                         
00008d2d  CS_setDCOCenteredFrequency                 
00008e01  CS_setExternalClockSourceFrequency         
00006bdd  ConnectNetwork                             
0000369d  CopyPingResultsToReport                    
00006f35  Delay                                      
00008ae9  EUSCIA0_IRQHandler                         
00008db9  GPIO_clearInterruptFlag                    
00008e15  GPIO_enableInterrupt                       
00008b9d  GPIO_getEnabledInterruptStatus             
00008e8d  GPIO_getInterruptStatus                    
00008d99  GPIO_interruptEdgeSelect                   
00008bcd  GPIO_setAsInputPinWithPullUpResistor       
00008d51  GPIO_setAsOutputPin                        
00008985  GPIO_setAsPeripheralModuleFunctionOutputPin
00008e29  GPIO_setOutputHighOnPin                    
00008dd1  GPIO_setOutputLowOnPin                     
00006e81  GetLEDStatus                               
00006983  InitTimer                                  
20000934  IntIsMasked                                
0000881d  Interrupt_disableInterrupt                 
00008881  Interrupt_enableInterrupt                  
00008e9d  Interrupt_enableMaster                     
00008b69  Interrupt_registerInterrupt                
000046f7  MQTTClient                                 
00004c41  MQTTConnect                                
00007bf9  MQTTDeserialize_ack                        
000067c7  MQTTDeserialize_connack                    
00007b41  MQTTDeserialize_publish                    
0000735b  MQTTDeserialize_suback                     
00007977  MQTTDeserialize_unsuback                   
00004fe7  MQTTDisconnect                             
000061b3  MQTTPacket_decode                          
00006299  MQTTPacket_decodeBuf                       
0000615d  MQTTPacket_encode                          
00006475  MQTTPacket_equals                          
0000621b  MQTTPacket_len                             
000064d9  MQTTPacket_read                            
00004ebd  MQTTPublish                                
000070f1  MQTTSerialize_ack                          
0000660d  MQTTSerialize_connect                      
00006555  MQTTSerialize_connectLength                
000068b7  MQTTSerialize_disconnect                   
000068cd  MQTTSerialize_pingreq                      
0000717b  MQTTSerialize_puback                       
000071c9  MQTTSerialize_pubcomp                      
0000701b  MQTTSerialize_publish                      
00006fdd  MQTTSerialize_publishLength                
0000719f  MQTTSerialize_pubrel                       
00007259  MQTTSerialize_subscribe                    
000071f5  MQTTSerialize_subscribeLength              
00007881  MQTTSerialize_unsubscribe                  
0000781d  MQTTSerialize_unsubscribeLength            
0000684f  MQTTSerialize_zero                         
00004d0b  MQTTSubscribe                              
00004e13  MQTTUnsubscribe                            
00004bcd  MQTTYield                                  
00006449  MQTTstrlen                                 
00006ceb  MaskIntHdlr                                
20000924  MilliTimer                                 
00004639  NewMessageData                             
00006a8f  NewNetwork                                 
00008c5b  PCM_getCoreVoltageLevel                    
00008c87  PCM_getPowerMode                           
00008ead  PCM_getPowerState                          
00008cdd  PCM_gotoLPM0                               
0000864d  PCM_gotoLPM3                               
00008489  PCM_setCoreVoltageLevelWithTimeout         
00008f11  PCM_setPowerMode                           
00008301  PCM_setPowerModeWithTimeout                
00008f17  PCM_setPowerState                          
000079bd  PCM_setPowerStateWithTimeout               
000088e5  PCM_shutdownDevice                         
0000508f  PORT1_IRQHandler                           
00006f65  PORT2_IRQHandler                           
00006f33  Port1_ISR                                  
20000938  S1buttonDebounce                           
2000093c  S2buttonDebounce                           
UNDEFED   SHT$$INIT_ARRAY$$Base                      
UNDEFED   SHT$$INIT_ARRAY$$Limit                     
00002f3f  SL_FD_CLR                                  
00002f65  SL_FD_ISSET                                
00002f1d  SL_FD_SET                                  
00002f8d  SL_FD_ZERO                                 
00006eef  SelAntenna                                 
000076cb  SimpleLinkGeneralEventHandler              
000076bd  SimpleLinkHttpServerCallback               
0000768d  SimpleLinkNetAppEventHandler               
00005039  SimpleLinkSockEventHandler                 
00007621  SimpleLinkWlanEventHandler                 
00006901  SysTick_Handler                            
00008e3d  SysTick_enableInterrupt                    
00008e51  SysTick_enableModule                       
00008f09  SysTick_registerInterrupt                  
00008ed9  SysTick_setPeriod                          
000050f1  TA1_0_IRQHandler                           
00006ab5  TLSConnectNetwork                          
00008a1d  Timer_A_configureUpMode                    
00008ee5  Timer_A_stopTimer                          
00006cf3  UnMaskIntHdlr                              
4000480c  WDTCTL_SYM                                 
20000978  _Errno                                     
00009290  _SlAcceptCmdCtrl                           
0000920c  _SlActionLookupTable                       
00001011  _SlAsyncEventGenericHandler                
0000937c  _SlDeviceGetCmdCtrl                        
00009380  _SlDeviceSetCmdCtrl                        
00001a23  _SlDrvBasicCmd                             
000016d9  _SlDrvClassifyRxMsg                        
0000030f  _SlDrvCmdOp                                
000003bf  _SlDrvCmdSend                              
00000415  _SlDrvDataReadOp                           
00000619  _SlDrvDataWriteOp                          
00005bed  _SlDrvDeviceEventHandler                   
00000229  _SlDrvDriverCBDeinit                       
00000145  _SlDrvDriverCBInit                         
0000860b  _SlDrvFlowContDeinit                       
000085cd  _SlDrvFlowContInit                         
000009dd  _SlDrvMsgRead                              
000014f5  _SlDrvMsgReadCmdCtx                        
000015ef  _SlDrvMsgReadSpawnCtx                      
000007e9  _SlDrvMsgWrite                             
00003a6d  _SlDrvNetAppEventHandler                   
00001f17  _SlDrvObjDeInit                            
00001e9b  _SlDrvObjInit                              
00001c91  _SlDrvReleasePoolObj                       
0000181d  _SlDrvRxHdrRead                            
000002cd  _SlDrvRxIrqHandler                         
000017d7  _SlDrvShiftDWord                           
00001a89  _SlDrvWaitForPoolObj                       
00009378  _SlEventMaskGetCmdCtrl                     
00009374  _SlEventMaskSetCmdCtrl                     
00001ff9  _SlFindAndSetActiveObj                     
00009348  _SlGetHostByNameCtrl                       
00009344  _SlGetHostByServiceCtrl                    
0000933c  _SlGetServiceListeCtrl                     
0000929c  _SlGetSockOptCmdCtrl                       
0000928c  _SlListenCmdCtrl                           
00009354  _SlNetAppGetCmdCtrl                        
00009350  _SlNetAppSendTokenValueCmdCtrl             
0000934c  _SlNetAppSetCmdCtrl                        
00009334  _SlNetAppStartCtrl                         
00009338  _SlNetAppStopCtrl                          
000093bc  _SlNetCfgGetCmdCtrl                        
000093b8  _SlNetCfgSetCmdCtrl                        
00007fa9  _SlNonOsMainLoopTask                       
00007efd  _SlNonOsSemGet                             
00007ee5  _SlNonOsSemSet                             
00007f59  _SlNonOsSpawn                              
000091d4  _SlPolicyGetCmdCtrl                        
000091d0  _SlPolicySetCmdCtrl                        
000091dc  _SlProfileDelCmdCtrl                       
000091d8  _SlProfileGetCmdCtrl                       
00009294  _SlRecvCmdCtrl                             
00009284  _SlRecvfomCmdCtrl                          
00009340  _SlRegisterServiceCtrl                     
00001f37  _SlRemoveFromList                          
000091e4  _SlRxFilterAddtCmdCtrl                     
000091ec  _SlRxFilterGetCmdCtrl                      
000091e8  _SlRxFilterSetCmdCtrl                      
000092a0  _SlSelectCmdCtrl                           
00009288  _SlSendCmdCtrl                             
00009298  _SlSetSockOptCmdCtrl                       
000091f0  _SlSmartConfigStartCmdCtrl                 
00009280  _SlSockCloseCmdCtrl                        
0000927c  _SlSockSocketCmdCtrl                       
00009370  _SlStopCmdCtrl                             
000091fc  _SlWlanCfgGetCmdCtrl                       
000091f8  _SlWlanCfgSetCmdCtrl                       
000091e0  _SlWlanGetNetworkListCtrl                  
000091f4  _SlWlanSetModeCmdCtrl                      
20010000  __STACK_END                                
00000200  __STACK_SIZE                               
00009410  __TI_CINIT_Base                            
00009428  __TI_CINIT_Limit                           
000093f4  __TI_Handler_Table_Base                    
00009400  __TI_Handler_Table_Limit                   
00008745  __TI_auto_init                             
2000096c  __TI_cleanup_ptr                           
00008ebd  __TI_decompress_none                       
00008f1d  __TI_decompress_rle24                      
20000970  __TI_dtors_ptr                             
00000000  __TI_static_base__                         
00008ef1  __TI_zero_init                             
00008aa5  __aeabi_d2uiz                              
00007c79  __aeabi_ddiv                               
00008125  __aeabi_dmul                               
00008c2d  __aeabi_i2d                                
000086c9  __aeabi_memclr                             
000086c9  __aeabi_memclr4                            
000086c9  __aeabi_memclr8                            
00008531  __aeabi_memcpy                             
00008531  __aeabi_memcpy4                            
00008531  __aeabi_memcpy8                            
000086cb  __aeabi_memset                             
000086cb  __aeabi_memset4                            
000086cb  __aeabi_memset8                            
ffffffff  __binit__                                  
ffffffff  __c_args__                                 
2000fe00  __stack                                    
00008de9  _args_main                                 
00008935  _c_int00                                   
00008f2c  _ctypes_                                   
20000964  _lock                                      
00008e73  _nop                                       
00008e6b  _register_lock                             
00008e65  _register_unlock                           
00002169  _sl_BuildAddress                           
000056b9  _sl_GetStartResponseConvert                
00002b7d  _sl_HandleAsync_Accept                     
00002777  _sl_HandleAsync_Connect                    
00003485  _sl_HandleAsync_DnsGetHostByAddr           
000035d9  _sl_HandleAsync_DnsGetHostByName           
000033b5  _sl_HandleAsync_DnsGetHostByService        
0000581d  _sl_HandleAsync_InitComplete               
000036d9  _sl_HandleAsync_PingResponse               
00002fa5  _sl_HandleAsync_Select                     
000058cf  _sl_HandleAsync_Stop                       
00002281  _sl_ParseAddress                           
000021b9  _sl_TruncatePayloadByProtocol              
00008f27  _system_pre_init                           
20000968  _unlock                                    
00008a65  abort                                      
ffffffff  binit                                      
00006261  bufchar                                    
00006a7f  cc3100_disconnect                          
00006993  cc3100_read                                
00006a15  cc3100_write                               
00006d07  clear_rts                                  
00005c6d  configureSimpleLinkToDefaultState          
000089d1  copy_in                                    
00006943  countdown                                  
0000692b  countdown_ms                               
00004a61  cycle                                      
00004769  decodePacket                               
00004943  deliverMessage                             
00005e5b  establishConnectionWithAP                  
00008a6d  exit                                       
0000690b  expired                                    
20000960  gFirstCmdMode                              
200000e4  g_AppData                                  
0000938c  g_H2NCnysPattern                           
00009384  g_H2NSyncPattern                           
2000072c  g_StatMem                                  
20000948  g_Status                                   
200008ec  g__SlNonOsCB                               
20000958  g_pCB                                      
20000000  g_pfnRAMVectors                            
00006385  getLenStringLen                            
00004653  getNextPacketId                            
20000890  hMQTTClient                                
00006ebb  initAntSelGPIO                             
00006d13  initClk                                    
00006d93  initLEDs                                   
00005edd  init_main                                  
00005eb5  initializeAppVariables                     
00000000  interruptVectors                           
0000488f  isTopicMatched                             
000049f3  keepalive                                  
00006961  left_ms                                    
20000944  macAddressLen                              
00005079  main                                       
2000097c  main_func_sp                               
00008531  memcpy                                     
000086d1  memset                                     
00005575  messageArrived                             
00005151  mqtt_subscribe                             
20000914  n                                          
20000974  pIraEventHandler                           
2000095c  pPingCallBackFunc                          
00009398  port_mapping                               
20000940  publishID                                  
000062d7  readChar                                   
000062af  readInt                                    
000063ef  readMQTTLenString                          
000047e5  readPacket                                 
00006c89  registerInterruptHandler                   
00004677  sendPacket                                 
00005319  send_steps                                 
00006cfb  set_rts                                    
00002979  sl_Accept                                  
0000235b  sl_Bind                                    
00002331  sl_Close                                   
00002621  sl_Connect                                 
00005ae9  sl_DevGet                                  
00005b87  sl_DevSet                                  
00005ab5  sl_EventMaskGet                            
00005a7b  sl_EventMaskSet                            
00002cfd  sl_GetSockOpt                              
00002afb  sl_Htonl                                   
00002b3d  sl_Htons                                   
00002939  sl_Listen                                  
00003495  sl_NetAppDnsGetHostByName                  
00003285  sl_NetAppDnsGetHostByService               
000039dd  sl_NetAppGet                               
00003085  sl_NetAppGetServiceList                    
00003209  sl_NetAppMDNSRegisterService               
00003155  sl_NetAppMDNSRegisterUnregisterService     
00003245  sl_NetAppMDNSUnRegisterService             
0000379d  sl_NetAppPingStart                         
00003979  sl_NetAppSendTokenValue                    
0000390f  sl_NetAppSet                               
0000303d  sl_NetAppStart                             
00003061  sl_NetAppStop                              
0000807b  sl_NetCfgGet                               
00008015  sl_NetCfgSet                               
00002c15  sl_Recv                                    
000024ff  sl_RecvFrom                                
00002d97  sl_Select                                  
00002829  sl_Send                                    
000023e3  sl_SendTo                                  
00002c91  sl_SetSockOpt                              
000022db  sl_Socket                                  
00005719  sl_Start                                   
00005953  sl_Stop                                    
00005711  sl_Task                                    
00003b81  sl_WlanConnect                             
00003db3  sl_WlanDisconnect                          
00004581  sl_WlanGet                                 
00004249  sl_WlanGetNetworkList                      
00003e29  sl_WlanPolicyGet                           
00003dbf  sl_WlanPolicySet                           
00003ecd  sl_WlanProfileAdd                          
0000421b  sl_WlanProfileDel                          
00004139  sl_WlanProfileGet                          
000042bb  sl_WlanRxFilterAdd                         
0000437d  sl_WlanRxFilterGet                         
00004329  sl_WlanRxFilterSet                         
0000440b  sl_WlanRxStatGet                           
000043f3  sl_WlanRxStatStart                         
000043ff  sl_WlanRxStatStop                          
0000450d  sl_WlanSet                                 
000044dd  sl_WlanSetMode                             
00004451  sl_WlanSmartConfigStart                    
00004441  sl_WlanSmartConfigStop                     
0000740d  spi_Close                                  
00007419  spi_Open                                   
00007565  spi_Read                                   
0000750b  spi_Write                                  
00006d89  stopWDT                                    
00008d75  strcspn                                    
00008e79  strlen                                     
00008d05  strncmp                                    
00008bfd  strncpy                                    
00008cb1  strspn                                     
00008b29  strtok                                     
00007db1  strtol                                     
00006e4d  toggleLed                                  
00006e19  turnLedOff                                 
00006de5  turnLedOn                                  
2000094c  uniqueID                                   
00009244  upConfig                                   
00004c11  waitfor                                    
00006357  writeCString                               
000062f7  writeChar                                  
00006317  writeInt                                   
0000639f  writeMQTTString                            


GLOBAL SYMBOLS: SORTED BY Symbol Address 

address   name                                       
-------   ----                                       
00000000  __TI_static_base__                         
00000000  interruptVectors                           
00000145  _SlDrvDriverCBInit                         
00000200  __STACK_SIZE                               
00000229  _SlDrvDriverCBDeinit                       
000002cd  _SlDrvRxIrqHandler                         
0000030f  _SlDrvCmdOp                                
000003bf  _SlDrvCmdSend                              
00000415  _SlDrvDataReadOp                           
00000619  _SlDrvDataWriteOp                          
000007e9  _SlDrvMsgWrite                             
000009dd  _SlDrvMsgRead                              
00001011  _SlAsyncEventGenericHandler                
000014f5  _SlDrvMsgReadCmdCtx                        
000015ef  _SlDrvMsgReadSpawnCtx                      
000016d9  _SlDrvClassifyRxMsg                        
000017d7  _SlDrvShiftDWord                           
0000181d  _SlDrvRxHdrRead                            
00001a23  _SlDrvBasicCmd                             
00001a89  _SlDrvWaitForPoolObj                       
00001c91  _SlDrvReleasePoolObj                       
00001e9b  _SlDrvObjInit                              
00001f17  _SlDrvObjDeInit                            
00001f37  _SlRemoveFromList                          
00001ff9  _SlFindAndSetActiveObj                     
00002169  _sl_BuildAddress                           
000021b9  _sl_TruncatePayloadByProtocol              
00002281  _sl_ParseAddress                           
000022db  sl_Socket                                  
00002331  sl_Close                                   
0000235b  sl_Bind                                    
000023e3  sl_SendTo                                  
000024ff  sl_RecvFrom                                
00002621  sl_Connect                                 
00002777  _sl_HandleAsync_Connect                    
00002829  sl_Send                                    
00002939  sl_Listen                                  
00002979  sl_Accept                                  
00002afb  sl_Htonl                                   
00002b3d  sl_Htons                                   
00002b7d  _sl_HandleAsync_Accept                     
00002c15  sl_Recv                                    
00002c91  sl_SetSockOpt                              
00002cfd  sl_GetSockOpt                              
00002d97  sl_Select                                  
00002f1d  SL_FD_SET                                  
00002f3f  SL_FD_CLR                                  
00002f65  SL_FD_ISSET                                
00002f8d  SL_FD_ZERO                                 
00002fa5  _sl_HandleAsync_Select                     
0000303d  sl_NetAppStart                             
00003061  sl_NetAppStop                              
00003085  sl_NetAppGetServiceList                    
00003155  sl_NetAppMDNSRegisterUnregisterService     
00003209  sl_NetAppMDNSRegisterService               
00003245  sl_NetAppMDNSUnRegisterService             
00003285  sl_NetAppDnsGetHostByService               
000033b5  _sl_HandleAsync_DnsGetHostByService        
00003485  _sl_HandleAsync_DnsGetHostByAddr           
00003495  sl_NetAppDnsGetHostByName                  
000035d9  _sl_HandleAsync_DnsGetHostByName           
0000369d  CopyPingResultsToReport                    
000036d9  _sl_HandleAsync_PingResponse               
0000379d  sl_NetAppPingStart                         
0000390f  sl_NetAppSet                               
00003979  sl_NetAppSendTokenValue                    
000039dd  sl_NetAppGet                               
00003a6d  _SlDrvNetAppEventHandler                   
00003b81  sl_WlanConnect                             
00003db3  sl_WlanDisconnect                          
00003dbf  sl_WlanPolicySet                           
00003e29  sl_WlanPolicyGet                           
00003ecd  sl_WlanProfileAdd                          
00004139  sl_WlanProfileGet                          
0000421b  sl_WlanProfileDel                          
00004249  sl_WlanGetNetworkList                      
000042bb  sl_WlanRxFilterAdd                         
00004329  sl_WlanRxFilterSet                         
0000437d  sl_WlanRxFilterGet                         
000043f3  sl_WlanRxStatStart                         
000043ff  sl_WlanRxStatStop                          
0000440b  sl_WlanRxStatGet                           
00004441  sl_WlanSmartConfigStop                     
00004451  sl_WlanSmartConfigStart                    
000044dd  sl_WlanSetMode                             
0000450d  sl_WlanSet                                 
00004581  sl_WlanGet                                 
00004639  NewMessageData                             
00004653  getNextPacketId                            
00004677  sendPacket                                 
000046f7  MQTTClient                                 
00004769  decodePacket                               
000047e5  readPacket                                 
0000488f  isTopicMatched                             
00004943  deliverMessage                             
000049f3  keepalive                                  
00004a61  cycle                                      
00004bcd  MQTTYield                                  
00004c11  waitfor                                    
00004c41  MQTTConnect                                
00004d0b  MQTTSubscribe                              
00004e13  MQTTUnsubscribe                            
00004ebd  MQTTPublish                                
00004fe7  MQTTDisconnect                             
00005039  SimpleLinkSockEventHandler                 
00005079  main                                       
0000508f  PORT1_IRQHandler                           
000050f1  TA1_0_IRQHandler                           
00005151  mqtt_subscribe                             
00005319  send_steps                                 
00005575  messageArrived                             
000056b9  _sl_GetStartResponseConvert                
00005711  sl_Task                                    
00005719  sl_Start                                   
0000581d  _sl_HandleAsync_InitComplete               
000058cf  _sl_HandleAsync_Stop                       
00005953  sl_Stop                                    
00005a7b  sl_EventMaskSet                            
00005ab5  sl_EventMaskGet                            
00005ae9  sl_DevGet                                  
00005b87  sl_DevSet                                  
00005bed  _SlDrvDeviceEventHandler                   
00005c6d  configureSimpleLinkToDefaultState          
00005e5b  establishConnectionWithAP                  
00005eb5  initializeAppVariables                     
00005edd  init_main                                  
0000615d  MQTTPacket_encode                          
000061b3  MQTTPacket_decode                          
0000621b  MQTTPacket_len                             
00006261  bufchar                                    
00006299  MQTTPacket_decodeBuf                       
000062af  readInt                                    
000062d7  readChar                                   
000062f7  writeChar                                  
00006317  writeInt                                   
00006357  writeCString                               
00006385  getLenStringLen                            
0000639f  writeMQTTString                            
000063ef  readMQTTLenString                          
00006449  MQTTstrlen                                 
00006475  MQTTPacket_equals                          
000064d9  MQTTPacket_read                            
00006555  MQTTSerialize_connectLength                
0000660d  MQTTSerialize_connect                      
000067c7  MQTTDeserialize_connack                    
0000684f  MQTTSerialize_zero                         
000068b7  MQTTSerialize_disconnect                   
000068cd  MQTTSerialize_pingreq                      
00006901  SysTick_Handler                            
0000690b  expired                                    
0000692b  countdown_ms                               
00006943  countdown                                  
00006961  left_ms                                    
00006983  InitTimer                                  
00006993  cc3100_read                                
00006a15  cc3100_write                               
00006a7f  cc3100_disconnect                          
00006a8f  NewNetwork                                 
00006ab5  TLSConnectNetwork                          
00006bdd  ConnectNetwork                             
00006c89  registerInterruptHandler                   
00006c9d  CC3100_disable                             
00006ca9  CC3100_enable                              
00006cb5  CC3100_InterruptEnable                     
00006cd7  CC3100_InterruptDisable                    
00006ceb  MaskIntHdlr                                
00006cf3  UnMaskIntHdlr                              
00006cfb  set_rts                                    
00006d07  clear_rts                                  
00006d13  initClk                                    
00006d89  stopWDT                                    
00006d93  initLEDs                                   
00006de5  turnLedOn                                  
00006e19  turnLedOff                                 
00006e4d  toggleLed                                  
00006e81  GetLEDStatus                               
00006ebb  initAntSelGPIO                             
00006eef  SelAntenna                                 
00006f33  Port1_ISR                                  
00006f35  Delay                                      
00006f65  PORT2_IRQHandler                           
00006f8b  CC3100_UART_ISR                            
00006fdd  MQTTSerialize_publishLength                
0000701b  MQTTSerialize_publish                      
000070f1  MQTTSerialize_ack                          
0000717b  MQTTSerialize_puback                       
0000719f  MQTTSerialize_pubrel                       
000071c9  MQTTSerialize_pubcomp                      
000071f5  MQTTSerialize_subscribeLength              
00007259  MQTTSerialize_subscribe                    
0000735b  MQTTDeserialize_suback                     
0000740d  spi_Close                                  
00007419  spi_Open                                   
0000750b  spi_Write                                  
00007565  spi_Read                                   
00007621  SimpleLinkWlanEventHandler                 
0000768d  SimpleLinkNetAppEventHandler               
000076bd  SimpleLinkHttpServerCallback               
000076cb  SimpleLinkGeneralEventHandler              
0000781d  MQTTSerialize_unsubscribeLength            
00007881  MQTTSerialize_unsubscribe                  
00007977  MQTTDeserialize_unsuback                   
000079bd  PCM_setPowerStateWithTimeout               
00007b41  MQTTDeserialize_publish                    
00007bf9  MQTTDeserialize_ack                        
00007c79  __aeabi_ddiv                               
00007db1  strtol                                     
00007ee5  _SlNonOsSemSet                             
00007efd  _SlNonOsSemGet                             
00007f59  _SlNonOsSpawn                              
00007fa9  _SlNonOsMainLoopTask                       
00008015  sl_NetCfgSet                               
0000807b  sl_NetCfgGet                               
00008125  __aeabi_dmul                               
00008221  CS_initClockSignal                         
00008301  PCM_setPowerModeWithTimeout                
00008489  PCM_setCoreVoltageLevelWithTimeout         
00008531  __aeabi_memcpy                             
00008531  __aeabi_memcpy4                            
00008531  __aeabi_memcpy8                            
00008531  memcpy                                     
000085cd  _SlDrvFlowContInit                         
0000860b  _SlDrvFlowContDeinit                       
0000864d  PCM_gotoLPM3                               
000086c9  __aeabi_memclr                             
000086c9  __aeabi_memclr4                            
000086c9  __aeabi_memclr8                            
000086cb  __aeabi_memset                             
000086cb  __aeabi_memset4                            
000086cb  __aeabi_memset8                            
000086d1  memset                                     
00008745  __TI_auto_init                             
0000881d  Interrupt_disableInterrupt                 
00008881  Interrupt_enableInterrupt                  
000088e5  PCM_shutdownDevice                         
00008935  _c_int00                                   
00008985  GPIO_setAsPeripheralModuleFunctionOutputPin
000089d1  copy_in                                    
00008a1d  Timer_A_configureUpMode                    
00008a61  C$$EXIT                                    
00008a65  abort                                      
00008a6d  exit                                       
00008aa5  __aeabi_d2uiz                              
00008ae9  EUSCIA0_IRQHandler                         
00008af5  CLI_Read                                   
00008b0b  CLI_Write                                  
00008b21  CLI_Configure                              
00008b29  strtok                                     
00008b69  Interrupt_registerInterrupt                
00008b9d  GPIO_getEnabledInterruptStatus             
00008bcd  GPIO_setAsInputPinWithPullUpResistor       
00008bfd  strncpy                                    
00008c2d  __aeabi_i2d                                
00008c5b  PCM_getCoreVoltageLevel                    
00008c87  PCM_getPowerMode                           
00008cb1  strspn                                     
00008cdd  PCM_gotoLPM0                               
00008d05  strncmp                                    
00008d2d  CS_setDCOCenteredFrequency                 
00008d51  GPIO_setAsOutputPin                        
00008d75  strcspn                                    
00008d99  GPIO_interruptEdgeSelect                   
00008db9  GPIO_clearInterruptFlag                    
00008dd1  GPIO_setOutputLowOnPin                     
00008de9  _args_main                                 
00008e01  CS_setExternalClockSourceFrequency         
00008e15  GPIO_enableInterrupt                       
00008e29  GPIO_setOutputHighOnPin                    
00008e3d  SysTick_enableInterrupt                    
00008e51  SysTick_enableModule                       
00008e65  _register_unlock                           
00008e6b  _register_lock                             
00008e73  _nop                                       
00008e79  strlen                                     
00008e8d  GPIO_getInterruptStatus                    
00008e9d  Interrupt_enableMaster                     
00008ead  PCM_getPowerState                          
00008ebd  __TI_decompress_none                       
00008ecb  CPU_cpsie                                  
00008ed9  SysTick_setPeriod                          
00008ee5  Timer_A_stopTimer                          
00008ef1  __TI_zero_init                             
00008f09  SysTick_registerInterrupt                  
00008f11  PCM_setPowerMode                           
00008f17  PCM_setPowerState                          
00008f1d  __TI_decompress_rle24                      
00008f23  CPU_wfi                                    
00008f27  _system_pre_init                           
00008f2c  _ctypes_                                   
000091d0  _SlPolicySetCmdCtrl                        
000091d4  _SlPolicyGetCmdCtrl                        
000091d8  _SlProfileGetCmdCtrl                       
000091dc  _SlProfileDelCmdCtrl                       
000091e0  _SlWlanGetNetworkListCtrl                  
000091e4  _SlRxFilterAddtCmdCtrl                     
000091e8  _SlRxFilterSetCmdCtrl                      
000091ec  _SlRxFilterGetCmdCtrl                      
000091f0  _SlSmartConfigStartCmdCtrl                 
000091f4  _SlWlanSetModeCmdCtrl                      
000091f8  _SlWlanCfgSetCmdCtrl                       
000091fc  _SlWlanCfgGetCmdCtrl                       
0000920c  _SlActionLookupTable                       
00009244  upConfig                                   
0000927c  _SlSockSocketCmdCtrl                       
00009280  _SlSockCloseCmdCtrl                        
00009284  _SlRecvfomCmdCtrl                          
00009288  _SlSendCmdCtrl                             
0000928c  _SlListenCmdCtrl                           
00009290  _SlAcceptCmdCtrl                           
00009294  _SlRecvCmdCtrl                             
00009298  _SlSetSockOptCmdCtrl                       
0000929c  _SlGetSockOptCmdCtrl                       
000092a0  _SlSelectCmdCtrl                           
00009334  _SlNetAppStartCtrl                         
00009338  _SlNetAppStopCtrl                          
0000933c  _SlGetServiceListeCtrl                     
00009340  _SlRegisterServiceCtrl                     
00009344  _SlGetHostByServiceCtrl                    
00009348  _SlGetHostByNameCtrl                       
0000934c  _SlNetAppSetCmdCtrl                        
00009350  _SlNetAppSendTokenValueCmdCtrl             
00009354  _SlNetAppGetCmdCtrl                        
00009370  _SlStopCmdCtrl                             
00009374  _SlEventMaskSetCmdCtrl                     
00009378  _SlEventMaskGetCmdCtrl                     
0000937c  _SlDeviceGetCmdCtrl                        
00009380  _SlDeviceSetCmdCtrl                        
00009384  g_H2NSyncPattern                           
0000938c  g_H2NCnysPattern                           
00009398  port_mapping                               
000093b8  _SlNetCfgSetCmdCtrl                        
000093bc  _SlNetCfgGetCmdCtrl                        
000093f4  __TI_Handler_Table_Base                    
00009400  __TI_Handler_Table_Limit                   
00009410  __TI_CINIT_Base                            
00009428  __TI_CINIT_Limit                           
20000000  g_pfnRAMVectors                            
200000e4  g_AppData                                  
2000072c  g_StatMem                                  
20000890  hMQTTClient                                
200008ec  g__SlNonOsCB                               
20000914  n                                          
20000924  MilliTimer                                 
20000934  IntIsMasked                                
20000938  S1buttonDebounce                           
2000093c  S2buttonDebounce                           
20000940  publishID                                  
20000944  macAddressLen                              
20000948  g_Status                                   
2000094c  uniqueID                                   
20000958  g_pCB                                      
2000095c  pPingCallBackFunc                          
20000960  gFirstCmdMode                              
20000964  _lock                                      
20000968  _unlock                                    
2000096c  __TI_cleanup_ptr                           
20000970  __TI_dtors_ptr                             
20000974  pIraEventHandler                           
20000978  _Errno                                     
2000097c  main_func_sp                               
2000fe00  __stack                                    
20010000  __STACK_END                                
4000480c  WDTCTL_SYM                                 
ffffffff  __binit__                                  
ffffffff  __c_args__                                 
ffffffff  binit                                      
UNDEFED   SHT$$INIT_ARRAY$$Base                      
UNDEFED   SHT$$INIT_ARRAY$$Limit                     

[368 symbols]
