******************************************************************************
                  TI ARM Linker Unix v5.2.6                    
******************************************************************************
>> Linked Thu Apr 28 20:06:20 2016

OUTPUT FILE NAME:   <final_ece461.out>
ENTRY POINT SYMBOL: "_c_int00"  address: 0000bd89


MEMORY CONFIGURATION

         name            origin    length      used     unused   attr    fill
----------------------  --------  ---------  --------  --------  ----  --------
  MAIN                  00000000   00040000  0000cf72  0003308e  R  X
  INFO                  00200000   00004000  00000000  00004000  R  X
  SRAM_CODE             01000000   00010000  00000000  00010000  RW X
  SRAM_DATA             20000000   00010000  00001fe3  0000e01d  RW  


SEGMENT ALLOCATION MAP

run origin  load origin   length   init length attrs members
----------  ----------- ---------- ----------- ----- -------
00000000    00000000    0000cf78   0000cf78    r-x
  00000000    00000000    00000144   00000144    r-- .intvecs
  00000144    00000144    0000c472   0000c472    r-x .text
  0000c5b8    0000c5b8    0000092c   0000092c    r-- .const
  0000cee8    0000cee8    00000090   00000090    r-- .cinit
20000000    20000000    00001de8   00000000    rw-
  20000000    20000000    000000e4   00000000    rw- .vtable
  200000e4    200000e4    00001b37   00000000    rw- .bss
  20001c20    20001c20    000001c8   00000000    rw- .data
2000fe00    2000fe00    00000200   00000000    rw-
  2000fe00    2000fe00    00000200   00000000    rw- .stack


SECTION ALLOCATION MAP

 output                                  attributes/
section   page    origin      length       input sections
--------  ----  ----------  ----------   ----------------
.intvecs   0    00000000    00000144     
                  00000000    00000144     msp432_startup_ccs.obj (.intvecs:retain)

.text      0    00000144    0000c472     
                  00000144    00002024     driver.obj (.text)
                  00002168    000010ba     rtsv7M4_T_le_v4SPD16_eabi.lib : _printfi.obj (.text)
                  00003222    00000002     --HOLE-- [fill = 0]
                  00003224    00000ed4     socket.obj (.text)
                  000040f8    00000b44     netapp.obj (.text)
                  00004c3c    00000ab8     wlan.obj (.text)
                  000056f4    00000a00     MQTTClient.obj (.text)
                  000060f4    00000678     Crystalfontz128x128_ST7735.obj (.text)
                  0000676c    00000630     string.obj (.text)
                  00006d9c    000005b4     device.obj (.text)
                  00007350    0000058c     myinit.obj (.text)
                  000078dc    00000490     line.obj (.text)
                  00007d6c    0000040c     main.obj (.text)
                  00008178    000003f8     MQTTPacket.obj (.text)
                  00008570    000003ac     MQTTConnectClient.obj (.text)
                  0000891c    00000388     MQTTCC3100.obj (.text)
                  00008ca4    00000354     board.obj (.text)
                  00008ff8    00000320     lcd_display.obj (.text)
                  00009318    000002d8     ped_adc.obj (.text)
                  000095f0    000002d4     events.obj (.text)
                  000098c4    00000266     context.obj (.text)
                  00009b2a    00000002     --HOLE-- [fill = 0]
                  00009b2c    00000218     MQTTSerializePublish.obj (.text)
                  00009d44    00000218     MQTTSubscribeClient.obj (.text)
                  00009f5c    00000214     spi_cc3100.obj (.text)
                  0000a170    000001f4     rtsv7M4_T_le_v4SPD16_eabi.lib : ull_div_t2.obj (.text)
                  0000a364    000001b6                                   : fd_add_t2.obj (.text)
                  0000a51a    00000002     --HOLE-- [fill = 0]
                  0000a51c    000001a0     MQTTUnsubscribeClient.obj (.text)
                  0000a6bc    00000182     msp432p4xx_driverlib.lib : pcm.o (.text:PCM_setPowerStateWithTimeout)
                  0000a83e    00000002     --HOLE-- [fill = 0]
                  0000a840    00000154                              : adc14.o (.text:_getIndexForMemRegister)
                  0000a994    00000138     MQTTDeserializePublish.obj (.text)
                  0000aacc    00000136     rtsv7M4_T_le_v4SPD16_eabi.lib : fd_div_t2.obj (.text)
                  0000ac02    00000134     display.obj (.text)
                  0000ad36    00000002     --HOLE-- [fill = 0]
                  0000ad38    00000134     rtsv7M4_T_le_v4SPD16_eabi.lib : strtol.obj (.text)
                  0000ae6c    00000130     nonos.obj (.text)
                  0000af9c    00000110     netcfg.obj (.text)
                  0000b0ac    00000110     rtsv7M4_T_le_v4SPD16_eabi.lib : xdscale.obj (.text)
                  0000b1bc    000000fc                                   : fd_mul_t2.obj (.text)
                  0000b2b8    000000e0     msp432p4xx_driverlib.lib : cs.o (.text:CS_initClockSignal)
                  0000b398    000000d4                              : pcm.o (.text:PCM_setPowerModeWithTimeout)
                  0000b46c    000000be     rtsv7M4_T_le_v4SPD16_eabi.lib : xdnorm.obj (.text)
                  0000b52a    00000002     --HOLE-- [fill = 0]
                  0000b52c    000000bc     HAL_MSP_EXP432P401R_Crystalfontz128x128_ST7735.obj (.text)
                  0000b5e8    000000a8     msp432p4xx_driverlib.lib : pcm.o (.text:PCM_setCoreVoltageLevelWithTimeout)
                  0000b690    0000009c     rtsv7M4_T_le_v4SPD16_eabi.lib : memcpy_t2.obj (.text)
                  0000b72c    00000086                                   : fd_cmp_t2.obj (.text:__aeabi_cdcmple)
                  0000b7b2    00000086                                   : fd_cmp_t2.obj (.text:__aeabi_cdrcmple)
                  0000b838    00000080     flowcont.obj (.text)
                  0000b8b8    0000007c     msp432p4xx_driverlib.lib : pcm.o (.text:PCM_gotoLPM3)
                  0000b934    0000007c                              : spi.o (.text:SPI_initMaster)
                  0000b9b0    0000007a     rtsv7M4_T_le_v4SPD16_eabi.lib : memset_t2.obj (.text)
                  0000ba2a    00000002     --HOLE-- [fill = 0]
                  0000ba2c    0000006c                                   : autoinit.obj (.text)
                  0000ba98    0000006a                                   : copy_decompress_rle.obj (.text)
                  0000bb02    00000066                                   : xdunscal.obj (.text)
                  0000bb68    00000064     msp432p4xx_driverlib.lib : interrupt.o (.text:Interrupt_disableInterrupt)
                  0000bbcc    00000064                              : interrupt.o (.text:Interrupt_enableInterrupt)
                  0000bc30    00000060     rtsv7M4_T_le_v4SPD16_eabi.lib : sprintf.obj (.text)
                  0000bc90    00000056                                   : ltoa.obj (.text)
                  0000bce6    00000052                                   : ldexp.obj (.text)
                  0000bd38    00000050     msp432p4xx_driverlib.lib : pcm.o (.text:PCM_shutdownDevice)
                  0000bd88    00000050     rtsv7M4_T_le_v4SPD16_eabi.lib : boot.obj (.text)
                  0000bdd8    0000004c     msp432p4xx_driverlib.lib : gpio.o (.text:GPIO_setAsPeripheralModuleFunctionInputPin)
                  0000be24    0000004c                              : gpio.o (.text:GPIO_setAsPeripheralModuleFunctionOutputPin)
                  0000be70    0000004c     rtsv7M4_T_le_v4SPD16_eabi.lib : atoi.obj (.text)
                  0000bebc    0000004c                                   : cpy_tbl.obj (.text)
                  0000bf08    00000048                                   : fd_toi_t2.obj (.text)
                  0000bf50    00000044                                   : exit.obj (.text)
                  0000bf94    00000044                                   : fd_tou_t2.obj (.text)
                  0000bfd8    00000040     cli_uart.obj (.text)
                  0000c018    00000040     rtsv7M4_T_le_v4SPD16_eabi.lib : signal.obj (.text)
                  0000c058    00000040                                   : strtok.obj (.text)
                  0000c098    00000034     msp432p4xx_driverlib.lib : interrupt.o (.text:Interrupt_registerInterrupt)
                  0000c0cc    00000034     rtsv7M4_T_le_v4SPD16_eabi.lib : feraiseexcept.obj (.text)
                  0000c100    00000030     msp432p4xx_driverlib.lib : gpio.o (.text:GPIO_getEnabledInterruptStatus)
                  0000c130    00000030                              : spi.o (.text:is_A_Module)
                  0000c160    00000030     rtsv7M4_T_le_v4SPD16_eabi.lib : strncpy.obj (.text)
                  0000c190    00000030                                   : xdclass.obj (.text)
                  0000c1c0    00000030                                   : xferaise.obj (.text)
                  0000c1f0    0000002e                                   : i_tofd_t2.obj (.text)
                  0000c21e    0000002e                                   : raise.obj (.text)
                  0000c24c    0000002c     msp432p4xx_driverlib.lib : pcm.o (.text:PCM_getCoreVoltageLevel)
                  0000c278    0000002a                              : pcm.o (.text:PCM_getPowerMode)
                  0000c2a2    0000002a     rtsv7M4_T_le_v4SPD16_eabi.lib : frexp.obj (.text)
                  0000c2cc    0000002a                                   : strspn.obj (.text)
                  0000c2f6    00000002     --HOLE-- [fill = 0]
                  0000c2f8    00000028     msp432p4xx_driverlib.lib : pcm.o (.text:PCM_gotoLPM0)
                  0000c320    00000026     rtsv7M4_T_le_v4SPD16_eabi.lib : strncmp.obj (.text)
                  0000c346    00000002     --HOLE-- [fill = 0]
                  0000c348    00000024     msp432p4xx_driverlib.lib : cs.o (.text:CS_setDCOCenteredFrequency)
                  0000c36c    00000024                              : gpio.o (.text:GPIO_setAsOutputPin)
                  0000c390    00000024     rtsv7M4_T_le_v4SPD16_eabi.lib : strcspn.obj (.text)
                  0000c3b4    00000020     msp432p4xx_driverlib.lib : spi.o (.text:SPI_transmitData)
                  0000c3d4    0000001c     rtsv7M4_T_le_v4SPD16_eabi.lib : memccpy.obj (.text)
                  0000c3f0    0000001a     msp432p4xx_driverlib.lib : spi.o (.text:SPI_enableModule)
                  0000c40a    00000002     --HOLE-- [fill = 0]
                  0000c40c    00000018                              : adc14.o (.text:ADC14_getResult)
                  0000c424    00000018                              : gpio.o (.text:GPIO_clearInterruptFlag)
                  0000c43c    00000018                              : gpio.o (.text:GPIO_setOutputLowOnPin)
                  0000c454    00000018     rtsv7M4_T_le_v4SPD16_eabi.lib : args_main.obj (.text)
                  0000c46c    00000016                                   : strchr.obj (.text)
                  0000c482    00000002     --HOLE-- [fill = 0]
                  0000c484    00000014     msp432p4xx_driverlib.lib : cs.o (.text:CS_setExternalClockSourceFrequency)
                  0000c498    00000014                              : gpio.o (.text:GPIO_setOutputHighOnPin)
                  0000c4ac    00000014                              : systick.o (.text:SysTick_enableInterrupt)
                  0000c4c0    00000014                              : systick.o (.text:SysTick_enableModule)
                  0000c4d4    00000014     rtsv7M4_T_le_v4SPD16_eabi.lib : _lock.obj (.text)
                  0000c4e8    00000014                                   : strlen.obj (.text)
                  0000c4fc    00000010     msp432p4xx_driverlib.lib : gpio.o (.text:GPIO_getInterruptStatus)
                  0000c50c    00000010                              : interrupt.o (.text:Interrupt_enableMaster)
                  0000c51c    00000010                              : pcm.o (.text:PCM_getPowerState)
                  0000c52c    0000000e     rtsv7M4_T_le_v4SPD16_eabi.lib : copy_decompress_none.obj (.text:decompress:none)
                  0000c53a    0000000c     msp432p4xx_driverlib.lib : cpu.o (.text:CPU_cpsie)
                  0000c546    0000000c                              : spi.o (.text:EUSCI_A_SPI_enable)
                  0000c552    0000000c                              : spi.o (.text:EUSCI_B_SPI_enable)
                  0000c55e    00000002     --HOLE-- [fill = 0]
                  0000c560    0000000c                              : systick.o (.text:SysTick_setPeriod)
                  0000c56c    0000000c     rtsv7M4_T_le_v4SPD16_eabi.lib : copy_zero_init.obj (.text:decompress:ZI)
                  0000c578    0000000c     msp432_startup_ccs.obj (.text)
                  0000c584    00000008     msp432p4xx_driverlib.lib : spi.o (.text:EUSCI_B_SPI_getInterruptStatus)
                  0000c58c    00000008                              : systick.o (.text:SysTick_registerInterrupt)
                  0000c594    00000006                              : pcm.o (.text:PCM_setPowerMode)
                  0000c59a    00000006                              : pcm.o (.text:PCM_setPowerState)
                  0000c5a0    00000006     rtsv7M4_T_le_v4SPD16_eabi.lib : copy_decompress_rle.obj (.text:decompress:rle24)
                  0000c5a6    00000004     msp432p4xx_driverlib.lib : cpu.o (.text:CPU_wfi)
                  0000c5aa    00000004                              : spi.o (.text:EUSCI_A_SPI_transmitData)
                  0000c5ae    00000004                              : spi.o (.text:EUSCI_B_SPI_transmitData)
                  0000c5b2    00000004     rtsv7M4_T_le_v4SPD16_eabi.lib : pre_init.obj (.text)

.const     0    0000c5b8    0000092c     
                  0000c5b8    000002f8     fontfixed6x8.obj (.const:.string:g_pucFontFixed6x8Data)
                  0000c8b0    00000101     rtsv7M4_T_le_v4SPD16_eabi.lib : ctype.obj (.const:.string:_ctypes_)
                  0000c9b1    00000003     --HOLE-- [fill = 0]
                  0000c9b4    000000c8     fontfixed6x8.obj (.const:g_sFontFixed6x8)
                  0000ca7c    000000b0     wlan.obj (.const:$P$T0$1)
                  0000cb2c    00000080     msp432p4xx_driverlib.lib : adc14.o (.const:_ctlRegs)
                  0000cbac    00000058     main.obj (.const:$P$T0$1)
                  0000cc04    00000058     MQTTClient.obj (.const:$P$T1$2)
                  0000cc5c    00000040     msp432p4xx_driverlib.lib : interrupt.o (.const)
                  0000cc9c    0000003c     wlan.obj (.const)
                  0000ccd8    00000038     driver.obj (.const:_SlActionLookupTable)
                  0000cd10    00000038     myinit.obj (.const)
                  0000cd48    00000034     socket.obj (.const)
                  0000cd7c    00000030     msp432p4xx_driverlib.lib : gpio.o (.const:GPIO_PORT_TO_BASE)
                  0000cdac    0000002c     myinit.obj (.const:$P$T0$1)
                  0000cdd8    0000002c     Crystalfontz128x128_ST7735.obj (.const:g_sCrystalfontz128x128)
                  0000ce04    00000028     MQTTClient.obj (.const)
                  0000ce2c    00000028     netapp.obj (.const)
                  0000ce54    0000001c     HAL_MSP_EXP432P401R_Crystalfontz128x128_ST7735.obj (.const)
                  0000ce70    00000014     MQTTConnectClient.obj (.const)
                  0000ce84    00000014     device.obj (.const)
                  0000ce98    00000014     driver.obj (.const)
                  0000ceac    00000008     main.obj (.const:.string)
                  0000ceb4    00000008     Crystalfontz128x128_ST7735.obj (.const)
                  0000cebc    00000008     MQTTDeserializePublish.obj (.const)
                  0000cec4    00000008     MQTTSerializePublish.obj (.const)
                  0000cecc    00000008     MQTTSubscribeClient.obj (.const)
                  0000ced4    00000008     netcfg.obj (.const)
                  0000cedc    00000004     MQTTPacket.obj (.const)
                  0000cee0    00000004     MQTTUnsubscribeClient.obj (.const)

.cinit     0    0000cee8    00000090     
                  0000cee8    0000005a     (.cinit..data.load) [load image, compression = rle]
                  0000cf42    00000002     --HOLE-- [fill = 0]
                  0000cf44    0000000c     (__TI_handler_table)
                  0000cf50    00000008     (.cinit..bss.load) [load image, compression = zero_init]
                  0000cf58    00000008     (.cinit..vtable.load) [load image, compression = zero_init]
                  0000cf60    00000018     (__TI_cinit_table)

.init_array 
*          0    00000000    00000000     UNINITIALIZED

.vtable    0    20000000    000000e4     UNINITIALIZED
                  20000000    000000e4     msp432p4xx_driverlib.lib : interrupt.o (.vtable)

.bss       0    200000e4    00001b37     UNINITIALIZED
                  200000e4    00000648     myinit.obj (.bss:g_AppData)
                  2000072c    00000640     ped_adc.obj (.bss:old_diffs_x)
                  20000d6c    00000640     ped_adc.obj (.bss:old_diffs_y)
                  200013ac    00000640     ped_adc.obj (.bss:old_diffs_z)
                  200019ec    00000164     driver.obj (.bss:g_StatMem)
                  20001b50    0000005c     main.obj (.bss:hMQTTClient)
                  20001bac    00000028     nonos.obj (.bss:g__SlNonOsCB)
                  20001bd4    0000001c     (.common:g_sContext)
                  20001bf0    00000010     (.common:n)
                  20001c00    00000004     (.common:MilliTimer)
                  20001c04    00000004     (.common:bufptr)
                  20001c08    00000004     (.common:hfxtFreq)
                  20001c0c    00000004     (.common:lfxtFreq)
                  20001c10    00000002     (.common:Lcd_ScreenHeigth)
                  20001c12    00000002     (.common:Lcd_ScreenWidth)
                  20001c14    00000002     (.common:Lcd_TouchTrim)
                  20001c16    00000001     (.common:IntIsMasked)
                  20001c17    00000001     (.common:Lcd_FlagRead)
                  20001c18    00000001     (.common:Lcd_FontSolid)
                  20001c19    00000001     (.common:Lcd_Orientation)
                  20001c1a    00000001     (.common:Lcd_PenSolid)

.TI.noinit 
*          0    200000e4    00000000     UNINITIALIZED

.data      0    20001c20    000001c8     UNINITIALIZED
                  20001c20    000000b0     rtsv7M4_T_le_v4SPD16_eabi.lib : signal.obj (.data:sigtable)
                  20001cd0    00000080                                   : xvalues.obj (.data)
                  20001d50    0000002c     ped_adc.obj (.data)
                  20001d7c    00000028     main.obj (.data)
                  20001da4    0000000f     lcd_display.obj (.data)
                  20001db3    00000001     --HOLE--
                  20001db4    00000009     driver.obj (.data)
                  20001dbd    00000003     --HOLE--
                  20001dc0    00000008     rtsv7M4_T_le_v4SPD16_eabi.lib : _lock.obj (.data)
                  20001dc8    00000008                                   : exit.obj (.data)
                  20001dd0    00000008                                   : feraiseexcept.obj (.data)
                  20001dd8    00000004     board.obj (.data)
                  20001ddc    00000004     rtsv7M4_T_le_v4SPD16_eabi.lib : errno.obj (.data)
                  20001de0    00000004                                   : stkdepth_vars.obj (.data)
                  20001de4    00000004                                   : strtok.obj (.data)

.TI.persistent 
*          0    20001c20    00000000     UNINITIALIZED

.stack     0    2000fe00    00000200     UNINITIALIZED
                  2000fe00    00000200     --HOLE--


LINKER GENERATED COPY TABLES

__TI_cinit_table @ 0000cf60 records: 3, size/record: 8, table size: 24
	.data: load addr=0000cee8, load size=0000005a bytes, run addr=20001c20, run size=000001c8 bytes, compression=rle
	.bss: load addr=0000cf50, load size=00000008 bytes, run addr=200000e4, run size=00001b37 bytes, compression=zero_init
	.vtable: load addr=0000cf58, load size=00000008 bytes, run addr=20000000, run size=000000e4 bytes, compression=zero_init


LINKER GENERATED HANDLER TABLE

__TI_handler_table @ 0000cf44 records: 3, size/record: 4, table size: 12
	index: 0, handler: __TI_zero_init
	index: 1, handler: __TI_decompress_rle24
	index: 2, handler: __TI_decompress_none


GLOBAL SYMBOLS: SORTED ALPHABETICALLY BY Name 

address   name                                       
-------   ----                                       
00007fc9  ADC14_IRQHandler                           
0000c40d  ADC14_getResult                            
0000bf51  C$$EXIT                                    
00008cf3  CC3100_InterruptDisable                    
00008cd1  CC3100_InterruptEnable                     
00008fa7  CC3100_UART_ISR                            
00008cb9  CC3100_disable                             
00008cc5  CC3100_enable                              
0000c011  CLI_Configure                              
0000bfe5  CLI_Read                                   
0000bffb  CLI_Write                                  
0000c53b  CPU_cpsie                                  
0000c5a7  CPU_wfi                                    
0000b2b9  CS_initClockSignal                         
0000c349  CS_setDCOCenteredFrequency                 
0000c485  CS_setExternalClockSourceFrequency         
00008bf9  ConnectNetwork                             
00004759  CopyPingResultsToReport                    
000060f5  Crystalfontz128x128_Init                   
00006209  Crystalfontz128x128_SetDrawFrame           
00006337  Crystalfontz128x128_SetOrientation         
00008f51  Delay                                      
0000bfd9  EUSCIA0_IRQHandler                         
0000c547  EUSCI_A_SPI_enable                         
0000c5ab  EUSCI_A_SPI_transmitData                   
0000c553  EUSCI_B_SPI_enable                         
0000c585  EUSCI_B_SPI_getInterruptStatus             
0000c5af  EUSCI_B_SPI_transmitData                   
0000c425  GPIO_clearInterruptFlag                    
0000c101  GPIO_getEnabledInterruptStatus             
0000c4fd  GPIO_getInterruptStatus                    
0000c36d  GPIO_setAsOutputPin                        
0000bdd9  GPIO_setAsPeripheralModuleFunctionInputPin 
0000be25  GPIO_setAsPeripheralModuleFunctionOutputPin
0000c499  GPIO_setOutputHighOnPin                    
0000c43d  GPIO_setOutputLowOnPin                     
00008e9d  GetLEDStatus                               
00009ab1  Graphics_clearDisplay                      
0000ad1f  Graphics_clearDisplayOnDisplay             
0000ac71  Graphics_drawHorizontalLineOnDisplay       
00007bf9  Graphics_drawLine                          
000078dd  Graphics_drawLineH                         
00007979  Graphics_drawLineV                         
0000ac2d  Graphics_drawMultiplePixelsOnDisplay       
00009ac3  Graphics_drawPixel                         
0000ac03  Graphics_drawPixelOnDisplay                
000068a7  Graphics_drawString                        
00006d35  Graphics_drawStringCentered                
0000aca5  Graphics_drawVerticalLineOnDisplay         
0000acd9  Graphics_fillRectangleOnDisplay            
00009aa3  Graphics_flushBuffer                       
0000ad0d  Graphics_flushOnDisplay                    
00009a85  Graphics_getDisplayHeight                  
00009a75  Graphics_getDisplayWidth                   
00009a23  Graphics_getFontBaseline                   
00009a59  Graphics_getFontHeight                     
00009a67  Graphics_getFontMaxWidth                   
00009a95  Graphics_getHeightOfDisplay                
00006d25  Graphics_getStringBaseline                 
00006d7d  Graphics_getStringHeight                   
00006d8d  Graphics_getStringMaxWidth                 
000067ad  Graphics_getStringWidth                    
00009b1d  Graphics_getWidthOfDisplay                 
000098c5  Graphics_initContext                       
000099d9  Graphics_setBackgroundColor                
000099f3  Graphics_setBackgroundColorTranslated      
0000990f  Graphics_setClipRegion                     
00009a09  Graphics_setFont                           
00009a31  Graphics_setForegroundColor                
00009a47  Graphics_setForegroundColorTranslated      
0000acf7  Graphics_translateColorOnDisplay           
0000b52d  HAL_LCD_PortInit                           
0000b55d  HAL_LCD_SpiInit                            
0000b593  HAL_LCD_writeCommand                       
0000b5c1  HAL_LCD_writeData                          
0000899f  InitTimer                                  
20001c16  IntIsMasked                                
0000bb69  Interrupt_disableInterrupt                 
0000bbcd  Interrupt_enableInterrupt                  
0000c50d  Interrupt_enableMaster                     
0000c099  Interrupt_registerInterrupt                
20001c17  Lcd_FlagRead                               
20001c18  Lcd_FontSolid                              
20001c19  Lcd_Orientation                            
20001c1a  Lcd_PenSolid                               
20001c10  Lcd_ScreenHeigth                           
20001c12  Lcd_ScreenWidth                            
20001c14  Lcd_TouchTrim                              
000057b3  MQTTClient                                 
00005cfd  MQTTConnect                                
0000aa4d  MQTTDeserialize_ack                        
000087e3  MQTTDeserialize_connack                    
0000a995  MQTTDeserialize_publish                    
00009eab  MQTTDeserialize_suback                     
0000a677  MQTTDeserialize_unsuback                   
000060a3  MQTTDisconnect                             
000081cf  MQTTPacket_decode                          
000082b5  MQTTPacket_decodeBuf                       
00008179  MQTTPacket_encode                          
00008491  MQTTPacket_equals                          
00008237  MQTTPacket_len                             
000084f5  MQTTPacket_read                            
00005f79  MQTTPublish                                
00009c41  MQTTSerialize_ack                          
00008629  MQTTSerialize_connect                      
00008571  MQTTSerialize_connectLength                
000088d3  MQTTSerialize_disconnect                   
000088e9  MQTTSerialize_pingreq                      
00009ccb  MQTTSerialize_puback                       
00009d19  MQTTSerialize_pubcomp                      
00009b6b  MQTTSerialize_publish                      
00009b2d  MQTTSerialize_publishLength                
00009cef  MQTTSerialize_pubrel                       
00009da9  MQTTSerialize_subscribe                    
00009d45  MQTTSerialize_subscribeLength              
0000a581  MQTTSerialize_unsubscribe                  
0000a51d  MQTTSerialize_unsubscribeLength            
0000886b  MQTTSerialize_zero                         
00005dc7  MQTTSubscribe                              
00005ecf  MQTTUnsubscribe                            
00005c89  MQTTYield                                  
00008465  MQTTstrlen                                 
00008d07  MaskIntHdlr                                
20001c00  MilliTimer                                 
000056f5  NewMessageData                             
00008aab  NewNetwork                                 
0000c24d  PCM_getCoreVoltageLevel                    
0000c279  PCM_getPowerMode                           
0000c51d  PCM_getPowerState                          
0000c2f9  PCM_gotoLPM0                               
0000b8b9  PCM_gotoLPM3                               
0000b5e9  PCM_setCoreVoltageLevelWithTimeout         
0000c595  PCM_setPowerMode                           
0000b399  PCM_setPowerModeWithTimeout                
0000c59b  PCM_setPowerState                          
0000a6bd  PCM_setPowerStateWithTimeout               
0000bd39  PCM_shutdownDevice                         
00007e63  PORT1_IRQHandler                           
00008f81  PORT2_IRQHandler                           
00008f4f  Port1_ISR                                  
20001d7c  S1buttonDebounce                           
20001d80  S2buttonDebounce                           
UNDEFED   SHT$$INIT_ARRAY$$Base                      
UNDEFED   SHT$$INIT_ARRAY$$Limit                     
00003ffb  SL_FD_CLR                                  
00004021  SL_FD_ISSET                                
00003fd9  SL_FD_SET                                  
00004049  SL_FD_ZERO                                 
0000c3f1  SPI_enableModule                           
0000b935  SPI_initMaster                             
0000c3b5  SPI_transmitData                           
00008f0b  SelAntenna                                 
000096db  SimpleLinkGeneralEventHandler              
0000968d  SimpleLinkHttpServerCallback               
0000965d  SimpleLinkNetAppEventHandler               
0000969b  SimpleLinkSockEventHandler                 
000095f1  SimpleLinkWlanEventHandler                 
0000891d  SysTick_Handler                            
0000c4ad  SysTick_enableInterrupt                    
0000c4c1  SysTick_enableModule                       
0000c58d  SysTick_registerInterrupt                  
0000c561  SysTick_setPeriod                          
00007e77  TA1_0_IRQHandler                           
00008ad1  TLSConnectNetwork                          
00008d0f  UnMaskIntHdlr                              
4000480c  WDTCTL_SYM                                 
0000c191  _Dclass                                    
20001cd0  _Denorm                                    
0000b46d  _Dnorm                                     
0000b0ad  _Dscale                                    
0000bb03  _Dunscale                                  
20001ce0  _Eps                                       
20001ddc  _Errno                                     
20001dd0  _Fenv                                      
0000c1c1  _Feraise                                   
20001cf0  _Hugeval                                   
20001d00  _Inf                                       
20001d10  _Nan                                       
20001d30  _Rteps                                     
0000cd5c  _SlAcceptCmdCtrl                           
0000ccd8  _SlActionLookupTable                       
00001011  _SlAsyncEventGenericHandler                
0000ce90  _SlDeviceGetCmdCtrl                        
0000ce94  _SlDeviceSetCmdCtrl                        
00001a23  _SlDrvBasicCmd                             
000016d9  _SlDrvClassifyRxMsg                        
0000030f  _SlDrvCmdOp                                
000003bf  _SlDrvCmdSend                              
00000415  _SlDrvDataReadOp                           
00000619  _SlDrvDataWriteOp                          
000072d1  _SlDrvDeviceEventHandler                   
00000229  _SlDrvDriverCBDeinit                       
00000145  _SlDrvDriverCBInit                         
0000b877  _SlDrvFlowContDeinit                       
0000b839  _SlDrvFlowContInit                         
000009dd  _SlDrvMsgRead                              
000014f5  _SlDrvMsgReadCmdCtx                        
000015ef  _SlDrvMsgReadSpawnCtx                      
000007e9  _SlDrvMsgWrite                             
00004b29  _SlDrvNetAppEventHandler                   
00001f17  _SlDrvObjDeInit                            
00001e9b  _SlDrvObjInit                              
00001c91  _SlDrvReleasePoolObj                       
0000181d  _SlDrvRxHdrRead                            
000002cd  _SlDrvRxIrqHandler                         
000017d7  _SlDrvShiftDWord                           
00001a89  _SlDrvWaitForPoolObj                       
0000ce8c  _SlEventMaskGetCmdCtrl                     
0000ce88  _SlEventMaskSetCmdCtrl                     
00001ff9  _SlFindAndSetActiveObj                     
0000ce40  _SlGetHostByNameCtrl                       
0000ce3c  _SlGetHostByServiceCtrl                    
0000ce34  _SlGetServiceListeCtrl                     
0000cd68  _SlGetSockOptCmdCtrl                       
0000cd58  _SlListenCmdCtrl                           
0000ce4c  _SlNetAppGetCmdCtrl                        
0000ce48  _SlNetAppSendTokenValueCmdCtrl             
0000ce44  _SlNetAppSetCmdCtrl                        
0000ce2c  _SlNetAppStartCtrl                         
0000ce30  _SlNetAppStopCtrl                          
0000ced8  _SlNetCfgGetCmdCtrl                        
0000ced4  _SlNetCfgSetCmdCtrl                        
0000af31  _SlNonOsMainLoopTask                       
0000ae85  _SlNonOsSemGet                             
0000ae6d  _SlNonOsSemSet                             
0000aee1  _SlNonOsSpawn                              
0000cca0  _SlPolicyGetCmdCtrl                        
0000cc9c  _SlPolicySetCmdCtrl                        
0000cca8  _SlProfileDelCmdCtrl                       
0000cca4  _SlProfileGetCmdCtrl                       
0000cd60  _SlRecvCmdCtrl                             
0000cd50  _SlRecvfomCmdCtrl                          
0000ce38  _SlRegisterServiceCtrl                     
00001f37  _SlRemoveFromList                          
0000ccb0  _SlRxFilterAddtCmdCtrl                     
0000ccb8  _SlRxFilterGetCmdCtrl                      
0000ccb4  _SlRxFilterSetCmdCtrl                      
0000cd6c  _SlSelectCmdCtrl                           
0000cd54  _SlSendCmdCtrl                             
0000cd64  _SlSetSockOptCmdCtrl                       
0000ccbc  _SlSmartConfigStartCmdCtrl                 
0000cd4c  _SlSockCloseCmdCtrl                        
0000cd48  _SlSockSocketCmdCtrl                       
0000ce84  _SlStopCmdCtrl                             
0000ccc8  _SlWlanCfgGetCmdCtrl                       
0000ccc4  _SlWlanCfgSetCmdCtrl                       
0000ccac  _SlWlanGetNetworkListCtrl                  
0000ccc0  _SlWlanSetModeCmdCtrl                      
20001d20  _Snan                                      
20001dd4  _Tls_setup__Fenv                           
20001d40  _Xbig                                      
20001d48  _Zero                                      
20010000  __STACK_END                                
00000200  __STACK_SIZE                               
0000cf60  __TI_CINIT_Base                            
0000cf78  __TI_CINIT_Limit                           
0000cf44  __TI_Handler_Table_Base                    
0000cf50  __TI_Handler_Table_Limit                   
0000ba2d  __TI_auto_init                             
20001dc8  __TI_cleanup_ptr                           
0000c52d  __TI_decompress_none                       
0000c5a1  __TI_decompress_rle24                      
20001dcc  __TI_dtors_ptr                             
00002f1d  __TI_printfi                               
00000000  __TI_static_base__                         
0000c56d  __TI_zero_init                             
0000b72d  __aeabi_cdcmpeq                            
0000b72d  __aeabi_cdcmple                            
0000b7b3  __aeabi_cdrcmple                           
0000bf09  __aeabi_d2iz                               
0000bf95  __aeabi_d2uiz                              
0000a36f  __aeabi_dadd                               
0000aacd  __aeabi_ddiv                               
0000b1bd  __aeabi_dmul                               
0000a365  __aeabi_dsub                               
0000c1f1  __aeabi_i2d                                
0000b9b1  __aeabi_memclr                             
0000b9b1  __aeabi_memclr4                            
0000b9b1  __aeabi_memclr8                            
0000b691  __aeabi_memcpy                             
0000b691  __aeabi_memcpy4                            
0000b691  __aeabi_memcpy8                            
0000b9b3  __aeabi_memset                             
0000b9b3  __aeabi_memset4                            
0000b9b3  __aeabi_memset8                            
0000a171  __aeabi_uldivmod                           
ffffffff  __binit__                                  
ffffffff  __c_args__                                 
2000fe00  __stack                                    
0000c455  _args_main                                 
0000bd89  _c_int00                                   
0000c8b0  _ctypes_                                   
20001dc0  _lock                                      
0000c4e3  _nop                                       
0000c4db  _register_lock                             
0000c4d5  _register_unlock                           
00003225  _sl_BuildAddress                           
00006d9d  _sl_GetStartResponseConvert                
00003c39  _sl_HandleAsync_Accept                     
00003833  _sl_HandleAsync_Connect                    
00004541  _sl_HandleAsync_DnsGetHostByAddr           
00004695  _sl_HandleAsync_DnsGetHostByName           
00004471  _sl_HandleAsync_DnsGetHostByService        
00006f01  _sl_HandleAsync_InitComplete               
00004795  _sl_HandleAsync_PingResponse               
00004061  _sl_HandleAsync_Select                     
00006fb3  _sl_HandleAsync_Stop                       
0000333d  _sl_ParseAddress                           
00003275  _sl_TruncatePayloadByProtocol              
0000c5b3  _system_pre_init                           
20001dc4  _unlock                                    
0000bf55  abort                                      
0000be71  atoi                                       
20001d68  average_x                                  
20001d6c  average_y                                  
20001d70  average_z                                  
000090a3  backlight_off                              
0000908f  backlight_on                               
ffffffff  binit                                      
0000827d  bufchar                                    
00008a9b  cc3100_disconnect                          
000089af  cc3100_read                                
00008a31  cc3100_write                               
00008d23  clear_rts                                  
00007351  configureSimpleLinkToDefaultState          
0000bebd  copy_in                                    
0000895f  countdown                                  
00008947  countdown_ms                               
20001d74  counter                                    
00005b1d  cycle                                      
00005825  decodePacket                               
000059ff  deliverMessage                             
0000753f  establishConnectionWithAP                  
0000bf5d  exit                                       
00008927  expired                                    
0000c0cd  feraiseexcept                              
0000c2a3  frexp                                      
20001dbc  gFirstCmdMode                              
200000e4  g_AppData                                  
0000cea0  g_H2NCnysPattern                           
0000ce98  g_H2NSyncPattern                           
200019ec  g_StatMem                                  
20001d88  g_Status                                   
20001bac  g__SlNonOsCB                               
20001db4  g_pCB                                      
20000000  g_pfnRAMVectors                            
20001bd4  g_sContext                                 
0000cdd8  g_sCrystalfontz128x128                     
0000c9b4  g_sFontFixed6x8                            
000083a1  getLenStringLen                            
0000570f  getNextPacketId                            
20001d98  goal_steps                                 
20001b50  hMQTTClient                                
00008ed7  initAntSelGPIO                             
00008d2f  initClk                                    
00008daf  initLEDs                                   
00009319  init_adc                                   
0000958d  init_clocks                                
00008ff9  init_lcd                                   
000075c1  init_main                                  
00007599  initializeAppVariables                     
00000000  interruptVectors                           
0000594b  isTopicMatched                             
00005aaf  keepalive                                  
0000bce7  ldexp                                      
0000897d  left_ms                                    
20001d78  loop_index                                 
0000bc91  ltoa                                       
00007d6d  main                                       
20001de0  main_func_sp                               
0000c3d5  memccpy                                    
0000b691  memcpy                                     
0000b9b9  memset                                     
00008071  menu                                       
000090af  menu1                                      
00009115  menu2                                      
0000917b  menu3                                      
000091e1  menu4                                      
20001da0  menu_state                                 
00007e91  messageArrived                             
20001bf0  n                                          
20001d5c  new_x                                      
20001d60  new_y                                      
20001d64  new_z                                      
2000072c  old_diffs_x                                
20000d6c  old_diffs_y                                
200013ac  old_diffs_z                                
20001d50  old_x                                      
20001d54  old_y                                      
20001d58  old_z                                      
20001dd8  pIraEventHandler                           
20001db8  pPingCallBackFunc                          
0000ceac  port_mapping                               
20001d84  publishID                                  
0000c21f  raise                                      
000082f3  readChar                                   
000082cb  readInt                                    
0000840b  readMQTTLenString                          
000058a1  readPacket                                 
00008ca5  registerInterruptHandler                   
00005733  sendPacket                                 
00008d17  set_rts                                    
00009053  show_steps                                 
0000c019  signal                                     
00003a35  sl_Accept                                  
00003417  sl_Bind                                    
000033ed  sl_Close                                   
000036dd  sl_Connect                                 
000071cd  sl_DevGet                                  
0000726b  sl_DevSet                                  
00007199  sl_EventMaskGet                            
0000715f  sl_EventMaskSet                            
00003db9  sl_GetSockOpt                              
00003bb7  sl_Htonl                                   
00003bf9  sl_Htons                                   
000039f5  sl_Listen                                  
00004551  sl_NetAppDnsGetHostByName                  
00004341  sl_NetAppDnsGetHostByService               
00004a99  sl_NetAppGet                               
00004141  sl_NetAppGetServiceList                    
000042c5  sl_NetAppMDNSRegisterService               
00004211  sl_NetAppMDNSRegisterUnregisterService     
00004301  sl_NetAppMDNSUnRegisterService             
00004859  sl_NetAppPingStart                         
00004a35  sl_NetAppSendTokenValue                    
000049cb  sl_NetAppSet                               
000040f9  sl_NetAppStart                             
0000411d  sl_NetAppStop                              
0000b003  sl_NetCfgGet                               
0000af9d  sl_NetCfgSet                               
00003cd1  sl_Recv                                    
000035bb  sl_RecvFrom                                
00003e53  sl_Select                                  
000038e5  sl_Send                                    
0000349f  sl_SendTo                                  
00003d4d  sl_SetSockOpt                              
00003397  sl_Socket                                  
00006dfd  sl_Start                                   
00007037  sl_Stop                                    
00006df5  sl_Task                                    
00004c3d  sl_WlanConnect                             
00004e6f  sl_WlanDisconnect                          
0000563d  sl_WlanGet                                 
00005305  sl_WlanGetNetworkList                      
00004ee5  sl_WlanPolicyGet                           
00004e7b  sl_WlanPolicySet                           
00004f89  sl_WlanProfileAdd                          
000052d7  sl_WlanProfileDel                          
000051f5  sl_WlanProfileGet                          
00005377  sl_WlanRxFilterAdd                         
00005439  sl_WlanRxFilterGet                         
000053e5  sl_WlanRxFilterSet                         
000054c7  sl_WlanRxStatGet                           
000054af  sl_WlanRxStatStart                         
000054bb  sl_WlanRxStatStop                          
000055c9  sl_WlanSet                                 
00005599  sl_WlanSetMode                             
0000550d  sl_WlanSmartConfigStart                    
000054fd  sl_WlanSmartConfigStop                     
00009f5d  spi_Close                                  
00009f69  spi_Open                                   
0000a0b5  spi_Read                                   
0000a05b  spi_Write                                  
0000bc31  sprintf                                    
20001da4  step_string                                
000093d5  step_track_and_alert                       
20001d9c  steps_taken                                
00008da5  stopWDT                                    
0000c46d  strchr                                     
0000c391  strcspn                                    
0000c4e9  strlen                                     
0000c321  strncmp                                    
0000c161  strncpy                                    
0000c2cd  strspn                                     
0000c059  strtok                                     
0000ad39  strtol                                     
00008e69  toggleLed                                  
00008e35  turnLedOff                                 
00008e01  turnLedOn                                  
20001d8c  uniqueID                                   
0000cd10  upConfig                                   
00005ccd  waitfor                                    
00008373  writeCString                               
00008313  writeChar                                  
00008333  writeInt                                   
000083bb  writeMQTTString                            
00009031  write_buff_to_lcd                          


GLOBAL SYMBOLS: SORTED BY Symbol Address 

address   name                                       
-------   ----                                       
00000000  __TI_static_base__                         
00000000  interruptVectors                           
00000145  _SlDrvDriverCBInit                         
00000200  __STACK_SIZE                               
00000229  _SlDrvDriverCBDeinit                       
000002cd  _SlDrvRxIrqHandler                         
0000030f  _SlDrvCmdOp                                
000003bf  _SlDrvCmdSend                              
00000415  _SlDrvDataReadOp                           
00000619  _SlDrvDataWriteOp                          
000007e9  _SlDrvMsgWrite                             
000009dd  _SlDrvMsgRead                              
00001011  _SlAsyncEventGenericHandler                
000014f5  _SlDrvMsgReadCmdCtx                        
000015ef  _SlDrvMsgReadSpawnCtx                      
000016d9  _SlDrvClassifyRxMsg                        
000017d7  _SlDrvShiftDWord                           
0000181d  _SlDrvRxHdrRead                            
00001a23  _SlDrvBasicCmd                             
00001a89  _SlDrvWaitForPoolObj                       
00001c91  _SlDrvReleasePoolObj                       
00001e9b  _SlDrvObjInit                              
00001f17  _SlDrvObjDeInit                            
00001f37  _SlRemoveFromList                          
00001ff9  _SlFindAndSetActiveObj                     
00002f1d  __TI_printfi                               
00003225  _sl_BuildAddress                           
00003275  _sl_TruncatePayloadByProtocol              
0000333d  _sl_ParseAddress                           
00003397  sl_Socket                                  
000033ed  sl_Close                                   
00003417  sl_Bind                                    
0000349f  sl_SendTo                                  
000035bb  sl_RecvFrom                                
000036dd  sl_Connect                                 
00003833  _sl_HandleAsync_Connect                    
000038e5  sl_Send                                    
000039f5  sl_Listen                                  
00003a35  sl_Accept                                  
00003bb7  sl_Htonl                                   
00003bf9  sl_Htons                                   
00003c39  _sl_HandleAsync_Accept                     
00003cd1  sl_Recv                                    
00003d4d  sl_SetSockOpt                              
00003db9  sl_GetSockOpt                              
00003e53  sl_Select                                  
00003fd9  SL_FD_SET                                  
00003ffb  SL_FD_CLR                                  
00004021  SL_FD_ISSET                                
00004049  SL_FD_ZERO                                 
00004061  _sl_HandleAsync_Select                     
000040f9  sl_NetAppStart                             
0000411d  sl_NetAppStop                              
00004141  sl_NetAppGetServiceList                    
00004211  sl_NetAppMDNSRegisterUnregisterService     
000042c5  sl_NetAppMDNSRegisterService               
00004301  sl_NetAppMDNSUnRegisterService             
00004341  sl_NetAppDnsGetHostByService               
00004471  _sl_HandleAsync_DnsGetHostByService        
00004541  _sl_HandleAsync_DnsGetHostByAddr           
00004551  sl_NetAppDnsGetHostByName                  
00004695  _sl_HandleAsync_DnsGetHostByName           
00004759  CopyPingResultsToReport                    
00004795  _sl_HandleAsync_PingResponse               
00004859  sl_NetAppPingStart                         
000049cb  sl_NetAppSet                               
00004a35  sl_NetAppSendTokenValue                    
00004a99  sl_NetAppGet                               
00004b29  _SlDrvNetAppEventHandler                   
00004c3d  sl_WlanConnect                             
00004e6f  sl_WlanDisconnect                          
00004e7b  sl_WlanPolicySet                           
00004ee5  sl_WlanPolicyGet                           
00004f89  sl_WlanProfileAdd                          
000051f5  sl_WlanProfileGet                          
000052d7  sl_WlanProfileDel                          
00005305  sl_WlanGetNetworkList                      
00005377  sl_WlanRxFilterAdd                         
000053e5  sl_WlanRxFilterSet                         
00005439  sl_WlanRxFilterGet                         
000054af  sl_WlanRxStatStart                         
000054bb  sl_WlanRxStatStop                          
000054c7  sl_WlanRxStatGet                           
000054fd  sl_WlanSmartConfigStop                     
0000550d  sl_WlanSmartConfigStart                    
00005599  sl_WlanSetMode                             
000055c9  sl_WlanSet                                 
0000563d  sl_WlanGet                                 
000056f5  NewMessageData                             
0000570f  getNextPacketId                            
00005733  sendPacket                                 
000057b3  MQTTClient                                 
00005825  decodePacket                               
000058a1  readPacket                                 
0000594b  isTopicMatched                             
000059ff  deliverMessage                             
00005aaf  keepalive                                  
00005b1d  cycle                                      
00005c89  MQTTYield                                  
00005ccd  waitfor                                    
00005cfd  MQTTConnect                                
00005dc7  MQTTSubscribe                              
00005ecf  MQTTUnsubscribe                            
00005f79  MQTTPublish                                
000060a3  MQTTDisconnect                             
000060f5  Crystalfontz128x128_Init                   
00006209  Crystalfontz128x128_SetDrawFrame           
00006337  Crystalfontz128x128_SetOrientation         
000067ad  Graphics_getStringWidth                    
000068a7  Graphics_drawString                        
00006d25  Graphics_getStringBaseline                 
00006d35  Graphics_drawStringCentered                
00006d7d  Graphics_getStringHeight                   
00006d8d  Graphics_getStringMaxWidth                 
00006d9d  _sl_GetStartResponseConvert                
00006df5  sl_Task                                    
00006dfd  sl_Start                                   
00006f01  _sl_HandleAsync_InitComplete               
00006fb3  _sl_HandleAsync_Stop                       
00007037  sl_Stop                                    
0000715f  sl_EventMaskSet                            
00007199  sl_EventMaskGet                            
000071cd  sl_DevGet                                  
0000726b  sl_DevSet                                  
000072d1  _SlDrvDeviceEventHandler                   
00007351  configureSimpleLinkToDefaultState          
0000753f  establishConnectionWithAP                  
00007599  initializeAppVariables                     
000075c1  init_main                                  
000078dd  Graphics_drawLineH                         
00007979  Graphics_drawLineV                         
00007bf9  Graphics_drawLine                          
00007d6d  main                                       
00007e63  PORT1_IRQHandler                           
00007e77  TA1_0_IRQHandler                           
00007e91  messageArrived                             
00007fc9  ADC14_IRQHandler                           
00008071  menu                                       
00008179  MQTTPacket_encode                          
000081cf  MQTTPacket_decode                          
00008237  MQTTPacket_len                             
0000827d  bufchar                                    
000082b5  MQTTPacket_decodeBuf                       
000082cb  readInt                                    
000082f3  readChar                                   
00008313  writeChar                                  
00008333  writeInt                                   
00008373  writeCString                               
000083a1  getLenStringLen                            
000083bb  writeMQTTString                            
0000840b  readMQTTLenString                          
00008465  MQTTstrlen                                 
00008491  MQTTPacket_equals                          
000084f5  MQTTPacket_read                            
00008571  MQTTSerialize_connectLength                
00008629  MQTTSerialize_connect                      
000087e3  MQTTDeserialize_connack                    
0000886b  MQTTSerialize_zero                         
000088d3  MQTTSerialize_disconnect                   
000088e9  MQTTSerialize_pingreq                      
0000891d  SysTick_Handler                            
00008927  expired                                    
00008947  countdown_ms                               
0000895f  countdown                                  
0000897d  left_ms                                    
0000899f  InitTimer                                  
000089af  cc3100_read                                
00008a31  cc3100_write                               
00008a9b  cc3100_disconnect                          
00008aab  NewNetwork                                 
00008ad1  TLSConnectNetwork                          
00008bf9  ConnectNetwork                             
00008ca5  registerInterruptHandler                   
00008cb9  CC3100_disable                             
00008cc5  CC3100_enable                              
00008cd1  CC3100_InterruptEnable                     
00008cf3  CC3100_InterruptDisable                    
00008d07  MaskIntHdlr                                
00008d0f  UnMaskIntHdlr                              
00008d17  set_rts                                    
00008d23  clear_rts                                  
00008d2f  initClk                                    
00008da5  stopWDT                                    
00008daf  initLEDs                                   
00008e01  turnLedOn                                  
00008e35  turnLedOff                                 
00008e69  toggleLed                                  
00008e9d  GetLEDStatus                               
00008ed7  initAntSelGPIO                             
00008f0b  SelAntenna                                 
00008f4f  Port1_ISR                                  
00008f51  Delay                                      
00008f81  PORT2_IRQHandler                           
00008fa7  CC3100_UART_ISR                            
00008ff9  init_lcd                                   
00009031  write_buff_to_lcd                          
00009053  show_steps                                 
0000908f  backlight_on                               
000090a3  backlight_off                              
000090af  menu1                                      
00009115  menu2                                      
0000917b  menu3                                      
000091e1  menu4                                      
00009319  init_adc                                   
000093d5  step_track_and_alert                       
0000958d  init_clocks                                
000095f1  SimpleLinkWlanEventHandler                 
0000965d  SimpleLinkNetAppEventHandler               
0000968d  SimpleLinkHttpServerCallback               
0000969b  SimpleLinkSockEventHandler                 
000096db  SimpleLinkGeneralEventHandler              
000098c5  Graphics_initContext                       
0000990f  Graphics_setClipRegion                     
000099d9  Graphics_setBackgroundColor                
000099f3  Graphics_setBackgroundColorTranslated      
00009a09  Graphics_setFont                           
00009a23  Graphics_getFontBaseline                   
00009a31  Graphics_setForegroundColor                
00009a47  Graphics_setForegroundColorTranslated      
00009a59  Graphics_getFontHeight                     
00009a67  Graphics_getFontMaxWidth                   
00009a75  Graphics_getDisplayWidth                   
00009a85  Graphics_getDisplayHeight                  
00009a95  Graphics_getHeightOfDisplay                
00009aa3  Graphics_flushBuffer                       
00009ab1  Graphics_clearDisplay                      
00009ac3  Graphics_drawPixel                         
00009b1d  Graphics_getWidthOfDisplay                 
00009b2d  MQTTSerialize_publishLength                
00009b6b  MQTTSerialize_publish                      
00009c41  MQTTSerialize_ack                          
00009ccb  MQTTSerialize_puback                       
00009cef  MQTTSerialize_pubrel                       
00009d19  MQTTSerialize_pubcomp                      
00009d45  MQTTSerialize_subscribeLength              
00009da9  MQTTSerialize_subscribe                    
00009eab  MQTTDeserialize_suback                     
00009f5d  spi_Close                                  
00009f69  spi_Open                                   
0000a05b  spi_Write                                  
0000a0b5  spi_Read                                   
0000a171  __aeabi_uldivmod                           
0000a365  __aeabi_dsub                               
0000a36f  __aeabi_dadd                               
0000a51d  MQTTSerialize_unsubscribeLength            
0000a581  MQTTSerialize_unsubscribe                  
0000a677  MQTTDeserialize_unsuback                   
0000a6bd  PCM_setPowerStateWithTimeout               
0000a995  MQTTDeserialize_publish                    
0000aa4d  MQTTDeserialize_ack                        
0000aacd  __aeabi_ddiv                               
0000ac03  Graphics_drawPixelOnDisplay                
0000ac2d  Graphics_drawMultiplePixelsOnDisplay       
0000ac71  Graphics_drawHorizontalLineOnDisplay       
0000aca5  Graphics_drawVerticalLineOnDisplay         
0000acd9  Graphics_fillRectangleOnDisplay            
0000acf7  Graphics_translateColorOnDisplay           
0000ad0d  Graphics_flushOnDisplay                    
0000ad1f  Graphics_clearDisplayOnDisplay             
0000ad39  strtol                                     
0000ae6d  _SlNonOsSemSet                             
0000ae85  _SlNonOsSemGet                             
0000aee1  _SlNonOsSpawn                              
0000af31  _SlNonOsMainLoopTask                       
0000af9d  sl_NetCfgSet                               
0000b003  sl_NetCfgGet                               
0000b0ad  _Dscale                                    
0000b1bd  __aeabi_dmul                               
0000b2b9  CS_initClockSignal                         
0000b399  PCM_setPowerModeWithTimeout                
0000b46d  _Dnorm                                     
0000b52d  HAL_LCD_PortInit                           
0000b55d  HAL_LCD_SpiInit                            
0000b593  HAL_LCD_writeCommand                       
0000b5c1  HAL_LCD_writeData                          
0000b5e9  PCM_setCoreVoltageLevelWithTimeout         
0000b691  __aeabi_memcpy                             
0000b691  __aeabi_memcpy4                            
0000b691  __aeabi_memcpy8                            
0000b691  memcpy                                     
0000b72d  __aeabi_cdcmpeq                            
0000b72d  __aeabi_cdcmple                            
0000b7b3  __aeabi_cdrcmple                           
0000b839  _SlDrvFlowContInit                         
0000b877  _SlDrvFlowContDeinit                       
0000b8b9  PCM_gotoLPM3                               
0000b935  SPI_initMaster                             
0000b9b1  __aeabi_memclr                             
0000b9b1  __aeabi_memclr4                            
0000b9b1  __aeabi_memclr8                            
0000b9b3  __aeabi_memset                             
0000b9b3  __aeabi_memset4                            
0000b9b3  __aeabi_memset8                            
0000b9b9  memset                                     
0000ba2d  __TI_auto_init                             
0000bb03  _Dunscale                                  
0000bb69  Interrupt_disableInterrupt                 
0000bbcd  Interrupt_enableInterrupt                  
0000bc31  sprintf                                    
0000bc91  ltoa                                       
0000bce7  ldexp                                      
0000bd39  PCM_shutdownDevice                         
0000bd89  _c_int00                                   
0000bdd9  GPIO_setAsPeripheralModuleFunctionInputPin 
0000be25  GPIO_setAsPeripheralModuleFunctionOutputPin
0000be71  atoi                                       
0000bebd  copy_in                                    
0000bf09  __aeabi_d2iz                               
0000bf51  C$$EXIT                                    
0000bf55  abort                                      
0000bf5d  exit                                       
0000bf95  __aeabi_d2uiz                              
0000bfd9  EUSCIA0_IRQHandler                         
0000bfe5  CLI_Read                                   
0000bffb  CLI_Write                                  
0000c011  CLI_Configure                              
0000c019  signal                                     
0000c059  strtok                                     
0000c099  Interrupt_registerInterrupt                
0000c0cd  feraiseexcept                              
0000c101  GPIO_getEnabledInterruptStatus             
0000c161  strncpy                                    
0000c191  _Dclass                                    
0000c1c1  _Feraise                                   
0000c1f1  __aeabi_i2d                                
0000c21f  raise                                      
0000c24d  PCM_getCoreVoltageLevel                    
0000c279  PCM_getPowerMode                           
0000c2a3  frexp                                      
0000c2cd  strspn                                     
0000c2f9  PCM_gotoLPM0                               
0000c321  strncmp                                    
0000c349  CS_setDCOCenteredFrequency                 
0000c36d  GPIO_setAsOutputPin                        
0000c391  strcspn                                    
0000c3b5  SPI_transmitData                           
0000c3d5  memccpy                                    
0000c3f1  SPI_enableModule                           
0000c40d  ADC14_getResult                            
0000c425  GPIO_clearInterruptFlag                    
0000c43d  GPIO_setOutputLowOnPin                     
0000c455  _args_main                                 
0000c46d  strchr                                     
0000c485  CS_setExternalClockSourceFrequency         
0000c499  GPIO_setOutputHighOnPin                    
0000c4ad  SysTick_enableInterrupt                    
0000c4c1  SysTick_enableModule                       
0000c4d5  _register_unlock                           
0000c4db  _register_lock                             
0000c4e3  _nop                                       
0000c4e9  strlen                                     
0000c4fd  GPIO_getInterruptStatus                    
0000c50d  Interrupt_enableMaster                     
0000c51d  PCM_getPowerState                          
0000c52d  __TI_decompress_none                       
0000c53b  CPU_cpsie                                  
0000c547  EUSCI_A_SPI_enable                         
0000c553  EUSCI_B_SPI_enable                         
0000c561  SysTick_setPeriod                          
0000c56d  __TI_zero_init                             
0000c585  EUSCI_B_SPI_getInterruptStatus             
0000c58d  SysTick_registerInterrupt                  
0000c595  PCM_setPowerMode                           
0000c59b  PCM_setPowerState                          
0000c5a1  __TI_decompress_rle24                      
0000c5a7  CPU_wfi                                    
0000c5ab  EUSCI_A_SPI_transmitData                   
0000c5af  EUSCI_B_SPI_transmitData                   
0000c5b3  _system_pre_init                           
0000c8b0  _ctypes_                                   
0000c9b4  g_sFontFixed6x8                            
0000cc9c  _SlPolicySetCmdCtrl                        
0000cca0  _SlPolicyGetCmdCtrl                        
0000cca4  _SlProfileGetCmdCtrl                       
0000cca8  _SlProfileDelCmdCtrl                       
0000ccac  _SlWlanGetNetworkListCtrl                  
0000ccb0  _SlRxFilterAddtCmdCtrl                     
0000ccb4  _SlRxFilterSetCmdCtrl                      
0000ccb8  _SlRxFilterGetCmdCtrl                      
0000ccbc  _SlSmartConfigStartCmdCtrl                 
0000ccc0  _SlWlanSetModeCmdCtrl                      
0000ccc4  _SlWlanCfgSetCmdCtrl                       
0000ccc8  _SlWlanCfgGetCmdCtrl                       
0000ccd8  _SlActionLookupTable                       
0000cd10  upConfig                                   
0000cd48  _SlSockSocketCmdCtrl                       
0000cd4c  _SlSockCloseCmdCtrl                        
0000cd50  _SlRecvfomCmdCtrl                          
0000cd54  _SlSendCmdCtrl                             
0000cd58  _SlListenCmdCtrl                           
0000cd5c  _SlAcceptCmdCtrl                           
0000cd60  _SlRecvCmdCtrl                             
0000cd64  _SlSetSockOptCmdCtrl                       
0000cd68  _SlGetSockOptCmdCtrl                       
0000cd6c  _SlSelectCmdCtrl                           
0000cdd8  g_sCrystalfontz128x128                     
0000ce2c  _SlNetAppStartCtrl                         
0000ce30  _SlNetAppStopCtrl                          
0000ce34  _SlGetServiceListeCtrl                     
0000ce38  _SlRegisterServiceCtrl                     
0000ce3c  _SlGetHostByServiceCtrl                    
0000ce40  _SlGetHostByNameCtrl                       
0000ce44  _SlNetAppSetCmdCtrl                        
0000ce48  _SlNetAppSendTokenValueCmdCtrl             
0000ce4c  _SlNetAppGetCmdCtrl                        
0000ce84  _SlStopCmdCtrl                             
0000ce88  _SlEventMaskSetCmdCtrl                     
0000ce8c  _SlEventMaskGetCmdCtrl                     
0000ce90  _SlDeviceGetCmdCtrl                        
0000ce94  _SlDeviceSetCmdCtrl                        
0000ce98  g_H2NSyncPattern                           
0000cea0  g_H2NCnysPattern                           
0000ceac  port_mapping                               
0000ced4  _SlNetCfgSetCmdCtrl                        
0000ced8  _SlNetCfgGetCmdCtrl                        
0000cf44  __TI_Handler_Table_Base                    
0000cf50  __TI_Handler_Table_Limit                   
0000cf60  __TI_CINIT_Base                            
0000cf78  __TI_CINIT_Limit                           
20000000  g_pfnRAMVectors                            
200000e4  g_AppData                                  
2000072c  old_diffs_x                                
20000d6c  old_diffs_y                                
200013ac  old_diffs_z                                
200019ec  g_StatMem                                  
20001b50  hMQTTClient                                
20001bac  g__SlNonOsCB                               
20001bd4  g_sContext                                 
20001bf0  n                                          
20001c00  MilliTimer                                 
20001c10  Lcd_ScreenHeigth                           
20001c12  Lcd_ScreenWidth                            
20001c14  Lcd_TouchTrim                              
20001c16  IntIsMasked                                
20001c17  Lcd_FlagRead                               
20001c18  Lcd_FontSolid                              
20001c19  Lcd_Orientation                            
20001c1a  Lcd_PenSolid                               
20001cd0  _Denorm                                    
20001ce0  _Eps                                       
20001cf0  _Hugeval                                   
20001d00  _Inf                                       
20001d10  _Nan                                       
20001d20  _Snan                                      
20001d30  _Rteps                                     
20001d40  _Xbig                                      
20001d48  _Zero                                      
20001d50  old_x                                      
20001d54  old_y                                      
20001d58  old_z                                      
20001d5c  new_x                                      
20001d60  new_y                                      
20001d64  new_z                                      
20001d68  average_x                                  
20001d6c  average_y                                  
20001d70  average_z                                  
20001d74  counter                                    
20001d78  loop_index                                 
20001d7c  S1buttonDebounce                           
20001d80  S2buttonDebounce                           
20001d84  publishID                                  
20001d88  g_Status                                   
20001d8c  uniqueID                                   
20001d98  goal_steps                                 
20001d9c  steps_taken                                
20001da0  menu_state                                 
20001da4  step_string                                
20001db4  g_pCB                                      
20001db8  pPingCallBackFunc                          
20001dbc  gFirstCmdMode                              
20001dc0  _lock                                      
20001dc4  _unlock                                    
20001dc8  __TI_cleanup_ptr                           
20001dcc  __TI_dtors_ptr                             
20001dd0  _Fenv                                      
20001dd4  _Tls_setup__Fenv                           
20001dd8  pIraEventHandler                           
20001ddc  _Errno                                     
20001de0  main_func_sp                               
2000fe00  __stack                                    
20010000  __STACK_END                                
4000480c  WDTCTL_SYM                                 
ffffffff  __binit__                                  
ffffffff  __c_args__                                 
ffffffff  binit                                      
UNDEFED   SHT$$INIT_ARRAY$$Base                      
UNDEFED   SHT$$INIT_ARRAY$$Limit                     

[487 symbols]
