******************************************************************************
                  TI ARM Linker Unix v5.2.6                    
******************************************************************************
>> Linked Thu Apr 28 02:56:13 2016

OUTPUT FILE NAME:   <final_ece461.out>
ENTRY POINT SYMBOL: "_c_int00"  address: 00009d75


MEMORY CONFIGURATION

         name            origin    length      used     unused   attr    fill
----------------------  --------  ---------  --------  --------  ----  --------
  MAIN                  00000000   00040000  0000aaee  00035512  R  X
  INFO                  00200000   00004000  00000000  00004000  R  X
  SRAM_CODE             01000000   00010000  00000000  00010000  RW X
  SRAM_DATA             20000000   00010000  00000b9f  0000f461  RW  


SEGMENT ALLOCATION MAP

run origin  load origin   length   init length attrs members
----------  ----------- ---------- ----------- ----- -------
00000000    00000000    0000aaf0   0000aaf0    r-x
  00000000    00000000    00000144   00000144    r-- .intvecs
  00000144    00000144    0000a192   0000a192    r-x .text
  0000a2d8    0000a2d8    000007b8   000007b8    r-- .const
  0000aa90    0000aa90    00000060   00000060    r-- .cinit
20000000    20000000    000009a0   00000000    rw-
  20000000    20000000    000000e4   00000000    rw- .vtable
  200000e4    200000e4    00000877   00000000    rw- .bss
  2000095c    2000095c    00000044   00000000    rw- .data
2000fe00    2000fe00    00000200   00000000    rw-
  2000fe00    2000fe00    00000200   00000000    rw- .stack


SECTION ALLOCATION MAP

 output                                  attributes/
section   page    origin      length       input sections
--------  ----  ----------  ----------   ----------------
.intvecs   0    00000000    00000144     
                  00000000    00000144     msp432_startup_ccs.obj (.intvecs:retain)

.text      0    00000144    0000a192     
                  00000144    00002024     driver.obj (.text)
                  00002168    00000ed4     socket.obj (.text)
                  0000303c    00000b44     netapp.obj (.text)
                  00003b80    00000ab8     wlan.obj (.text)
                  00004638    00000a00     MQTTClient.obj (.text)
                  00005038    00000678     Crystalfontz128x128_ST7735.obj (.text)
                  000056b0    00000630     string.obj (.text)
                  00005ce0    000005b4     device.obj (.text)
                  00006294    000004b0     myinit.obj (.text)
                  00006744    0000049c     main.obj (.text)
                  00006be0    00000490     line.obj (.text)
                  00007070    000003f8     MQTTPacket.obj (.text)
                  00007468    000003ac     MQTTConnectClient.obj (.text)
                  00007814    00000388     MQTTCC3100.obj (.text)
                  00007b9c    00000354     board.obj (.text)
                  00007ef0    000002d4     events.obj (.text)
                  000081c4    000002ac     lcd_display.obj (.text)
                  00008470    00000266     context.obj (.text)
                  000086d6    00000002     --HOLE-- [fill = 0]
                  000086d8    00000218     MQTTSerializePublish.obj (.text)
                  000088f0    00000218     MQTTSubscribeClient.obj (.text)
                  00008b08    00000214     spi_cc3100.obj (.text)
                  00008d1c    000001a0     MQTTUnsubscribeClient.obj (.text)
                  00008ebc    00000182     msp432p4xx_driverlib.lib : pcm.o (.text:PCM_setPowerStateWithTimeout)
                  0000903e    00000002     --HOLE-- [fill = 0]
                  00009040    00000138     MQTTDeserializePublish.obj (.text)
                  00009178    00000134     display.obj (.text)
                  000092ac    00000130     nonos.obj (.text)
                  000093dc    00000110     netcfg.obj (.text)
                  000094ec    000000f0     ped_adc.obj (.text)
                  000095dc    000000e0     msp432p4xx_driverlib.lib : cs.o (.text:CS_initClockSignal)
                  000096bc    000000d4                              : pcm.o (.text:PCM_setPowerModeWithTimeout)
                  00009790    000000bc     HAL_MSP_EXP432P401R_Crystalfontz128x128_ST7735.obj (.text)
                  0000984c    000000a8     msp432p4xx_driverlib.lib : pcm.o (.text:PCM_setCoreVoltageLevelWithTimeout)
                  000098f4    0000009c     rtsv7M4_T_le_v4SPD16_eabi.lib : memcpy_t2.obj (.text)
                  00009990    00000080     flowcont.obj (.text)
                  00009a10    0000007c     msp432p4xx_driverlib.lib : pcm.o (.text:PCM_gotoLPM3)
                  00009a8c    0000007c                              : spi.o (.text:SPI_initMaster)
                  00009b08    0000007a     rtsv7M4_T_le_v4SPD16_eabi.lib : memset_t2.obj (.text)
                  00009b82    00000002     --HOLE-- [fill = 0]
                  00009b84    0000006c                                   : autoinit.obj (.text)
                  00009bf0    0000006a                                   : copy_decompress_rle.obj (.text)
                  00009c5a    00000002     --HOLE-- [fill = 0]
                  00009c5c    00000064     msp432p4xx_driverlib.lib : interrupt.o (.text:Interrupt_disableInterrupt)
                  00009cc0    00000064                              : interrupt.o (.text:Interrupt_enableInterrupt)
                  00009d24    00000050                              : pcm.o (.text:PCM_shutdownDevice)
                  00009d74    00000050     rtsv7M4_T_le_v4SPD16_eabi.lib : boot.obj (.text)
                  00009dc4    0000004c     msp432p4xx_driverlib.lib : gpio.o (.text:GPIO_setAsPeripheralModuleFunctionInputPin)
                  00009e10    0000004c                              : gpio.o (.text:GPIO_setAsPeripheralModuleFunctionOutputPin)
                  00009e5c    0000004c     rtsv7M4_T_le_v4SPD16_eabi.lib : cpy_tbl.obj (.text)
                  00009ea8    00000044                                   : exit.obj (.text)
                  00009eec    00000040     cli_uart.obj (.text)
                  00009f2c    00000034     msp432p4xx_driverlib.lib : interrupt.o (.text:Interrupt_registerInterrupt)
                  00009f60    00000030                              : gpio.o (.text:GPIO_getEnabledInterruptStatus)
                  00009f90    00000030                              : gpio.o (.text:GPIO_setAsInputPinWithPullUpResistor)
                  00009fc0    00000030                              : spi.o (.text:is_A_Module)
                  00009ff0    0000002c                              : pcm.o (.text:PCM_getCoreVoltageLevel)
                  0000a01c    0000002a                              : pcm.o (.text:PCM_getPowerMode)
                  0000a046    00000002     --HOLE-- [fill = 0]
                  0000a048    00000028                              : pcm.o (.text:PCM_gotoLPM0)
                  0000a070    00000026     rtsv7M4_T_le_v4SPD16_eabi.lib : strncmp.obj (.text)
                  0000a096    00000002     --HOLE-- [fill = 0]
                  0000a098    00000024     msp432p4xx_driverlib.lib : cs.o (.text:CS_setDCOCenteredFrequency)
                  0000a0bc    00000024                              : gpio.o (.text:GPIO_setAsOutputPin)
                  0000a0e0    00000020                              : gpio.o (.text:GPIO_interruptEdgeSelect)
                  0000a100    00000020                              : spi.o (.text:SPI_transmitData)
                  0000a120    0000001a                              : spi.o (.text:SPI_enableModule)
                  0000a13a    00000002     --HOLE-- [fill = 0]
                  0000a13c    00000018                              : gpio.o (.text:GPIO_clearInterruptFlag)
                  0000a154    00000018                              : gpio.o (.text:GPIO_setOutputLowOnPin)
                  0000a16c    00000018     rtsv7M4_T_le_v4SPD16_eabi.lib : args_main.obj (.text)
                  0000a184    00000014     msp432p4xx_driverlib.lib : cs.o (.text:CS_setExternalClockSourceFrequency)
                  0000a198    00000014                              : gpio.o (.text:GPIO_enableInterrupt)
                  0000a1ac    00000014                              : gpio.o (.text:GPIO_setOutputHighOnPin)
                  0000a1c0    00000014                              : systick.o (.text:SysTick_enableInterrupt)
                  0000a1d4    00000014                              : systick.o (.text:SysTick_enableModule)
                  0000a1e8    00000014     rtsv7M4_T_le_v4SPD16_eabi.lib : _lock.obj (.text)
                  0000a1fc    00000014                                   : strlen.obj (.text)
                  0000a210    00000010     msp432p4xx_driverlib.lib : gpio.o (.text:GPIO_getInterruptStatus)
                  0000a220    00000010                              : interrupt.o (.text:Interrupt_enableMaster)
                  0000a230    00000010                              : pcm.o (.text:PCM_getPowerState)
                  0000a240    0000000e     rtsv7M4_T_le_v4SPD16_eabi.lib : copy_decompress_none.obj (.text:decompress:none)
                  0000a24e    0000000c     msp432p4xx_driverlib.lib : cpu.o (.text:CPU_cpsie)
                  0000a25a    0000000c                              : spi.o (.text:EUSCI_A_SPI_enable)
                  0000a266    0000000c                              : spi.o (.text:EUSCI_B_SPI_enable)
                  0000a272    00000002     --HOLE-- [fill = 0]
                  0000a274    0000000c                              : systick.o (.text:SysTick_setPeriod)
                  0000a280    0000000c                              : timer_a.o (.text:Timer_A_stopTimer)
                  0000a28c    0000000c     rtsv7M4_T_le_v4SPD16_eabi.lib : copy_zero_init.obj (.text:decompress:ZI)
                  0000a298    0000000c     msp432_startup_ccs.obj (.text)
                  0000a2a4    00000008     msp432p4xx_driverlib.lib : spi.o (.text:EUSCI_B_SPI_getInterruptStatus)
                  0000a2ac    00000008                              : systick.o (.text:SysTick_registerInterrupt)
                  0000a2b4    00000006                              : pcm.o (.text:PCM_setPowerMode)
                  0000a2ba    00000006                              : pcm.o (.text:PCM_setPowerState)
                  0000a2c0    00000006     rtsv7M4_T_le_v4SPD16_eabi.lib : copy_decompress_rle.obj (.text:decompress:rle24)
                  0000a2c6    00000004     msp432p4xx_driverlib.lib : cpu.o (.text:CPU_wfi)
                  0000a2ca    00000004                              : spi.o (.text:EUSCI_A_SPI_transmitData)
                  0000a2ce    00000004                              : spi.o (.text:EUSCI_B_SPI_transmitData)
                  0000a2d2    00000004     rtsv7M4_T_le_v4SPD16_eabi.lib : pre_init.obj (.text)

.const     0    0000a2d8    000007b8     
                  0000a2d8    000002f8     fontfixed6x8.obj (.const:.string:g_pucFontFixed6x8Data)
                  0000a5d0    000000c8     fontfixed6x8.obj (.const:g_sFontFixed6x8)
                  0000a698    000000b0     wlan.obj (.const:$P$T0$1)
                  0000a748    00000058     main.obj (.const:$P$T0$1)
                  0000a7a0    00000058     MQTTClient.obj (.const:$P$T1$2)
                  0000a7f8    00000040     msp432p4xx_driverlib.lib : interrupt.o (.const)
                  0000a838    0000003c     wlan.obj (.const)
                  0000a874    00000038     driver.obj (.const:_SlActionLookupTable)
                  0000a8ac    00000038     myinit.obj (.const)
                  0000a8e4    00000034     socket.obj (.const)
                  0000a918    00000030     msp432p4xx_driverlib.lib : gpio.o (.const:GPIO_PORT_TO_BASE)
                  0000a948    0000002c     myinit.obj (.const:$P$T0$1)
                  0000a974    0000002c     Crystalfontz128x128_ST7735.obj (.const:g_sCrystalfontz128x128)
                  0000a9a0    00000028     MQTTClient.obj (.const)
                  0000a9c8    00000028     netapp.obj (.const)
                  0000a9f0    0000001c     HAL_MSP_EXP432P401R_Crystalfontz128x128_ST7735.obj (.const)
                  0000aa0c    00000014     MQTTConnectClient.obj (.const)
                  0000aa20    00000014     device.obj (.const)
                  0000aa34    00000014     driver.obj (.const)
                  0000aa48    0000000f     lcd_display.obj (.const:.string)
                  0000aa57    00000008     main.obj (.const:.string)
                  0000aa5f    00000001     --HOLE-- [fill = 0]
                  0000aa60    00000008     Crystalfontz128x128_ST7735.obj (.const)
                  0000aa68    00000008     MQTTDeserializePublish.obj (.const)
                  0000aa70    00000008     MQTTSerializePublish.obj (.const)
                  0000aa78    00000008     MQTTSubscribeClient.obj (.const)
                  0000aa80    00000008     netcfg.obj (.const)
                  0000aa88    00000004     MQTTPacket.obj (.const)
                  0000aa8c    00000004     MQTTUnsubscribeClient.obj (.const)

.cinit     0    0000aa90    00000060     
                  0000aa90    00000029     (.cinit..data.load) [load image, compression = rle]
                  0000aab9    00000003     --HOLE-- [fill = 0]
                  0000aabc    0000000c     (__TI_handler_table)
                  0000aac8    00000008     (.cinit..bss.load) [load image, compression = zero_init]
                  0000aad0    00000008     (.cinit..vtable.load) [load image, compression = zero_init]
                  0000aad8    00000018     (__TI_cinit_table)

.init_array 
*          0    00000000    00000000     UNINITIALIZED

.vtable    0    20000000    000000e4     UNINITIALIZED
                  20000000    000000e4     msp432p4xx_driverlib.lib : interrupt.o (.vtable)

.bss       0    200000e4    00000877     UNINITIALIZED
                  200000e4    00000648     myinit.obj (.bss:g_AppData)
                  2000072c    00000164     driver.obj (.bss:g_StatMem)
                  20000890    0000005c     main.obj (.bss:hMQTTClient)
                  200008ec    00000028     nonos.obj (.bss:g__SlNonOsCB)
                  20000914    0000001c     (.common:g_sContext)
                  20000930    00000010     (.common:n)
                  20000940    00000004     (.common:MilliTimer)
                  20000944    00000004     (.common:bufptr)
                  20000948    00000004     (.common:hfxtFreq)
                  2000094c    00000004     (.common:lfxtFreq)
                  20000950    00000002     (.common:Lcd_ScreenHeigth)
                  20000952    00000002     (.common:Lcd_ScreenWidth)
                  20000954    00000002     (.common:Lcd_TouchTrim)
                  20000956    00000001     (.common:IntIsMasked)
                  20000957    00000001     (.common:Lcd_FlagRead)
                  20000958    00000001     (.common:Lcd_FontSolid)
                  20000959    00000001     (.common:Lcd_Orientation)
                  2000095a    00000001     (.common:Lcd_PenSolid)

.TI.noinit 
*          0    200000e4    00000000     UNINITIALIZED

.data      0    2000095c    00000044     UNINITIALIZED
                  2000095c    0000001d     main.obj (.data)
                  20000979    00000003     --HOLE--
                  2000097c    00000009     driver.obj (.data)
                  20000985    00000003     --HOLE--
                  20000988    00000008     rtsv7M4_T_le_v4SPD16_eabi.lib : _lock.obj (.data)
                  20000990    00000008                                   : exit.obj (.data)
                  20000998    00000004     board.obj (.data)
                  2000099c    00000004     rtsv7M4_T_le_v4SPD16_eabi.lib : stkdepth_vars.obj (.data)

.TI.persistent 
*          0    2000095c    00000000     UNINITIALIZED

.stack     0    2000fe00    00000200     UNINITIALIZED
                  2000fe00    00000200     --HOLE--


LINKER GENERATED COPY TABLES

__TI_cinit_table @ 0000aad8 records: 3, size/record: 8, table size: 24
	.data: load addr=0000aa90, load size=00000029 bytes, run addr=2000095c, run size=00000044 bytes, compression=rle
	.bss: load addr=0000aac8, load size=00000008 bytes, run addr=200000e4, run size=00000877 bytes, compression=zero_init
	.vtable: load addr=0000aad0, load size=00000008 bytes, run addr=20000000, run size=000000e4 bytes, compression=zero_init


LINKER GENERATED HANDLER TABLE

__TI_handler_table @ 0000aabc records: 3, size/record: 4, table size: 12
	index: 0, handler: __TI_zero_init
	index: 1, handler: __TI_decompress_rle24
	index: 2, handler: __TI_decompress_none


GLOBAL SYMBOLS: SORTED ALPHABETICALLY BY Name 

address   name                                       
-------   ----                                       
00009ea9  C$$EXIT                                    
00007beb  CC3100_InterruptDisable                    
00007bc9  CC3100_InterruptEnable                     
00007e9f  CC3100_UART_ISR                            
00007bb1  CC3100_disable                             
00007bbd  CC3100_enable                              
00009f25  CLI_Configure                              
00009ef9  CLI_Read                                   
00009f0f  CLI_Write                                  
0000a24f  CPU_cpsie                                  
0000a2c7  CPU_wfi                                    
000095dd  CS_initClockSignal                         
0000a099  CS_setDCOCenteredFrequency                 
0000a185  CS_setExternalClockSourceFrequency         
00007af1  ConnectNetwork                             
0000369d  CopyPingResultsToReport                    
00005039  Crystalfontz128x128_Init                   
0000514d  Crystalfontz128x128_SetDrawFrame           
0000527b  Crystalfontz128x128_SetOrientation         
00007e49  Delay                                      
00009eed  EUSCIA0_IRQHandler                         
0000a25b  EUSCI_A_SPI_enable                         
0000a2cb  EUSCI_A_SPI_transmitData                   
0000a267  EUSCI_B_SPI_enable                         
0000a2a5  EUSCI_B_SPI_getInterruptStatus             
0000a2cf  EUSCI_B_SPI_transmitData                   
0000a13d  GPIO_clearInterruptFlag                    
0000a199  GPIO_enableInterrupt                       
00009f61  GPIO_getEnabledInterruptStatus             
0000a211  GPIO_getInterruptStatus                    
0000a0e1  GPIO_interruptEdgeSelect                   
00009f91  GPIO_setAsInputPinWithPullUpResistor       
0000a0bd  GPIO_setAsOutputPin                        
00009dc5  GPIO_setAsPeripheralModuleFunctionInputPin 
00009e11  GPIO_setAsPeripheralModuleFunctionOutputPin
0000a1ad  GPIO_setOutputHighOnPin                    
0000a155  GPIO_setOutputLowOnPin                     
00007d95  GetLEDStatus                               
0000865d  Graphics_clearDisplay                      
00009295  Graphics_clearDisplayOnDisplay             
000091e7  Graphics_drawHorizontalLineOnDisplay       
00006efd  Graphics_drawLine                          
00006be1  Graphics_drawLineH                         
00006c7d  Graphics_drawLineV                         
000091a3  Graphics_drawMultiplePixelsOnDisplay       
0000866f  Graphics_drawPixel                         
00009179  Graphics_drawPixelOnDisplay                
000057eb  Graphics_drawString                        
00005c79  Graphics_drawStringCentered                
0000921b  Graphics_drawVerticalLineOnDisplay         
0000924f  Graphics_fillRectangleOnDisplay            
0000864f  Graphics_flushBuffer                       
00009283  Graphics_flushOnDisplay                    
00008631  Graphics_getDisplayHeight                  
00008621  Graphics_getDisplayWidth                   
000085cf  Graphics_getFontBaseline                   
00008605  Graphics_getFontHeight                     
00008613  Graphics_getFontMaxWidth                   
00008641  Graphics_getHeightOfDisplay                
00005c69  Graphics_getStringBaseline                 
00005cc1  Graphics_getStringHeight                   
00005cd1  Graphics_getStringMaxWidth                 
000056f1  Graphics_getStringWidth                    
000086c9  Graphics_getWidthOfDisplay                 
00008471  Graphics_initContext                       
00008585  Graphics_setBackgroundColor                
0000859f  Graphics_setBackgroundColorTranslated      
000084bb  Graphics_setClipRegion                     
000085b5  Graphics_setFont                           
000085dd  Graphics_setForegroundColor                
000085f3  Graphics_setForegroundColorTranslated      
0000926d  Graphics_translateColorOnDisplay           
00009791  HAL_LCD_PortInit                           
000097c1  HAL_LCD_SpiInit                            
000097f7  HAL_LCD_writeCommand                       
00009825  HAL_LCD_writeData                          
00007897  InitTimer                                  
20000956  IntIsMasked                                
00009c5d  Interrupt_disableInterrupt                 
00009cc1  Interrupt_enableInterrupt                  
0000a221  Interrupt_enableMaster                     
00009f2d  Interrupt_registerInterrupt                
20000957  Lcd_FlagRead                               
20000958  Lcd_FontSolid                              
20000959  Lcd_Orientation                            
2000095a  Lcd_PenSolid                               
20000950  Lcd_ScreenHeigth                           
20000952  Lcd_ScreenWidth                            
20000954  Lcd_TouchTrim                              
000046f7  MQTTClient                                 
00004c41  MQTTConnect                                
000090f9  MQTTDeserialize_ack                        
000076db  MQTTDeserialize_connack                    
00009041  MQTTDeserialize_publish                    
00008a57  MQTTDeserialize_suback                     
00008e77  MQTTDeserialize_unsuback                   
00004fe7  MQTTDisconnect                             
000070c7  MQTTPacket_decode                          
000071ad  MQTTPacket_decodeBuf                       
00007071  MQTTPacket_encode                          
00007389  MQTTPacket_equals                          
0000712f  MQTTPacket_len                             
000073ed  MQTTPacket_read                            
00004ebd  MQTTPublish                                
000087ed  MQTTSerialize_ack                          
00007521  MQTTSerialize_connect                      
00007469  MQTTSerialize_connectLength                
000077cb  MQTTSerialize_disconnect                   
000077e1  MQTTSerialize_pingreq                      
00008877  MQTTSerialize_puback                       
000088c5  MQTTSerialize_pubcomp                      
00008717  MQTTSerialize_publish                      
000086d9  MQTTSerialize_publishLength                
0000889b  MQTTSerialize_pubrel                       
00008955  MQTTSerialize_subscribe                    
000088f1  MQTTSerialize_subscribeLength              
00008d81  MQTTSerialize_unsubscribe                  
00008d1d  MQTTSerialize_unsubscribeLength            
00007763  MQTTSerialize_zero                         
00004d0b  MQTTSubscribe                              
00004e13  MQTTUnsubscribe                            
00004bcd  MQTTYield                                  
0000735d  MQTTstrlen                                 
00007bff  MaskIntHdlr                                
20000940  MilliTimer                                 
00004639  NewMessageData                             
000079a3  NewNetwork                                 
00009ff1  PCM_getCoreVoltageLevel                    
0000a01d  PCM_getPowerMode                           
0000a231  PCM_getPowerState                          
0000a049  PCM_gotoLPM0                               
00009a11  PCM_gotoLPM3                               
0000984d  PCM_setCoreVoltageLevelWithTimeout         
0000a2b5  PCM_setPowerMode                           
000096bd  PCM_setPowerModeWithTimeout                
0000a2bb  PCM_setPowerState                          
00008ebd  PCM_setPowerStateWithTimeout               
00009d25  PCM_shutdownDevice                         
0000677b  PORT1_IRQHandler                           
00007e79  PORT2_IRQHandler                           
00007e47  Port1_ISR                                  
2000095c  S1buttonDebounce                           
20000960  S2buttonDebounce                           
UNDEFED   SHT$$INIT_ARRAY$$Base                      
UNDEFED   SHT$$INIT_ARRAY$$Limit                     
00002f3f  SL_FD_CLR                                  
00002f65  SL_FD_ISSET                                
00002f1d  SL_FD_SET                                  
00002f8d  SL_FD_ZERO                                 
0000a121  SPI_enableModule                           
00009a8d  SPI_initMaster                             
0000a101  SPI_transmitData                           
00007e03  SelAntenna                                 
00007fdb  SimpleLinkGeneralEventHandler              
00007f8d  SimpleLinkHttpServerCallback               
00007f5d  SimpleLinkNetAppEventHandler               
00007f9b  SimpleLinkSockEventHandler                 
00007ef1  SimpleLinkWlanEventHandler                 
00007815  SysTick_Handler                            
0000a1c1  SysTick_enableInterrupt                    
0000a1d5  SysTick_enableModule                       
0000a2ad  SysTick_registerInterrupt                  
0000a275  SysTick_setPeriod                          
000067dd  TA1_0_IRQHandler                           
000079c9  TLSConnectNetwork                          
0000a281  Timer_A_stopTimer                          
00007c07  UnMaskIntHdlr                              
4000480c  WDTCTL_SYM                                 
0000a8f8  _SlAcceptCmdCtrl                           
0000a874  _SlActionLookupTable                       
00001011  _SlAsyncEventGenericHandler                
0000aa2c  _SlDeviceGetCmdCtrl                        
0000aa30  _SlDeviceSetCmdCtrl                        
00001a23  _SlDrvBasicCmd                             
000016d9  _SlDrvClassifyRxMsg                        
0000030f  _SlDrvCmdOp                                
000003bf  _SlDrvCmdSend                              
00000415  _SlDrvDataReadOp                           
00000619  _SlDrvDataWriteOp                          
00006215  _SlDrvDeviceEventHandler                   
00000229  _SlDrvDriverCBDeinit                       
00000145  _SlDrvDriverCBInit                         
000099cf  _SlDrvFlowContDeinit                       
00009991  _SlDrvFlowContInit                         
000009dd  _SlDrvMsgRead                              
000014f5  _SlDrvMsgReadCmdCtx                        
000015ef  _SlDrvMsgReadSpawnCtx                      
000007e9  _SlDrvMsgWrite                             
00003a6d  _SlDrvNetAppEventHandler                   
00001f17  _SlDrvObjDeInit                            
00001e9b  _SlDrvObjInit                              
00001c91  _SlDrvReleasePoolObj                       
0000181d  _SlDrvRxHdrRead                            
000002cd  _SlDrvRxIrqHandler                         
000017d7  _SlDrvShiftDWord                           
00001a89  _SlDrvWaitForPoolObj                       
0000aa28  _SlEventMaskGetCmdCtrl                     
0000aa24  _SlEventMaskSetCmdCtrl                     
00001ff9  _SlFindAndSetActiveObj                     
0000a9dc  _SlGetHostByNameCtrl                       
0000a9d8  _SlGetHostByServiceCtrl                    
0000a9d0  _SlGetServiceListeCtrl                     
0000a904  _SlGetSockOptCmdCtrl                       
0000a8f4  _SlListenCmdCtrl                           
0000a9e8  _SlNetAppGetCmdCtrl                        
0000a9e4  _SlNetAppSendTokenValueCmdCtrl             
0000a9e0  _SlNetAppSetCmdCtrl                        
0000a9c8  _SlNetAppStartCtrl                         
0000a9cc  _SlNetAppStopCtrl                          
0000aa84  _SlNetCfgGetCmdCtrl                        
0000aa80  _SlNetCfgSetCmdCtrl                        
00009371  _SlNonOsMainLoopTask                       
000092c5  _SlNonOsSemGet                             
000092ad  _SlNonOsSemSet                             
00009321  _SlNonOsSpawn                              
0000a83c  _SlPolicyGetCmdCtrl                        
0000a838  _SlPolicySetCmdCtrl                        
0000a844  _SlProfileDelCmdCtrl                       
0000a840  _SlProfileGetCmdCtrl                       
0000a8fc  _SlRecvCmdCtrl                             
0000a8ec  _SlRecvfomCmdCtrl                          
0000a9d4  _SlRegisterServiceCtrl                     
00001f37  _SlRemoveFromList                          
0000a84c  _SlRxFilterAddtCmdCtrl                     
0000a854  _SlRxFilterGetCmdCtrl                      
0000a850  _SlRxFilterSetCmdCtrl                      
0000a908  _SlSelectCmdCtrl                           
0000a8f0  _SlSendCmdCtrl                             
0000a900  _SlSetSockOptCmdCtrl                       
0000a858  _SlSmartConfigStartCmdCtrl                 
0000a8e8  _SlSockCloseCmdCtrl                        
0000a8e4  _SlSockSocketCmdCtrl                       
0000aa20  _SlStopCmdCtrl                             
0000a864  _SlWlanCfgGetCmdCtrl                       
0000a860  _SlWlanCfgSetCmdCtrl                       
0000a848  _SlWlanGetNetworkListCtrl                  
0000a85c  _SlWlanSetModeCmdCtrl                      
20010000  __STACK_END                                
00000200  __STACK_SIZE                               
0000aad8  __TI_CINIT_Base                            
0000aaf0  __TI_CINIT_Limit                           
0000aabc  __TI_Handler_Table_Base                    
0000aac8  __TI_Handler_Table_Limit                   
00009b85  __TI_auto_init                             
20000990  __TI_cleanup_ptr                           
0000a241  __TI_decompress_none                       
0000a2c1  __TI_decompress_rle24                      
20000994  __TI_dtors_ptr                             
00000000  __TI_static_base__                         
0000a28d  __TI_zero_init                             
00009b09  __aeabi_memclr                             
00009b09  __aeabi_memclr4                            
00009b09  __aeabi_memclr8                            
000098f5  __aeabi_memcpy                             
000098f5  __aeabi_memcpy4                            
000098f5  __aeabi_memcpy8                            
00009b0b  __aeabi_memset                             
00009b0b  __aeabi_memset4                            
00009b0b  __aeabi_memset8                            
ffffffff  __binit__                                  
ffffffff  __c_args__                                 
2000fe00  __stack                                    
0000a16d  _args_main                                 
00009d75  _c_int00                                   
20000988  _lock                                      
0000a1f7  _nop                                       
0000a1ef  _register_lock                             
0000a1e9  _register_unlock                           
00002169  _sl_BuildAddress                           
00005ce1  _sl_GetStartResponseConvert                
00002b7d  _sl_HandleAsync_Accept                     
00002777  _sl_HandleAsync_Connect                    
00003485  _sl_HandleAsync_DnsGetHostByAddr           
000035d9  _sl_HandleAsync_DnsGetHostByName           
000033b5  _sl_HandleAsync_DnsGetHostByService        
00005e45  _sl_HandleAsync_InitComplete               
000036d9  _sl_HandleAsync_PingResponse               
00002fa5  _sl_HandleAsync_Select                     
00005ef7  _sl_HandleAsync_Stop                       
00002281  _sl_ParseAddress                           
000021b9  _sl_TruncatePayloadByProtocol              
0000a2d3  _system_pre_init                           
2000098c  _unlock                                    
00009ead  abort                                      
0000843d  backlight_off                              
00008429  backlight_on                               
ffffffff  binit                                      
00007175  bufchar                                    
00007993  cc3100_disconnect                          
000078a7  cc3100_read                                
00007929  cc3100_write                               
00007c1b  clear_rts                                  
000082d3  combine_ints_to_string                     
00006295  configureSimpleLinkToDefaultState          
00009e5d  copy_in                                    
00007857  countdown                                  
0000783f  countdown_ms                               
00004a61  cycle                                      
00004769  decodePacket                               
00004943  deliverMessage                             
00006483  establishConnectionWithAP                  
00009eb5  exit                                       
0000781f  expired                                    
20000984  gFirstCmdMode                              
200000e4  g_AppData                                  
0000aa3c  g_H2NCnysPattern                           
0000aa34  g_H2NSyncPattern                           
2000072c  g_StatMem                                  
2000096c  g_Status                                   
200008ec  g__SlNonOsCB                               
2000097c  g_pCB                                      
20000000  g_pfnRAMVectors                            
20000914  g_sContext                                 
0000a974  g_sCrystalfontz128x128                     
0000a5d0  g_sFontFixed6x8                            
00007299  getLenStringLen                            
00004653  getNextPacketId                            
20000890  hMQTTClient                                
00007dcf  initAntSelGPIO                             
00007c27  initClk                                    
00007ca7  initLEDs                                   
000094ed  init_adc                                   
000095a9  init_clocks                                
000081c5  init_lcd                                   
00006505  init_main                                  
000064dd  initializeAppVariables                     
00000000  interruptVectors                           
0000488f  isTopicMatched                             
0000826f  itoa                                       
000049f3  keepalive                                  
00007875  left_ms                                    
20000968  macAddressLen                              
00006745  main                                       
2000099c  main_func_sp                               
000098f5  memcpy                                     
00009b11  memset                                     
000069e1  messageArrived                             
0000683d  mqtt_subscribe                             
20000930  n                                          
20000998  pIraEventHandler                           
20000980  pPingCallBackFunc                          
0000aa57  port_mapping                               
20000964  publishID                                  
000071eb  readChar                                   
000071c3  readInt                                    
00007303  readMQTTLenString                          
000047e5  readPacket                                 
00007b9d  registerInterruptHandler                   
0000821d  reverse                                    
00004677  sendPacket                                 
00006961  send_steps                                 
00007c0f  set_rts                                    
00002979  sl_Accept                                  
0000235b  sl_Bind                                    
00002331  sl_Close                                   
00002621  sl_Connect                                 
00006111  sl_DevGet                                  
000061af  sl_DevSet                                  
000060dd  sl_EventMaskGet                            
000060a3  sl_EventMaskSet                            
00002cfd  sl_GetSockOpt                              
00002afb  sl_Htonl                                   
00002b3d  sl_Htons                                   
00002939  sl_Listen                                  
00003495  sl_NetAppDnsGetHostByName                  
00003285  sl_NetAppDnsGetHostByService               
000039dd  sl_NetAppGet                               
00003085  sl_NetAppGetServiceList                    
00003209  sl_NetAppMDNSRegisterService               
00003155  sl_NetAppMDNSRegisterUnregisterService     
00003245  sl_NetAppMDNSUnRegisterService             
0000379d  sl_NetAppPingStart                         
00003979  sl_NetAppSendTokenValue                    
0000390f  sl_NetAppSet                               
0000303d  sl_NetAppStart                             
00003061  sl_NetAppStop                              
00009443  sl_NetCfgGet                               
000093dd  sl_NetCfgSet                               
00002c15  sl_Recv                                    
000024ff  sl_RecvFrom                                
00002d97  sl_Select                                  
00002829  sl_Send                                    
000023e3  sl_SendTo                                  
00002c91  sl_SetSockOpt                              
000022db  sl_Socket                                  
00005d41  sl_Start                                   
00005f7b  sl_Stop                                    
00005d39  sl_Task                                    
00003b81  sl_WlanConnect                             
00003db3  sl_WlanDisconnect                          
00004581  sl_WlanGet                                 
00004249  sl_WlanGetNetworkList                      
00003e29  sl_WlanPolicyGet                           
00003dbf  sl_WlanPolicySet                           
00003ecd  sl_WlanProfileAdd                          
0000421b  sl_WlanProfileDel                          
00004139  sl_WlanProfileGet                          
000042bb  sl_WlanRxFilterAdd                         
0000437d  sl_WlanRxFilterGet                         
00004329  sl_WlanRxFilterSet                         
0000440b  sl_WlanRxStatGet                           
000043f3  sl_WlanRxStatStart                         
000043ff  sl_WlanRxStatStop                          
0000450d  sl_WlanSet                                 
000044dd  sl_WlanSetMode                             
00004451  sl_WlanSmartConfigStart                    
00004441  sl_WlanSmartConfigStop                     
00008b09  spi_Close                                  
00008b15  spi_Open                                   
00008c61  spi_Read                                   
00008c07  spi_Write                                  
00007c9d  stopWDT                                    
000083bf  string_to_int                              
0000a1fd  strlen                                     
0000a071  strncmp                                    
00007d61  toggleLed                                  
00007d2d  turnLedOff                                 
00007cf9  turnLedOn                                  
20000970  uniqueID                                   
0000a8ac  upConfig                                   
00004c11  waitfor                                    
0000726b  writeCString                               
0000720b  writeChar                                  
0000722b  writeInt                                   
000072b3  writeMQTTString                            
000081fd  write_lcd                                  


GLOBAL SYMBOLS: SORTED BY Symbol Address 

address   name                                       
-------   ----                                       
00000000  __TI_static_base__                         
00000000  interruptVectors                           
00000145  _SlDrvDriverCBInit                         
00000200  __STACK_SIZE                               
00000229  _SlDrvDriverCBDeinit                       
000002cd  _SlDrvRxIrqHandler                         
0000030f  _SlDrvCmdOp                                
000003bf  _SlDrvCmdSend                              
00000415  _SlDrvDataReadOp                           
00000619  _SlDrvDataWriteOp                          
000007e9  _SlDrvMsgWrite                             
000009dd  _SlDrvMsgRead                              
00001011  _SlAsyncEventGenericHandler                
000014f5  _SlDrvMsgReadCmdCtx                        
000015ef  _SlDrvMsgReadSpawnCtx                      
000016d9  _SlDrvClassifyRxMsg                        
000017d7  _SlDrvShiftDWord                           
0000181d  _SlDrvRxHdrRead                            
00001a23  _SlDrvBasicCmd                             
00001a89  _SlDrvWaitForPoolObj                       
00001c91  _SlDrvReleasePoolObj                       
00001e9b  _SlDrvObjInit                              
00001f17  _SlDrvObjDeInit                            
00001f37  _SlRemoveFromList                          
00001ff9  _SlFindAndSetActiveObj                     
00002169  _sl_BuildAddress                           
000021b9  _sl_TruncatePayloadByProtocol              
00002281  _sl_ParseAddress                           
000022db  sl_Socket                                  
00002331  sl_Close                                   
0000235b  sl_Bind                                    
000023e3  sl_SendTo                                  
000024ff  sl_RecvFrom                                
00002621  sl_Connect                                 
00002777  _sl_HandleAsync_Connect                    
00002829  sl_Send                                    
00002939  sl_Listen                                  
00002979  sl_Accept                                  
00002afb  sl_Htonl                                   
00002b3d  sl_Htons                                   
00002b7d  _sl_HandleAsync_Accept                     
00002c15  sl_Recv                                    
00002c91  sl_SetSockOpt                              
00002cfd  sl_GetSockOpt                              
00002d97  sl_Select                                  
00002f1d  SL_FD_SET                                  
00002f3f  SL_FD_CLR                                  
00002f65  SL_FD_ISSET                                
00002f8d  SL_FD_ZERO                                 
00002fa5  _sl_HandleAsync_Select                     
0000303d  sl_NetAppStart                             
00003061  sl_NetAppStop                              
00003085  sl_NetAppGetServiceList                    
00003155  sl_NetAppMDNSRegisterUnregisterService     
00003209  sl_NetAppMDNSRegisterService               
00003245  sl_NetAppMDNSUnRegisterService             
00003285  sl_NetAppDnsGetHostByService               
000033b5  _sl_HandleAsync_DnsGetHostByService        
00003485  _sl_HandleAsync_DnsGetHostByAddr           
00003495  sl_NetAppDnsGetHostByName                  
000035d9  _sl_HandleAsync_DnsGetHostByName           
0000369d  CopyPingResultsToReport                    
000036d9  _sl_HandleAsync_PingResponse               
0000379d  sl_NetAppPingStart                         
0000390f  sl_NetAppSet                               
00003979  sl_NetAppSendTokenValue                    
000039dd  sl_NetAppGet                               
00003a6d  _SlDrvNetAppEventHandler                   
00003b81  sl_WlanConnect                             
00003db3  sl_WlanDisconnect                          
00003dbf  sl_WlanPolicySet                           
00003e29  sl_WlanPolicyGet                           
00003ecd  sl_WlanProfileAdd                          
00004139  sl_WlanProfileGet                          
0000421b  sl_WlanProfileDel                          
00004249  sl_WlanGetNetworkList                      
000042bb  sl_WlanRxFilterAdd                         
00004329  sl_WlanRxFilterSet                         
0000437d  sl_WlanRxFilterGet                         
000043f3  sl_WlanRxStatStart                         
000043ff  sl_WlanRxStatStop                          
0000440b  sl_WlanRxStatGet                           
00004441  sl_WlanSmartConfigStop                     
00004451  sl_WlanSmartConfigStart                    
000044dd  sl_WlanSetMode                             
0000450d  sl_WlanSet                                 
00004581  sl_WlanGet                                 
00004639  NewMessageData                             
00004653  getNextPacketId                            
00004677  sendPacket                                 
000046f7  MQTTClient                                 
00004769  decodePacket                               
000047e5  readPacket                                 
0000488f  isTopicMatched                             
00004943  deliverMessage                             
000049f3  keepalive                                  
00004a61  cycle                                      
00004bcd  MQTTYield                                  
00004c11  waitfor                                    
00004c41  MQTTConnect                                
00004d0b  MQTTSubscribe                              
00004e13  MQTTUnsubscribe                            
00004ebd  MQTTPublish                                
00004fe7  MQTTDisconnect                             
00005039  Crystalfontz128x128_Init                   
0000514d  Crystalfontz128x128_SetDrawFrame           
0000527b  Crystalfontz128x128_SetOrientation         
000056f1  Graphics_getStringWidth                    
000057eb  Graphics_drawString                        
00005c69  Graphics_getStringBaseline                 
00005c79  Graphics_drawStringCentered                
00005cc1  Graphics_getStringHeight                   
00005cd1  Graphics_getStringMaxWidth                 
00005ce1  _sl_GetStartResponseConvert                
00005d39  sl_Task                                    
00005d41  sl_Start                                   
00005e45  _sl_HandleAsync_InitComplete               
00005ef7  _sl_HandleAsync_Stop                       
00005f7b  sl_Stop                                    
000060a3  sl_EventMaskSet                            
000060dd  sl_EventMaskGet                            
00006111  sl_DevGet                                  
000061af  sl_DevSet                                  
00006215  _SlDrvDeviceEventHandler                   
00006295  configureSimpleLinkToDefaultState          
00006483  establishConnectionWithAP                  
000064dd  initializeAppVariables                     
00006505  init_main                                  
00006745  main                                       
0000677b  PORT1_IRQHandler                           
000067dd  TA1_0_IRQHandler                           
0000683d  mqtt_subscribe                             
00006961  send_steps                                 
000069e1  messageArrived                             
00006be1  Graphics_drawLineH                         
00006c7d  Graphics_drawLineV                         
00006efd  Graphics_drawLine                          
00007071  MQTTPacket_encode                          
000070c7  MQTTPacket_decode                          
0000712f  MQTTPacket_len                             
00007175  bufchar                                    
000071ad  MQTTPacket_decodeBuf                       
000071c3  readInt                                    
000071eb  readChar                                   
0000720b  writeChar                                  
0000722b  writeInt                                   
0000726b  writeCString                               
00007299  getLenStringLen                            
000072b3  writeMQTTString                            
00007303  readMQTTLenString                          
0000735d  MQTTstrlen                                 
00007389  MQTTPacket_equals                          
000073ed  MQTTPacket_read                            
00007469  MQTTSerialize_connectLength                
00007521  MQTTSerialize_connect                      
000076db  MQTTDeserialize_connack                    
00007763  MQTTSerialize_zero                         
000077cb  MQTTSerialize_disconnect                   
000077e1  MQTTSerialize_pingreq                      
00007815  SysTick_Handler                            
0000781f  expired                                    
0000783f  countdown_ms                               
00007857  countdown                                  
00007875  left_ms                                    
00007897  InitTimer                                  
000078a7  cc3100_read                                
00007929  cc3100_write                               
00007993  cc3100_disconnect                          
000079a3  NewNetwork                                 
000079c9  TLSConnectNetwork                          
00007af1  ConnectNetwork                             
00007b9d  registerInterruptHandler                   
00007bb1  CC3100_disable                             
00007bbd  CC3100_enable                              
00007bc9  CC3100_InterruptEnable                     
00007beb  CC3100_InterruptDisable                    
00007bff  MaskIntHdlr                                
00007c07  UnMaskIntHdlr                              
00007c0f  set_rts                                    
00007c1b  clear_rts                                  
00007c27  initClk                                    
00007c9d  stopWDT                                    
00007ca7  initLEDs                                   
00007cf9  turnLedOn                                  
00007d2d  turnLedOff                                 
00007d61  toggleLed                                  
00007d95  GetLEDStatus                               
00007dcf  initAntSelGPIO                             
00007e03  SelAntenna                                 
00007e47  Port1_ISR                                  
00007e49  Delay                                      
00007e79  PORT2_IRQHandler                           
00007e9f  CC3100_UART_ISR                            
00007ef1  SimpleLinkWlanEventHandler                 
00007f5d  SimpleLinkNetAppEventHandler               
00007f8d  SimpleLinkHttpServerCallback               
00007f9b  SimpleLinkSockEventHandler                 
00007fdb  SimpleLinkGeneralEventHandler              
000081c5  init_lcd                                   
000081fd  write_lcd                                  
0000821d  reverse                                    
0000826f  itoa                                       
000082d3  combine_ints_to_string                     
000083bf  string_to_int                              
00008429  backlight_on                               
0000843d  backlight_off                              
00008471  Graphics_initContext                       
000084bb  Graphics_setClipRegion                     
00008585  Graphics_setBackgroundColor                
0000859f  Graphics_setBackgroundColorTranslated      
000085b5  Graphics_setFont                           
000085cf  Graphics_getFontBaseline                   
000085dd  Graphics_setForegroundColor                
000085f3  Graphics_setForegroundColorTranslated      
00008605  Graphics_getFontHeight                     
00008613  Graphics_getFontMaxWidth                   
00008621  Graphics_getDisplayWidth                   
00008631  Graphics_getDisplayHeight                  
00008641  Graphics_getHeightOfDisplay                
0000864f  Graphics_flushBuffer                       
0000865d  Graphics_clearDisplay                      
0000866f  Graphics_drawPixel                         
000086c9  Graphics_getWidthOfDisplay                 
000086d9  MQTTSerialize_publishLength                
00008717  MQTTSerialize_publish                      
000087ed  MQTTSerialize_ack                          
00008877  MQTTSerialize_puback                       
0000889b  MQTTSerialize_pubrel                       
000088c5  MQTTSerialize_pubcomp                      
000088f1  MQTTSerialize_subscribeLength              
00008955  MQTTSerialize_subscribe                    
00008a57  MQTTDeserialize_suback                     
00008b09  spi_Close                                  
00008b15  spi_Open                                   
00008c07  spi_Write                                  
00008c61  spi_Read                                   
00008d1d  MQTTSerialize_unsubscribeLength            
00008d81  MQTTSerialize_unsubscribe                  
00008e77  MQTTDeserialize_unsuback                   
00008ebd  PCM_setPowerStateWithTimeout               
00009041  MQTTDeserialize_publish                    
000090f9  MQTTDeserialize_ack                        
00009179  Graphics_drawPixelOnDisplay                
000091a3  Graphics_drawMultiplePixelsOnDisplay       
000091e7  Graphics_drawHorizontalLineOnDisplay       
0000921b  Graphics_drawVerticalLineOnDisplay         
0000924f  Graphics_fillRectangleOnDisplay            
0000926d  Graphics_translateColorOnDisplay           
00009283  Graphics_flushOnDisplay                    
00009295  Graphics_clearDisplayOnDisplay             
000092ad  _SlNonOsSemSet                             
000092c5  _SlNonOsSemGet                             
00009321  _SlNonOsSpawn                              
00009371  _SlNonOsMainLoopTask                       
000093dd  sl_NetCfgSet                               
00009443  sl_NetCfgGet                               
000094ed  init_adc                                   
000095a9  init_clocks                                
000095dd  CS_initClockSignal                         
000096bd  PCM_setPowerModeWithTimeout                
00009791  HAL_LCD_PortInit                           
000097c1  HAL_LCD_SpiInit                            
000097f7  HAL_LCD_writeCommand                       
00009825  HAL_LCD_writeData                          
0000984d  PCM_setCoreVoltageLevelWithTimeout         
000098f5  __aeabi_memcpy                             
000098f5  __aeabi_memcpy4                            
000098f5  __aeabi_memcpy8                            
000098f5  memcpy                                     
00009991  _SlDrvFlowContInit                         
000099cf  _SlDrvFlowContDeinit                       
00009a11  PCM_gotoLPM3                               
00009a8d  SPI_initMaster                             
00009b09  __aeabi_memclr                             
00009b09  __aeabi_memclr4                            
00009b09  __aeabi_memclr8                            
00009b0b  __aeabi_memset                             
00009b0b  __aeabi_memset4                            
00009b0b  __aeabi_memset8                            
00009b11  memset                                     
00009b85  __TI_auto_init                             
00009c5d  Interrupt_disableInterrupt                 
00009cc1  Interrupt_enableInterrupt                  
00009d25  PCM_shutdownDevice                         
00009d75  _c_int00                                   
00009dc5  GPIO_setAsPeripheralModuleFunctionInputPin 
00009e11  GPIO_setAsPeripheralModuleFunctionOutputPin
00009e5d  copy_in                                    
00009ea9  C$$EXIT                                    
00009ead  abort                                      
00009eb5  exit                                       
00009eed  EUSCIA0_IRQHandler                         
00009ef9  CLI_Read                                   
00009f0f  CLI_Write                                  
00009f25  CLI_Configure                              
00009f2d  Interrupt_registerInterrupt                
00009f61  GPIO_getEnabledInterruptStatus             
00009f91  GPIO_setAsInputPinWithPullUpResistor       
00009ff1  PCM_getCoreVoltageLevel                    
0000a01d  PCM_getPowerMode                           
0000a049  PCM_gotoLPM0                               
0000a071  strncmp                                    
0000a099  CS_setDCOCenteredFrequency                 
0000a0bd  GPIO_setAsOutputPin                        
0000a0e1  GPIO_interruptEdgeSelect                   
0000a101  SPI_transmitData                           
0000a121  SPI_enableModule                           
0000a13d  GPIO_clearInterruptFlag                    
0000a155  GPIO_setOutputLowOnPin                     
0000a16d  _args_main                                 
0000a185  CS_setExternalClockSourceFrequency         
0000a199  GPIO_enableInterrupt                       
0000a1ad  GPIO_setOutputHighOnPin                    
0000a1c1  SysTick_enableInterrupt                    
0000a1d5  SysTick_enableModule                       
0000a1e9  _register_unlock                           
0000a1ef  _register_lock                             
0000a1f7  _nop                                       
0000a1fd  strlen                                     
0000a211  GPIO_getInterruptStatus                    
0000a221  Interrupt_enableMaster                     
0000a231  PCM_getPowerState                          
0000a241  __TI_decompress_none                       
0000a24f  CPU_cpsie                                  
0000a25b  EUSCI_A_SPI_enable                         
0000a267  EUSCI_B_SPI_enable                         
0000a275  SysTick_setPeriod                          
0000a281  Timer_A_stopTimer                          
0000a28d  __TI_zero_init                             
0000a2a5  EUSCI_B_SPI_getInterruptStatus             
0000a2ad  SysTick_registerInterrupt                  
0000a2b5  PCM_setPowerMode                           
0000a2bb  PCM_setPowerState                          
0000a2c1  __TI_decompress_rle24                      
0000a2c7  CPU_wfi                                    
0000a2cb  EUSCI_A_SPI_transmitData                   
0000a2cf  EUSCI_B_SPI_transmitData                   
0000a2d3  _system_pre_init                           
0000a5d0  g_sFontFixed6x8                            
0000a838  _SlPolicySetCmdCtrl                        
0000a83c  _SlPolicyGetCmdCtrl                        
0000a840  _SlProfileGetCmdCtrl                       
0000a844  _SlProfileDelCmdCtrl                       
0000a848  _SlWlanGetNetworkListCtrl                  
0000a84c  _SlRxFilterAddtCmdCtrl                     
0000a850  _SlRxFilterSetCmdCtrl                      
0000a854  _SlRxFilterGetCmdCtrl                      
0000a858  _SlSmartConfigStartCmdCtrl                 
0000a85c  _SlWlanSetModeCmdCtrl                      
0000a860  _SlWlanCfgSetCmdCtrl                       
0000a864  _SlWlanCfgGetCmdCtrl                       
0000a874  _SlActionLookupTable                       
0000a8ac  upConfig                                   
0000a8e4  _SlSockSocketCmdCtrl                       
0000a8e8  _SlSockCloseCmdCtrl                        
0000a8ec  _SlRecvfomCmdCtrl                          
0000a8f0  _SlSendCmdCtrl                             
0000a8f4  _SlListenCmdCtrl                           
0000a8f8  _SlAcceptCmdCtrl                           
0000a8fc  _SlRecvCmdCtrl                             
0000a900  _SlSetSockOptCmdCtrl                       
0000a904  _SlGetSockOptCmdCtrl                       
0000a908  _SlSelectCmdCtrl                           
0000a974  g_sCrystalfontz128x128                     
0000a9c8  _SlNetAppStartCtrl                         
0000a9cc  _SlNetAppStopCtrl                          
0000a9d0  _SlGetServiceListeCtrl                     
0000a9d4  _SlRegisterServiceCtrl                     
0000a9d8  _SlGetHostByServiceCtrl                    
0000a9dc  _SlGetHostByNameCtrl                       
0000a9e0  _SlNetAppSetCmdCtrl                        
0000a9e4  _SlNetAppSendTokenValueCmdCtrl             
0000a9e8  _SlNetAppGetCmdCtrl                        
0000aa20  _SlStopCmdCtrl                             
0000aa24  _SlEventMaskSetCmdCtrl                     
0000aa28  _SlEventMaskGetCmdCtrl                     
0000aa2c  _SlDeviceGetCmdCtrl                        
0000aa30  _SlDeviceSetCmdCtrl                        
0000aa34  g_H2NSyncPattern                           
0000aa3c  g_H2NCnysPattern                           
0000aa57  port_mapping                               
0000aa80  _SlNetCfgSetCmdCtrl                        
0000aa84  _SlNetCfgGetCmdCtrl                        
0000aabc  __TI_Handler_Table_Base                    
0000aac8  __TI_Handler_Table_Limit                   
0000aad8  __TI_CINIT_Base                            
0000aaf0  __TI_CINIT_Limit                           
20000000  g_pfnRAMVectors                            
200000e4  g_AppData                                  
2000072c  g_StatMem                                  
20000890  hMQTTClient                                
200008ec  g__SlNonOsCB                               
20000914  g_sContext                                 
20000930  n                                          
20000940  MilliTimer                                 
20000950  Lcd_ScreenHeigth                           
20000952  Lcd_ScreenWidth                            
20000954  Lcd_TouchTrim                              
20000956  IntIsMasked                                
20000957  Lcd_FlagRead                               
20000958  Lcd_FontSolid                              
20000959  Lcd_Orientation                            
2000095a  Lcd_PenSolid                               
2000095c  S1buttonDebounce                           
20000960  S2buttonDebounce                           
20000964  publishID                                  
20000968  macAddressLen                              
2000096c  g_Status                                   
20000970  uniqueID                                   
2000097c  g_pCB                                      
20000980  pPingCallBackFunc                          
20000984  gFirstCmdMode                              
20000988  _lock                                      
2000098c  _unlock                                    
20000990  __TI_cleanup_ptr                           
20000994  __TI_dtors_ptr                             
20000998  pIraEventHandler                           
2000099c  main_func_sp                               
2000fe00  __stack                                    
20010000  __STACK_END                                
4000480c  WDTCTL_SYM                                 
ffffffff  __binit__                                  
ffffffff  __c_args__                                 
ffffffff  binit                                      
UNDEFED   SHT$$INIT_ARRAY$$Base                      
UNDEFED   SHT$$INIT_ARRAY$$Limit                     

[426 symbols]
