******************************************************************************
                  TI ARM Linker Unix v5.2.6                    
******************************************************************************
>> Linked Fri Apr 29 04:30:02 2016

OUTPUT FILE NAME:   <final_ece461.out>
ENTRY POINT SYMBOL: "_c_int00"  address: 0000d58d


MEMORY CONFIGURATION

         name            origin    length      used     unused   attr    fill
----------------------  --------  ---------  --------  --------  ----  --------
  MAIN                  00000000   00040000  0000e8a6  0003175a  R  X
  INFO                  00200000   00004000  00000000  00004000  R  X
  SRAM_CODE             01000000   00010000  00000000  00010000  RW X
  SRAM_DATA             20000000   00010000  00001ff3  0000e00d  RW  


SEGMENT ALLOCATION MAP

run origin  load origin   length   init length attrs members
----------  ----------- ---------- ----------- ----- -------
00000000    00000000    0000e8a8   0000e8a8    r-x
  00000000    00000000    00000144   00000144    r-- .intvecs
  00000144    00000144    0000dc8a   0000dc8a    r-x .text
  0000ddd0    0000ddd0    00000a40   00000a40    r-- .const
  0000e810    0000e810    00000098   00000098    r-- .cinit
20000000    20000000    00001df8   00000000    rw-
  20000000    20000000    000000e4   00000000    rw- .vtable
  200000e4    200000e4    00001b37   00000000    rw- .bss
  20001c20    20001c20    000001d8   00000000    rw- .data
2000fe00    2000fe00    00000200   00000000    rw-
  2000fe00    2000fe00    00000200   00000000    rw- .stack


SECTION ALLOCATION MAP

 output                                  attributes/
section   page    origin      length       input sections
--------  ----  ----------  ----------   ----------------
.intvecs   0    00000000    00000144     
                  00000000    00000144     msp432_startup_ccs.obj (.intvecs:retain)

.text      0    00000144    0000dc8a     
                  00000144    00002024     driver.obj (.text)
                  00002168    000010ba     rtsv7M4_T_le_v4SPD16_eabi.lib : _printfi.obj (.text)
                  00003222    00000002     --HOLE-- [fill = 0]
                  00003224    00000ed4     socket.obj (.text)
                  000040f8    00000b44     netapp.obj (.text)
                  00004c3c    00000ab8     wlan.obj (.text)
                  000056f4    00000a00     MQTTClient.obj (.text)
                  000060f4    0000092a     rtsv7M4_T_le_v4SPD16_eabi.lib : _scanfi.obj (.text)
                  00006a1e    00000002     --HOLE-- [fill = 0]
                  00006a20    00000678     Crystalfontz128x128_ST7735.obj (.text)
                  00007098    00000630     string.obj (.text)
                  000076c8    0000062c     main.obj (.text)
                  00007cf4    000005d8     myinit.obj (.text)
                  000082cc    000005b4     device.obj (.text)
                  00008880    000005ac     lcd_display.obj (.text)
                  00008e2c    00000490     line.obj (.text)
                  000092bc    000003f8     MQTTPacket.obj (.text)
                  000096b4    000003ac     MQTTConnectClient.obj (.text)
                  00009a60    00000388     MQTTCC3100.obj (.text)
                  00009de8    0000036c     ped_adc.obj (.text)
                  0000a154    00000354     board.obj (.text)
                  0000a4a8    000002d4     events.obj (.text)
                  0000a77c    00000266     context.obj (.text)
                  0000a9e2    00000002     --HOLE-- [fill = 0]
                  0000a9e4    0000023c     rtsv7M4_T_le_v4SPD16_eabi.lib : strtod.obj (.text)
                  0000ac20    00000218     MQTTSerializePublish.obj (.text)
                  0000ae38    00000218     MQTTSubscribeClient.obj (.text)
                  0000b050    00000214     spi_cc3100.obj (.text)
                  0000b264    000001f4     rtsv7M4_T_le_v4SPD16_eabi.lib : ull_div_t2.obj (.text)
                  0000b458    000001e4                                   : strtoll.obj (.text)
                  0000b63c    000001b6                                   : fd_add_t2.obj (.text)
                  0000b7f2    00000002     --HOLE-- [fill = 0]
                  0000b7f4    000001a0     MQTTUnsubscribeClient.obj (.text)
                  0000b994    00000182     msp432p4xx_driverlib.lib : pcm.o (.text:PCM_setPowerStateWithTimeout)
                  0000bb16    00000002     --HOLE-- [fill = 0]
                  0000bb18    0000016c     rtsv7M4_T_le_v4SPD16_eabi.lib : strtoull.obj (.text)
                  0000bc84    00000154     msp432p4xx_driverlib.lib : adc14.o (.text:_getIndexForMemRegister)
                  0000bdd8    00000138     MQTTDeserializePublish.obj (.text)
                  0000bf10    00000136     rtsv7M4_T_le_v4SPD16_eabi.lib : fd_div_t2.obj (.text)
                  0000c046    00000134     display.obj (.text)
                  0000c17a    00000002     --HOLE-- [fill = 0]
                  0000c17c    00000134     rtsv7M4_T_le_v4SPD16_eabi.lib : strtol.obj (.text)
                  0000c2b0    00000130     nonos.obj (.text)
                  0000c3e0    00000114     rtsv7M4_T_le_v4SPD16_eabi.lib : strtoul.obj (.text)
                  0000c4f4    00000110     netcfg.obj (.text)
                  0000c604    00000110     rtsv7M4_T_le_v4SPD16_eabi.lib : xdscale.obj (.text)
                  0000c714    000000fc                                   : fd_mul_t2.obj (.text)
                  0000c810    000000e0     msp432p4xx_driverlib.lib : cs.o (.text:CS_initClockSignal)
                  0000c8f0    000000d4                              : pcm.o (.text:PCM_setPowerModeWithTimeout)
                  0000c9c4    000000cc     rtsv7M4_T_le_v4SPD16_eabi.lib : sscanf.obj (.text)
                  0000ca90    000000be                                   : xdnorm.obj (.text)
                  0000cb4e    00000002     --HOLE-- [fill = 0]
                  0000cb50    000000bc     HAL_MSP_EXP432P401R_Crystalfontz128x128_ST7735.obj (.text)
                  0000cc0c    000000a8     msp432p4xx_driverlib.lib : pcm.o (.text:PCM_setCoreVoltageLevelWithTimeout)
                  0000ccb4    0000009c     rtsv7M4_T_le_v4SPD16_eabi.lib : memcpy_t2.obj (.text)
                  0000cd50    00000088     msp432p4xx_driverlib.lib : flash.o (.text:_FlashCtl_Program32)
                  0000cdd8    00000086     rtsv7M4_T_le_v4SPD16_eabi.lib : fd_cmp_t2.obj (.text:__aeabi_cdcmple)
                  0000ce5e    00000086                                   : fd_cmp_t2.obj (.text:__aeabi_cdrcmple)
                  0000cee4    00000080     msp432p4xx_driverlib.lib : flash.o (.text:_FlashCtl_Program8)
                  0000cf64    00000080     flowcont.obj (.text)
                  0000cfe4    0000007c     msp432p4xx_driverlib.lib : pcm.o (.text:PCM_gotoLPM3)
                  0000d060    0000007c                              : spi.o (.text:SPI_initMaster)
                  0000d0dc    0000007a     rtsv7M4_T_le_v4SPD16_eabi.lib : memset_t2.obj (.text)
                  0000d156    0000006e                                   : fd_tos_t2.obj (.text)
                  0000d1c4    0000006c                                   : autoinit.obj (.text)
                  0000d230    0000006a     msp432p4xx_driverlib.lib : flash.o (.text:FlashCtl_programMemory)
                  0000d29a    0000006a     rtsv7M4_T_le_v4SPD16_eabi.lib : copy_decompress_rle.obj (.text)
                  0000d304    00000066                                   : xdunscal.obj (.text)
                  0000d36a    00000002     --HOLE-- [fill = 0]
                  0000d36c    00000064     msp432p4xx_driverlib.lib : interrupt.o (.text:Interrupt_disableInterrupt)
                  0000d3d0    00000064                              : interrupt.o (.text:Interrupt_enableInterrupt)
                  0000d434    00000060     rtsv7M4_T_le_v4SPD16_eabi.lib : sprintf.obj (.text)
                  0000d494    00000056                                   : ltoa.obj (.text)
                  0000d4ea    00000052                                   : ldexp.obj (.text)
                  0000d53c    00000050     msp432p4xx_driverlib.lib : pcm.o (.text:PCM_shutdownDevice)
                  0000d58c    00000050     rtsv7M4_T_le_v4SPD16_eabi.lib : boot.obj (.text)
                  0000d5dc    0000004c     msp432p4xx_driverlib.lib : gpio.o (.text:GPIO_setAsPeripheralModuleFunctionInputPin)
                  0000d628    0000004c                              : gpio.o (.text:GPIO_setAsPeripheralModuleFunctionOutputPin)
                  0000d674    0000004c     rtsv7M4_T_le_v4SPD16_eabi.lib : atoi.obj (.text)
                  0000d6c0    0000004c                                   : cpy_tbl.obj (.text)
                  0000d70c    00000048                                   : fd_toi_t2.obj (.text)
                  0000d754    00000044                                   : exit.obj (.text)
                  0000d798    00000040     cli_uart.obj (.text)
                  0000d7d8    00000040     rtsv7M4_T_le_v4SPD16_eabi.lib : signal.obj (.text)
                  0000d818    0000003c     msp432p4xx_driverlib.lib : flash.o (.text:FlashCtl_clearProgramVerification)
                  0000d854    00000038                              : flash.o (.text:FlashCtl_setProgramVerification)
                  0000d88c    00000034                              : interrupt.o (.text:Interrupt_registerInterrupt)
                  0000d8c0    00000034     rtsv7M4_T_le_v4SPD16_eabi.lib : feraiseexcept.obj (.text)
                  0000d8f4    00000030     msp432p4xx_driverlib.lib : gpio.o (.text:GPIO_getEnabledInterruptStatus)
                  0000d924    00000030                              : spi.o (.text:is_A_Module)
                  0000d954    00000030     rtsv7M4_T_le_v4SPD16_eabi.lib : xdclass.obj (.text)
                  0000d984    00000030                                   : xferaise.obj (.text)
                  0000d9b4    0000002e                                   : i_tofd_t2.obj (.text)
                  0000d9e2    0000002e                                   : raise.obj (.text)
                  0000da10    0000002c     msp432p4xx_driverlib.lib : pcm.o (.text:PCM_getCoreVoltageLevel)
                  0000da3c    0000002a                              : pcm.o (.text:PCM_getPowerMode)
                  0000da66    0000002a     rtsv7M4_T_le_v4SPD16_eabi.lib : frexp.obj (.text)
                  0000da90    00000028     msp432p4xx_driverlib.lib : flash.o (.text:FlashCtl_eraseSector)
                  0000dab8    00000028                              : pcm.o (.text:PCM_gotoLPM0)
                  0000dae0    00000026     rtsv7M4_T_le_v4SPD16_eabi.lib : strncmp.obj (.text)
                  0000db06    00000002     --HOLE-- [fill = 0]
                  0000db08    00000024     msp432p4xx_driverlib.lib : cs.o (.text:CS_setDCOCenteredFrequency)
                  0000db2c    00000024                              : gpio.o (.text:GPIO_setAsOutputPin)
                  0000db50    00000020                              : flash.o (.text:FlashCtl_enableWordProgramming)
                  0000db70    00000020                              : spi.o (.text:SPI_transmitData)
                  0000db90    0000001c     rtsv7M4_T_le_v4SPD16_eabi.lib : memccpy.obj (.text)
                  0000dbac    0000001a     msp432p4xx_driverlib.lib : spi.o (.text:SPI_enableModule)
                  0000dbc6    00000002     --HOLE-- [fill = 0]
                  0000dbc8    00000018                              : adc14.o (.text:ADC14_getResult)
                  0000dbe0    00000018                              : gpio.o (.text:GPIO_clearInterruptFlag)
                  0000dbf8    00000018                              : gpio.o (.text:GPIO_setOutputLowOnPin)
                  0000dc10    00000018     rtsv7M4_T_le_v4SPD16_eabi.lib : args_main.obj (.text)
                  0000dc28    00000018                                   : ll_mul_t2.obj (.text)
                  0000dc40    00000018                                   : strrchr.obj (.text)
                  0000dc58    00000016                                   : strchr.obj (.text)
                  0000dc6e    00000002     --HOLE-- [fill = 0]
                  0000dc70    00000014     msp432p4xx_driverlib.lib : cs.o (.text:CS_setExternalClockSourceFrequency)
                  0000dc84    00000014                              : gpio.o (.text:GPIO_setOutputHighOnPin)
                  0000dc98    00000014                              : systick.o (.text:SysTick_enableInterrupt)
                  0000dcac    00000014                              : systick.o (.text:SysTick_enableModule)
                  0000dcc0    00000014     rtsv7M4_T_le_v4SPD16_eabi.lib : _lock.obj (.text)
                  0000dcd4    00000014                                   : strcpy.obj (.text)
                  0000dce8    00000014                                   : strlen.obj (.text)
                  0000dcfc    00000010     msp432p4xx_driverlib.lib : gpio.o (.text:GPIO_getInterruptStatus)
                  0000dd0c    00000010                              : interrupt.o (.text:Interrupt_enableMaster)
                  0000dd1c    00000010                              : pcm.o (.text:PCM_getPowerState)
                  0000dd2c    0000000e     rtsv7M4_T_le_v4SPD16_eabi.lib : copy_decompress_none.obj (.text:decompress:none)
                  0000dd3a    0000000c     msp432p4xx_driverlib.lib : cpu.o (.text:CPU_cpsie)
                  0000dd46    0000000c                              : spi.o (.text:EUSCI_A_SPI_enable)
                  0000dd52    0000000c                              : spi.o (.text:EUSCI_B_SPI_enable)
                  0000dd5e    00000002     --HOLE-- [fill = 0]
                  0000dd60    0000000c                              : flash.o (.text:FlashCtl_disableWordProgramming)
                  0000dd6c    0000000c                              : flash.o (.text:FlashCtl_getInterruptStatus)
                  0000dd78    0000000c                              : systick.o (.text:SysTick_setPeriod)
                  0000dd84    0000000c     rtsv7M4_T_le_v4SPD16_eabi.lib : copy_zero_init.obj (.text:decompress:ZI)
                  0000dd90    0000000c     msp432_startup_ccs.obj (.text)
                  0000dd9c    00000008     msp432p4xx_driverlib.lib : spi.o (.text:EUSCI_B_SPI_getInterruptStatus)
                  0000dda4    00000008                              : systick.o (.text:SysTick_registerInterrupt)
                  0000ddac    00000006                              : pcm.o (.text:PCM_setPowerMode)
                  0000ddb2    00000006                              : pcm.o (.text:PCM_setPowerState)
                  0000ddb8    00000006     rtsv7M4_T_le_v4SPD16_eabi.lib : copy_decompress_rle.obj (.text:decompress:rle24)
                  0000ddbe    00000004     msp432p4xx_driverlib.lib : cpu.o (.text:CPU_wfi)
                  0000ddc2    00000004                              : spi.o (.text:EUSCI_A_SPI_transmitData)
                  0000ddc6    00000004                              : spi.o (.text:EUSCI_B_SPI_transmitData)
                  0000ddca    00000004     rtsv7M4_T_le_v4SPD16_eabi.lib : pre_init.obj (.text)

.const     0    0000ddd0    00000a40     
                  0000ddd0    000002f8     fontfixed6x8.obj (.const:.string:g_pucFontFixed6x8Data)
                  0000e0c8    00000101     rtsv7M4_T_le_v4SPD16_eabi.lib : ctype.obj (.const:.string:_ctypes_)
                  0000e1c9    00000003     --HOLE-- [fill = 0]
                  0000e1cc    000000c8     fontfixed6x8.obj (.const:g_sFontFixed6x8)
                  0000e294    000000b0     wlan.obj (.const:$P$T0$1)
                  0000e344    00000004     MQTTPacket.obj (.const)
                  0000e348    00000098     rtsv7M4_T_le_v4SPD16_eabi.lib : strtod.obj (.const)
                  0000e3e0    00000080     msp432p4xx_driverlib.lib : adc14.o (.const:_ctlRegs)
                  0000e460    00000058     main.obj (.const:$P$T0$1)
                  0000e4b8    00000058     MQTTClient.obj (.const:$P$T1$2)
                  0000e510    0000004b     lcd_display.obj (.const:.string)
                  0000e55b    00000001     --HOLE-- [fill = 0]
                  0000e55c    00000040     msp432p4xx_driverlib.lib : interrupt.o (.const)
                  0000e59c    0000003c     wlan.obj (.const)
                  0000e5d8    00000038     driver.obj (.const:_SlActionLookupTable)
                  0000e610    00000038     myinit.obj (.const)
                  0000e648    00000034     socket.obj (.const)
                  0000e67c    00000030     msp432p4xx_driverlib.lib : gpio.o (.const:GPIO_PORT_TO_BASE)
                  0000e6ac    0000002c     myinit.obj (.const:$P$T0$1)
                  0000e6d8    0000002c     Crystalfontz128x128_ST7735.obj (.const:g_sCrystalfontz128x128)
                  0000e704    00000028     MQTTClient.obj (.const)
                  0000e72c    00000028     netapp.obj (.const)
                  0000e754    00000020     main.obj (.const:.string)
                  0000e774    0000001c     HAL_MSP_EXP432P401R_Crystalfontz128x128_ST7735.obj (.const)
                  0000e790    00000014     MQTTConnectClient.obj (.const)
                  0000e7a4    00000014     device.obj (.const)
                  0000e7b8    00000014     driver.obj (.const)
                  0000e7cc    00000010     rtsv7M4_T_le_v4SPD16_eabi.lib : _scanfi.obj (.const)
                  0000e7dc    00000008     ped_adc.obj (.const:.string)
                  0000e7e4    00000008     Crystalfontz128x128_ST7735.obj (.const)
                  0000e7ec    00000008     MQTTDeserializePublish.obj (.const)
                  0000e7f4    00000008     MQTTSerializePublish.obj (.const)
                  0000e7fc    00000008     MQTTSubscribeClient.obj (.const)
                  0000e804    00000008     netcfg.obj (.const)
                  0000e80c    00000004     MQTTUnsubscribeClient.obj (.const)

.cinit     0    0000e810    00000098     
                  0000e810    0000005f     (.cinit..data.load) [load image, compression = rle]
                  0000e86f    00000001     --HOLE-- [fill = 0]
                  0000e870    0000000c     (__TI_handler_table)
                  0000e87c    00000004     --HOLE-- [fill = 0]
                  0000e880    00000008     (.cinit..bss.load) [load image, compression = zero_init]
                  0000e888    00000008     (.cinit..vtable.load) [load image, compression = zero_init]
                  0000e890    00000018     (__TI_cinit_table)

.init_array 
*          0    00000000    00000000     UNINITIALIZED

.vtable    0    20000000    000000e4     UNINITIALIZED
                  20000000    000000e4     msp432p4xx_driverlib.lib : interrupt.o (.vtable)

.bss       0    200000e4    00001b37     UNINITIALIZED
                  200000e4    00000648     myinit.obj (.bss:g_AppData)
                  2000072c    00000640     ped_adc.obj (.bss:old_diffs_x)
                  20000d6c    00000640     ped_adc.obj (.bss:old_diffs_y)
                  200013ac    00000640     ped_adc.obj (.bss:old_diffs_z)
                  200019ec    00000164     driver.obj (.bss:g_StatMem)
                  20001b50    0000005c     main.obj (.bss:hMQTTClient)
                  20001bac    00000028     nonos.obj (.bss:g__SlNonOsCB)
                  20001bd4    0000001c     (.common:g_sContext)
                  20001bf0    00000010     (.common:n)
                  20001c00    00000004     (.common:MilliTimer)
                  20001c04    00000004     (.common:bufptr)
                  20001c08    00000004     (.common:hfxtFreq)
                  20001c0c    00000004     (.common:lfxtFreq)
                  20001c10    00000002     (.common:Lcd_ScreenHeigth)
                  20001c12    00000002     (.common:Lcd_ScreenWidth)
                  20001c14    00000002     (.common:Lcd_TouchTrim)
                  20001c16    00000001     (.common:IntIsMasked)
                  20001c17    00000001     (.common:Lcd_FlagRead)
                  20001c18    00000001     (.common:Lcd_FontSolid)
                  20001c19    00000001     (.common:Lcd_Orientation)
                  20001c1a    00000001     (.common:Lcd_PenSolid)

.TI.noinit 
*          0    200000e4    00000000     UNINITIALIZED

.data      0    20001c20    000001d8     UNINITIALIZED
                  20001c20    000000b0     rtsv7M4_T_le_v4SPD16_eabi.lib : signal.obj (.data:sigtable)
                  20001cd0    00000080                                   : xvalues.obj (.data)
                  20001d50    0000003c     main.obj (.data)
                  20001d8c    0000002c     ped_adc.obj (.data)
                  20001db8    0000000f     lcd_display.obj (.data)
                  20001dc7    00000001     --HOLE--
                  20001dc8    00000009     driver.obj (.data)
                  20001dd1    00000003     --HOLE--
                  20001dd4    00000008     rtsv7M4_T_le_v4SPD16_eabi.lib : _lock.obj (.data)
                  20001ddc    00000008                                   : exit.obj (.data)
                  20001de4    00000008                                   : feraiseexcept.obj (.data)
                  20001dec    00000004     board.obj (.data)
                  20001df0    00000004     rtsv7M4_T_le_v4SPD16_eabi.lib : errno.obj (.data)
                  20001df4    00000004                                   : stkdepth_vars.obj (.data)

.TI.persistent 
*          0    20001c20    00000000     UNINITIALIZED

.stack     0    2000fe00    00000200     UNINITIALIZED
                  2000fe00    00000200     --HOLE--


LINKER GENERATED COPY TABLES

__TI_cinit_table @ 0000e890 records: 3, size/record: 8, table size: 24
	.data: load addr=0000e810, load size=0000005f bytes, run addr=20001c20, run size=000001d8 bytes, compression=rle
	.bss: load addr=0000e880, load size=00000008 bytes, run addr=200000e4, run size=00001b37 bytes, compression=zero_init
	.vtable: load addr=0000e888, load size=00000008 bytes, run addr=20000000, run size=000000e4 bytes, compression=zero_init


LINKER GENERATED HANDLER TABLE

__TI_handler_table @ 0000e870 records: 3, size/record: 4, table size: 12
	index: 0, handler: __TI_zero_init
	index: 1, handler: __TI_decompress_rle24
	index: 2, handler: __TI_decompress_none


GLOBAL SYMBOLS: SORTED ALPHABETICALLY BY Name 

address   name                                       
-------   ----                                       
0000799d  ADC14_IRQHandler                           
0000dbc9  ADC14_getResult                            
0000d755  C$$EXIT                                    
0000a1a3  CC3100_InterruptDisable                    
0000a181  CC3100_InterruptEnable                     
0000a457  CC3100_UART_ISR                            
0000a169  CC3100_disable                             
0000a175  CC3100_enable                              
0000d7d1  CLI_Configure                              
0000d7a5  CLI_Read                                   
0000d7bb  CLI_Write                                  
0000dd3b  CPU_cpsie                                  
0000ddbf  CPU_wfi                                    
0000c811  CS_initClockSignal                         
0000db09  CS_setDCOCenteredFrequency                 
0000dc71  CS_setExternalClockSourceFrequency         
00009d3d  ConnectNetwork                             
00004759  CopyPingResultsToReport                    
00006a21  Crystalfontz128x128_Init                   
00006b35  Crystalfontz128x128_SetDrawFrame           
00006c63  Crystalfontz128x128_SetOrientation         
0000a401  Delay                                      
0000d799  EUSCIA0_IRQHandler                         
0000dd47  EUSCI_A_SPI_enable                         
0000ddc3  EUSCI_A_SPI_transmitData                   
0000dd53  EUSCI_B_SPI_enable                         
0000dd9d  EUSCI_B_SPI_getInterruptStatus             
0000ddc7  EUSCI_B_SPI_transmitData                   
0000d819  FlashCtl_clearProgramVerification          
0000dd61  FlashCtl_disableWordProgramming            
0000db51  FlashCtl_enableWordProgramming             
0000da91  FlashCtl_eraseSector                       
0000dd6d  FlashCtl_getInterruptStatus                
0000d231  FlashCtl_programMemory                     
0000d855  FlashCtl_setProgramVerification            
0000dbe1  GPIO_clearInterruptFlag                    
0000d8f5  GPIO_getEnabledInterruptStatus             
0000dcfd  GPIO_getInterruptStatus                    
0000db2d  GPIO_setAsOutputPin                        
0000d5dd  GPIO_setAsPeripheralModuleFunctionInputPin 
0000d629  GPIO_setAsPeripheralModuleFunctionOutputPin
0000dc85  GPIO_setOutputHighOnPin                    
0000dbf9  GPIO_setOutputLowOnPin                     
0000a34d  GetLEDStatus                               
0000a969  Graphics_clearDisplay                      
0000c163  Graphics_clearDisplayOnDisplay             
0000c0b5  Graphics_drawHorizontalLineOnDisplay       
00009149  Graphics_drawLine                          
00008e2d  Graphics_drawLineH                         
00008ec9  Graphics_drawLineV                         
0000c071  Graphics_drawMultiplePixelsOnDisplay       
0000a97b  Graphics_drawPixel                         
0000c047  Graphics_drawPixelOnDisplay                
000071d3  Graphics_drawString                        
00007661  Graphics_drawStringCentered                
0000c0e9  Graphics_drawVerticalLineOnDisplay         
0000c11d  Graphics_fillRectangleOnDisplay            
0000a95b  Graphics_flushBuffer                       
0000c151  Graphics_flushOnDisplay                    
0000a93d  Graphics_getDisplayHeight                  
0000a92d  Graphics_getDisplayWidth                   
0000a8db  Graphics_getFontBaseline                   
0000a911  Graphics_getFontHeight                     
0000a91f  Graphics_getFontMaxWidth                   
0000a94d  Graphics_getHeightOfDisplay                
00007651  Graphics_getStringBaseline                 
000076a9  Graphics_getStringHeight                   
000076b9  Graphics_getStringMaxWidth                 
000070d9  Graphics_getStringWidth                    
0000a9d5  Graphics_getWidthOfDisplay                 
0000a77d  Graphics_initContext                       
0000a891  Graphics_setBackgroundColor                
0000a8ab  Graphics_setBackgroundColorTranslated      
0000a7c7  Graphics_setClipRegion                     
0000a8c1  Graphics_setFont                           
0000a8e9  Graphics_setForegroundColor                
0000a8ff  Graphics_setForegroundColorTranslated      
0000c13b  Graphics_translateColorOnDisplay           
0000cb51  HAL_LCD_PortInit                           
0000cb81  HAL_LCD_SpiInit                            
0000cbb7  HAL_LCD_writeCommand                       
0000cbe5  HAL_LCD_writeData                          
00009ae3  InitTimer                                  
20001c16  IntIsMasked                                
0000d36d  Interrupt_disableInterrupt                 
0000d3d1  Interrupt_enableInterrupt                  
0000dd0d  Interrupt_enableMaster                     
0000d88d  Interrupt_registerInterrupt                
20001c17  Lcd_FlagRead                               
20001c18  Lcd_FontSolid                              
20001c19  Lcd_Orientation                            
20001c1a  Lcd_PenSolid                               
20001c10  Lcd_ScreenHeigth                           
20001c12  Lcd_ScreenWidth                            
20001c14  Lcd_TouchTrim                              
000057b3  MQTTClient                                 
00005cfd  MQTTConnect                                
0000be91  MQTTDeserialize_ack                        
00009927  MQTTDeserialize_connack                    
0000bdd9  MQTTDeserialize_publish                    
0000af9f  MQTTDeserialize_suback                     
0000b94f  MQTTDeserialize_unsuback                   
000060a3  MQTTDisconnect                             
00009313  MQTTPacket_decode                          
000093f9  MQTTPacket_decodeBuf                       
000092bd  MQTTPacket_encode                          
000095d5  MQTTPacket_equals                          
0000937b  MQTTPacket_len                             
00009639  MQTTPacket_read                            
00005f79  MQTTPublish                                
0000ad35  MQTTSerialize_ack                          
0000976d  MQTTSerialize_connect                      
000096b5  MQTTSerialize_connectLength                
00009a17  MQTTSerialize_disconnect                   
00009a2d  MQTTSerialize_pingreq                      
0000adbf  MQTTSerialize_puback                       
0000ae0d  MQTTSerialize_pubcomp                      
0000ac5f  MQTTSerialize_publish                      
0000ac21  MQTTSerialize_publishLength                
0000ade3  MQTTSerialize_pubrel                       
0000ae9d  MQTTSerialize_subscribe                    
0000ae39  MQTTSerialize_subscribeLength              
0000b859  MQTTSerialize_unsubscribe                  
0000b7f5  MQTTSerialize_unsubscribeLength            
000099af  MQTTSerialize_zero                         
00005dc7  MQTTSubscribe                              
00005ecf  MQTTUnsubscribe                            
00005c89  MQTTYield                                  
000095a9  MQTTstrlen                                 
0000a1b7  MaskIntHdlr                                
20001c00  MilliTimer                                 
000056f5  NewMessageData                             
00009bef  NewNetwork                                 
0000da11  PCM_getCoreVoltageLevel                    
0000da3d  PCM_getPowerMode                           
0000dd1d  PCM_getPowerState                          
0000dab9  PCM_gotoLPM0                               
0000cfe5  PCM_gotoLPM3                               
0000cc0d  PCM_setCoreVoltageLevelWithTimeout         
0000ddad  PCM_setPowerMode                           
0000c8f1  PCM_setPowerModeWithTimeout                
0000ddb3  PCM_setPowerState                          
0000b995  PCM_setPowerStateWithTimeout               
0000d53d  PCM_shutdownDevice                         
00007907  PORT1_IRQHandler                           
0000a431  PORT2_IRQHandler                           
0000a3ff  Port1_ISR                                  
20001d50  S1buttonDebounce                           
20001d54  S2buttonDebounce                           
UNDEFED   SHT$$INIT_ARRAY$$Base                      
UNDEFED   SHT$$INIT_ARRAY$$Limit                     
00003ffb  SL_FD_CLR                                  
00004021  SL_FD_ISSET                                
00003fd9  SL_FD_SET                                  
00004049  SL_FD_ZERO                                 
0000dbad  SPI_enableModule                           
0000d061  SPI_initMaster                             
0000db71  SPI_transmitData                           
0000a3bb  SelAntenna                                 
0000a593  SimpleLinkGeneralEventHandler              
0000a545  SimpleLinkHttpServerCallback               
0000a515  SimpleLinkNetAppEventHandler               
0000a553  SimpleLinkSockEventHandler                 
0000a4a9  SimpleLinkWlanEventHandler                 
00009a61  SysTick_Handler                            
0000dc99  SysTick_enableInterrupt                    
0000dcad  SysTick_enableModule                       
0000dda5  SysTick_registerInterrupt                  
0000dd79  SysTick_setPeriod                          
0000791b  TA1_0_IRQHandler                           
00009c15  TLSConnectNetwork                          
0000a1bf  UnMaskIntHdlr                              
4000480c  WDTCTL_SYM                                 
0000d955  _Dclass                                    
20001cd0  _Denorm                                    
0000ca91  _Dnorm                                     
0000c605  _Dscale                                    
0000d305  _Dunscale                                  
20001ce0  _Eps                                       
20001df0  _Errno                                     
20001de4  _Fenv                                      
0000d985  _Feraise                                   
20001cf0  _Hugeval                                   
20001d00  _Inf                                       
20001d10  _Nan                                       
20001d30  _Rteps                                     
0000e65c  _SlAcceptCmdCtrl                           
0000e5d8  _SlActionLookupTable                       
00001011  _SlAsyncEventGenericHandler                
0000e7b0  _SlDeviceGetCmdCtrl                        
0000e7b4  _SlDeviceSetCmdCtrl                        
00001a23  _SlDrvBasicCmd                             
000016d9  _SlDrvClassifyRxMsg                        
0000030f  _SlDrvCmdOp                                
000003bf  _SlDrvCmdSend                              
00000415  _SlDrvDataReadOp                           
00000619  _SlDrvDataWriteOp                          
00008801  _SlDrvDeviceEventHandler                   
00000229  _SlDrvDriverCBDeinit                       
00000145  _SlDrvDriverCBInit                         
0000cfa3  _SlDrvFlowContDeinit                       
0000cf65  _SlDrvFlowContInit                         
000009dd  _SlDrvMsgRead                              
000014f5  _SlDrvMsgReadCmdCtx                        
000015ef  _SlDrvMsgReadSpawnCtx                      
000007e9  _SlDrvMsgWrite                             
00004b29  _SlDrvNetAppEventHandler                   
00001f17  _SlDrvObjDeInit                            
00001e9b  _SlDrvObjInit                              
00001c91  _SlDrvReleasePoolObj                       
0000181d  _SlDrvRxHdrRead                            
000002cd  _SlDrvRxIrqHandler                         
000017d7  _SlDrvShiftDWord                           
00001a89  _SlDrvWaitForPoolObj                       
0000e7ac  _SlEventMaskGetCmdCtrl                     
0000e7a8  _SlEventMaskSetCmdCtrl                     
00001ff9  _SlFindAndSetActiveObj                     
0000e740  _SlGetHostByNameCtrl                       
0000e73c  _SlGetHostByServiceCtrl                    
0000e734  _SlGetServiceListeCtrl                     
0000e668  _SlGetSockOptCmdCtrl                       
0000e658  _SlListenCmdCtrl                           
0000e74c  _SlNetAppGetCmdCtrl                        
0000e748  _SlNetAppSendTokenValueCmdCtrl             
0000e744  _SlNetAppSetCmdCtrl                        
0000e72c  _SlNetAppStartCtrl                         
0000e730  _SlNetAppStopCtrl                          
0000e808  _SlNetCfgGetCmdCtrl                        
0000e804  _SlNetCfgSetCmdCtrl                        
0000c375  _SlNonOsMainLoopTask                       
0000c2c9  _SlNonOsSemGet                             
0000c2b1  _SlNonOsSemSet                             
0000c325  _SlNonOsSpawn                              
0000e5a0  _SlPolicyGetCmdCtrl                        
0000e59c  _SlPolicySetCmdCtrl                        
0000e5a8  _SlProfileDelCmdCtrl                       
0000e5a4  _SlProfileGetCmdCtrl                       
0000e660  _SlRecvCmdCtrl                             
0000e650  _SlRecvfomCmdCtrl                          
0000e738  _SlRegisterServiceCtrl                     
00001f37  _SlRemoveFromList                          
0000e5b0  _SlRxFilterAddtCmdCtrl                     
0000e5b8  _SlRxFilterGetCmdCtrl                      
0000e5b4  _SlRxFilterSetCmdCtrl                      
0000e66c  _SlSelectCmdCtrl                           
0000e654  _SlSendCmdCtrl                             
0000e664  _SlSetSockOptCmdCtrl                       
0000e5bc  _SlSmartConfigStartCmdCtrl                 
0000e64c  _SlSockCloseCmdCtrl                        
0000e648  _SlSockSocketCmdCtrl                       
0000e7a4  _SlStopCmdCtrl                             
0000e5c8  _SlWlanCfgGetCmdCtrl                       
0000e5c4  _SlWlanCfgSetCmdCtrl                       
0000e5ac  _SlWlanGetNetworkListCtrl                  
0000e5c0  _SlWlanSetModeCmdCtrl                      
20001d20  _Snan                                      
20001de8  _Tls_setup__Fenv                           
20001d40  _Xbig                                      
20001d48  _Zero                                      
20010000  __STACK_END                                
00000200  __STACK_SIZE                               
0000e890  __TI_CINIT_Base                            
0000e8a8  __TI_CINIT_Limit                           
0000e870  __TI_Handler_Table_Base                    
0000e87c  __TI_Handler_Table_Limit                   
0000d1c5  __TI_auto_init                             
20001ddc  __TI_cleanup_ptr                           
0000dd2d  __TI_decompress_none                       
0000ddb9  __TI_decompress_rle24                      
20001de0  __TI_dtors_ptr                             
00002f1d  __TI_printfi                               
00006571  __TI_scanfi                                
00000000  __TI_static_base__                         
0000dd85  __TI_zero_init                             
0000cdd9  __aeabi_cdcmpeq                            
0000cdd9  __aeabi_cdcmple                            
0000ce5f  __aeabi_cdrcmple                           
0000d157  __aeabi_d2f                                
0000d70d  __aeabi_d2iz                               
0000b647  __aeabi_dadd                               
0000bf11  __aeabi_ddiv                               
0000c715  __aeabi_dmul                               
0000b63d  __aeabi_dsub                               
0000d9b5  __aeabi_i2d                                
0000dc29  __aeabi_lmul                               
0000d0dd  __aeabi_memclr                             
0000d0dd  __aeabi_memclr4                            
0000d0dd  __aeabi_memclr8                            
0000ccb5  __aeabi_memcpy                             
0000ccb5  __aeabi_memcpy4                            
0000ccb5  __aeabi_memcpy8                            
0000d0df  __aeabi_memset                             
0000d0df  __aeabi_memset4                            
0000d0df  __aeabi_memset8                            
0000b265  __aeabi_uldivmod                           
ffffffff  __binit__                                  
ffffffff  __c_args__                                 
2000fe00  __stack                                    
0000dc11  _args_main                                 
0000d58d  _c_int00                                   
0000e0c8  _ctypes_                                   
20001dd4  _lock                                      
0000dccf  _nop                                       
0000dcc7  _register_lock                             
0000dcc1  _register_unlock                           
00003225  _sl_BuildAddress                           
000082cd  _sl_GetStartResponseConvert                
00003c39  _sl_HandleAsync_Accept                     
00003833  _sl_HandleAsync_Connect                    
00004541  _sl_HandleAsync_DnsGetHostByAddr           
00004695  _sl_HandleAsync_DnsGetHostByName           
00004471  _sl_HandleAsync_DnsGetHostByService        
00008431  _sl_HandleAsync_InitComplete               
00004795  _sl_HandleAsync_PingResponse               
00004061  _sl_HandleAsync_Select                     
000084e3  _sl_HandleAsync_Stop                       
0000333d  _sl_ParseAddress                           
00003275  _sl_TruncatePayloadByProtocol              
0000ddcb  _system_pre_init                           
20001dd8  _unlock                                    
0000d759  abort                                      
20001d7c  active_bool                                
0000d675  atoi                                       
20001da4  average_x                                  
20001da8  average_y                                  
20001dac  average_z                                  
0000892b  backlight_off                              
00008917  backlight_on                               
ffffffff  binit                                      
000093c1  bufchar                                    
00009bdf  cc3100_disconnect                          
00009af3  cc3100_read                                
00009b75  cc3100_write                               
0000a1d3  clear_rts                                  
00007cf5  configureSimpleLinkToDefaultState          
0000d6c1  copy_in                                    
00009aa3  countdown                                  
00009a8b  countdown_ms                               
20001db0  counter                                    
00005b1d  cycle                                      
20001d80  debounce                                   
00005825  decodePacket                               
000059ff  deliverMessage                             
00007ee3  establishConnectionWithAP                  
0000d761  exit                                       
00009a6b  expired                                    
0000d8c1  feraiseexcept                              
0000da67  frexp                                      
20001dd0  gFirstCmdMode                              
200000e4  g_AppData                                  
0000e7c0  g_H2NCnysPattern                           
0000e7b8  g_H2NSyncPattern                           
200019ec  g_StatMem                                  
20001d5c  g_Status                                   
20001bac  g__SlNonOsCB                               
20001dc8  g_pCB                                      
20000000  g_pfnRAMVectors                            
20001bd4  g_sContext                                 
0000e6d8  g_sCrystalfontz128x128                     
0000e1cc  g_sFontFixed6x8                            
000094e5  getLenStringLen                            
0000570f  getNextPacketId                            
20001d6c  goal_steps                                 
20001b50  hMQTTClient                                
0000a387  initAntSelGPIO                             
0000a1df  initClk                                    
0000a25f  initLEDs                                   
00009de9  init_adc                                   
0000a067  init_clocks                                
00008881  init_lcd                                   
00007f69  init_main                                  
00007f3d  initializeAppVariables                     
00000000  interruptVectors                           
0000594b  isTopicMatched                             
00005aaf  keepalive                                  
0000d4eb  ldexp                                      
00009ac1  left_ms                                    
00007c69  load_data                                  
20001db4  loop_index                                 
0000d495  ltoa                                       
000076c9  main                                       
20001df4  main_func_sp                               
0000db91  memccpy                                    
0000ccb5  memcpy                                     
0000d0e5  memset                                     
00007ab5  menu                                       
00008937  menu1                                      
0000899d  menu2                                      
00008a03  menu3                                      
00008a69  menu4                                      
00007b79  menu_select                                
20001d84  menu_state                                 
0000793d  messageArrived                             
20001bf0  n                                          
20001d98  new_x                                      
20001d9c  new_y                                      
20001da0  new_z                                      
2000072c  old_diffs_x                                
20000d6c  old_diffs_y                                
200013ac  old_diffs_z                                
20001d8c  old_x                                      
20001d90  old_y                                      
20001d94  old_z                                      
20001dec  pIraEventHandler                           
20001dcc  pPingCallBackFunc                          
0000e754  port_mapping                               
20001d58  publishID                                  
0000d9e3  raise                                      
00009437  readChar                                   
0000940f  readInt                                    
0000954f  readMQTTLenString                          
000058a1  readPacket                                 
0000a155  registerInterruptHandler                   
00005733  sendPacket                                 
20001d74  send_goal_bool                             
20001d78  send_on_bool                               
00008ad9  set_goal_menu1                             
0000a1c7  set_rts                                    
000088db  show_steps                                 
0000d7d9  signal                                     
00003a35  sl_Accept                                  
00003417  sl_Bind                                    
000033ed  sl_Close                                   
000036dd  sl_Connect                                 
000086fd  sl_DevGet                                  
0000879b  sl_DevSet                                  
000086c9  sl_EventMaskGet                            
0000868f  sl_EventMaskSet                            
00003db9  sl_GetSockOpt                              
00003bb7  sl_Htonl                                   
00003bf9  sl_Htons                                   
000039f5  sl_Listen                                  
00004551  sl_NetAppDnsGetHostByName                  
00004341  sl_NetAppDnsGetHostByService               
00004a99  sl_NetAppGet                               
00004141  sl_NetAppGetServiceList                    
000042c5  sl_NetAppMDNSRegisterService               
00004211  sl_NetAppMDNSRegisterUnregisterService     
00004301  sl_NetAppMDNSUnRegisterService             
00004859  sl_NetAppPingStart                         
00004a35  sl_NetAppSendTokenValue                    
000049cb  sl_NetAppSet                               
000040f9  sl_NetAppStart                             
0000411d  sl_NetAppStop                              
0000c55b  sl_NetCfgGet                               
0000c4f5  sl_NetCfgSet                               
00003cd1  sl_Recv                                    
000035bb  sl_RecvFrom                                
00003e53  sl_Select                                  
000038e5  sl_Send                                    
0000349f  sl_SendTo                                  
00003d4d  sl_SetSockOpt                              
00003397  sl_Socket                                  
0000832d  sl_Start                                   
00008567  sl_Stop                                    
00008325  sl_Task                                    
00004c3d  sl_WlanConnect                             
00004e6f  sl_WlanDisconnect                          
0000563d  sl_WlanGet                                 
00005305  sl_WlanGetNetworkList                      
00004ee5  sl_WlanPolicyGet                           
00004e7b  sl_WlanPolicySet                           
00004f89  sl_WlanProfileAdd                          
000052d7  sl_WlanProfileDel                          
000051f5  sl_WlanProfileGet                          
00005377  sl_WlanRxFilterAdd                         
00005439  sl_WlanRxFilterGet                         
000053e5  sl_WlanRxFilterSet                         
000054c7  sl_WlanRxStatGet                           
000054af  sl_WlanRxStatStart                         
000054bb  sl_WlanRxStatStop                          
000055c9  sl_WlanSet                                 
00005599  sl_WlanSetMode                             
0000550d  sl_WlanSmartConfigStart                    
000054fd  sl_WlanSmartConfigStop                     
0000b051  spi_Close                                  
0000b05d  spi_Open                                   
0000b1a9  spi_Read                                   
0000b14f  spi_Write                                  
0000d435  sprintf                                    
0000c9d7  sscanf                                     
20001d88  state2                                     
20001db8  step_string                                
00009ea5  step_track_and_alert                       
20001d70  steps_taken                                
0000a255  stopWDT                                    
0000dc59  strchr                                     
0000dcd5  strcpy                                     
0000dce9  strlen                                     
0000dae1  strncmp                                    
0000dc41  strrchr                                    
0000a9e5  strtod                                     
0000c17d  strtol                                     
0000a9e5  strtold                                    
0000b459  strtoll                                    
0000c3e1  strtoul                                    
0000bb19  strtoull                                   
0000a319  toggleLed                                  
0000a2e5  turnLedOff                                 
0000a2b1  turnLedOn                                  
20001d60  uniqueID                                   
0000e610  upConfig                                   
00008ba1  view_activity_menu                         
00008cfb  view_goal_menu                             
0000c9c5  vsscanf                                    
00005ccd  waitfor                                    
0000a095  write                                      
000094b7  writeCString                               
00009457  writeChar                                  
00009477  writeInt                                   
000094ff  writeMQTTString                            
000088b9  write_buff_to_lcd                          


GLOBAL SYMBOLS: SORTED BY Symbol Address 

address   name                                       
-------   ----                                       
00000000  __TI_static_base__                         
00000000  interruptVectors                           
00000145  _SlDrvDriverCBInit                         
00000200  __STACK_SIZE                               
00000229  _SlDrvDriverCBDeinit                       
000002cd  _SlDrvRxIrqHandler                         
0000030f  _SlDrvCmdOp                                
000003bf  _SlDrvCmdSend                              
00000415  _SlDrvDataReadOp                           
00000619  _SlDrvDataWriteOp                          
000007e9  _SlDrvMsgWrite                             
000009dd  _SlDrvMsgRead                              
00001011  _SlAsyncEventGenericHandler                
000014f5  _SlDrvMsgReadCmdCtx                        
000015ef  _SlDrvMsgReadSpawnCtx                      
000016d9  _SlDrvClassifyRxMsg                        
000017d7  _SlDrvShiftDWord                           
0000181d  _SlDrvRxHdrRead                            
00001a23  _SlDrvBasicCmd                             
00001a89  _SlDrvWaitForPoolObj                       
00001c91  _SlDrvReleasePoolObj                       
00001e9b  _SlDrvObjInit                              
00001f17  _SlDrvObjDeInit                            
00001f37  _SlRemoveFromList                          
00001ff9  _SlFindAndSetActiveObj                     
00002f1d  __TI_printfi                               
00003225  _sl_BuildAddress                           
00003275  _sl_TruncatePayloadByProtocol              
0000333d  _sl_ParseAddress                           
00003397  sl_Socket                                  
000033ed  sl_Close                                   
00003417  sl_Bind                                    
0000349f  sl_SendTo                                  
000035bb  sl_RecvFrom                                
000036dd  sl_Connect                                 
00003833  _sl_HandleAsync_Connect                    
000038e5  sl_Send                                    
000039f5  sl_Listen                                  
00003a35  sl_Accept                                  
00003bb7  sl_Htonl                                   
00003bf9  sl_Htons                                   
00003c39  _sl_HandleAsync_Accept                     
00003cd1  sl_Recv                                    
00003d4d  sl_SetSockOpt                              
00003db9  sl_GetSockOpt                              
00003e53  sl_Select                                  
00003fd9  SL_FD_SET                                  
00003ffb  SL_FD_CLR                                  
00004021  SL_FD_ISSET                                
00004049  SL_FD_ZERO                                 
00004061  _sl_HandleAsync_Select                     
000040f9  sl_NetAppStart                             
0000411d  sl_NetAppStop                              
00004141  sl_NetAppGetServiceList                    
00004211  sl_NetAppMDNSRegisterUnregisterService     
000042c5  sl_NetAppMDNSRegisterService               
00004301  sl_NetAppMDNSUnRegisterService             
00004341  sl_NetAppDnsGetHostByService               
00004471  _sl_HandleAsync_DnsGetHostByService        
00004541  _sl_HandleAsync_DnsGetHostByAddr           
00004551  sl_NetAppDnsGetHostByName                  
00004695  _sl_HandleAsync_DnsGetHostByName           
00004759  CopyPingResultsToReport                    
00004795  _sl_HandleAsync_PingResponse               
00004859  sl_NetAppPingStart                         
000049cb  sl_NetAppSet                               
00004a35  sl_NetAppSendTokenValue                    
00004a99  sl_NetAppGet                               
00004b29  _SlDrvNetAppEventHandler                   
00004c3d  sl_WlanConnect                             
00004e6f  sl_WlanDisconnect                          
00004e7b  sl_WlanPolicySet                           
00004ee5  sl_WlanPolicyGet                           
00004f89  sl_WlanProfileAdd                          
000051f5  sl_WlanProfileGet                          
000052d7  sl_WlanProfileDel                          
00005305  sl_WlanGetNetworkList                      
00005377  sl_WlanRxFilterAdd                         
000053e5  sl_WlanRxFilterSet                         
00005439  sl_WlanRxFilterGet                         
000054af  sl_WlanRxStatStart                         
000054bb  sl_WlanRxStatStop                          
000054c7  sl_WlanRxStatGet                           
000054fd  sl_WlanSmartConfigStop                     
0000550d  sl_WlanSmartConfigStart                    
00005599  sl_WlanSetMode                             
000055c9  sl_WlanSet                                 
0000563d  sl_WlanGet                                 
000056f5  NewMessageData                             
0000570f  getNextPacketId                            
00005733  sendPacket                                 
000057b3  MQTTClient                                 
00005825  decodePacket                               
000058a1  readPacket                                 
0000594b  isTopicMatched                             
000059ff  deliverMessage                             
00005aaf  keepalive                                  
00005b1d  cycle                                      
00005c89  MQTTYield                                  
00005ccd  waitfor                                    
00005cfd  MQTTConnect                                
00005dc7  MQTTSubscribe                              
00005ecf  MQTTUnsubscribe                            
00005f79  MQTTPublish                                
000060a3  MQTTDisconnect                             
00006571  __TI_scanfi                                
00006a21  Crystalfontz128x128_Init                   
00006b35  Crystalfontz128x128_SetDrawFrame           
00006c63  Crystalfontz128x128_SetOrientation         
000070d9  Graphics_getStringWidth                    
000071d3  Graphics_drawString                        
00007651  Graphics_getStringBaseline                 
00007661  Graphics_drawStringCentered                
000076a9  Graphics_getStringHeight                   
000076b9  Graphics_getStringMaxWidth                 
000076c9  main                                       
00007907  PORT1_IRQHandler                           
0000791b  TA1_0_IRQHandler                           
0000793d  messageArrived                             
0000799d  ADC14_IRQHandler                           
00007ab5  menu                                       
00007b79  menu_select                                
00007c69  load_data                                  
00007cf5  configureSimpleLinkToDefaultState          
00007ee3  establishConnectionWithAP                  
00007f3d  initializeAppVariables                     
00007f69  init_main                                  
000082cd  _sl_GetStartResponseConvert                
00008325  sl_Task                                    
0000832d  sl_Start                                   
00008431  _sl_HandleAsync_InitComplete               
000084e3  _sl_HandleAsync_Stop                       
00008567  sl_Stop                                    
0000868f  sl_EventMaskSet                            
000086c9  sl_EventMaskGet                            
000086fd  sl_DevGet                                  
0000879b  sl_DevSet                                  
00008801  _SlDrvDeviceEventHandler                   
00008881  init_lcd                                   
000088b9  write_buff_to_lcd                          
000088db  show_steps                                 
00008917  backlight_on                               
0000892b  backlight_off                              
00008937  menu1                                      
0000899d  menu2                                      
00008a03  menu3                                      
00008a69  menu4                                      
00008ad9  set_goal_menu1                             
00008ba1  view_activity_menu                         
00008cfb  view_goal_menu                             
00008e2d  Graphics_drawLineH                         
00008ec9  Graphics_drawLineV                         
00009149  Graphics_drawLine                          
000092bd  MQTTPacket_encode                          
00009313  MQTTPacket_decode                          
0000937b  MQTTPacket_len                             
000093c1  bufchar                                    
000093f9  MQTTPacket_decodeBuf                       
0000940f  readInt                                    
00009437  readChar                                   
00009457  writeChar                                  
00009477  writeInt                                   
000094b7  writeCString                               
000094e5  getLenStringLen                            
000094ff  writeMQTTString                            
0000954f  readMQTTLenString                          
000095a9  MQTTstrlen                                 
000095d5  MQTTPacket_equals                          
00009639  MQTTPacket_read                            
000096b5  MQTTSerialize_connectLength                
0000976d  MQTTSerialize_connect                      
00009927  MQTTDeserialize_connack                    
000099af  MQTTSerialize_zero                         
00009a17  MQTTSerialize_disconnect                   
00009a2d  MQTTSerialize_pingreq                      
00009a61  SysTick_Handler                            
00009a6b  expired                                    
00009a8b  countdown_ms                               
00009aa3  countdown                                  
00009ac1  left_ms                                    
00009ae3  InitTimer                                  
00009af3  cc3100_read                                
00009b75  cc3100_write                               
00009bdf  cc3100_disconnect                          
00009bef  NewNetwork                                 
00009c15  TLSConnectNetwork                          
00009d3d  ConnectNetwork                             
00009de9  init_adc                                   
00009ea5  step_track_and_alert                       
0000a067  init_clocks                                
0000a095  write                                      
0000a155  registerInterruptHandler                   
0000a169  CC3100_disable                             
0000a175  CC3100_enable                              
0000a181  CC3100_InterruptEnable                     
0000a1a3  CC3100_InterruptDisable                    
0000a1b7  MaskIntHdlr                                
0000a1bf  UnMaskIntHdlr                              
0000a1c7  set_rts                                    
0000a1d3  clear_rts                                  
0000a1df  initClk                                    
0000a255  stopWDT                                    
0000a25f  initLEDs                                   
0000a2b1  turnLedOn                                  
0000a2e5  turnLedOff                                 
0000a319  toggleLed                                  
0000a34d  GetLEDStatus                               
0000a387  initAntSelGPIO                             
0000a3bb  SelAntenna                                 
0000a3ff  Port1_ISR                                  
0000a401  Delay                                      
0000a431  PORT2_IRQHandler                           
0000a457  CC3100_UART_ISR                            
0000a4a9  SimpleLinkWlanEventHandler                 
0000a515  SimpleLinkNetAppEventHandler               
0000a545  SimpleLinkHttpServerCallback               
0000a553  SimpleLinkSockEventHandler                 
0000a593  SimpleLinkGeneralEventHandler              
0000a77d  Graphics_initContext                       
0000a7c7  Graphics_setClipRegion                     
0000a891  Graphics_setBackgroundColor                
0000a8ab  Graphics_setBackgroundColorTranslated      
0000a8c1  Graphics_setFont                           
0000a8db  Graphics_getFontBaseline                   
0000a8e9  Graphics_setForegroundColor                
0000a8ff  Graphics_setForegroundColorTranslated      
0000a911  Graphics_getFontHeight                     
0000a91f  Graphics_getFontMaxWidth                   
0000a92d  Graphics_getDisplayWidth                   
0000a93d  Graphics_getDisplayHeight                  
0000a94d  Graphics_getHeightOfDisplay                
0000a95b  Graphics_flushBuffer                       
0000a969  Graphics_clearDisplay                      
0000a97b  Graphics_drawPixel                         
0000a9d5  Graphics_getWidthOfDisplay                 
0000a9e5  strtod                                     
0000a9e5  strtold                                    
0000ac21  MQTTSerialize_publishLength                
0000ac5f  MQTTSerialize_publish                      
0000ad35  MQTTSerialize_ack                          
0000adbf  MQTTSerialize_puback                       
0000ade3  MQTTSerialize_pubrel                       
0000ae0d  MQTTSerialize_pubcomp                      
0000ae39  MQTTSerialize_subscribeLength              
0000ae9d  MQTTSerialize_subscribe                    
0000af9f  MQTTDeserialize_suback                     
0000b051  spi_Close                                  
0000b05d  spi_Open                                   
0000b14f  spi_Write                                  
0000b1a9  spi_Read                                   
0000b265  __aeabi_uldivmod                           
0000b459  strtoll                                    
0000b63d  __aeabi_dsub                               
0000b647  __aeabi_dadd                               
0000b7f5  MQTTSerialize_unsubscribeLength            
0000b859  MQTTSerialize_unsubscribe                  
0000b94f  MQTTDeserialize_unsuback                   
0000b995  PCM_setPowerStateWithTimeout               
0000bb19  strtoull                                   
0000bdd9  MQTTDeserialize_publish                    
0000be91  MQTTDeserialize_ack                        
0000bf11  __aeabi_ddiv                               
0000c047  Graphics_drawPixelOnDisplay                
0000c071  Graphics_drawMultiplePixelsOnDisplay       
0000c0b5  Graphics_drawHorizontalLineOnDisplay       
0000c0e9  Graphics_drawVerticalLineOnDisplay         
0000c11d  Graphics_fillRectangleOnDisplay            
0000c13b  Graphics_translateColorOnDisplay           
0000c151  Graphics_flushOnDisplay                    
0000c163  Graphics_clearDisplayOnDisplay             
0000c17d  strtol                                     
0000c2b1  _SlNonOsSemSet                             
0000c2c9  _SlNonOsSemGet                             
0000c325  _SlNonOsSpawn                              
0000c375  _SlNonOsMainLoopTask                       
0000c3e1  strtoul                                    
0000c4f5  sl_NetCfgSet                               
0000c55b  sl_NetCfgGet                               
0000c605  _Dscale                                    
0000c715  __aeabi_dmul                               
0000c811  CS_initClockSignal                         
0000c8f1  PCM_setPowerModeWithTimeout                
0000c9c5  vsscanf                                    
0000c9d7  sscanf                                     
0000ca91  _Dnorm                                     
0000cb51  HAL_LCD_PortInit                           
0000cb81  HAL_LCD_SpiInit                            
0000cbb7  HAL_LCD_writeCommand                       
0000cbe5  HAL_LCD_writeData                          
0000cc0d  PCM_setCoreVoltageLevelWithTimeout         
0000ccb5  __aeabi_memcpy                             
0000ccb5  __aeabi_memcpy4                            
0000ccb5  __aeabi_memcpy8                            
0000ccb5  memcpy                                     
0000cdd9  __aeabi_cdcmpeq                            
0000cdd9  __aeabi_cdcmple                            
0000ce5f  __aeabi_cdrcmple                           
0000cf65  _SlDrvFlowContInit                         
0000cfa3  _SlDrvFlowContDeinit                       
0000cfe5  PCM_gotoLPM3                               
0000d061  SPI_initMaster                             
0000d0dd  __aeabi_memclr                             
0000d0dd  __aeabi_memclr4                            
0000d0dd  __aeabi_memclr8                            
0000d0df  __aeabi_memset                             
0000d0df  __aeabi_memset4                            
0000d0df  __aeabi_memset8                            
0000d0e5  memset                                     
0000d157  __aeabi_d2f                                
0000d1c5  __TI_auto_init                             
0000d231  FlashCtl_programMemory                     
0000d305  _Dunscale                                  
0000d36d  Interrupt_disableInterrupt                 
0000d3d1  Interrupt_enableInterrupt                  
0000d435  sprintf                                    
0000d495  ltoa                                       
0000d4eb  ldexp                                      
0000d53d  PCM_shutdownDevice                         
0000d58d  _c_int00                                   
0000d5dd  GPIO_setAsPeripheralModuleFunctionInputPin 
0000d629  GPIO_setAsPeripheralModuleFunctionOutputPin
0000d675  atoi                                       
0000d6c1  copy_in                                    
0000d70d  __aeabi_d2iz                               
0000d755  C$$EXIT                                    
0000d759  abort                                      
0000d761  exit                                       
0000d799  EUSCIA0_IRQHandler                         
0000d7a5  CLI_Read                                   
0000d7bb  CLI_Write                                  
0000d7d1  CLI_Configure                              
0000d7d9  signal                                     
0000d819  FlashCtl_clearProgramVerification          
0000d855  FlashCtl_setProgramVerification            
0000d88d  Interrupt_registerInterrupt                
0000d8c1  feraiseexcept                              
0000d8f5  GPIO_getEnabledInterruptStatus             
0000d955  _Dclass                                    
0000d985  _Feraise                                   
0000d9b5  __aeabi_i2d                                
0000d9e3  raise                                      
0000da11  PCM_getCoreVoltageLevel                    
0000da3d  PCM_getPowerMode                           
0000da67  frexp                                      
0000da91  FlashCtl_eraseSector                       
0000dab9  PCM_gotoLPM0                               
0000dae1  strncmp                                    
0000db09  CS_setDCOCenteredFrequency                 
0000db2d  GPIO_setAsOutputPin                        
0000db51  FlashCtl_enableWordProgramming             
0000db71  SPI_transmitData                           
0000db91  memccpy                                    
0000dbad  SPI_enableModule                           
0000dbc9  ADC14_getResult                            
0000dbe1  GPIO_clearInterruptFlag                    
0000dbf9  GPIO_setOutputLowOnPin                     
0000dc11  _args_main                                 
0000dc29  __aeabi_lmul                               
0000dc41  strrchr                                    
0000dc59  strchr                                     
0000dc71  CS_setExternalClockSourceFrequency         
0000dc85  GPIO_setOutputHighOnPin                    
0000dc99  SysTick_enableInterrupt                    
0000dcad  SysTick_enableModule                       
0000dcc1  _register_unlock                           
0000dcc7  _register_lock                             
0000dccf  _nop                                       
0000dcd5  strcpy                                     
0000dce9  strlen                                     
0000dcfd  GPIO_getInterruptStatus                    
0000dd0d  Interrupt_enableMaster                     
0000dd1d  PCM_getPowerState                          
0000dd2d  __TI_decompress_none                       
0000dd3b  CPU_cpsie                                  
0000dd47  EUSCI_A_SPI_enable                         
0000dd53  EUSCI_B_SPI_enable                         
0000dd61  FlashCtl_disableWordProgramming            
0000dd6d  FlashCtl_getInterruptStatus                
0000dd79  SysTick_setPeriod                          
0000dd85  __TI_zero_init                             
0000dd9d  EUSCI_B_SPI_getInterruptStatus             
0000dda5  SysTick_registerInterrupt                  
0000ddad  PCM_setPowerMode                           
0000ddb3  PCM_setPowerState                          
0000ddb9  __TI_decompress_rle24                      
0000ddbf  CPU_wfi                                    
0000ddc3  EUSCI_A_SPI_transmitData                   
0000ddc7  EUSCI_B_SPI_transmitData                   
0000ddcb  _system_pre_init                           
0000e0c8  _ctypes_                                   
0000e1cc  g_sFontFixed6x8                            
0000e59c  _SlPolicySetCmdCtrl                        
0000e5a0  _SlPolicyGetCmdCtrl                        
0000e5a4  _SlProfileGetCmdCtrl                       
0000e5a8  _SlProfileDelCmdCtrl                       
0000e5ac  _SlWlanGetNetworkListCtrl                  
0000e5b0  _SlRxFilterAddtCmdCtrl                     
0000e5b4  _SlRxFilterSetCmdCtrl                      
0000e5b8  _SlRxFilterGetCmdCtrl                      
0000e5bc  _SlSmartConfigStartCmdCtrl                 
0000e5c0  _SlWlanSetModeCmdCtrl                      
0000e5c4  _SlWlanCfgSetCmdCtrl                       
0000e5c8  _SlWlanCfgGetCmdCtrl                       
0000e5d8  _SlActionLookupTable                       
0000e610  upConfig                                   
0000e648  _SlSockSocketCmdCtrl                       
0000e64c  _SlSockCloseCmdCtrl                        
0000e650  _SlRecvfomCmdCtrl                          
0000e654  _SlSendCmdCtrl                             
0000e658  _SlListenCmdCtrl                           
0000e65c  _SlAcceptCmdCtrl                           
0000e660  _SlRecvCmdCtrl                             
0000e664  _SlSetSockOptCmdCtrl                       
0000e668  _SlGetSockOptCmdCtrl                       
0000e66c  _SlSelectCmdCtrl                           
0000e6d8  g_sCrystalfontz128x128                     
0000e72c  _SlNetAppStartCtrl                         
0000e730  _SlNetAppStopCtrl                          
0000e734  _SlGetServiceListeCtrl                     
0000e738  _SlRegisterServiceCtrl                     
0000e73c  _SlGetHostByServiceCtrl                    
0000e740  _SlGetHostByNameCtrl                       
0000e744  _SlNetAppSetCmdCtrl                        
0000e748  _SlNetAppSendTokenValueCmdCtrl             
0000e74c  _SlNetAppGetCmdCtrl                        
0000e754  port_mapping                               
0000e7a4  _SlStopCmdCtrl                             
0000e7a8  _SlEventMaskSetCmdCtrl                     
0000e7ac  _SlEventMaskGetCmdCtrl                     
0000e7b0  _SlDeviceGetCmdCtrl                        
0000e7b4  _SlDeviceSetCmdCtrl                        
0000e7b8  g_H2NSyncPattern                           
0000e7c0  g_H2NCnysPattern                           
0000e804  _SlNetCfgSetCmdCtrl                        
0000e808  _SlNetCfgGetCmdCtrl                        
0000e870  __TI_Handler_Table_Base                    
0000e87c  __TI_Handler_Table_Limit                   
0000e890  __TI_CINIT_Base                            
0000e8a8  __TI_CINIT_Limit                           
20000000  g_pfnRAMVectors                            
200000e4  g_AppData                                  
2000072c  old_diffs_x                                
20000d6c  old_diffs_y                                
200013ac  old_diffs_z                                
200019ec  g_StatMem                                  
20001b50  hMQTTClient                                
20001bac  g__SlNonOsCB                               
20001bd4  g_sContext                                 
20001bf0  n                                          
20001c00  MilliTimer                                 
20001c10  Lcd_ScreenHeigth                           
20001c12  Lcd_ScreenWidth                            
20001c14  Lcd_TouchTrim                              
20001c16  IntIsMasked                                
20001c17  Lcd_FlagRead                               
20001c18  Lcd_FontSolid                              
20001c19  Lcd_Orientation                            
20001c1a  Lcd_PenSolid                               
20001cd0  _Denorm                                    
20001ce0  _Eps                                       
20001cf0  _Hugeval                                   
20001d00  _Inf                                       
20001d10  _Nan                                       
20001d20  _Snan                                      
20001d30  _Rteps                                     
20001d40  _Xbig                                      
20001d48  _Zero                                      
20001d50  S1buttonDebounce                           
20001d54  S2buttonDebounce                           
20001d58  publishID                                  
20001d5c  g_Status                                   
20001d60  uniqueID                                   
20001d6c  goal_steps                                 
20001d70  steps_taken                                
20001d74  send_goal_bool                             
20001d78  send_on_bool                               
20001d7c  active_bool                                
20001d80  debounce                                   
20001d84  menu_state                                 
20001d88  state2                                     
20001d8c  old_x                                      
20001d90  old_y                                      
20001d94  old_z                                      
20001d98  new_x                                      
20001d9c  new_y                                      
20001da0  new_z                                      
20001da4  average_x                                  
20001da8  average_y                                  
20001dac  average_z                                  
20001db0  counter                                    
20001db4  loop_index                                 
20001db8  step_string                                
20001dc8  g_pCB                                      
20001dcc  pPingCallBackFunc                          
20001dd0  gFirstCmdMode                              
20001dd4  _lock                                      
20001dd8  _unlock                                    
20001ddc  __TI_cleanup_ptr                           
20001de0  __TI_dtors_ptr                             
20001de4  _Fenv                                      
20001de8  _Tls_setup__Fenv                           
20001dec  pIraEventHandler                           
20001df0  _Errno                                     
20001df4  main_func_sp                               
2000fe00  __stack                                    
20010000  __STACK_END                                
4000480c  WDTCTL_SYM                                 
ffffffff  __binit__                                  
ffffffff  __c_args__                                 
ffffffff  binit                                      
UNDEFED   SHT$$INIT_ARRAY$$Base                      
UNDEFED   SHT$$INIT_ARRAY$$Limit                     

[512 symbols]
