******************************************************************************
                  TI ARM Linker Unix v5.2.6                    
******************************************************************************
>> Linked Thu Apr 28 18:14:40 2016

OUTPUT FILE NAME:   <final_ece461.out>
ENTRY POINT SYMBOL: "_c_int00"  address: 0000a215


MEMORY CONFIGURATION

         name            origin    length      used     unused   attr    fill
----------------------  --------  ---------  --------  --------  ----  --------
  MAIN                  00000000   00040000  0000b1da  00034e26  R  X
  INFO                  00200000   00004000  00000000  00004000  R  X
  SRAM_CODE             01000000   00010000  00000000  00010000  RW X
  SRAM_DATA             20000000   00010000  00000e3f  0000f1c1  RW  


SEGMENT ALLOCATION MAP

run origin  load origin   length   init length attrs members
----------  ----------- ---------- ----------- ----- -------
00000000    00000000    0000b1e0   0000b1e0    r-x
  00000000    00000000    00000144   00000144    r-- .intvecs
  00000144    00000144    0000a70a   0000a70a    r-x .text
  0000a850    0000a850    0000092c   0000092c    r-- .const
  0000b180    0000b180    00000060   00000060    r-- .cinit
20000000    20000000    00000c40   00000000    rw-
  20000000    20000000    000000e4   00000000    rw- .vtable
  200000e4    200000e4    00000acf   00000000    rw- .bss
  20000bb4    20000bb4    0000008c   00000000    rw- .data
2000fe00    2000fe00    00000200   00000000    rw-
  2000fe00    2000fe00    00000200   00000000    rw- .stack


SECTION ALLOCATION MAP

 output                                  attributes/
section   page    origin      length       input sections
--------  ----  ----------  ----------   ----------------
.intvecs   0    00000000    00000144     
                  00000000    00000144     msp432_startup_ccs.obj (.intvecs:retain)

.text      0    00000144    0000a70a     
                  00000144    00002024     driver.obj (.text)
                  00002168    00000ed4     socket.obj (.text)
                  0000303c    00000b44     netapp.obj (.text)
                  00003b80    00000ab8     wlan.obj (.text)
                  00004638    00000a00     MQTTClient.obj (.text)
                  00005038    00000678     Crystalfontz128x128_ST7735.obj (.text)
                  000056b0    00000630     string.obj (.text)
                  00005ce0    000005b4     device.obj (.text)
                  00006294    0000058c     myinit.obj (.text)
                  00006820    00000490     line.obj (.text)
                  00006cb0    000003f8     MQTTPacket.obj (.text)
                  000070a8    000003ac     MQTTConnectClient.obj (.text)
                  00007454    0000038c     main.obj (.text)
                  000077e0    00000388     MQTTCC3100.obj (.text)
                  00007b68    00000354     board.obj (.text)
                  00007ebc    000002d4     events.obj (.text)
                  00008190    000002d4     ped_adc.obj (.text)
                  00008464    00000266     context.obj (.text)
                  000086ca    00000002     --HOLE-- [fill = 0]
                  000086cc    00000218     MQTTSerializePublish.obj (.text)
                  000088e4    00000218     MQTTSubscribeClient.obj (.text)
                  00008afc    00000214     spi_cc3100.obj (.text)
                  00008d10    000001a0     MQTTUnsubscribeClient.obj (.text)
                  00008eb0    00000182     msp432p4xx_driverlib.lib : pcm.o (.text:PCM_setPowerStateWithTimeout)
                  00009032    00000002     --HOLE-- [fill = 0]
                  00009034    00000154                              : adc14.o (.text:_getIndexForMemRegister)
                  00009188    00000138     MQTTDeserializePublish.obj (.text)
                  000092c0    00000136     rtsv7M4_T_le_v4SPD16_eabi.lib : fd_div_t2.obj (.text)
                  000093f6    00000134     display.obj (.text)
                  0000952a    00000002     --HOLE-- [fill = 0]
                  0000952c    00000134     rtsv7M4_T_le_v4SPD16_eabi.lib : strtol.obj (.text)
                  00009660    00000130     nonos.obj (.text)
                  00009790    00000110     netcfg.obj (.text)
                  000098a0    000000fc     rtsv7M4_T_le_v4SPD16_eabi.lib : fd_mul_t2.obj (.text)
                  0000999c    000000e0     msp432p4xx_driverlib.lib : cs.o (.text:CS_initClockSignal)
                  00009a7c    000000e0     lcd_display.obj (.text)
                  00009b5c    000000d4     msp432p4xx_driverlib.lib : pcm.o (.text:PCM_setPowerModeWithTimeout)
                  00009c30    000000bc     HAL_MSP_EXP432P401R_Crystalfontz128x128_ST7735.obj (.text)
                  00009cec    000000a8     msp432p4xx_driverlib.lib : pcm.o (.text:PCM_setCoreVoltageLevelWithTimeout)
                  00009d94    0000009c     rtsv7M4_T_le_v4SPD16_eabi.lib : memcpy_t2.obj (.text)
                  00009e30    00000080     flowcont.obj (.text)
                  00009eb0    0000007c     msp432p4xx_driverlib.lib : pcm.o (.text:PCM_gotoLPM3)
                  00009f2c    0000007c                              : spi.o (.text:SPI_initMaster)
                  00009fa8    0000007a     rtsv7M4_T_le_v4SPD16_eabi.lib : memset_t2.obj (.text)
                  0000a022    00000002     --HOLE-- [fill = 0]
                  0000a024    0000006c                                   : autoinit.obj (.text)
                  0000a090    0000006a                                   : copy_decompress_rle.obj (.text)
                  0000a0fa    00000002     --HOLE-- [fill = 0]
                  0000a0fc    00000064     msp432p4xx_driverlib.lib : interrupt.o (.text:Interrupt_disableInterrupt)
                  0000a160    00000064                              : interrupt.o (.text:Interrupt_enableInterrupt)
                  0000a1c4    00000050                              : pcm.o (.text:PCM_shutdownDevice)
                  0000a214    00000050     rtsv7M4_T_le_v4SPD16_eabi.lib : boot.obj (.text)
                  0000a264    0000004c     msp432p4xx_driverlib.lib : gpio.o (.text:GPIO_setAsPeripheralModuleFunctionInputPin)
                  0000a2b0    0000004c                              : gpio.o (.text:GPIO_setAsPeripheralModuleFunctionOutputPin)
                  0000a2fc    0000004c     rtsv7M4_T_le_v4SPD16_eabi.lib : cpy_tbl.obj (.text)
                  0000a348    00000044                                   : exit.obj (.text)
                  0000a38c    00000044                                   : fd_tou_t2.obj (.text)
                  0000a3d0    00000040     cli_uart.obj (.text)
                  0000a410    00000040     rtsv7M4_T_le_v4SPD16_eabi.lib : strtok.obj (.text)
                  0000a450    00000034     msp432p4xx_driverlib.lib : interrupt.o (.text:Interrupt_registerInterrupt)
                  0000a484    00000030                              : gpio.o (.text:GPIO_getEnabledInterruptStatus)
                  0000a4b4    00000030                              : spi.o (.text:is_A_Module)
                  0000a4e4    00000030     rtsv7M4_T_le_v4SPD16_eabi.lib : strncpy.obj (.text)
                  0000a514    0000002e                                   : i_tofd_t2.obj (.text)
                  0000a542    0000002c     msp432p4xx_driverlib.lib : pcm.o (.text:PCM_getCoreVoltageLevel)
                  0000a56e    0000002a                              : pcm.o (.text:PCM_getPowerMode)
                  0000a598    0000002a     rtsv7M4_T_le_v4SPD16_eabi.lib : strspn.obj (.text)
                  0000a5c2    00000002     --HOLE-- [fill = 0]
                  0000a5c4    00000028     msp432p4xx_driverlib.lib : pcm.o (.text:PCM_gotoLPM0)
                  0000a5ec    00000026     rtsv7M4_T_le_v4SPD16_eabi.lib : strncmp.obj (.text)
                  0000a612    00000002     --HOLE-- [fill = 0]
                  0000a614    00000024     msp432p4xx_driverlib.lib : cs.o (.text:CS_setDCOCenteredFrequency)
                  0000a638    00000024                              : gpio.o (.text:GPIO_setAsOutputPin)
                  0000a65c    00000024     rtsv7M4_T_le_v4SPD16_eabi.lib : strcspn.obj (.text)
                  0000a680    00000020     msp432p4xx_driverlib.lib : spi.o (.text:SPI_transmitData)
                  0000a6a0    0000001a                              : spi.o (.text:SPI_enableModule)
                  0000a6ba    00000002     --HOLE-- [fill = 0]
                  0000a6bc    00000018                              : adc14.o (.text:ADC14_getResult)
                  0000a6d4    00000018                              : gpio.o (.text:GPIO_clearInterruptFlag)
                  0000a6ec    00000018                              : gpio.o (.text:GPIO_setOutputLowOnPin)
                  0000a704    00000018     rtsv7M4_T_le_v4SPD16_eabi.lib : args_main.obj (.text)
                  0000a71c    00000014     msp432p4xx_driverlib.lib : cs.o (.text:CS_setExternalClockSourceFrequency)
                  0000a730    00000014                              : gpio.o (.text:GPIO_setOutputHighOnPin)
                  0000a744    00000014                              : systick.o (.text:SysTick_enableInterrupt)
                  0000a758    00000014                              : systick.o (.text:SysTick_enableModule)
                  0000a76c    00000014     rtsv7M4_T_le_v4SPD16_eabi.lib : _lock.obj (.text)
                  0000a780    00000014                                   : strlen.obj (.text)
                  0000a794    00000010     msp432p4xx_driverlib.lib : gpio.o (.text:GPIO_getInterruptStatus)
                  0000a7a4    00000010                              : interrupt.o (.text:Interrupt_enableMaster)
                  0000a7b4    00000010                              : pcm.o (.text:PCM_getPowerState)
                  0000a7c4    0000000e     rtsv7M4_T_le_v4SPD16_eabi.lib : copy_decompress_none.obj (.text:decompress:none)
                  0000a7d2    0000000c     msp432p4xx_driverlib.lib : cpu.o (.text:CPU_cpsie)
                  0000a7de    0000000c                              : spi.o (.text:EUSCI_A_SPI_enable)
                  0000a7ea    0000000c                              : spi.o (.text:EUSCI_B_SPI_enable)
                  0000a7f6    00000002     --HOLE-- [fill = 0]
                  0000a7f8    0000000c                              : systick.o (.text:SysTick_setPeriod)
                  0000a804    0000000c     rtsv7M4_T_le_v4SPD16_eabi.lib : copy_zero_init.obj (.text:decompress:ZI)
                  0000a810    0000000c     msp432_startup_ccs.obj (.text)
                  0000a81c    00000008     msp432p4xx_driverlib.lib : spi.o (.text:EUSCI_B_SPI_getInterruptStatus)
                  0000a824    00000008                              : systick.o (.text:SysTick_registerInterrupt)
                  0000a82c    00000006                              : pcm.o (.text:PCM_setPowerMode)
                  0000a832    00000006                              : pcm.o (.text:PCM_setPowerState)
                  0000a838    00000006     rtsv7M4_T_le_v4SPD16_eabi.lib : copy_decompress_rle.obj (.text:decompress:rle24)
                  0000a83e    00000004     msp432p4xx_driverlib.lib : cpu.o (.text:CPU_wfi)
                  0000a842    00000004                              : spi.o (.text:EUSCI_A_SPI_transmitData)
                  0000a846    00000004                              : spi.o (.text:EUSCI_B_SPI_transmitData)
                  0000a84a    00000004     rtsv7M4_T_le_v4SPD16_eabi.lib : pre_init.obj (.text)

.const     0    0000a850    0000092c     
                  0000a850    000002f8     fontfixed6x8.obj (.const:.string:g_pucFontFixed6x8Data)
                  0000ab48    00000101     rtsv7M4_T_le_v4SPD16_eabi.lib : ctype.obj (.const:.string:_ctypes_)
                  0000ac49    00000003     --HOLE-- [fill = 0]
                  0000ac4c    000000c8     fontfixed6x8.obj (.const:g_sFontFixed6x8)
                  0000ad14    000000b0     wlan.obj (.const:$P$T0$1)
                  0000adc4    00000080     msp432p4xx_driverlib.lib : adc14.o (.const:_ctlRegs)
                  0000ae44    00000058     main.obj (.const:$P$T0$1)
                  0000ae9c    00000058     MQTTClient.obj (.const:$P$T1$2)
                  0000aef4    00000040     msp432p4xx_driverlib.lib : interrupt.o (.const)
                  0000af34    0000003c     wlan.obj (.const)
                  0000af70    00000038     driver.obj (.const:_SlActionLookupTable)
                  0000afa8    00000038     myinit.obj (.const)
                  0000afe0    00000034     socket.obj (.const)
                  0000b014    00000030     msp432p4xx_driverlib.lib : gpio.o (.const:GPIO_PORT_TO_BASE)
                  0000b044    0000002c     myinit.obj (.const:$P$T0$1)
                  0000b070    0000002c     Crystalfontz128x128_ST7735.obj (.const:g_sCrystalfontz128x128)
                  0000b09c    00000028     MQTTClient.obj (.const)
                  0000b0c4    00000028     netapp.obj (.const)
                  0000b0ec    0000001c     HAL_MSP_EXP432P401R_Crystalfontz128x128_ST7735.obj (.const)
                  0000b108    00000014     MQTTConnectClient.obj (.const)
                  0000b11c    00000014     device.obj (.const)
                  0000b130    00000014     driver.obj (.const)
                  0000b144    00000008     main.obj (.const:.string)
                  0000b14c    00000008     Crystalfontz128x128_ST7735.obj (.const)
                  0000b154    00000008     MQTTDeserializePublish.obj (.const)
                  0000b15c    00000008     MQTTSerializePublish.obj (.const)
                  0000b164    00000008     MQTTSubscribeClient.obj (.const)
                  0000b16c    00000008     netcfg.obj (.const)
                  0000b174    00000004     MQTTPacket.obj (.const)
                  0000b178    00000004     MQTTUnsubscribeClient.obj (.const)

.cinit     0    0000b180    00000060     
                  0000b180    0000002b     (.cinit..data.load) [load image, compression = rle]
                  0000b1ab    00000001     --HOLE-- [fill = 0]
                  0000b1ac    0000000c     (__TI_handler_table)
                  0000b1b8    00000008     (.cinit..bss.load) [load image, compression = zero_init]
                  0000b1c0    00000008     (.cinit..vtable.load) [load image, compression = zero_init]
                  0000b1c8    00000018     (__TI_cinit_table)

.init_array 
*          0    00000000    00000000     UNINITIALIZED

.vtable    0    20000000    000000e4     UNINITIALIZED
                  20000000    000000e4     msp432p4xx_driverlib.lib : interrupt.o (.vtable)

.bss       0    200000e4    00000acf     UNINITIALIZED
                  200000e4    00000648     myinit.obj (.bss:g_AppData)
                  2000072c    00000164     driver.obj (.bss:g_StatMem)
                  20000890    000000c8     ped_adc.obj (.bss:old_diffs_x)
                  20000958    000000c8     ped_adc.obj (.bss:old_diffs_y)
                  20000a20    000000c8     ped_adc.obj (.bss:old_diffs_z)
                  20000ae8    0000005c     main.obj (.bss:hMQTTClient)
                  20000b44    00000028     nonos.obj (.bss:g__SlNonOsCB)
                  20000b6c    0000001c     (.common:g_sContext)
                  20000b88    00000010     (.common:n)
                  20000b98    00000004     (.common:MilliTimer)
                  20000b9c    00000004     (.common:bufptr)
                  20000ba0    00000004     (.common:hfxtFreq)
                  20000ba4    00000004     (.common:lfxtFreq)
                  20000ba8    00000002     (.common:Lcd_ScreenHeigth)
                  20000baa    00000002     (.common:Lcd_ScreenWidth)
                  20000bac    00000002     (.common:Lcd_TouchTrim)
                  20000bae    00000001     (.common:IntIsMasked)
                  20000baf    00000001     (.common:Lcd_FlagRead)
                  20000bb0    00000001     (.common:Lcd_FontSolid)
                  20000bb1    00000001     (.common:Lcd_Orientation)
                  20000bb2    00000001     (.common:Lcd_PenSolid)

.TI.noinit 
*          0    200000e4    00000000     UNINITIALIZED

.data      0    20000bb4    0000008c     UNINITIALIZED
                  20000bb4    0000002c     ped_adc.obj (.data)
                  20000be0    00000024     main.obj (.data)
                  20000c04    0000000f     lcd_display.obj (.data)
                  20000c13    00000001     --HOLE--
                  20000c14    00000009     driver.obj (.data)
                  20000c1d    00000003     --HOLE--
                  20000c20    00000008     rtsv7M4_T_le_v4SPD16_eabi.lib : _lock.obj (.data)
                  20000c28    00000008                                   : exit.obj (.data)
                  20000c30    00000004     board.obj (.data)
                  20000c34    00000004     rtsv7M4_T_le_v4SPD16_eabi.lib : errno.obj (.data)
                  20000c38    00000004                                   : stkdepth_vars.obj (.data)
                  20000c3c    00000004                                   : strtok.obj (.data)

.TI.persistent 
*          0    20000bb4    00000000     UNINITIALIZED

.stack     0    2000fe00    00000200     UNINITIALIZED
                  2000fe00    00000200     --HOLE--


LINKER GENERATED COPY TABLES

__TI_cinit_table @ 0000b1c8 records: 3, size/record: 8, table size: 24
	.data: load addr=0000b180, load size=0000002b bytes, run addr=20000bb4, run size=0000008c bytes, compression=rle
	.bss: load addr=0000b1b8, load size=00000008 bytes, run addr=200000e4, run size=00000acf bytes, compression=zero_init
	.vtable: load addr=0000b1c0, load size=00000008 bytes, run addr=20000000, run size=000000e4 bytes, compression=zero_init


LINKER GENERATED HANDLER TABLE

__TI_handler_table @ 0000b1ac records: 3, size/record: 4, table size: 12
	index: 0, handler: __TI_zero_init
	index: 1, handler: __TI_decompress_rle24
	index: 2, handler: __TI_decompress_none


GLOBAL SYMBOLS: SORTED ALPHABETICALLY BY Name 

address   name                                       
-------   ----                                       
000076b9  ADC14_IRQHandler                           
0000a6bd  ADC14_getResult                            
0000a349  C$$EXIT                                    
00007bb7  CC3100_InterruptDisable                    
00007b95  CC3100_InterruptEnable                     
00007e6b  CC3100_UART_ISR                            
00007b7d  CC3100_disable                             
00007b89  CC3100_enable                              
0000a409  CLI_Configure                              
0000a3dd  CLI_Read                                   
0000a3f3  CLI_Write                                  
0000a7d3  CPU_cpsie                                  
0000a83f  CPU_wfi                                    
0000999d  CS_initClockSignal                         
0000a615  CS_setDCOCenteredFrequency                 
0000a71d  CS_setExternalClockSourceFrequency         
00007abd  ConnectNetwork                             
0000369d  CopyPingResultsToReport                    
00005039  Crystalfontz128x128_Init                   
0000514d  Crystalfontz128x128_SetDrawFrame           
0000527b  Crystalfontz128x128_SetOrientation         
00007e15  Delay                                      
0000a3d1  EUSCIA0_IRQHandler                         
0000a7df  EUSCI_A_SPI_enable                         
0000a843  EUSCI_A_SPI_transmitData                   
0000a7eb  EUSCI_B_SPI_enable                         
0000a81d  EUSCI_B_SPI_getInterruptStatus             
0000a847  EUSCI_B_SPI_transmitData                   
0000a6d5  GPIO_clearInterruptFlag                    
0000a485  GPIO_getEnabledInterruptStatus             
0000a795  GPIO_getInterruptStatus                    
0000a639  GPIO_setAsOutputPin                        
0000a265  GPIO_setAsPeripheralModuleFunctionInputPin 
0000a2b1  GPIO_setAsPeripheralModuleFunctionOutputPin
0000a731  GPIO_setOutputHighOnPin                    
0000a6ed  GPIO_setOutputLowOnPin                     
00007d61  GetLEDStatus                               
00008651  Graphics_clearDisplay                      
00009513  Graphics_clearDisplayOnDisplay             
00009465  Graphics_drawHorizontalLineOnDisplay       
00006b3d  Graphics_drawLine                          
00006821  Graphics_drawLineH                         
000068bd  Graphics_drawLineV                         
00009421  Graphics_drawMultiplePixelsOnDisplay       
00008663  Graphics_drawPixel                         
000093f7  Graphics_drawPixelOnDisplay                
000057eb  Graphics_drawString                        
00005c79  Graphics_drawStringCentered                
00009499  Graphics_drawVerticalLineOnDisplay         
000094cd  Graphics_fillRectangleOnDisplay            
00008643  Graphics_flushBuffer                       
00009501  Graphics_flushOnDisplay                    
00008625  Graphics_getDisplayHeight                  
00008615  Graphics_getDisplayWidth                   
000085c3  Graphics_getFontBaseline                   
000085f9  Graphics_getFontHeight                     
00008607  Graphics_getFontMaxWidth                   
00008635  Graphics_getHeightOfDisplay                
00005c69  Graphics_getStringBaseline                 
00005cc1  Graphics_getStringHeight                   
00005cd1  Graphics_getStringMaxWidth                 
000056f1  Graphics_getStringWidth                    
000086bd  Graphics_getWidthOfDisplay                 
00008465  Graphics_initContext                       
00008579  Graphics_setBackgroundColor                
00008593  Graphics_setBackgroundColorTranslated      
000084af  Graphics_setClipRegion                     
000085a9  Graphics_setFont                           
000085d1  Graphics_setForegroundColor                
000085e7  Graphics_setForegroundColorTranslated      
000094eb  Graphics_translateColorOnDisplay           
00009c31  HAL_LCD_PortInit                           
00009c61  HAL_LCD_SpiInit                            
00009c97  HAL_LCD_writeCommand                       
00009cc5  HAL_LCD_writeData                          
00007863  InitTimer                                  
20000bae  IntIsMasked                                
0000a0fd  Interrupt_disableInterrupt                 
0000a161  Interrupt_enableInterrupt                  
0000a7a5  Interrupt_enableMaster                     
0000a451  Interrupt_registerInterrupt                
20000baf  Lcd_FlagRead                               
20000bb0  Lcd_FontSolid                              
20000bb1  Lcd_Orientation                            
20000bb2  Lcd_PenSolid                               
20000ba8  Lcd_ScreenHeigth                           
20000baa  Lcd_ScreenWidth                            
20000bac  Lcd_TouchTrim                              
000046f7  MQTTClient                                 
00004c41  MQTTConnect                                
00009241  MQTTDeserialize_ack                        
0000731b  MQTTDeserialize_connack                    
00009189  MQTTDeserialize_publish                    
00008a4b  MQTTDeserialize_suback                     
00008e6b  MQTTDeserialize_unsuback                   
00004fe7  MQTTDisconnect                             
00006d07  MQTTPacket_decode                          
00006ded  MQTTPacket_decodeBuf                       
00006cb1  MQTTPacket_encode                          
00006fc9  MQTTPacket_equals                          
00006d6f  MQTTPacket_len                             
0000702d  MQTTPacket_read                            
00004ebd  MQTTPublish                                
000087e1  MQTTSerialize_ack                          
00007161  MQTTSerialize_connect                      
000070a9  MQTTSerialize_connectLength                
0000740b  MQTTSerialize_disconnect                   
00007421  MQTTSerialize_pingreq                      
0000886b  MQTTSerialize_puback                       
000088b9  MQTTSerialize_pubcomp                      
0000870b  MQTTSerialize_publish                      
000086cd  MQTTSerialize_publishLength                
0000888f  MQTTSerialize_pubrel                       
00008949  MQTTSerialize_subscribe                    
000088e5  MQTTSerialize_subscribeLength              
00008d75  MQTTSerialize_unsubscribe                  
00008d11  MQTTSerialize_unsubscribeLength            
000073a3  MQTTSerialize_zero                         
00004d0b  MQTTSubscribe                              
00004e13  MQTTUnsubscribe                            
00004bcd  MQTTYield                                  
00006f9d  MQTTstrlen                                 
00007bcb  MaskIntHdlr                                
20000b98  MilliTimer                                 
00004639  NewMessageData                             
0000796f  NewNetwork                                 
0000a543  PCM_getCoreVoltageLevel                    
0000a56f  PCM_getPowerMode                           
0000a7b5  PCM_getPowerState                          
0000a5c5  PCM_gotoLPM0                               
00009eb1  PCM_gotoLPM3                               
00009ced  PCM_setCoreVoltageLevelWithTimeout         
0000a82d  PCM_setPowerMode                           
00009b5d  PCM_setPowerModeWithTimeout                
0000a833  PCM_setPowerState                          
00008eb1  PCM_setPowerStateWithTimeout               
0000a1c5  PCM_shutdownDevice                         
00007555  PORT1_IRQHandler                           
00007e45  PORT2_IRQHandler                           
00007e13  Port1_ISR                                  
20000be0  S1buttonDebounce                           
20000be4  S2buttonDebounce                           
UNDEFED   SHT$$INIT_ARRAY$$Base                      
UNDEFED   SHT$$INIT_ARRAY$$Limit                     
00002f3f  SL_FD_CLR                                  
00002f65  SL_FD_ISSET                                
00002f1d  SL_FD_SET                                  
00002f8d  SL_FD_ZERO                                 
0000a6a1  SPI_enableModule                           
00009f2d  SPI_initMaster                             
0000a681  SPI_transmitData                           
00007dcf  SelAntenna                                 
00007fa7  SimpleLinkGeneralEventHandler              
00007f59  SimpleLinkHttpServerCallback               
00007f29  SimpleLinkNetAppEventHandler               
00007f67  SimpleLinkSockEventHandler                 
00007ebd  SimpleLinkWlanEventHandler                 
000077e1  SysTick_Handler                            
0000a745  SysTick_enableInterrupt                    
0000a759  SysTick_enableModule                       
0000a825  SysTick_registerInterrupt                  
0000a7f9  SysTick_setPeriod                          
00007569  TA1_0_IRQHandler                           
00007995  TLSConnectNetwork                          
00007bd3  UnMaskIntHdlr                              
4000480c  WDTCTL_SYM                                 
20000c34  _Errno                                     
0000aff4  _SlAcceptCmdCtrl                           
0000af70  _SlActionLookupTable                       
00001011  _SlAsyncEventGenericHandler                
0000b128  _SlDeviceGetCmdCtrl                        
0000b12c  _SlDeviceSetCmdCtrl                        
00001a23  _SlDrvBasicCmd                             
000016d9  _SlDrvClassifyRxMsg                        
0000030f  _SlDrvCmdOp                                
000003bf  _SlDrvCmdSend                              
00000415  _SlDrvDataReadOp                           
00000619  _SlDrvDataWriteOp                          
00006215  _SlDrvDeviceEventHandler                   
00000229  _SlDrvDriverCBDeinit                       
00000145  _SlDrvDriverCBInit                         
00009e6f  _SlDrvFlowContDeinit                       
00009e31  _SlDrvFlowContInit                         
000009dd  _SlDrvMsgRead                              
000014f5  _SlDrvMsgReadCmdCtx                        
000015ef  _SlDrvMsgReadSpawnCtx                      
000007e9  _SlDrvMsgWrite                             
00003a6d  _SlDrvNetAppEventHandler                   
00001f17  _SlDrvObjDeInit                            
00001e9b  _SlDrvObjInit                              
00001c91  _SlDrvReleasePoolObj                       
0000181d  _SlDrvRxHdrRead                            
000002cd  _SlDrvRxIrqHandler                         
000017d7  _SlDrvShiftDWord                           
00001a89  _SlDrvWaitForPoolObj                       
0000b124  _SlEventMaskGetCmdCtrl                     
0000b120  _SlEventMaskSetCmdCtrl                     
00001ff9  _SlFindAndSetActiveObj                     
0000b0d8  _SlGetHostByNameCtrl                       
0000b0d4  _SlGetHostByServiceCtrl                    
0000b0cc  _SlGetServiceListeCtrl                     
0000b000  _SlGetSockOptCmdCtrl                       
0000aff0  _SlListenCmdCtrl                           
0000b0e4  _SlNetAppGetCmdCtrl                        
0000b0e0  _SlNetAppSendTokenValueCmdCtrl             
0000b0dc  _SlNetAppSetCmdCtrl                        
0000b0c4  _SlNetAppStartCtrl                         
0000b0c8  _SlNetAppStopCtrl                          
0000b170  _SlNetCfgGetCmdCtrl                        
0000b16c  _SlNetCfgSetCmdCtrl                        
00009725  _SlNonOsMainLoopTask                       
00009679  _SlNonOsSemGet                             
00009661  _SlNonOsSemSet                             
000096d5  _SlNonOsSpawn                              
0000af38  _SlPolicyGetCmdCtrl                        
0000af34  _SlPolicySetCmdCtrl                        
0000af40  _SlProfileDelCmdCtrl                       
0000af3c  _SlProfileGetCmdCtrl                       
0000aff8  _SlRecvCmdCtrl                             
0000afe8  _SlRecvfomCmdCtrl                          
0000b0d0  _SlRegisterServiceCtrl                     
00001f37  _SlRemoveFromList                          
0000af48  _SlRxFilterAddtCmdCtrl                     
0000af50  _SlRxFilterGetCmdCtrl                      
0000af4c  _SlRxFilterSetCmdCtrl                      
0000b004  _SlSelectCmdCtrl                           
0000afec  _SlSendCmdCtrl                             
0000affc  _SlSetSockOptCmdCtrl                       
0000af54  _SlSmartConfigStartCmdCtrl                 
0000afe4  _SlSockCloseCmdCtrl                        
0000afe0  _SlSockSocketCmdCtrl                       
0000b11c  _SlStopCmdCtrl                             
0000af60  _SlWlanCfgGetCmdCtrl                       
0000af5c  _SlWlanCfgSetCmdCtrl                       
0000af44  _SlWlanGetNetworkListCtrl                  
0000af58  _SlWlanSetModeCmdCtrl                      
20010000  __STACK_END                                
00000200  __STACK_SIZE                               
0000b1c8  __TI_CINIT_Base                            
0000b1e0  __TI_CINIT_Limit                           
0000b1ac  __TI_Handler_Table_Base                    
0000b1b8  __TI_Handler_Table_Limit                   
0000a025  __TI_auto_init                             
20000c28  __TI_cleanup_ptr                           
0000a7c5  __TI_decompress_none                       
0000a839  __TI_decompress_rle24                      
20000c2c  __TI_dtors_ptr                             
00000000  __TI_static_base__                         
0000a805  __TI_zero_init                             
0000a38d  __aeabi_d2uiz                              
000092c1  __aeabi_ddiv                               
000098a1  __aeabi_dmul                               
0000a515  __aeabi_i2d                                
00009fa9  __aeabi_memclr                             
00009fa9  __aeabi_memclr4                            
00009fa9  __aeabi_memclr8                            
00009d95  __aeabi_memcpy                             
00009d95  __aeabi_memcpy4                            
00009d95  __aeabi_memcpy8                            
00009fab  __aeabi_memset                             
00009fab  __aeabi_memset4                            
00009fab  __aeabi_memset8                            
ffffffff  __binit__                                  
ffffffff  __c_args__                                 
2000fe00  __stack                                    
0000a705  _args_main                                 
0000a215  _c_int00                                   
0000ab48  _ctypes_                                   
20000c20  _lock                                      
0000a77b  _nop                                       
0000a773  _register_lock                             
0000a76d  _register_unlock                           
00002169  _sl_BuildAddress                           
00005ce1  _sl_GetStartResponseConvert                
00002b7d  _sl_HandleAsync_Accept                     
00002777  _sl_HandleAsync_Connect                    
00003485  _sl_HandleAsync_DnsGetHostByAddr           
000035d9  _sl_HandleAsync_DnsGetHostByName           
000033b5  _sl_HandleAsync_DnsGetHostByService        
00005e45  _sl_HandleAsync_InitComplete               
000036d9  _sl_HandleAsync_PingResponse               
00002fa5  _sl_HandleAsync_Select                     
00005ef7  _sl_HandleAsync_Stop                       
00002281  _sl_ParseAddress                           
000021b9  _sl_TruncatePayloadByProtocol              
0000a84b  _system_pre_init                           
20000c24  _unlock                                    
0000a34d  abort                                      
20000bcc  average_x                                  
20000bd0  average_y                                  
20000bd4  average_z                                  
00009b1d  backlight_off                              
00009b05  backlight_on                               
ffffffff  binit                                      
00006db5  bufchar                                    
0000795f  cc3100_disconnect                          
00007873  cc3100_read                                
000078f5  cc3100_write                               
00007be7  clear_rts                                  
00006295  configureSimpleLinkToDefaultState          
0000a2fd  copy_in                                    
00007823  countdown                                  
0000780b  countdown_ms                               
20000bd8  counter                                    
00004a61  cycle                                      
00004769  decodePacket                               
00004943  deliverMessage                             
00006483  establishConnectionWithAP                  
0000a355  exit                                       
000077eb  expired                                    
20000c1c  gFirstCmdMode                              
200000e4  g_AppData                                  
0000b138  g_H2NCnysPattern                           
0000b130  g_H2NSyncPattern                           
2000072c  g_StatMem                                  
20000bec  g_Status                                   
20000b44  g__SlNonOsCB                               
20000c14  g_pCB                                      
20000000  g_pfnRAMVectors                            
20000b6c  g_sContext                                 
0000b070  g_sCrystalfontz128x128                     
0000ac4c  g_sFontFixed6x8                            
00006ed9  getLenStringLen                            
00004653  getNextPacketId                            
20000bfc  goal_steps                                 
20000ae8  hMQTTClient                                
00007d9b  initAntSelGPIO                             
00007bf3  initClk                                    
00007c73  initLEDs                                   
00008191  init_adc                                   
00008401  init_clocks                                
00009a7d  init_lcd                                   
00006505  init_main                                  
000064dd  initializeAppVariables                     
00000000  interruptVectors                           
0000488f  isTopicMatched                             
000049f3  keepalive                                  
00007841  left_ms                                    
20000bdc  loop_index                                 
00007455  main                                       
20000c38  main_func_sp                               
00009d95  memcpy                                     
00009fb1  memset                                     
00007583  messageArrived                             
20000b88  n                                          
20000bc0  new_x                                      
20000bc4  new_y                                      
20000bc8  new_z                                      
20000890  old_diffs_x                                
20000958  old_diffs_y                                
20000a20  old_diffs_z                                
20000bb4  old_x                                      
20000bb8  old_y                                      
20000bbc  old_z                                      
20000c30  pIraEventHandler                           
20000c18  pPingCallBackFunc                          
0000b144  port_mapping                               
20000be8  publishID                                  
00006e2b  readChar                                   
00006e03  readInt                                    
00006f43  readMQTTLenString                          
000047e5  readPacket                                 
00007b69  registerInterruptHandler                   
00004677  sendPacket                                 
00007bdb  set_rts                                    
00009ad5  show_steps                                 
00002979  sl_Accept                                  
0000235b  sl_Bind                                    
00002331  sl_Close                                   
00002621  sl_Connect                                 
00006111  sl_DevGet                                  
000061af  sl_DevSet                                  
000060dd  sl_EventMaskGet                            
000060a3  sl_EventMaskSet                            
00002cfd  sl_GetSockOpt                              
00002afb  sl_Htonl                                   
00002b3d  sl_Htons                                   
00002939  sl_Listen                                  
00003495  sl_NetAppDnsGetHostByName                  
00003285  sl_NetAppDnsGetHostByService               
000039dd  sl_NetAppGet                               
00003085  sl_NetAppGetServiceList                    
00003209  sl_NetAppMDNSRegisterService               
00003155  sl_NetAppMDNSRegisterUnregisterService     
00003245  sl_NetAppMDNSUnRegisterService             
0000379d  sl_NetAppPingStart                         
00003979  sl_NetAppSendTokenValue                    
0000390f  sl_NetAppSet                               
0000303d  sl_NetAppStart                             
00003061  sl_NetAppStop                              
000097f7  sl_NetCfgGet                               
00009791  sl_NetCfgSet                               
00002c15  sl_Recv                                    
000024ff  sl_RecvFrom                                
00002d97  sl_Select                                  
00002829  sl_Send                                    
000023e3  sl_SendTo                                  
00002c91  sl_SetSockOpt                              
000022db  sl_Socket                                  
00005d41  sl_Start                                   
00005f7b  sl_Stop                                    
00005d39  sl_Task                                    
00003b81  sl_WlanConnect                             
00003db3  sl_WlanDisconnect                          
00004581  sl_WlanGet                                 
00004249  sl_WlanGetNetworkList                      
00003e29  sl_WlanPolicyGet                           
00003dbf  sl_WlanPolicySet                           
00003ecd  sl_WlanProfileAdd                          
0000421b  sl_WlanProfileDel                          
00004139  sl_WlanProfileGet                          
000042bb  sl_WlanRxFilterAdd                         
0000437d  sl_WlanRxFilterGet                         
00004329  sl_WlanRxFilterSet                         
0000440b  sl_WlanRxStatGet                           
000043f3  sl_WlanRxStatStart                         
000043ff  sl_WlanRxStatStop                          
0000450d  sl_WlanSet                                 
000044dd  sl_WlanSetMode                             
00004451  sl_WlanSmartConfigStart                    
00004441  sl_WlanSmartConfigStop                     
00008afd  spi_Close                                  
00008b09  spi_Open                                   
00008c55  spi_Read                                   
00008bfb  spi_Write                                  
20000c04  step_string                                
0000824d  step_track_and_alert                       
20000c00  steps_taken                                
00007c69  stopWDT                                    
0000a65d  strcspn                                    
0000a781  strlen                                     
0000a5ed  strncmp                                    
0000a4e5  strncpy                                    
0000a599  strspn                                     
0000a411  strtok                                     
0000952d  strtol                                     
00007d2d  toggleLed                                  
00007cf9  turnLedOff                                 
00007cc5  turnLedOn                                  
20000bf0  uniqueID                                   
0000afa8  upConfig                                   
00004c11  waitfor                                    
00006eab  writeCString                               
00006e4b  writeChar                                  
00006e6b  writeInt                                   
00006ef3  writeMQTTString                            
00009ab5  write_lcd                                  


GLOBAL SYMBOLS: SORTED BY Symbol Address 

address   name                                       
-------   ----                                       
00000000  __TI_static_base__                         
00000000  interruptVectors                           
00000145  _SlDrvDriverCBInit                         
00000200  __STACK_SIZE                               
00000229  _SlDrvDriverCBDeinit                       
000002cd  _SlDrvRxIrqHandler                         
0000030f  _SlDrvCmdOp                                
000003bf  _SlDrvCmdSend                              
00000415  _SlDrvDataReadOp                           
00000619  _SlDrvDataWriteOp                          
000007e9  _SlDrvMsgWrite                             
000009dd  _SlDrvMsgRead                              
00001011  _SlAsyncEventGenericHandler                
000014f5  _SlDrvMsgReadCmdCtx                        
000015ef  _SlDrvMsgReadSpawnCtx                      
000016d9  _SlDrvClassifyRxMsg                        
000017d7  _SlDrvShiftDWord                           
0000181d  _SlDrvRxHdrRead                            
00001a23  _SlDrvBasicCmd                             
00001a89  _SlDrvWaitForPoolObj                       
00001c91  _SlDrvReleasePoolObj                       
00001e9b  _SlDrvObjInit                              
00001f17  _SlDrvObjDeInit                            
00001f37  _SlRemoveFromList                          
00001ff9  _SlFindAndSetActiveObj                     
00002169  _sl_BuildAddress                           
000021b9  _sl_TruncatePayloadByProtocol              
00002281  _sl_ParseAddress                           
000022db  sl_Socket                                  
00002331  sl_Close                                   
0000235b  sl_Bind                                    
000023e3  sl_SendTo                                  
000024ff  sl_RecvFrom                                
00002621  sl_Connect                                 
00002777  _sl_HandleAsync_Connect                    
00002829  sl_Send                                    
00002939  sl_Listen                                  
00002979  sl_Accept                                  
00002afb  sl_Htonl                                   
00002b3d  sl_Htons                                   
00002b7d  _sl_HandleAsync_Accept                     
00002c15  sl_Recv                                    
00002c91  sl_SetSockOpt                              
00002cfd  sl_GetSockOpt                              
00002d97  sl_Select                                  
00002f1d  SL_FD_SET                                  
00002f3f  SL_FD_CLR                                  
00002f65  SL_FD_ISSET                                
00002f8d  SL_FD_ZERO                                 
00002fa5  _sl_HandleAsync_Select                     
0000303d  sl_NetAppStart                             
00003061  sl_NetAppStop                              
00003085  sl_NetAppGetServiceList                    
00003155  sl_NetAppMDNSRegisterUnregisterService     
00003209  sl_NetAppMDNSRegisterService               
00003245  sl_NetAppMDNSUnRegisterService             
00003285  sl_NetAppDnsGetHostByService               
000033b5  _sl_HandleAsync_DnsGetHostByService        
00003485  _sl_HandleAsync_DnsGetHostByAddr           
00003495  sl_NetAppDnsGetHostByName                  
000035d9  _sl_HandleAsync_DnsGetHostByName           
0000369d  CopyPingResultsToReport                    
000036d9  _sl_HandleAsync_PingResponse               
0000379d  sl_NetAppPingStart                         
0000390f  sl_NetAppSet                               
00003979  sl_NetAppSendTokenValue                    
000039dd  sl_NetAppGet                               
00003a6d  _SlDrvNetAppEventHandler                   
00003b81  sl_WlanConnect                             
00003db3  sl_WlanDisconnect                          
00003dbf  sl_WlanPolicySet                           
00003e29  sl_WlanPolicyGet                           
00003ecd  sl_WlanProfileAdd                          
00004139  sl_WlanProfileGet                          
0000421b  sl_WlanProfileDel                          
00004249  sl_WlanGetNetworkList                      
000042bb  sl_WlanRxFilterAdd                         
00004329  sl_WlanRxFilterSet                         
0000437d  sl_WlanRxFilterGet                         
000043f3  sl_WlanRxStatStart                         
000043ff  sl_WlanRxStatStop                          
0000440b  sl_WlanRxStatGet                           
00004441  sl_WlanSmartConfigStop                     
00004451  sl_WlanSmartConfigStart                    
000044dd  sl_WlanSetMode                             
0000450d  sl_WlanSet                                 
00004581  sl_WlanGet                                 
00004639  NewMessageData                             
00004653  getNextPacketId                            
00004677  sendPacket                                 
000046f7  MQTTClient                                 
00004769  decodePacket                               
000047e5  readPacket                                 
0000488f  isTopicMatched                             
00004943  deliverMessage                             
000049f3  keepalive                                  
00004a61  cycle                                      
00004bcd  MQTTYield                                  
00004c11  waitfor                                    
00004c41  MQTTConnect                                
00004d0b  MQTTSubscribe                              
00004e13  MQTTUnsubscribe                            
00004ebd  MQTTPublish                                
00004fe7  MQTTDisconnect                             
00005039  Crystalfontz128x128_Init                   
0000514d  Crystalfontz128x128_SetDrawFrame           
0000527b  Crystalfontz128x128_SetOrientation         
000056f1  Graphics_getStringWidth                    
000057eb  Graphics_drawString                        
00005c69  Graphics_getStringBaseline                 
00005c79  Graphics_drawStringCentered                
00005cc1  Graphics_getStringHeight                   
00005cd1  Graphics_getStringMaxWidth                 
00005ce1  _sl_GetStartResponseConvert                
00005d39  sl_Task                                    
00005d41  sl_Start                                   
00005e45  _sl_HandleAsync_InitComplete               
00005ef7  _sl_HandleAsync_Stop                       
00005f7b  sl_Stop                                    
000060a3  sl_EventMaskSet                            
000060dd  sl_EventMaskGet                            
00006111  sl_DevGet                                  
000061af  sl_DevSet                                  
00006215  _SlDrvDeviceEventHandler                   
00006295  configureSimpleLinkToDefaultState          
00006483  establishConnectionWithAP                  
000064dd  initializeAppVariables                     
00006505  init_main                                  
00006821  Graphics_drawLineH                         
000068bd  Graphics_drawLineV                         
00006b3d  Graphics_drawLine                          
00006cb1  MQTTPacket_encode                          
00006d07  MQTTPacket_decode                          
00006d6f  MQTTPacket_len                             
00006db5  bufchar                                    
00006ded  MQTTPacket_decodeBuf                       
00006e03  readInt                                    
00006e2b  readChar                                   
00006e4b  writeChar                                  
00006e6b  writeInt                                   
00006eab  writeCString                               
00006ed9  getLenStringLen                            
00006ef3  writeMQTTString                            
00006f43  readMQTTLenString                          
00006f9d  MQTTstrlen                                 
00006fc9  MQTTPacket_equals                          
0000702d  MQTTPacket_read                            
000070a9  MQTTSerialize_connectLength                
00007161  MQTTSerialize_connect                      
0000731b  MQTTDeserialize_connack                    
000073a3  MQTTSerialize_zero                         
0000740b  MQTTSerialize_disconnect                   
00007421  MQTTSerialize_pingreq                      
00007455  main                                       
00007555  PORT1_IRQHandler                           
00007569  TA1_0_IRQHandler                           
00007583  messageArrived                             
000076b9  ADC14_IRQHandler                           
000077e1  SysTick_Handler                            
000077eb  expired                                    
0000780b  countdown_ms                               
00007823  countdown                                  
00007841  left_ms                                    
00007863  InitTimer                                  
00007873  cc3100_read                                
000078f5  cc3100_write                               
0000795f  cc3100_disconnect                          
0000796f  NewNetwork                                 
00007995  TLSConnectNetwork                          
00007abd  ConnectNetwork                             
00007b69  registerInterruptHandler                   
00007b7d  CC3100_disable                             
00007b89  CC3100_enable                              
00007b95  CC3100_InterruptEnable                     
00007bb7  CC3100_InterruptDisable                    
00007bcb  MaskIntHdlr                                
00007bd3  UnMaskIntHdlr                              
00007bdb  set_rts                                    
00007be7  clear_rts                                  
00007bf3  initClk                                    
00007c69  stopWDT                                    
00007c73  initLEDs                                   
00007cc5  turnLedOn                                  
00007cf9  turnLedOff                                 
00007d2d  toggleLed                                  
00007d61  GetLEDStatus                               
00007d9b  initAntSelGPIO                             
00007dcf  SelAntenna                                 
00007e13  Port1_ISR                                  
00007e15  Delay                                      
00007e45  PORT2_IRQHandler                           
00007e6b  CC3100_UART_ISR                            
00007ebd  SimpleLinkWlanEventHandler                 
00007f29  SimpleLinkNetAppEventHandler               
00007f59  SimpleLinkHttpServerCallback               
00007f67  SimpleLinkSockEventHandler                 
00007fa7  SimpleLinkGeneralEventHandler              
00008191  init_adc                                   
0000824d  step_track_and_alert                       
00008401  init_clocks                                
00008465  Graphics_initContext                       
000084af  Graphics_setClipRegion                     
00008579  Graphics_setBackgroundColor                
00008593  Graphics_setBackgroundColorTranslated      
000085a9  Graphics_setFont                           
000085c3  Graphics_getFontBaseline                   
000085d1  Graphics_setForegroundColor                
000085e7  Graphics_setForegroundColorTranslated      
000085f9  Graphics_getFontHeight                     
00008607  Graphics_getFontMaxWidth                   
00008615  Graphics_getDisplayWidth                   
00008625  Graphics_getDisplayHeight                  
00008635  Graphics_getHeightOfDisplay                
00008643  Graphics_flushBuffer                       
00008651  Graphics_clearDisplay                      
00008663  Graphics_drawPixel                         
000086bd  Graphics_getWidthOfDisplay                 
000086cd  MQTTSerialize_publishLength                
0000870b  MQTTSerialize_publish                      
000087e1  MQTTSerialize_ack                          
0000886b  MQTTSerialize_puback                       
0000888f  MQTTSerialize_pubrel                       
000088b9  MQTTSerialize_pubcomp                      
000088e5  MQTTSerialize_subscribeLength              
00008949  MQTTSerialize_subscribe                    
00008a4b  MQTTDeserialize_suback                     
00008afd  spi_Close                                  
00008b09  spi_Open                                   
00008bfb  spi_Write                                  
00008c55  spi_Read                                   
00008d11  MQTTSerialize_unsubscribeLength            
00008d75  MQTTSerialize_unsubscribe                  
00008e6b  MQTTDeserialize_unsuback                   
00008eb1  PCM_setPowerStateWithTimeout               
00009189  MQTTDeserialize_publish                    
00009241  MQTTDeserialize_ack                        
000092c1  __aeabi_ddiv                               
000093f7  Graphics_drawPixelOnDisplay                
00009421  Graphics_drawMultiplePixelsOnDisplay       
00009465  Graphics_drawHorizontalLineOnDisplay       
00009499  Graphics_drawVerticalLineOnDisplay         
000094cd  Graphics_fillRectangleOnDisplay            
000094eb  Graphics_translateColorOnDisplay           
00009501  Graphics_flushOnDisplay                    
00009513  Graphics_clearDisplayOnDisplay             
0000952d  strtol                                     
00009661  _SlNonOsSemSet                             
00009679  _SlNonOsSemGet                             
000096d5  _SlNonOsSpawn                              
00009725  _SlNonOsMainLoopTask                       
00009791  sl_NetCfgSet                               
000097f7  sl_NetCfgGet                               
000098a1  __aeabi_dmul                               
0000999d  CS_initClockSignal                         
00009a7d  init_lcd                                   
00009ab5  write_lcd                                  
00009ad5  show_steps                                 
00009b05  backlight_on                               
00009b1d  backlight_off                              
00009b5d  PCM_setPowerModeWithTimeout                
00009c31  HAL_LCD_PortInit                           
00009c61  HAL_LCD_SpiInit                            
00009c97  HAL_LCD_writeCommand                       
00009cc5  HAL_LCD_writeData                          
00009ced  PCM_setCoreVoltageLevelWithTimeout         
00009d95  __aeabi_memcpy                             
00009d95  __aeabi_memcpy4                            
00009d95  __aeabi_memcpy8                            
00009d95  memcpy                                     
00009e31  _SlDrvFlowContInit                         
00009e6f  _SlDrvFlowContDeinit                       
00009eb1  PCM_gotoLPM3                               
00009f2d  SPI_initMaster                             
00009fa9  __aeabi_memclr                             
00009fa9  __aeabi_memclr4                            
00009fa9  __aeabi_memclr8                            
00009fab  __aeabi_memset                             
00009fab  __aeabi_memset4                            
00009fab  __aeabi_memset8                            
00009fb1  memset                                     
0000a025  __TI_auto_init                             
0000a0fd  Interrupt_disableInterrupt                 
0000a161  Interrupt_enableInterrupt                  
0000a1c5  PCM_shutdownDevice                         
0000a215  _c_int00                                   
0000a265  GPIO_setAsPeripheralModuleFunctionInputPin 
0000a2b1  GPIO_setAsPeripheralModuleFunctionOutputPin
0000a2fd  copy_in                                    
0000a349  C$$EXIT                                    
0000a34d  abort                                      
0000a355  exit                                       
0000a38d  __aeabi_d2uiz                              
0000a3d1  EUSCIA0_IRQHandler                         
0000a3dd  CLI_Read                                   
0000a3f3  CLI_Write                                  
0000a409  CLI_Configure                              
0000a411  strtok                                     
0000a451  Interrupt_registerInterrupt                
0000a485  GPIO_getEnabledInterruptStatus             
0000a4e5  strncpy                                    
0000a515  __aeabi_i2d                                
0000a543  PCM_getCoreVoltageLevel                    
0000a56f  PCM_getPowerMode                           
0000a599  strspn                                     
0000a5c5  PCM_gotoLPM0                               
0000a5ed  strncmp                                    
0000a615  CS_setDCOCenteredFrequency                 
0000a639  GPIO_setAsOutputPin                        
0000a65d  strcspn                                    
0000a681  SPI_transmitData                           
0000a6a1  SPI_enableModule                           
0000a6bd  ADC14_getResult                            
0000a6d5  GPIO_clearInterruptFlag                    
0000a6ed  GPIO_setOutputLowOnPin                     
0000a705  _args_main                                 
0000a71d  CS_setExternalClockSourceFrequency         
0000a731  GPIO_setOutputHighOnPin                    
0000a745  SysTick_enableInterrupt                    
0000a759  SysTick_enableModule                       
0000a76d  _register_unlock                           
0000a773  _register_lock                             
0000a77b  _nop                                       
0000a781  strlen                                     
0000a795  GPIO_getInterruptStatus                    
0000a7a5  Interrupt_enableMaster                     
0000a7b5  PCM_getPowerState                          
0000a7c5  __TI_decompress_none                       
0000a7d3  CPU_cpsie                                  
0000a7df  EUSCI_A_SPI_enable                         
0000a7eb  EUSCI_B_SPI_enable                         
0000a7f9  SysTick_setPeriod                          
0000a805  __TI_zero_init                             
0000a81d  EUSCI_B_SPI_getInterruptStatus             
0000a825  SysTick_registerInterrupt                  
0000a82d  PCM_setPowerMode                           
0000a833  PCM_setPowerState                          
0000a839  __TI_decompress_rle24                      
0000a83f  CPU_wfi                                    
0000a843  EUSCI_A_SPI_transmitData                   
0000a847  EUSCI_B_SPI_transmitData                   
0000a84b  _system_pre_init                           
0000ab48  _ctypes_                                   
0000ac4c  g_sFontFixed6x8                            
0000af34  _SlPolicySetCmdCtrl                        
0000af38  _SlPolicyGetCmdCtrl                        
0000af3c  _SlProfileGetCmdCtrl                       
0000af40  _SlProfileDelCmdCtrl                       
0000af44  _SlWlanGetNetworkListCtrl                  
0000af48  _SlRxFilterAddtCmdCtrl                     
0000af4c  _SlRxFilterSetCmdCtrl                      
0000af50  _SlRxFilterGetCmdCtrl                      
0000af54  _SlSmartConfigStartCmdCtrl                 
0000af58  _SlWlanSetModeCmdCtrl                      
0000af5c  _SlWlanCfgSetCmdCtrl                       
0000af60  _SlWlanCfgGetCmdCtrl                       
0000af70  _SlActionLookupTable                       
0000afa8  upConfig                                   
0000afe0  _SlSockSocketCmdCtrl                       
0000afe4  _SlSockCloseCmdCtrl                        
0000afe8  _SlRecvfomCmdCtrl                          
0000afec  _SlSendCmdCtrl                             
0000aff0  _SlListenCmdCtrl                           
0000aff4  _SlAcceptCmdCtrl                           
0000aff8  _SlRecvCmdCtrl                             
0000affc  _SlSetSockOptCmdCtrl                       
0000b000  _SlGetSockOptCmdCtrl                       
0000b004  _SlSelectCmdCtrl                           
0000b070  g_sCrystalfontz128x128                     
0000b0c4  _SlNetAppStartCtrl                         
0000b0c8  _SlNetAppStopCtrl                          
0000b0cc  _SlGetServiceListeCtrl                     
0000b0d0  _SlRegisterServiceCtrl                     
0000b0d4  _SlGetHostByServiceCtrl                    
0000b0d8  _SlGetHostByNameCtrl                       
0000b0dc  _SlNetAppSetCmdCtrl                        
0000b0e0  _SlNetAppSendTokenValueCmdCtrl             
0000b0e4  _SlNetAppGetCmdCtrl                        
0000b11c  _SlStopCmdCtrl                             
0000b120  _SlEventMaskSetCmdCtrl                     
0000b124  _SlEventMaskGetCmdCtrl                     
0000b128  _SlDeviceGetCmdCtrl                        
0000b12c  _SlDeviceSetCmdCtrl                        
0000b130  g_H2NSyncPattern                           
0000b138  g_H2NCnysPattern                           
0000b144  port_mapping                               
0000b16c  _SlNetCfgSetCmdCtrl                        
0000b170  _SlNetCfgGetCmdCtrl                        
0000b1ac  __TI_Handler_Table_Base                    
0000b1b8  __TI_Handler_Table_Limit                   
0000b1c8  __TI_CINIT_Base                            
0000b1e0  __TI_CINIT_Limit                           
20000000  g_pfnRAMVectors                            
200000e4  g_AppData                                  
2000072c  g_StatMem                                  
20000890  old_diffs_x                                
20000958  old_diffs_y                                
20000a20  old_diffs_z                                
20000ae8  hMQTTClient                                
20000b44  g__SlNonOsCB                               
20000b6c  g_sContext                                 
20000b88  n                                          
20000b98  MilliTimer                                 
20000ba8  Lcd_ScreenHeigth                           
20000baa  Lcd_ScreenWidth                            
20000bac  Lcd_TouchTrim                              
20000bae  IntIsMasked                                
20000baf  Lcd_FlagRead                               
20000bb0  Lcd_FontSolid                              
20000bb1  Lcd_Orientation                            
20000bb2  Lcd_PenSolid                               
20000bb4  old_x                                      
20000bb8  old_y                                      
20000bbc  old_z                                      
20000bc0  new_x                                      
20000bc4  new_y                                      
20000bc8  new_z                                      
20000bcc  average_x                                  
20000bd0  average_y                                  
20000bd4  average_z                                  
20000bd8  counter                                    
20000bdc  loop_index                                 
20000be0  S1buttonDebounce                           
20000be4  S2buttonDebounce                           
20000be8  publishID                                  
20000bec  g_Status                                   
20000bf0  uniqueID                                   
20000bfc  goal_steps                                 
20000c00  steps_taken                                
20000c04  step_string                                
20000c14  g_pCB                                      
20000c18  pPingCallBackFunc                          
20000c1c  gFirstCmdMode                              
20000c20  _lock                                      
20000c24  _unlock                                    
20000c28  __TI_cleanup_ptr                           
20000c2c  __TI_dtors_ptr                             
20000c30  pIraEventHandler                           
20000c34  _Errno                                     
20000c38  main_func_sp                               
2000fe00  __stack                                    
20010000  __STACK_END                                
4000480c  WDTCTL_SYM                                 
ffffffff  __binit__                                  
ffffffff  __c_args__                                 
ffffffff  binit                                      
UNDEFED   SHT$$INIT_ARRAY$$Base                      
UNDEFED   SHT$$INIT_ARRAY$$Limit                     

[447 symbols]
