<?xml version="1.0"?>
<link_info>
   <banner>TI ARM Linker Unix v5.2.6</banner>
   <copyright>Copyright (c) 1996-2015 Texas Instruments Incorporated</copyright>
   <link_time>0x5722c549</link_time>
   <link_errors>0x0</link_errors>
   <output_file>final_ece461.out</output_file>
   <entry_point>
      <name>_c_int00</name>
      <address>0xc0c1</address>
   </entry_point>
   <input_file_list>
      <input_file id="fl-2">
         <path>./</path>
         <kind>object</kind>
         <file>Crystalfontz128x128_ST7735.obj</file>
         <name>Crystalfontz128x128_ST7735.obj</name>
      </input_file>
      <input_file id="fl-3">
         <path>./</path>
         <kind>object</kind>
         <file>HAL_MSP_EXP432P401R_Crystalfontz128x128_ST7735.obj</file>
         <name>HAL_MSP_EXP432P401R_Crystalfontz128x128_ST7735.obj</name>
      </input_file>
      <input_file id="fl-4">
         <path>./</path>
         <kind>object</kind>
         <file>MQTTCC3100.obj</file>
         <name>MQTTCC3100.obj</name>
      </input_file>
      <input_file id="fl-5">
         <path>./</path>
         <kind>object</kind>
         <file>MQTTClient.obj</file>
         <name>MQTTClient.obj</name>
      </input_file>
      <input_file id="fl-6">
         <path>./</path>
         <kind>object</kind>
         <file>MQTTConnectClient.obj</file>
         <name>MQTTConnectClient.obj</name>
      </input_file>
      <input_file id="fl-7">
         <path>./</path>
         <kind>object</kind>
         <file>MQTTConnectServer.obj</file>
         <name>MQTTConnectServer.obj</name>
      </input_file>
      <input_file id="fl-8">
         <path>./</path>
         <kind>object</kind>
         <file>MQTTDeserializePublish.obj</file>
         <name>MQTTDeserializePublish.obj</name>
      </input_file>
      <input_file id="fl-9">
         <path>./</path>
         <kind>object</kind>
         <file>MQTTFormat.obj</file>
         <name>MQTTFormat.obj</name>
      </input_file>
      <input_file id="fl-a">
         <path>./</path>
         <kind>object</kind>
         <file>MQTTPacket.obj</file>
         <name>MQTTPacket.obj</name>
      </input_file>
      <input_file id="fl-b">
         <path>./</path>
         <kind>object</kind>
         <file>MQTTSerializePublish.obj</file>
         <name>MQTTSerializePublish.obj</name>
      </input_file>
      <input_file id="fl-c">
         <path>./</path>
         <kind>object</kind>
         <file>MQTTSubscribeClient.obj</file>
         <name>MQTTSubscribeClient.obj</name>
      </input_file>
      <input_file id="fl-d">
         <path>./</path>
         <kind>object</kind>
         <file>MQTTSubscribeServer.obj</file>
         <name>MQTTSubscribeServer.obj</name>
      </input_file>
      <input_file id="fl-e">
         <path>./</path>
         <kind>object</kind>
         <file>MQTTUnsubscribeClient.obj</file>
         <name>MQTTUnsubscribeClient.obj</name>
      </input_file>
      <input_file id="fl-f">
         <path>./</path>
         <kind>object</kind>
         <file>MQTTUnsubscribeServer.obj</file>
         <name>MQTTUnsubscribeServer.obj</name>
      </input_file>
      <input_file id="fl-10">
         <path>./</path>
         <kind>object</kind>
         <file>board.obj</file>
         <name>board.obj</name>
      </input_file>
      <input_file id="fl-11">
         <path>./</path>
         <kind>object</kind>
         <file>cli_uart.obj</file>
         <name>cli_uart.obj</name>
      </input_file>
      <input_file id="fl-12">
         <path>./</path>
         <kind>object</kind>
         <file>context.obj</file>
         <name>context.obj</name>
      </input_file>
      <input_file id="fl-13">
         <path>./</path>
         <kind>object</kind>
         <file>device.obj</file>
         <name>device.obj</name>
      </input_file>
      <input_file id="fl-14">
         <path>./</path>
         <kind>object</kind>
         <file>display.obj</file>
         <name>display.obj</name>
      </input_file>
      <input_file id="fl-15">
         <path>./</path>
         <kind>object</kind>
         <file>driver.obj</file>
         <name>driver.obj</name>
      </input_file>
      <input_file id="fl-16">
         <path>./</path>
         <kind>object</kind>
         <file>events.obj</file>
         <name>events.obj</name>
      </input_file>
      <input_file id="fl-17">
         <path>./</path>
         <kind>object</kind>
         <file>flowcont.obj</file>
         <name>flowcont.obj</name>
      </input_file>
      <input_file id="fl-18">
         <path>./</path>
         <kind>object</kind>
         <file>fontfixed6x8.obj</file>
         <name>fontfixed6x8.obj</name>
      </input_file>
      <input_file id="fl-19">
         <path>./</path>
         <kind>object</kind>
         <file>fs.obj</file>
         <name>fs.obj</name>
      </input_file>
      <input_file id="fl-1a">
         <path>./</path>
         <kind>object</kind>
         <file>lcd_display.obj</file>
         <name>lcd_display.obj</name>
      </input_file>
      <input_file id="fl-1b">
         <path>./</path>
         <kind>object</kind>
         <file>line.obj</file>
         <name>line.obj</name>
      </input_file>
      <input_file id="fl-1c">
         <path>./</path>
         <kind>object</kind>
         <file>main.obj</file>
         <name>main.obj</name>
      </input_file>
      <input_file id="fl-1d">
         <path>./</path>
         <kind>object</kind>
         <file>msp432_startup_ccs.obj</file>
         <name>msp432_startup_ccs.obj</name>
      </input_file>
      <input_file id="fl-1e">
         <path>./</path>
         <kind>object</kind>
         <file>my_mqtt.obj</file>
         <name>my_mqtt.obj</name>
      </input_file>
      <input_file id="fl-1f">
         <path>./</path>
         <kind>object</kind>
         <file>myinit.obj</file>
         <name>myinit.obj</name>
      </input_file>
      <input_file id="fl-20">
         <path>./</path>
         <kind>object</kind>
         <file>netapp.obj</file>
         <name>netapp.obj</name>
      </input_file>
      <input_file id="fl-21">
         <path>./</path>
         <kind>object</kind>
         <file>netcfg.obj</file>
         <name>netcfg.obj</name>
      </input_file>
      <input_file id="fl-22">
         <path>./</path>
         <kind>object</kind>
         <file>nonos.obj</file>
         <name>nonos.obj</name>
      </input_file>
      <input_file id="fl-23">
         <path>./</path>
         <kind>object</kind>
         <file>ped_adc.obj</file>
         <name>ped_adc.obj</name>
      </input_file>
      <input_file id="fl-24">
         <path>./</path>
         <kind>object</kind>
         <file>socket.obj</file>
         <name>socket.obj</name>
      </input_file>
      <input_file id="fl-25">
         <path>./</path>
         <kind>object</kind>
         <file>spawn.obj</file>
         <name>spawn.obj</name>
      </input_file>
      <input_file id="fl-26">
         <path>./</path>
         <kind>object</kind>
         <file>spi_cc3100.obj</file>
         <name>spi_cc3100.obj</name>
      </input_file>
      <input_file id="fl-27">
         <path>./</path>
         <kind>object</kind>
         <file>string.obj</file>
         <name>string.obj</name>
      </input_file>
      <input_file id="fl-28">
         <path>./</path>
         <kind>object</kind>
         <file>uart_cc3100.obj</file>
         <name>uart_cc3100.obj</name>
      </input_file>
      <input_file id="fl-29">
         <path>./</path>
         <kind>object</kind>
         <file>wlan.obj</file>
         <name>wlan.obj</name>
      </input_file>
      <input_file id="fl-2f">
         <path>../</path>
         <kind>archive</kind>
         <file>msp432p4xx_driverlib.lib</file>
         <name>adc14.o</name>
      </input_file>
      <input_file id="fl-30">
         <path>../</path>
         <kind>archive</kind>
         <file>msp432p4xx_driverlib.lib</file>
         <name>cs.o</name>
      </input_file>
      <input_file id="fl-31">
         <path>../</path>
         <kind>archive</kind>
         <file>msp432p4xx_driverlib.lib</file>
         <name>gpio.o</name>
      </input_file>
      <input_file id="fl-32">
         <path>../</path>
         <kind>archive</kind>
         <file>msp432p4xx_driverlib.lib</file>
         <name>interrupt.o</name>
      </input_file>
      <input_file id="fl-33">
         <path>../</path>
         <kind>archive</kind>
         <file>msp432p4xx_driverlib.lib</file>
         <name>pcm.o</name>
      </input_file>
      <input_file id="fl-34">
         <path>../</path>
         <kind>archive</kind>
         <file>msp432p4xx_driverlib.lib</file>
         <name>spi.o</name>
      </input_file>
      <input_file id="fl-35">
         <path>../</path>
         <kind>archive</kind>
         <file>msp432p4xx_driverlib.lib</file>
         <name>sysctl.o</name>
      </input_file>
      <input_file id="fl-36">
         <path>../</path>
         <kind>archive</kind>
         <file>msp432p4xx_driverlib.lib</file>
         <name>systick.o</name>
      </input_file>
      <input_file id="fl-37">
         <path>../</path>
         <kind>archive</kind>
         <file>msp432p4xx_driverlib.lib</file>
         <name>cpu.o</name>
      </input_file>
      <input_file id="fl-159">
         <path>/home/daniel/Programs/ti/ccsv6/tools/compiler/ti-cgt-arm_5.2.6/lib/</path>
         <kind>archive</kind>
         <file>rtsv7M4_T_le_v4SPD16_eabi.lib</file>
         <name>boot.obj</name>
      </input_file>
      <input_file id="fl-15a">
         <path>/home/daniel/Programs/ti/ccsv6/tools/compiler/ti-cgt-arm_5.2.6/lib/</path>
         <kind>archive</kind>
         <file>rtsv7M4_T_le_v4SPD16_eabi.lib</file>
         <name>copy_decompress_none.obj</name>
      </input_file>
      <input_file id="fl-15b">
         <path>/home/daniel/Programs/ti/ccsv6/tools/compiler/ti-cgt-arm_5.2.6/lib/</path>
         <kind>archive</kind>
         <file>rtsv7M4_T_le_v4SPD16_eabi.lib</file>
         <name>copy_decompress_rle.obj</name>
      </input_file>
      <input_file id="fl-15c">
         <path>/home/daniel/Programs/ti/ccsv6/tools/compiler/ti-cgt-arm_5.2.6/lib/</path>
         <kind>archive</kind>
         <file>rtsv7M4_T_le_v4SPD16_eabi.lib</file>
         <name>copy_zero_init.obj</name>
      </input_file>
      <input_file id="fl-15d">
         <path>/home/daniel/Programs/ti/ccsv6/tools/compiler/ti-cgt-arm_5.2.6/lib/</path>
         <kind>archive</kind>
         <file>rtsv7M4_T_le_v4SPD16_eabi.lib</file>
         <name>exit.obj</name>
      </input_file>
      <input_file id="fl-15e">
         <path>/home/daniel/Programs/ti/ccsv6/tools/compiler/ti-cgt-arm_5.2.6/lib/</path>
         <kind>archive</kind>
         <file>rtsv7M4_T_le_v4SPD16_eabi.lib</file>
         <name>fd_div_t2.obj</name>
      </input_file>
      <input_file id="fl-15f">
         <path>/home/daniel/Programs/ti/ccsv6/tools/compiler/ti-cgt-arm_5.2.6/lib/</path>
         <kind>archive</kind>
         <file>rtsv7M4_T_le_v4SPD16_eabi.lib</file>
         <name>fd_mul_t2.obj</name>
      </input_file>
      <input_file id="fl-160">
         <path>/home/daniel/Programs/ti/ccsv6/tools/compiler/ti-cgt-arm_5.2.6/lib/</path>
         <kind>archive</kind>
         <file>rtsv7M4_T_le_v4SPD16_eabi.lib</file>
         <name>fd_tou_t2.obj</name>
      </input_file>
      <input_file id="fl-161">
         <path>/home/daniel/Programs/ti/ccsv6/tools/compiler/ti-cgt-arm_5.2.6/lib/</path>
         <kind>archive</kind>
         <file>rtsv7M4_T_le_v4SPD16_eabi.lib</file>
         <name>i_tofd_t2.obj</name>
      </input_file>
      <input_file id="fl-162">
         <path>/home/daniel/Programs/ti/ccsv6/tools/compiler/ti-cgt-arm_5.2.6/lib/</path>
         <kind>archive</kind>
         <file>rtsv7M4_T_le_v4SPD16_eabi.lib</file>
         <name>memcmp.obj</name>
      </input_file>
      <input_file id="fl-163">
         <path>/home/daniel/Programs/ti/ccsv6/tools/compiler/ti-cgt-arm_5.2.6/lib/</path>
         <kind>archive</kind>
         <file>rtsv7M4_T_le_v4SPD16_eabi.lib</file>
         <name>memcpy_t2.obj</name>
      </input_file>
      <input_file id="fl-164">
         <path>/home/daniel/Programs/ti/ccsv6/tools/compiler/ti-cgt-arm_5.2.6/lib/</path>
         <kind>archive</kind>
         <file>rtsv7M4_T_le_v4SPD16_eabi.lib</file>
         <name>memset_t2.obj</name>
      </input_file>
      <input_file id="fl-165">
         <path>/home/daniel/Programs/ti/ccsv6/tools/compiler/ti-cgt-arm_5.2.6/lib/</path>
         <kind>archive</kind>
         <file>rtsv7M4_T_le_v4SPD16_eabi.lib</file>
         <name>pre_init.obj</name>
      </input_file>
      <input_file id="fl-166">
         <path>/home/daniel/Programs/ti/ccsv6/tools/compiler/ti-cgt-arm_5.2.6/lib/</path>
         <kind>archive</kind>
         <file>rtsv7M4_T_le_v4SPD16_eabi.lib</file>
         <name>snprintf.obj</name>
      </input_file>
      <input_file id="fl-167">
         <path>/home/daniel/Programs/ti/ccsv6/tools/compiler/ti-cgt-arm_5.2.6/lib/</path>
         <kind>archive</kind>
         <file>rtsv7M4_T_le_v4SPD16_eabi.lib</file>
         <name>sprintf.obj</name>
      </input_file>
      <input_file id="fl-168">
         <path>/home/daniel/Programs/ti/ccsv6/tools/compiler/ti-cgt-arm_5.2.6/lib/</path>
         <kind>archive</kind>
         <file>rtsv7M4_T_le_v4SPD16_eabi.lib</file>
         <name>stkdepth_vars.obj</name>
      </input_file>
      <input_file id="fl-169">
         <path>/home/daniel/Programs/ti/ccsv6/tools/compiler/ti-cgt-arm_5.2.6/lib/</path>
         <kind>archive</kind>
         <file>rtsv7M4_T_le_v4SPD16_eabi.lib</file>
         <name>strlen.obj</name>
      </input_file>
      <input_file id="fl-16a">
         <path>/home/daniel/Programs/ti/ccsv6/tools/compiler/ti-cgt-arm_5.2.6/lib/</path>
         <kind>archive</kind>
         <file>rtsv7M4_T_le_v4SPD16_eabi.lib</file>
         <name>strncmp.obj</name>
      </input_file>
      <input_file id="fl-16b">
         <path>/home/daniel/Programs/ti/ccsv6/tools/compiler/ti-cgt-arm_5.2.6/lib/</path>
         <kind>archive</kind>
         <file>rtsv7M4_T_le_v4SPD16_eabi.lib</file>
         <name>strncpy.obj</name>
      </input_file>
      <input_file id="fl-16c">
         <path>/home/daniel/Programs/ti/ccsv6/tools/compiler/ti-cgt-arm_5.2.6/lib/</path>
         <kind>archive</kind>
         <file>rtsv7M4_T_le_v4SPD16_eabi.lib</file>
         <name>strtok.obj</name>
      </input_file>
      <input_file id="fl-16d">
         <path>/home/daniel/Programs/ti/ccsv6/tools/compiler/ti-cgt-arm_5.2.6/lib/</path>
         <kind>archive</kind>
         <file>rtsv7M4_T_le_v4SPD16_eabi.lib</file>
         <name>strtol.obj</name>
      </input_file>
      <input_file id="fl-16e">
         <path>/home/daniel/Programs/ti/ccsv6/tools/compiler/ti-cgt-arm_5.2.6/lib/</path>
         <kind>archive</kind>
         <file>rtsv7M4_T_le_v4SPD16_eabi.lib</file>
         <name>_lock.obj</name>
      </input_file>
      <input_file id="fl-16f">
         <path>/home/daniel/Programs/ti/ccsv6/tools/compiler/ti-cgt-arm_5.2.6/lib/</path>
         <kind>archive</kind>
         <file>rtsv7M4_T_le_v4SPD16_eabi.lib</file>
         <name>_printfi.obj</name>
      </input_file>
      <input_file id="fl-170">
         <path>/home/daniel/Programs/ti/ccsv6/tools/compiler/ti-cgt-arm_5.2.6/lib/</path>
         <kind>archive</kind>
         <file>rtsv7M4_T_le_v4SPD16_eabi.lib</file>
         <name>args_main.obj</name>
      </input_file>
      <input_file id="fl-171">
         <path>/home/daniel/Programs/ti/ccsv6/tools/compiler/ti-cgt-arm_5.2.6/lib/</path>
         <kind>archive</kind>
         <file>rtsv7M4_T_le_v4SPD16_eabi.lib</file>
         <name>atoi.obj</name>
      </input_file>
      <input_file id="fl-172">
         <path>/home/daniel/Programs/ti/ccsv6/tools/compiler/ti-cgt-arm_5.2.6/lib/</path>
         <kind>archive</kind>
         <file>rtsv7M4_T_le_v4SPD16_eabi.lib</file>
         <name>autoinit.obj</name>
      </input_file>
      <input_file id="fl-173">
         <path>/home/daniel/Programs/ti/ccsv6/tools/compiler/ti-cgt-arm_5.2.6/lib/</path>
         <kind>archive</kind>
         <file>rtsv7M4_T_le_v4SPD16_eabi.lib</file>
         <name>cpy_tbl.obj</name>
      </input_file>
      <input_file id="fl-174">
         <path>/home/daniel/Programs/ti/ccsv6/tools/compiler/ti-cgt-arm_5.2.6/lib/</path>
         <kind>archive</kind>
         <file>rtsv7M4_T_le_v4SPD16_eabi.lib</file>
         <name>ctype.obj</name>
      </input_file>
      <input_file id="fl-175">
         <path>/home/daniel/Programs/ti/ccsv6/tools/compiler/ti-cgt-arm_5.2.6/lib/</path>
         <kind>archive</kind>
         <file>rtsv7M4_T_le_v4SPD16_eabi.lib</file>
         <name>errno.obj</name>
      </input_file>
      <input_file id="fl-176">
         <path>/home/daniel/Programs/ti/ccsv6/tools/compiler/ti-cgt-arm_5.2.6/lib/</path>
         <kind>archive</kind>
         <file>rtsv7M4_T_le_v4SPD16_eabi.lib</file>
         <name>fd_add_t2.obj</name>
      </input_file>
      <input_file id="fl-177">
         <path>/home/daniel/Programs/ti/ccsv6/tools/compiler/ti-cgt-arm_5.2.6/lib/</path>
         <kind>archive</kind>
         <file>rtsv7M4_T_le_v4SPD16_eabi.lib</file>
         <name>fd_cmp_t2.obj</name>
      </input_file>
      <input_file id="fl-178">
         <path>/home/daniel/Programs/ti/ccsv6/tools/compiler/ti-cgt-arm_5.2.6/lib/</path>
         <kind>archive</kind>
         <file>rtsv7M4_T_le_v4SPD16_eabi.lib</file>
         <name>fd_toi_t2.obj</name>
      </input_file>
      <input_file id="fl-179">
         <path>/home/daniel/Programs/ti/ccsv6/tools/compiler/ti-cgt-arm_5.2.6/lib/</path>
         <kind>archive</kind>
         <file>rtsv7M4_T_le_v4SPD16_eabi.lib</file>
         <name>frexp.obj</name>
      </input_file>
      <input_file id="fl-17a">
         <path>/home/daniel/Programs/ti/ccsv6/tools/compiler/ti-cgt-arm_5.2.6/lib/</path>
         <kind>archive</kind>
         <file>rtsv7M4_T_le_v4SPD16_eabi.lib</file>
         <name>ldexp.obj</name>
      </input_file>
      <input_file id="fl-17b">
         <path>/home/daniel/Programs/ti/ccsv6/tools/compiler/ti-cgt-arm_5.2.6/lib/</path>
         <kind>archive</kind>
         <file>rtsv7M4_T_le_v4SPD16_eabi.lib</file>
         <name>ltoa.obj</name>
      </input_file>
      <input_file id="fl-17c">
         <path>/home/daniel/Programs/ti/ccsv6/tools/compiler/ti-cgt-arm_5.2.6/lib/</path>
         <kind>archive</kind>
         <file>rtsv7M4_T_le_v4SPD16_eabi.lib</file>
         <name>memccpy.obj</name>
      </input_file>
      <input_file id="fl-17d">
         <path>/home/daniel/Programs/ti/ccsv6/tools/compiler/ti-cgt-arm_5.2.6/lib/</path>
         <kind>archive</kind>
         <file>rtsv7M4_T_le_v4SPD16_eabi.lib</file>
         <name>strchr.obj</name>
      </input_file>
      <input_file id="fl-17e">
         <path>/home/daniel/Programs/ti/ccsv6/tools/compiler/ti-cgt-arm_5.2.6/lib/</path>
         <kind>archive</kind>
         <file>rtsv7M4_T_le_v4SPD16_eabi.lib</file>
         <name>strcspn.obj</name>
      </input_file>
      <input_file id="fl-17f">
         <path>/home/daniel/Programs/ti/ccsv6/tools/compiler/ti-cgt-arm_5.2.6/lib/</path>
         <kind>archive</kind>
         <file>rtsv7M4_T_le_v4SPD16_eabi.lib</file>
         <name>strspn.obj</name>
      </input_file>
      <input_file id="fl-180">
         <path>/home/daniel/Programs/ti/ccsv6/tools/compiler/ti-cgt-arm_5.2.6/lib/</path>
         <kind>archive</kind>
         <file>rtsv7M4_T_le_v4SPD16_eabi.lib</file>
         <name>ull_div_t2.obj</name>
      </input_file>
      <input_file id="fl-181">
         <path>/home/daniel/Programs/ti/ccsv6/tools/compiler/ti-cgt-arm_5.2.6/lib/</path>
         <kind>archive</kind>
         <file>rtsv7M4_T_le_v4SPD16_eabi.lib</file>
         <name>xdclass.obj</name>
      </input_file>
      <input_file id="fl-182">
         <path>/home/daniel/Programs/ti/ccsv6/tools/compiler/ti-cgt-arm_5.2.6/lib/</path>
         <kind>archive</kind>
         <file>rtsv7M4_T_le_v4SPD16_eabi.lib</file>
         <name>xdscale.obj</name>
      </input_file>
      <input_file id="fl-183">
         <path>/home/daniel/Programs/ti/ccsv6/tools/compiler/ti-cgt-arm_5.2.6/lib/</path>
         <kind>archive</kind>
         <file>rtsv7M4_T_le_v4SPD16_eabi.lib</file>
         <name>xdunscal.obj</name>
      </input_file>
      <input_file id="fl-184">
         <path>/home/daniel/Programs/ti/ccsv6/tools/compiler/ti-cgt-arm_5.2.6/lib/</path>
         <kind>archive</kind>
         <file>rtsv7M4_T_le_v4SPD16_eabi.lib</file>
         <name>xferaise.obj</name>
      </input_file>
      <input_file id="fl-185">
         <path>/home/daniel/Programs/ti/ccsv6/tools/compiler/ti-cgt-arm_5.2.6/lib/</path>
         <kind>archive</kind>
         <file>rtsv7M4_T_le_v4SPD16_eabi.lib</file>
         <name>xvalues.obj</name>
      </input_file>
      <input_file id="fl-186">
         <path>/home/daniel/Programs/ti/ccsv6/tools/compiler/ti-cgt-arm_5.2.6/lib/</path>
         <kind>archive</kind>
         <file>rtsv7M4_T_le_v4SPD16_eabi.lib</file>
         <name>feraiseexcept.obj</name>
      </input_file>
      <input_file id="fl-187">
         <path>/home/daniel/Programs/ti/ccsv6/tools/compiler/ti-cgt-arm_5.2.6/lib/</path>
         <kind>archive</kind>
         <file>rtsv7M4_T_le_v4SPD16_eabi.lib</file>
         <name>raise.obj</name>
      </input_file>
      <input_file id="fl-188">
         <path>/home/daniel/Programs/ti/ccsv6/tools/compiler/ti-cgt-arm_5.2.6/lib/</path>
         <kind>archive</kind>
         <file>rtsv7M4_T_le_v4SPD16_eabi.lib</file>
         <name>signal.obj</name>
      </input_file>
      <input_file id="fl-189">
         <path>/home/daniel/Programs/ti/ccsv6/tools/compiler/ti-cgt-arm_5.2.6/lib/</path>
         <kind>archive</kind>
         <file>rtsv7M4_T_le_v4SPD16_eabi.lib</file>
         <name>xdnorm.obj</name>
      </input_file>
   </input_file_list>
   <object_component_list>
      <object_component id="oc-27">
         <name>.intvecs:retain</name>
         <load_address>0x0</load_address>
         <run_address>0x0</run_address>
         <size>0x144</size>
         <input_file_ref idref="fl-1d"/>
      </object_component>
      <object_component id="oc-1d2">
         <name>.text</name>
         <load_address>0x144</load_address>
         <run_address>0x144</run_address>
         <size>0x2024</size>
         <input_file_ref idref="fl-15"/>
      </object_component>
      <object_component id="oc-2c3">
         <name>.text</name>
         <load_address>0x2168</load_address>
         <run_address>0x2168</run_address>
         <size>0x10ba</size>
         <input_file_ref idref="fl-16f"/>
      </object_component>
      <object_component id="oc-bc">
         <name>.text</name>
         <load_address>0x3224</load_address>
         <run_address>0x3224</run_address>
         <size>0xed4</size>
         <input_file_ref idref="fl-24"/>
      </object_component>
      <object_component id="oc-cb">
         <name>.text</name>
         <load_address>0x40f8</load_address>
         <run_address>0x40f8</run_address>
         <size>0xb44</size>
         <input_file_ref idref="fl-20"/>
      </object_component>
      <object_component id="oc-268">
         <name>.text</name>
         <load_address>0x4c3c</load_address>
         <run_address>0x4c3c</run_address>
         <size>0xab8</size>
         <input_file_ref idref="fl-29"/>
      </object_component>
      <object_component id="oc-101">
         <name>.text</name>
         <load_address>0x56f4</load_address>
         <run_address>0x56f4</run_address>
         <size>0xa00</size>
         <input_file_ref idref="fl-5"/>
      </object_component>
      <object_component id="oc-240">
         <name>.text</name>
         <load_address>0x60f4</load_address>
         <run_address>0x60f4</run_address>
         <size>0x678</size>
         <input_file_ref idref="fl-2"/>
      </object_component>
      <object_component id="oc-24c">
         <name>.text</name>
         <load_address>0x676c</load_address>
         <run_address>0x676c</run_address>
         <size>0x630</size>
         <input_file_ref idref="fl-27"/>
      </object_component>
      <object_component id="oc-262">
         <name>.text</name>
         <load_address>0x6d9c</load_address>
         <run_address>0x6d9c</run_address>
         <size>0x5b4</size>
         <input_file_ref idref="fl-13"/>
      </object_component>
      <object_component id="oc-fb">
         <name>.text</name>
         <load_address>0x7350</load_address>
         <run_address>0x7350</run_address>
         <size>0x58c</size>
         <input_file_ref idref="fl-1f"/>
      </object_component>
      <object_component id="oc-78">
         <name>.text</name>
         <load_address>0x78dc</load_address>
         <run_address>0x78dc</run_address>
         <size>0x574</size>
         <input_file_ref idref="fl-1c"/>
      </object_component>
      <object_component id="oc-f5">
         <name>.text</name>
         <load_address>0x7e50</load_address>
         <run_address>0x7e50</run_address>
         <size>0x4f0</size>
         <input_file_ref idref="fl-1a"/>
      </object_component>
      <object_component id="oc-3b3">
         <name>.text</name>
         <load_address>0x8340</load_address>
         <run_address>0x8340</run_address>
         <size>0x490</size>
         <input_file_ref idref="fl-1b"/>
      </object_component>
      <object_component id="oc-288">
         <name>.text</name>
         <load_address>0x87d0</load_address>
         <run_address>0x87d0</run_address>
         <size>0x3f8</size>
         <input_file_ref idref="fl-a"/>
      </object_component>
      <object_component id="oc-28e">
         <name>.text</name>
         <load_address>0x8bc8</load_address>
         <run_address>0x8bc8</run_address>
         <size>0x3ac</size>
         <input_file_ref idref="fl-6"/>
      </object_component>
      <object_component id="oc-72">
         <name>.text</name>
         <load_address>0x8f74</load_address>
         <run_address>0x8f74</run_address>
         <size>0x388</size>
         <input_file_ref idref="fl-4"/>
      </object_component>
      <object_component id="oc-84">
         <name>.text</name>
         <load_address>0x92fc</load_address>
         <run_address>0x92fc</run_address>
         <size>0x354</size>
         <input_file_ref idref="fl-10"/>
      </object_component>
      <object_component id="oc-ef">
         <name>.text</name>
         <load_address>0x9650</load_address>
         <run_address>0x9650</run_address>
         <size>0x2d8</size>
         <input_file_ref idref="fl-23"/>
      </object_component>
      <object_component id="oc-215">
         <name>.text</name>
         <load_address>0x9928</load_address>
         <run_address>0x9928</run_address>
         <size>0x2d4</size>
         <input_file_ref idref="fl-16"/>
      </object_component>
      <object_component id="oc-246">
         <name>.text</name>
         <load_address>0x9bfc</load_address>
         <run_address>0x9bfc</run_address>
         <size>0x266</size>
         <input_file_ref idref="fl-12"/>
      </object_component>
      <object_component id="oc-29d">
         <name>.text</name>
         <load_address>0x9e64</load_address>
         <run_address>0x9e64</run_address>
         <size>0x218</size>
         <input_file_ref idref="fl-b"/>
      </object_component>
      <object_component id="oc-2a3">
         <name>.text</name>
         <load_address>0xa07c</load_address>
         <run_address>0xa07c</run_address>
         <size>0x218</size>
         <input_file_ref idref="fl-c"/>
      </object_component>
      <object_component id="oc-34c">
         <name>.text</name>
         <load_address>0xa294</load_address>
         <run_address>0xa294</run_address>
         <size>0x214</size>
         <input_file_ref idref="fl-26"/>
      </object_component>
      <object_component id="oc-421">
         <name>.text</name>
         <load_address>0xa4a8</load_address>
         <run_address>0xa4a8</run_address>
         <size>0x1f4</size>
         <input_file_ref idref="fl-180"/>
      </object_component>
      <object_component id="oc-43b">
         <name>.text</name>
         <load_address>0xa69c</load_address>
         <run_address>0xa69c</run_address>
         <size>0x1b6</size>
         <input_file_ref idref="fl-176"/>
      </object_component>
      <object_component id="oc-2a9">
         <name>.text</name>
         <load_address>0xa854</load_address>
         <run_address>0xa854</run_address>
         <size>0x1a0</size>
         <input_file_ref idref="fl-e"/>
      </object_component>
      <object_component id="oc-32b">
         <name>.text:PCM_setPowerStateWithTimeout</name>
         <load_address>0xa9f4</load_address>
         <run_address>0xa9f4</run_address>
         <size>0x182</size>
         <input_file_ref idref="fl-33"/>
      </object_component>
      <object_component id="oc-30b">
         <name>.text:_getIndexForMemRegister</name>
         <load_address>0xab78</load_address>
         <run_address>0xab78</run_address>
         <size>0x154</size>
         <input_file_ref idref="fl-2f"/>
      </object_component>
      <object_component id="oc-297">
         <name>.text</name>
         <load_address>0xaccc</load_address>
         <run_address>0xaccc</run_address>
         <size>0x138</size>
         <input_file_ref idref="fl-8"/>
      </object_component>
      <object_component id="oc-13f">
         <name>.text</name>
         <load_address>0xae04</load_address>
         <run_address>0xae04</run_address>
         <size>0x136</size>
         <input_file_ref idref="fl-15e"/>
      </object_component>
      <object_component id="oc-3ab">
         <name>.text</name>
         <load_address>0xaf3a</load_address>
         <run_address>0xaf3a</run_address>
         <size>0x134</size>
         <input_file_ref idref="fl-14"/>
      </object_component>
      <object_component id="oc-134">
         <name>.text</name>
         <load_address>0xb070</load_address>
         <run_address>0xb070</run_address>
         <size>0x134</size>
         <input_file_ref idref="fl-16d"/>
      </object_component>
      <object_component id="oc-1db">
         <name>.text</name>
         <load_address>0xb1a4</load_address>
         <run_address>0xb1a4</run_address>
         <size>0x130</size>
         <input_file_ref idref="fl-22"/>
      </object_component>
      <object_component id="oc-26e">
         <name>.text</name>
         <load_address>0xb2d4</load_address>
         <run_address>0xb2d4</run_address>
         <size>0x110</size>
         <input_file_ref idref="fl-21"/>
      </object_component>
      <object_component id="oc-555">
         <name>.text</name>
         <load_address>0xb3e4</load_address>
         <run_address>0xb3e4</run_address>
         <size>0x110</size>
         <input_file_ref idref="fl-182"/>
      </object_component>
      <object_component id="oc-144">
         <name>.text</name>
         <load_address>0xb4f4</load_address>
         <run_address>0xb4f4</run_address>
         <size>0xfc</size>
         <input_file_ref idref="fl-15f"/>
      </object_component>
      <object_component id="oc-196">
         <name>.text:CS_initClockSignal</name>
         <load_address>0xb5f0</load_address>
         <run_address>0xb5f0</run_address>
         <size>0xe0</size>
         <input_file_ref idref="fl-30"/>
      </object_component>
      <object_component id="oc-4b1">
         <name>.text:PCM_setPowerModeWithTimeout</name>
         <load_address>0xb6d0</load_address>
         <run_address>0xb6d0</run_address>
         <size>0xd4</size>
         <input_file_ref idref="fl-33"/>
      </object_component>
      <object_component id="oc-5c7">
         <name>.text</name>
         <load_address>0xb7a4</load_address>
         <run_address>0xb7a4</run_address>
         <size>0xbe</size>
         <input_file_ref idref="fl-189"/>
      </object_component>
      <object_component id="oc-38f">
         <name>.text</name>
         <load_address>0xb864</load_address>
         <run_address>0xb864</run_address>
         <size>0xbc</size>
         <input_file_ref idref="fl-3"/>
      </object_component>
      <object_component id="oc-4ab">
         <name>.text:PCM_setCoreVoltageLevelWithTimeout</name>
         <load_address>0xb920</load_address>
         <run_address>0xb920</run_address>
         <size>0xa8</size>
         <input_file_ref idref="fl-33"/>
      </object_component>
      <object_component id="oc-2b">
         <name>.text</name>
         <load_address>0xb9c8</load_address>
         <run_address>0xb9c8</run_address>
         <size>0x9c</size>
         <input_file_ref idref="fl-163"/>
      </object_component>
      <object_component id="oc-426">
         <name>.text:__aeabi_cdcmple</name>
         <load_address>0xba64</load_address>
         <run_address>0xba64</run_address>
         <size>0x86</size>
         <input_file_ref idref="fl-177"/>
      </object_component>
      <object_component id="oc-42b">
         <name>.text:__aeabi_cdrcmple</name>
         <load_address>0xbaea</load_address>
         <run_address>0xbaea</run_address>
         <size>0x86</size>
         <input_file_ref idref="fl-177"/>
      </object_component>
      <object_component id="oc-343">
         <name>.text</name>
         <load_address>0xbb70</load_address>
         <run_address>0xbb70</run_address>
         <size>0x80</size>
         <input_file_ref idref="fl-17"/>
      </object_component>
      <object_component id="oc-49f">
         <name>.text:PCM_gotoLPM3</name>
         <load_address>0xbbf0</load_address>
         <run_address>0xbbf0</run_address>
         <size>0x7c</size>
         <input_file_ref idref="fl-33"/>
      </object_component>
      <object_component id="oc-4e9">
         <name>.text:SPI_initMaster</name>
         <load_address>0xbc6c</load_address>
         <run_address>0xbc6c</run_address>
         <size>0x7c</size>
         <input_file_ref idref="fl-34"/>
      </object_component>
      <object_component id="oc-44">
         <name>.text</name>
         <load_address>0xbce8</load_address>
         <run_address>0xbce8</run_address>
         <size>0x7a</size>
         <input_file_ref idref="fl-164"/>
      </object_component>
      <object_component id="oc-56">
         <name>.text</name>
         <load_address>0xbd64</load_address>
         <run_address>0xbd64</run_address>
         <size>0x6c</size>
         <input_file_ref idref="fl-172"/>
      </object_component>
      <object_component id="oc-37">
         <name>.text</name>
         <load_address>0xbdd0</load_address>
         <run_address>0xbdd0</run_address>
         <size>0x6a</size>
         <input_file_ref idref="fl-15b"/>
      </object_component>
      <object_component id="oc-54d">
         <name>.text</name>
         <load_address>0xbe3a</load_address>
         <run_address>0xbe3a</run_address>
         <size>0x66</size>
         <input_file_ref idref="fl-183"/>
      </object_component>
      <object_component id="oc-178">
         <name>.text:Interrupt_disableInterrupt</name>
         <load_address>0xbea0</load_address>
         <run_address>0xbea0</run_address>
         <size>0x64</size>
         <input_file_ref idref="fl-32"/>
      </object_component>
      <object_component id="oc-16c">
         <name>.text:Interrupt_enableInterrupt</name>
         <load_address>0xbf04</load_address>
         <run_address>0xbf04</run_address>
         <size>0x64</size>
         <input_file_ref idref="fl-32"/>
      </object_component>
      <object_component id="oc-107">
         <name>.text</name>
         <load_address>0xbf68</load_address>
         <run_address>0xbf68</run_address>
         <size>0x60</size>
         <input_file_ref idref="fl-167"/>
      </object_component>
      <object_component id="oc-435">
         <name>.text</name>
         <load_address>0xbfc8</load_address>
         <run_address>0xbfc8</run_address>
         <size>0x56</size>
         <input_file_ref idref="fl-17b"/>
      </object_component>
      <object_component id="oc-446">
         <name>.text</name>
         <load_address>0xc01e</load_address>
         <run_address>0xc01e</run_address>
         <size>0x52</size>
         <input_file_ref idref="fl-17a"/>
      </object_component>
      <object_component id="oc-4a5">
         <name>.text:PCM_shutdownDevice</name>
         <load_address>0xc070</load_address>
         <run_address>0xc070</run_address>
         <size>0x50</size>
         <input_file_ref idref="fl-33"/>
      </object_component>
      <object_component id="oc-22">
         <name>.text</name>
         <load_address>0xc0c0</load_address>
         <run_address>0xc0c0</run_address>
         <size>0x50</size>
         <input_file_ref idref="fl-159"/>
      </object_component>
      <object_component id="oc-22d">
         <name>.text:GPIO_setAsPeripheralModuleFunctionInputPin</name>
         <load_address>0xc110</load_address>
         <run_address>0xc110</run_address>
         <size>0x4c</size>
         <input_file_ref idref="fl-31"/>
      </object_component>
      <object_component id="oc-17e">
         <name>.text:GPIO_setAsPeripheralModuleFunctionOutputPin</name>
         <load_address>0xc15c</load_address>
         <run_address>0xc15c</run_address>
         <size>0x4c</size>
         <input_file_ref idref="fl-31"/>
      </object_component>
      <object_component id="oc-45e">
         <name>.text</name>
         <load_address>0xc1a8</load_address>
         <run_address>0xc1a8</run_address>
         <size>0x4c</size>
         <input_file_ref idref="fl-171"/>
      </object_component>
      <object_component id="oc-a6">
         <name>.text</name>
         <load_address>0xc1f4</load_address>
         <run_address>0xc1f4</run_address>
         <size>0x4c</size>
         <input_file_ref idref="fl-173"/>
      </object_component>
      <object_component id="oc-430">
         <name>.text</name>
         <load_address>0xc240</load_address>
         <run_address>0xc240</run_address>
         <size>0x48</size>
         <input_file_ref idref="fl-178"/>
      </object_component>
      <object_component id="oc-62">
         <name>.text</name>
         <load_address>0xc288</load_address>
         <run_address>0xc288</run_address>
         <size>0x44</size>
         <input_file_ref idref="fl-15d"/>
      </object_component>
      <object_component id="oc-149">
         <name>.text</name>
         <load_address>0xc2cc</load_address>
         <run_address>0xc2cc</run_address>
         <size>0x44</size>
         <input_file_ref idref="fl-160"/>
      </object_component>
      <object_component id="oc-7e">
         <name>.text</name>
         <load_address>0xc310</load_address>
         <run_address>0xc310</run_address>
         <size>0x40</size>
         <input_file_ref idref="fl-11"/>
      </object_component>
      <object_component id="oc-60d">
         <name>.text</name>
         <load_address>0xc350</load_address>
         <run_address>0xc350</run_address>
         <size>0x40</size>
         <input_file_ref idref="fl-188"/>
      </object_component>
      <object_component id="oc-12e">
         <name>.text</name>
         <load_address>0xc390</load_address>
         <run_address>0xc390</run_address>
         <size>0x40</size>
         <input_file_ref idref="fl-16c"/>
      </object_component>
      <object_component id="oc-222">
         <name>.text:Interrupt_registerInterrupt</name>
         <load_address>0xc3d0</load_address>
         <run_address>0xc3d0</run_address>
         <size>0x34</size>
         <input_file_ref idref="fl-32"/>
      </object_component>
      <object_component id="oc-5d6">
         <name>.text</name>
         <load_address>0xc404</load_address>
         <run_address>0xc404</run_address>
         <size>0x34</size>
         <input_file_ref idref="fl-186"/>
      </object_component>
      <object_component id="oc-10d">
         <name>.text:GPIO_getEnabledInterruptStatus</name>
         <load_address>0xc438</load_address>
         <run_address>0xc438</run_address>
         <size>0x30</size>
         <input_file_ref idref="fl-31"/>
      </object_component>
      <object_component id="oc-599">
         <name>.text:is_A_Module</name>
         <load_address>0xc468</load_address>
         <run_address>0xc468</run_address>
         <size>0x30</size>
         <input_file_ref idref="fl-34"/>
      </object_component>
      <object_component id="oc-128">
         <name>.text</name>
         <load_address>0xc498</load_address>
         <run_address>0xc498</run_address>
         <size>0x30</size>
         <input_file_ref idref="fl-16b"/>
      </object_component>
      <object_component id="oc-452">
         <name>.text</name>
         <load_address>0xc4c8</load_address>
         <run_address>0xc4c8</run_address>
         <size>0x30</size>
         <input_file_ref idref="fl-181"/>
      </object_component>
      <object_component id="oc-55b">
         <name>.text</name>
         <load_address>0xc4f8</load_address>
         <run_address>0xc4f8</run_address>
         <size>0x30</size>
         <input_file_ref idref="fl-184"/>
      </object_component>
      <object_component id="oc-13a">
         <name>.text</name>
         <load_address>0xc528</load_address>
         <run_address>0xc528</run_address>
         <size>0x2e</size>
         <input_file_ref idref="fl-161"/>
      </object_component>
      <object_component id="oc-601">
         <name>.text</name>
         <load_address>0xc556</load_address>
         <run_address>0xc556</run_address>
         <size>0x2e</size>
         <input_file_ref idref="fl-187"/>
      </object_component>
      <object_component id="oc-58d">
         <name>.text:PCM_getCoreVoltageLevel</name>
         <load_address>0xc584</load_address>
         <run_address>0xc584</run_address>
         <size>0x2c</size>
         <input_file_ref idref="fl-33"/>
      </object_component>
      <object_component id="oc-579">
         <name>.text:PCM_getPowerMode</name>
         <load_address>0xc5b0</load_address>
         <run_address>0xc5b0</run_address>
         <size>0x2a</size>
         <input_file_ref idref="fl-33"/>
      </object_component>
      <object_component id="oc-440">
         <name>.text</name>
         <load_address>0xc5da</load_address>
         <run_address>0xc5da</run_address>
         <size>0x2a</size>
         <input_file_ref idref="fl-179"/>
      </object_component>
      <object_component id="oc-2ea">
         <name>.text</name>
         <load_address>0xc604</load_address>
         <run_address>0xc604</run_address>
         <size>0x2a</size>
         <input_file_ref idref="fl-17f"/>
      </object_component>
      <object_component id="oc-4b7">
         <name>.text:PCM_gotoLPM0</name>
         <load_address>0xc630</load_address>
         <run_address>0xc630</run_address>
         <size>0x28</size>
         <input_file_ref idref="fl-33"/>
      </object_component>
      <object_component id="oc-3f5">
         <name>.text</name>
         <load_address>0xc658</load_address>
         <run_address>0xc658</run_address>
         <size>0x26</size>
         <input_file_ref idref="fl-16a"/>
      </object_component>
      <object_component id="oc-190">
         <name>.text:CS_setDCOCenteredFrequency</name>
         <load_address>0xc680</load_address>
         <run_address>0xc680</run_address>
         <size>0x24</size>
         <input_file_ref idref="fl-30"/>
      </object_component>
      <object_component id="oc-4e3">
         <name>.text:GPIO_setAsOutputPin</name>
         <load_address>0xc6a4</load_address>
         <run_address>0xc6a4</run_address>
         <size>0x24</size>
         <input_file_ref idref="fl-31"/>
      </object_component>
      <object_component id="oc-2f0">
         <name>.text</name>
         <load_address>0xc6c8</load_address>
         <run_address>0xc6c8</run_address>
         <size>0x24</size>
         <input_file_ref idref="fl-17e"/>
      </object_component>
      <object_component id="oc-4fb">
         <name>.text:SPI_transmitData</name>
         <load_address>0xc6ec</load_address>
         <run_address>0xc6ec</run_address>
         <size>0x20</size>
         <input_file_ref idref="fl-34"/>
      </object_component>
      <object_component id="oc-458">
         <name>.text</name>
         <load_address>0xc70c</load_address>
         <run_address>0xc70c</run_address>
         <size>0x1c</size>
         <input_file_ref idref="fl-17c"/>
      </object_component>
      <object_component id="oc-4ef">
         <name>.text:SPI_enableModule</name>
         <load_address>0xc728</load_address>
         <run_address>0xc728</run_address>
         <size>0x1a</size>
         <input_file_ref idref="fl-34"/>
      </object_component>
      <object_component id="oc-154">
         <name>.text:ADC14_getResult</name>
         <load_address>0xc744</load_address>
         <run_address>0xc744</run_address>
         <size>0x18</size>
         <input_file_ref idref="fl-2f"/>
      </object_component>
      <object_component id="oc-113">
         <name>.text:GPIO_clearInterruptFlag</name>
         <load_address>0xc75c</load_address>
         <run_address>0xc75c</run_address>
         <size>0x18</size>
         <input_file_ref idref="fl-31"/>
      </object_component>
      <object_component id="oc-119">
         <name>.text:GPIO_setOutputLowOnPin</name>
         <load_address>0xc774</load_address>
         <run_address>0xc774</run_address>
         <size>0x18</size>
         <input_file_ref idref="fl-31"/>
      </object_component>
      <object_component id="oc-5c">
         <name>.text</name>
         <load_address>0xc78c</load_address>
         <run_address>0xc78c</run_address>
         <size>0x18</size>
         <input_file_ref idref="fl-170"/>
      </object_component>
      <object_component id="oc-44c">
         <name>.text</name>
         <load_address>0xc7a4</load_address>
         <run_address>0xc7a4</run_address>
         <size>0x16</size>
         <input_file_ref idref="fl-17d"/>
      </object_component>
      <object_component id="oc-184">
         <name>.text:CS_setExternalClockSourceFrequency</name>
         <load_address>0xc7bc</load_address>
         <run_address>0xc7bc</run_address>
         <size>0x14</size>
         <input_file_ref idref="fl-30"/>
      </object_component>
      <object_component id="oc-395">
         <name>.text:GPIO_setOutputHighOnPin</name>
         <load_address>0xc7d0</load_address>
         <run_address>0xc7d0</run_address>
         <size>0x14</size>
         <input_file_ref idref="fl-31"/>
      </object_component>
      <object_component id="oc-e3">
         <name>.text:SysTick_enableInterrupt</name>
         <load_address>0xc7e4</load_address>
         <run_address>0xc7e4</run_address>
         <size>0x14</size>
         <input_file_ref idref="fl-36"/>
      </object_component>
      <object_component id="oc-dd">
         <name>.text:SysTick_enableModule</name>
         <load_address>0xc7f8</load_address>
         <run_address>0xc7f8</run_address>
         <size>0x14</size>
         <input_file_ref idref="fl-36"/>
      </object_component>
      <object_component id="oc-1c4">
         <name>.text</name>
         <load_address>0xc80c</load_address>
         <run_address>0xc80c</run_address>
         <size>0x14</size>
         <input_file_ref idref="fl-16e"/>
      </object_component>
      <object_component id="oc-c5">
         <name>.text</name>
         <load_address>0xc820</load_address>
         <run_address>0xc820</run_address>
         <size>0x14</size>
         <input_file_ref idref="fl-169"/>
      </object_component>
      <object_component id="oc-2d0">
         <name>.text:GPIO_getInterruptStatus</name>
         <load_address>0xc834</load_address>
         <run_address>0xc834</run_address>
         <size>0x10</size>
         <input_file_ref idref="fl-31"/>
      </object_component>
      <object_component id="oc-172">
         <name>.text:Interrupt_enableMaster</name>
         <load_address>0xc844</load_address>
         <run_address>0xc844</run_address>
         <size>0x10</size>
         <input_file_ref idref="fl-32"/>
      </object_component>
      <object_component id="oc-499">
         <name>.text:PCM_getPowerState</name>
         <load_address>0xc854</load_address>
         <run_address>0xc854</run_address>
         <size>0x10</size>
         <input_file_ref idref="fl-33"/>
      </object_component>
      <object_component id="oc-10">
         <name>.text:decompress:none</name>
         <load_address>0xc864</load_address>
         <run_address>0xc864</run_address>
         <size>0xe</size>
         <input_file_ref idref="fl-15a"/>
      </object_component>
      <object_component id="oc-31d">
         <name>.text:CPU_cpsie</name>
         <load_address>0xc872</load_address>
         <run_address>0xc872</run_address>
         <size>0xc</size>
         <input_file_ref idref="fl-37"/>
      </object_component>
      <object_component id="oc-5a7">
         <name>.text:EUSCI_A_SPI_enable</name>
         <load_address>0xc87e</load_address>
         <run_address>0xc87e</run_address>
         <size>0xc</size>
         <input_file_ref idref="fl-34"/>
      </object_component>
      <object_component id="oc-5a1">
         <name>.text:EUSCI_B_SPI_enable</name>
         <load_address>0xc88a</load_address>
         <run_address>0xc88a</run_address>
         <size>0xc</size>
         <input_file_ref idref="fl-34"/>
      </object_component>
      <object_component id="oc-d7">
         <name>.text:SysTick_setPeriod</name>
         <load_address>0xc898</load_address>
         <run_address>0xc898</run_address>
         <size>0xc</size>
         <input_file_ref idref="fl-36"/>
      </object_component>
      <object_component id="oc-1c">
         <name>.text:decompress:ZI</name>
         <load_address>0xc8a4</load_address>
         <run_address>0xc8a4</run_address>
         <size>0xc</size>
         <input_file_ref idref="fl-15c"/>
      </object_component>
      <object_component id="oc-6c">
         <name>.text</name>
         <load_address>0xc8b0</load_address>
         <run_address>0xc8b0</run_address>
         <size>0xc</size>
         <input_file_ref idref="fl-1d"/>
      </object_component>
      <object_component id="oc-4f5">
         <name>.text:EUSCI_B_SPI_getInterruptStatus</name>
         <load_address>0xc8bc</load_address>
         <run_address>0xc8bc</run_address>
         <size>0x8</size>
         <input_file_ref idref="fl-34"/>
      </object_component>
      <object_component id="oc-d1">
         <name>.text:SysTick_registerInterrupt</name>
         <load_address>0xc8c4</load_address>
         <run_address>0xc8c4</run_address>
         <size>0x8</size>
         <input_file_ref idref="fl-36"/>
      </object_component>
      <object_component id="oc-57f">
         <name>.text:PCM_setPowerMode</name>
         <load_address>0xc8cc</load_address>
         <run_address>0xc8cc</run_address>
         <size>0x6</size>
         <input_file_ref idref="fl-33"/>
      </object_component>
      <object_component id="oc-18a">
         <name>.text:PCM_setPowerState</name>
         <load_address>0xc8d2</load_address>
         <run_address>0xc8d2</run_address>
         <size>0x6</size>
         <input_file_ref idref="fl-33"/>
      </object_component>
      <object_component id="oc-16">
         <name>.text:decompress:rle24</name>
         <load_address>0xc8d8</load_address>
         <run_address>0xc8d8</run_address>
         <size>0x6</size>
         <input_file_ref idref="fl-15b"/>
      </object_component>
      <object_component id="oc-585">
         <name>.text:CPU_wfi</name>
         <load_address>0xc8de</load_address>
         <run_address>0xc8de</run_address>
         <size>0x4</size>
         <input_file_ref idref="fl-37"/>
      </object_component>
      <object_component id="oc-5b5">
         <name>.text:EUSCI_A_SPI_transmitData</name>
         <load_address>0xc8e2</load_address>
         <run_address>0xc8e2</run_address>
         <size>0x4</size>
         <input_file_ref idref="fl-34"/>
      </object_component>
      <object_component id="oc-5af">
         <name>.text:EUSCI_B_SPI_transmitData</name>
         <load_address>0xc8e6</load_address>
         <run_address>0xc8e6</run_address>
         <size>0x4</size>
         <input_file_ref idref="fl-34"/>
      </object_component>
      <object_component id="oc-50">
         <name>.text</name>
         <load_address>0xc8ea</load_address>
         <run_address>0xc8ea</run_address>
         <size>0x4</size>
         <input_file_ref idref="fl-165"/>
      </object_component>
      <object_component id="oc-3bd">
         <name>.const:.string:g_pucFontFixed6x8Data</name>
         <load_address>0xc8f0</load_address>
         <run_address>0xc8f0</run_address>
         <size>0x2f8</size>
         <input_file_ref idref="fl-18"/>
      </object_component>
      <object_component id="oc-2fb">
         <name>.const:.string:_ctypes_</name>
         <load_address>0xcbe8</load_address>
         <run_address>0xcbe8</run_address>
         <size>0x101</size>
         <input_file_ref idref="fl-174"/>
      </object_component>
      <object_component id="oc-255">
         <name>.const:g_sFontFixed6x8</name>
         <load_address>0xccec</load_address>
         <run_address>0xccec</run_address>
         <size>0xc8</size>
         <input_file_ref idref="fl-18"/>
      </object_component>
      <object_component id="oc-3d2">
         <name>.const:$P$T0$1</name>
         <load_address>0xcdb4</load_address>
         <run_address>0xcdb4</run_address>
         <size>0xb0</size>
         <input_file_ref idref="fl-29"/>
      </object_component>
      <object_component id="oc-311">
         <name>.const:_ctlRegs</name>
         <load_address>0xce64</load_address>
         <run_address>0xce64</run_address>
         <size>0x80</size>
         <input_file_ref idref="fl-2f"/>
      </object_component>
      <object_component id="oc-125">
         <name>.const:$P$T0$1</name>
         <load_address>0xcee4</load_address>
         <run_address>0xcee4</run_address>
         <size>0x58</size>
         <input_file_ref idref="fl-1c"/>
      </object_component>
      <object_component id="oc-2af">
         <name>.const:$P$T1$2</name>
         <load_address>0xcf3c</load_address>
         <run_address>0xcf3c</run_address>
         <size>0x58</size>
         <input_file_ref idref="fl-5"/>
      </object_component>
      <object_component id="oc-318">
         <name>.const</name>
         <load_address>0xcf94</load_address>
         <run_address>0xcf94</run_address>
         <size>0x40</size>
         <input_file_ref idref="fl-32"/>
      </object_component>
      <object_component id="oc-25e">
         <name>.const:.string</name>
         <load_address>0xcfd4</load_address>
         <run_address>0xcfd4</run_address>
         <size>0x3c</size>
         <input_file_ref idref="fl-1a"/>
      </object_component>
      <object_component id="oc-3d5">
         <name>.const</name>
         <load_address>0xd010</load_address>
         <run_address>0xd010</run_address>
         <size>0x3c</size>
         <input_file_ref idref="fl-29"/>
      </object_component>
      <object_component id="oc-355">
         <name>.const:_SlActionLookupTable</name>
         <load_address>0xd04c</load_address>
         <run_address>0xd04c</run_address>
         <size>0x38</size>
         <input_file_ref idref="fl-15"/>
      </object_component>
      <object_component id="oc-277">
         <name>.const</name>
         <load_address>0xd084</load_address>
         <run_address>0xd084</run_address>
         <size>0x38</size>
         <input_file_ref idref="fl-1f"/>
      </object_component>
      <object_component id="oc-1d8">
         <name>.const</name>
         <load_address>0xd0bc</load_address>
         <run_address>0xd0bc</run_address>
         <size>0x34</size>
         <input_file_ref idref="fl-24"/>
      </object_component>
      <object_component id="oc-2d6">
         <name>.const:GPIO_PORT_TO_BASE</name>
         <load_address>0xd0f0</load_address>
         <run_address>0xd0f0</run_address>
         <size>0x30</size>
         <input_file_ref idref="fl-31"/>
      </object_component>
      <object_component id="oc-274">
         <name>.const:$P$T0$1</name>
         <load_address>0xd120</load_address>
         <run_address>0xd120</run_address>
         <size>0x2c</size>
         <input_file_ref idref="fl-1f"/>
      </object_component>
      <object_component id="oc-252">
         <name>.const:g_sCrystalfontz128x128</name>
         <load_address>0xd14c</load_address>
         <run_address>0xd14c</run_address>
         <size>0x2c</size>
         <input_file_ref idref="fl-2"/>
      </object_component>
      <object_component id="oc-294">
         <name>.const</name>
         <load_address>0xd178</load_address>
         <run_address>0xd178</run_address>
         <size>0x28</size>
         <input_file_ref idref="fl-5"/>
      </object_component>
      <object_component id="oc-212">
         <name>.const</name>
         <load_address>0xd1a0</load_address>
         <run_address>0xd1a0</run_address>
         <size>0x28</size>
         <input_file_ref idref="fl-20"/>
      </object_component>
      <object_component id="oc-501">
         <name>.const</name>
         <load_address>0xd1c8</load_address>
         <run_address>0xd1c8</run_address>
         <size>0x1c</size>
         <input_file_ref idref="fl-3"/>
      </object_component>
      <object_component id="oc-14e">
         <name>.const:.string</name>
         <load_address>0xd1e4</load_address>
         <run_address>0xd1e4</run_address>
         <size>0x17</size>
         <input_file_ref idref="fl-1c"/>
      </object_component>
      <object_component id="oc-402">
         <name>.const</name>
         <load_address>0xd1fc</load_address>
         <run_address>0xd1fc</run_address>
         <size>0x14</size>
         <input_file_ref idref="fl-6"/>
      </object_component>
      <object_component id="oc-3c9">
         <name>.const</name>
         <load_address>0xd210</load_address>
         <run_address>0xd210</run_address>
         <size>0x14</size>
         <input_file_ref idref="fl-13"/>
      </object_component>
      <object_component id="oc-352">
         <name>.const</name>
         <load_address>0xd224</load_address>
         <run_address>0xd224</run_address>
         <size>0x14</size>
         <input_file_ref idref="fl-15"/>
      </object_component>
      <object_component id="oc-3a2">
         <name>.const</name>
         <load_address>0xd238</load_address>
         <run_address>0xd238</run_address>
         <size>0x8</size>
         <input_file_ref idref="fl-2"/>
      </object_component>
      <object_component id="oc-409">
         <name>.const</name>
         <load_address>0xd240</load_address>
         <run_address>0xd240</run_address>
         <size>0x8</size>
         <input_file_ref idref="fl-8"/>
      </object_component>
      <object_component id="oc-40e">
         <name>.const</name>
         <load_address>0xd248</load_address>
         <run_address>0xd248</run_address>
         <size>0x8</size>
         <input_file_ref idref="fl-b"/>
      </object_component>
      <object_component id="oc-413">
         <name>.const</name>
         <load_address>0xd250</load_address>
         <run_address>0xd250</run_address>
         <size>0x8</size>
         <input_file_ref idref="fl-c"/>
      </object_component>
      <object_component id="oc-3df">
         <name>.const</name>
         <load_address>0xd258</load_address>
         <run_address>0xd258</run_address>
         <size>0x8</size>
         <input_file_ref idref="fl-21"/>
      </object_component>
      <object_component id="oc-3fe">
         <name>.const</name>
         <load_address>0xd260</load_address>
         <run_address>0xd260</run_address>
         <size>0x4</size>
         <input_file_ref idref="fl-a"/>
      </object_component>
      <object_component id="oc-418">
         <name>.const</name>
         <load_address>0xd264</load_address>
         <run_address>0xd264</run_address>
         <size>0x4</size>
         <input_file_ref idref="fl-e"/>
      </object_component>
      <object_component id="oc-655">
         <name>.cinit..data.load</name>
         <load_address>0xd268</load_address>
         <run_address>0xd268</run_address>
         <size>0x5b</size>
      </object_component>
      <object_component id="oc-652">
         <name>__TI_handler_table</name>
         <load_address>0xd2c4</load_address>
         <run_address>0xd2c4</run_address>
         <size>0xc</size>
      </object_component>
      <object_component id="oc-656">
         <name>.cinit..bss.load</name>
         <load_address>0xd2d0</load_address>
         <run_address>0xd2d0</run_address>
         <size>0x8</size>
      </object_component>
      <object_component id="oc-654">
         <name>.cinit..vtable.load</name>
         <load_address>0xd2d8</load_address>
         <run_address>0xd2d8</run_address>
         <size>0x8</size>
      </object_component>
      <object_component id="oc-653">
         <name>__TI_cinit_table</name>
         <load_address>0xd2e0</load_address>
         <run_address>0xd2e0</run_address>
         <size>0x18</size>
      </object_component>
      <object_component id="oc-37a">
         <name>.vtable</name>
         <uninitialized>true</uninitialized>
         <run_address>0x20000000</run_address>
         <size>0xe4</size>
         <input_file_ref idref="fl-32"/>
      </object_component>
      <object_component id="oc-2a">
         <name>.stack</name>
         <uninitialized>true</uninitialized>
         <run_address>0x2000fe00</run_address>
         <size>0x0</size>
         <input_file_ref idref="fl-159"/>
      </object_component>
      <object_component id="oc-657">
         <name>.stack</name>
         <uninitialized>true</uninitialized>
         <run_address>0x2000fe00</run_address>
         <size>0x0</size>
      </object_component>
      <object_component id="oc-349">
         <name>.bss:g_StatMem</name>
         <uninitialized>true</uninitialized>
         <run_address>0x200019ec</run_address>
         <size>0x164</size>
         <input_file_ref idref="fl-15"/>
      </object_component>
      <object_component id="oc-122">
         <name>.bss:hMQTTClient</name>
         <uninitialized>true</uninitialized>
         <run_address>0x20001b50</run_address>
         <size>0x5c</size>
         <input_file_ref idref="fl-1c"/>
      </object_component>
      <object_component id="oc-27a">
         <name>.bss:g_AppData</name>
         <uninitialized>true</uninitialized>
         <run_address>0x200000e4</run_address>
         <size>0x648</size>
         <input_file_ref idref="fl-1f"/>
      </object_component>
      <object_component id="oc-361">
         <name>.bss:g__SlNonOsCB</name>
         <uninitialized>true</uninitialized>
         <run_address>0x20001bac</run_address>
         <size>0x28</size>
         <input_file_ref idref="fl-22"/>
      </object_component>
      <object_component id="oc-236">
         <name>.bss:old_diffs_x</name>
         <uninitialized>true</uninitialized>
         <run_address>0x2000072c</run_address>
         <size>0x640</size>
         <input_file_ref idref="fl-23"/>
      </object_component>
      <object_component id="oc-239">
         <name>.bss:old_diffs_y</name>
         <uninitialized>true</uninitialized>
         <run_address>0x20000d6c</run_address>
         <size>0x640</size>
         <input_file_ref idref="fl-23"/>
      </object_component>
      <object_component id="oc-23c">
         <name>.bss:old_diffs_z</name>
         <uninitialized>true</uninitialized>
         <run_address>0x200013ac</run_address>
         <size>0x640</size>
         <input_file_ref idref="fl-23"/>
      </object_component>
      <object_component id="oc-3a1">
         <name>.common:Lcd_Orientation</name>
         <uninitialized>true</uninitialized>
         <run_address>0x20001c19</run_address>
         <size>0x1</size>
      </object_component>
      <object_component id="oc-39b">
         <name>.common:Lcd_ScreenWidth</name>
         <uninitialized>true</uninitialized>
         <run_address>0x20001c12</run_address>
         <size>0x2</size>
      </object_component>
      <object_component id="oc-39c">
         <name>.common:Lcd_ScreenHeigth</name>
         <uninitialized>true</uninitialized>
         <run_address>0x20001c10</run_address>
         <size>0x2</size>
      </object_component>
      <object_component id="oc-39d">
         <name>.common:Lcd_PenSolid</name>
         <uninitialized>true</uninitialized>
         <run_address>0x20001c1a</run_address>
         <size>0x1</size>
      </object_component>
      <object_component id="oc-39e">
         <name>.common:Lcd_FontSolid</name>
         <uninitialized>true</uninitialized>
         <run_address>0x20001c18</run_address>
         <size>0x1</size>
      </object_component>
      <object_component id="oc-39f">
         <name>.common:Lcd_FlagRead</name>
         <uninitialized>true</uninitialized>
         <run_address>0x20001c17</run_address>
         <size>0x1</size>
      </object_component>
      <object_component id="oc-3a0">
         <name>.common:Lcd_TouchTrim</name>
         <uninitialized>true</uninitialized>
         <run_address>0x20001c14</run_address>
         <size>0x2</size>
      </object_component>
      <object_component id="oc-c2">
         <name>.common:MilliTimer</name>
         <uninitialized>true</uninitialized>
         <run_address>0x20001c00</run_address>
         <size>0x4</size>
      </object_component>
      <object_component id="oc-3fb">
         <name>.common:bufptr</name>
         <uninitialized>true</uninitialized>
         <run_address>0x20001c04</run_address>
         <size>0x4</size>
      </object_component>
      <object_component id="oc-19f">
         <name>.common:IntIsMasked</name>
         <uninitialized>true</uninitialized>
         <run_address>0x20001c16</run_address>
         <size>0x1</size>
      </object_component>
      <object_component id="oc-258">
         <name>.common:g_sContext</name>
         <uninitialized>true</uninitialized>
         <run_address>0x20001bd4</run_address>
         <size>0x1c</size>
      </object_component>
      <object_component id="oc-11f">
         <name>.common:n</name>
         <uninitialized>true</uninitialized>
         <run_address>0x20001bf0</run_address>
         <size>0x10</size>
      </object_component>
      <object_component id="oc-329">
         <name>.common:hfxtFreq</name>
         <uninitialized>true</uninitialized>
         <run_address>0x20001c08</run_address>
         <size>0x4</size>
      </object_component>
      <object_component id="oc-326">
         <name>.common:lfxtFreq</name>
         <uninitialized>true</uninitialized>
         <run_address>0x20001c0c</run_address>
         <size>0x4</size>
      </object_component>
      <object_component id="oc-19c">
         <name>.data</name>
         <load_address>0x20001de4</load_address>
         <run_address>0x20001de4</run_address>
         <size>0x4</size>
         <input_file_ref idref="fl-10"/>
      </object_component>
      <object_component id="oc-1e1">
         <name>.data</name>
         <load_address>0x20001dc0</load_address>
         <run_address>0x20001dc0</run_address>
         <size>0x9</size>
         <input_file_ref idref="fl-15"/>
      </object_component>
      <object_component id="oc-25b">
         <name>.data</name>
         <load_address>0x20001db0</load_address>
         <run_address>0x20001db0</run_address>
         <size>0xf</size>
         <input_file_ref idref="fl-1a"/>
      </object_component>
      <object_component id="oc-151">
         <name>.data</name>
         <load_address>0x20001d50</load_address>
         <run_address>0x20001d50</run_address>
         <size>0x34</size>
         <input_file_ref idref="fl-1c"/>
      </object_component>
      <object_component id="oc-233">
         <name>.data</name>
         <load_address>0x20001d84</load_address>
         <run_address>0x20001d84</run_address>
         <size>0x2c</size>
         <input_file_ref idref="fl-23"/>
      </object_component>
      <object_component id="oc-b3">
         <name>.data</name>
         <load_address>0x20001dd4</load_address>
         <run_address>0x20001dd4</run_address>
         <size>0x8</size>
         <input_file_ref idref="fl-15d"/>
      </object_component>
      <object_component id="oc-68">
         <name>.data</name>
         <load_address>0x20001dec</load_address>
         <run_address>0x20001dec</run_address>
         <size>0x4</size>
         <input_file_ref idref="fl-168"/>
      </object_component>
      <object_component id="oc-2f6">
         <name>.data</name>
         <load_address>0x20001df0</load_address>
         <run_address>0x20001df0</run_address>
         <size>0x4</size>
         <input_file_ref idref="fl-16c"/>
      </object_component>
      <object_component id="oc-b0">
         <name>.data</name>
         <load_address>0x20001dcc</load_address>
         <run_address>0x20001dcc</run_address>
         <size>0x8</size>
         <input_file_ref idref="fl-16e"/>
      </object_component>
      <object_component id="oc-2fe">
         <name>.data</name>
         <load_address>0x20001de8</load_address>
         <run_address>0x20001de8</run_address>
         <size>0x4</size>
         <input_file_ref idref="fl-175"/>
      </object_component>
      <object_component id="oc-5d1">
         <name>.data</name>
         <load_address>0x20001cd0</load_address>
         <run_address>0x20001cd0</run_address>
         <size>0x80</size>
         <input_file_ref idref="fl-185"/>
      </object_component>
      <object_component id="oc-607">
         <name>.data</name>
         <load_address>0x20001ddc</load_address>
         <run_address>0x20001ddc</run_address>
         <size>0x8</size>
         <input_file_ref idref="fl-186"/>
      </object_component>
      <object_component id="oc-61e">
         <name>.data:sigtable</name>
         <load_address>0x20001c20</load_address>
         <run_address>0x20001c20</run_address>
         <size>0xb0</size>
         <input_file_ref idref="fl-188"/>
      </object_component>
      <object_component id="oc-370">
         <name>.debug_info</name>
         <load_address>0x0</load_address>
         <run_address>0x0</run_address>
         <size>0x6e9</size>
         <input_file_ref idref="fl-2"/>
      </object_component>
      <object_component id="oc-253">
         <name>.debug_info</name>
         <load_address>0x6e9</load_address>
         <run_address>0x6e9</run_address>
         <size>0x103</size>
         <input_file_ref idref="fl-2"/>
      </object_component>
      <object_component id="oc-3a3">
         <name>.debug_info</name>
         <load_address>0x7ec</load_address>
         <run_address>0x7ec</run_address>
         <size>0xe4</size>
         <input_file_ref idref="fl-2"/>
      </object_component>
      <object_component id="oc-241">
         <name>.debug_info</name>
         <load_address>0x8d0</load_address>
         <run_address>0x8d0</run_address>
         <size>0x14c8</size>
         <input_file_ref idref="fl-2"/>
      </object_component>
      <object_component id="oc-201">
         <name>.debug_info</name>
         <load_address>0x1d98</load_address>
         <run_address>0x1d98</run_address>
         <size>0x103e</size>
         <input_file_ref idref="fl-2"/>
      </object_component>
      <object_component id="oc-3a6">
         <name>.debug_info</name>
         <load_address>0x2dd6</load_address>
         <run_address>0x2dd6</run_address>
         <size>0x40a</size>
         <input_file_ref idref="fl-2"/>
      </object_component>
      <object_component id="oc-527">
         <name>.debug_info</name>
         <load_address>0x31e0</load_address>
         <run_address>0x31e0</run_address>
         <size>0x341</size>
         <input_file_ref idref="fl-2"/>
      </object_component>
      <object_component id="oc-95">
         <name>.debug_info</name>
         <load_address>0x3521</load_address>
         <run_address>0x3521</run_address>
         <size>0x84</size>
         <input_file_ref idref="fl-2"/>
      </object_component>
      <object_component id="oc-165">
         <name>.debug_info</name>
         <load_address>0x35a5</load_address>
         <run_address>0x35a5</run_address>
         <size>0x18b</size>
         <input_file_ref idref="fl-2"/>
      </object_component>
      <object_component id="oc-2cb">
         <name>.debug_info</name>
         <load_address>0x3730</load_address>
         <run_address>0x3730</run_address>
         <size>0x4e</size>
         <input_file_ref idref="fl-2"/>
      </object_component>
      <object_component id="oc-505">
         <name>.debug_info</name>
         <load_address>0x377e</load_address>
         <run_address>0x377e</run_address>
         <size>0x131</size>
         <input_file_ref idref="fl-2"/>
      </object_component>
      <object_component id="oc-5be">
         <name>.debug_info</name>
         <load_address>0x38af</load_address>
         <run_address>0x38af</run_address>
         <size>0x694</size>
         <input_file_ref idref="fl-3"/>
      </object_component>
      <object_component id="oc-502">
         <name>.debug_info</name>
         <load_address>0x3f43</load_address>
         <run_address>0x3f43</run_address>
         <size>0xf7</size>
         <input_file_ref idref="fl-3"/>
      </object_component>
      <object_component id="oc-390">
         <name>.debug_info</name>
         <load_address>0x403a</load_address>
         <run_address>0x403a</run_address>
         <size>0x5b9</size>
         <input_file_ref idref="fl-3"/>
      </object_component>
      <object_component id="oc-1a3">
         <name>.debug_info</name>
         <load_address>0x45f3</load_address>
         <run_address>0x45f3</run_address>
         <size>0x8b</size>
         <input_file_ref idref="fl-3"/>
      </object_component>
      <object_component id="oc-c3">
         <name>.debug_info</name>
         <load_address>0x467e</load_address>
         <run_address>0x467e</run_address>
         <size>0x977</size>
         <input_file_ref idref="fl-4"/>
      </object_component>
      <object_component id="oc-73">
         <name>.debug_info</name>
         <load_address>0x4ff5</load_address>
         <run_address>0x4ff5</run_address>
         <size>0xd15</size>
         <input_file_ref idref="fl-4"/>
      </object_component>
      <object_component id="oc-27e">
         <name>.debug_info</name>
         <load_address>0x5d0a</load_address>
         <run_address>0x5d0a</run_address>
         <size>0x30f</size>
         <input_file_ref idref="fl-4"/>
      </object_component>
      <object_component id="oc-1a8">
         <name>.debug_info</name>
         <load_address>0x6019</load_address>
         <run_address>0x6019</run_address>
         <size>0x13e</size>
         <input_file_ref idref="fl-4"/>
      </object_component>
      <object_component id="oc-ea">
         <name>.debug_info</name>
         <load_address>0x6157</load_address>
         <run_address>0x6157</run_address>
         <size>0x827</size>
         <input_file_ref idref="fl-4"/>
      </object_component>
      <object_component id="oc-1fc">
         <name>.debug_info</name>
         <load_address>0x697e</load_address>
         <run_address>0x697e</run_address>
         <size>0x60f</size>
         <input_file_ref idref="fl-4"/>
      </object_component>
      <object_component id="oc-283">
         <name>.debug_info</name>
         <load_address>0x6f8d</load_address>
         <run_address>0x6f8d</run_address>
         <size>0x92b</size>
         <input_file_ref idref="fl-4"/>
      </object_component>
      <object_component id="oc-206">
         <name>.debug_info</name>
         <load_address>0x78b8</load_address>
         <run_address>0x78b8</run_address>
         <size>0xcd</size>
         <input_file_ref idref="fl-4"/>
      </object_component>
      <object_component id="oc-20b">
         <name>.debug_info</name>
         <load_address>0x7985</load_address>
         <run_address>0x7985</run_address>
         <size>0x6c8</size>
         <input_file_ref idref="fl-4"/>
      </object_component>
      <object_component id="oc-1eb">
         <name>.debug_info</name>
         <load_address>0x804d</load_address>
         <run_address>0x804d</run_address>
         <size>0x65</size>
         <input_file_ref idref="fl-4"/>
      </object_component>
      <object_component id="oc-365">
         <name>.debug_info</name>
         <load_address>0x80b2</load_address>
         <run_address>0x80b2</run_address>
         <size>0x46</size>
         <input_file_ref idref="fl-4"/>
      </object_component>
      <object_component id="oc-4c4">
         <name>.debug_info</name>
         <load_address>0x80f8</load_address>
         <run_address>0x80f8</run_address>
         <size>0x2c</size>
         <input_file_ref idref="fl-4"/>
      </object_component>
      <object_component id="oc-9d">
         <name>.debug_info</name>
         <load_address>0x8124</load_address>
         <run_address>0x8124</run_address>
         <size>0x2c</size>
         <input_file_ref idref="fl-4"/>
      </object_component>
      <object_component id="oc-2b3">
         <name>.debug_info</name>
         <load_address>0x8150</load_address>
         <run_address>0x8150</run_address>
         <size>0xb34</size>
         <input_file_ref idref="fl-5"/>
      </object_component>
      <object_component id="oc-295">
         <name>.debug_info</name>
         <load_address>0x8c84</load_address>
         <run_address>0x8c84</run_address>
         <size>0x130</size>
         <input_file_ref idref="fl-5"/>
      </object_component>
      <object_component id="oc-2b0">
         <name>.debug_info</name>
         <load_address>0x8db4</load_address>
         <run_address>0x8db4</run_address>
         <size>0xd4</size>
         <input_file_ref idref="fl-5"/>
      </object_component>
      <object_component id="oc-102">
         <name>.debug_info</name>
         <load_address>0x8e88</load_address>
         <run_address>0x8e88</run_address>
         <size>0x1986</size>
         <input_file_ref idref="fl-5"/>
      </object_component>
      <object_component id="oc-2b9">
         <name>.debug_info</name>
         <load_address>0xa80e</load_address>
         <run_address>0xa80e</run_address>
         <size>0x1f3</size>
         <input_file_ref idref="fl-5"/>
      </object_component>
      <object_component id="oc-15b">
         <name>.debug_info</name>
         <load_address>0xaa01</load_address>
         <run_address>0xaa01</run_address>
         <size>0x2b9</size>
         <input_file_ref idref="fl-5"/>
      </object_component>
      <object_component id="oc-2b4">
         <name>.debug_info</name>
         <load_address>0xacba</load_address>
         <run_address>0xacba</run_address>
         <size>0xc8</size>
         <input_file_ref idref="fl-5"/>
      </object_component>
      <object_component id="oc-2be">
         <name>.debug_info</name>
         <load_address>0xad82</load_address>
         <run_address>0xad82</run_address>
         <size>0x280</size>
         <input_file_ref idref="fl-5"/>
      </object_component>
      <object_component id="oc-406">
         <name>.debug_info</name>
         <load_address>0xb002</load_address>
         <run_address>0xb002</run_address>
         <size>0x2be</size>
         <input_file_ref idref="fl-6"/>
      </object_component>
      <object_component id="oc-403">
         <name>.debug_info</name>
         <load_address>0xb2c0</load_address>
         <run_address>0xb2c0</run_address>
         <size>0x152</size>
         <input_file_ref idref="fl-6"/>
      </object_component>
      <object_component id="oc-28f">
         <name>.debug_info</name>
[...]
         <object_component_ref idref="oc-3d5"/>
      </symbol>
      <symbol id="sm-c74">
         <name>sl_WlanGetNetworkList</name>
         <value>0x5305</value>
         <object_component_ref idref="oc-268"/>
      </symbol>
      <symbol id="sm-c75">
         <name>sl_WlanSetMode</name>
         <value>0x5599</value>
         <object_component_ref idref="oc-268"/>
      </symbol>
      <symbol id="sm-cbf">
         <name>ADC14_getResult</name>
         <value>0xc745</value>
         <object_component_ref idref="oc-154"/>
      </symbol>
      <symbol id="sm-cfc">
         <name>CS_setExternalClockSourceFrequency</name>
         <value>0xc7bd</value>
         <object_component_ref idref="oc-184"/>
      </symbol>
      <symbol id="sm-cfd">
         <name>CS_setDCOCenteredFrequency</name>
         <value>0xc681</value>
         <object_component_ref idref="oc-190"/>
      </symbol>
      <symbol id="sm-cfe">
         <name>CS_initClockSignal</name>
         <value>0xb5f1</value>
         <object_component_ref idref="oc-196"/>
      </symbol>
      <symbol id="sm-d67">
         <name>GPIO_setOutputHighOnPin</name>
         <value>0xc7d1</value>
         <object_component_ref idref="oc-395"/>
      </symbol>
      <symbol id="sm-d68">
         <name>GPIO_getInterruptStatus</name>
         <value>0xc835</value>
         <object_component_ref idref="oc-2d0"/>
      </symbol>
      <symbol id="sm-d69">
         <name>GPIO_getEnabledInterruptStatus</name>
         <value>0xc439</value>
         <object_component_ref idref="oc-10d"/>
      </symbol>
      <symbol id="sm-d6a">
         <name>GPIO_setAsOutputPin</name>
         <value>0xc6a5</value>
         <object_component_ref idref="oc-4e3"/>
      </symbol>
      <symbol id="sm-d6b">
         <name>GPIO_setOutputLowOnPin</name>
         <value>0xc775</value>
         <object_component_ref idref="oc-119"/>
      </symbol>
      <symbol id="sm-d6c">
         <name>GPIO_clearInterruptFlag</name>
         <value>0xc75d</value>
         <object_component_ref idref="oc-113"/>
      </symbol>
      <symbol id="sm-d6d">
         <name>GPIO_setAsPeripheralModuleFunctionOutputPin</name>
         <value>0xc15d</value>
         <object_component_ref idref="oc-17e"/>
      </symbol>
      <symbol id="sm-d6e">
         <name>GPIO_setAsPeripheralModuleFunctionInputPin</name>
         <value>0xc111</value>
         <object_component_ref idref="oc-22d"/>
      </symbol>
      <symbol id="sm-dc3">
         <name>Interrupt_disableInterrupt</name>
         <value>0xbea1</value>
         <object_component_ref idref="oc-178"/>
      </symbol>
      <symbol id="sm-dc4">
         <name>Interrupt_enableMaster</name>
         <value>0xc845</value>
         <object_component_ref idref="oc-172"/>
      </symbol>
      <symbol id="sm-dc5">
         <name>Interrupt_enableInterrupt</name>
         <value>0xbf05</value>
         <object_component_ref idref="oc-16c"/>
      </symbol>
      <symbol id="sm-dc6">
         <name>Interrupt_registerInterrupt</name>
         <value>0xc3d1</value>
         <object_component_ref idref="oc-222"/>
      </symbol>
      <symbol id="sm-dc7">
         <name>g_pfnRAMVectors</name>
         <value>0x20000000</value>
         <object_component_ref idref="oc-37a"/>
      </symbol>
      <symbol id="sm-e76">
         <name>PCM_getCoreVoltageLevel</name>
         <value>0xc585</value>
         <object_component_ref idref="oc-58d"/>
      </symbol>
      <symbol id="sm-e77">
         <name>PCM_shutdownDevice</name>
         <value>0xc071</value>
         <object_component_ref idref="oc-4a5"/>
      </symbol>
      <symbol id="sm-e78">
         <name>PCM_setPowerStateWithTimeout</name>
         <value>0xa9f5</value>
         <object_component_ref idref="oc-32b"/>
      </symbol>
      <symbol id="sm-e79">
         <name>PCM_setPowerState</name>
         <value>0xc8d3</value>
         <object_component_ref idref="oc-18a"/>
      </symbol>
      <symbol id="sm-e7a">
         <name>PCM_setPowerModeWithTimeout</name>
         <value>0xb6d1</value>
         <object_component_ref idref="oc-4b1"/>
      </symbol>
      <symbol id="sm-e7b">
         <name>PCM_getPowerMode</name>
         <value>0xc5b1</value>
         <object_component_ref idref="oc-579"/>
      </symbol>
      <symbol id="sm-e7c">
         <name>PCM_getPowerState</name>
         <value>0xc855</value>
         <object_component_ref idref="oc-499"/>
      </symbol>
      <symbol id="sm-e7d">
         <name>PCM_setCoreVoltageLevelWithTimeout</name>
         <value>0xb921</value>
         <object_component_ref idref="oc-4ab"/>
      </symbol>
      <symbol id="sm-e7e">
         <name>PCM_gotoLPM3</name>
         <value>0xbbf1</value>
         <object_component_ref idref="oc-49f"/>
      </symbol>
      <symbol id="sm-e7f">
         <name>PCM_gotoLPM0</name>
         <value>0xc631</value>
         <object_component_ref idref="oc-4b7"/>
      </symbol>
      <symbol id="sm-e80">
         <name>PCM_setPowerMode</name>
         <value>0xc8cd</value>
         <object_component_ref idref="oc-57f"/>
      </symbol>
      <symbol id="sm-ed7">
         <name>EUSCI_B_SPI_getInterruptStatus</name>
         <value>0xc8bd</value>
         <object_component_ref idref="oc-4f5"/>
      </symbol>
      <symbol id="sm-ed8">
         <name>EUSCI_B_SPI_enable</name>
         <value>0xc88b</value>
         <object_component_ref idref="oc-5a1"/>
      </symbol>
      <symbol id="sm-ed9">
         <name>SPI_enableModule</name>
         <value>0xc729</value>
         <object_component_ref idref="oc-4ef"/>
      </symbol>
      <symbol id="sm-eda">
         <name>EUSCI_A_SPI_transmitData</name>
         <value>0xc8e3</value>
         <object_component_ref idref="oc-5b5"/>
      </symbol>
      <symbol id="sm-edb">
         <name>EUSCI_B_SPI_transmitData</name>
         <value>0xc8e7</value>
         <object_component_ref idref="oc-5af"/>
      </symbol>
      <symbol id="sm-edc">
         <name>SPI_transmitData</name>
         <value>0xc6ed</value>
         <object_component_ref idref="oc-4fb"/>
      </symbol>
      <symbol id="sm-edd">
         <name>EUSCI_A_SPI_enable</name>
         <value>0xc87f</value>
         <object_component_ref idref="oc-5a7"/>
      </symbol>
      <symbol id="sm-ede">
         <name>SPI_initMaster</name>
         <value>0xbc6d</value>
         <object_component_ref idref="oc-4e9"/>
      </symbol>
      <symbol id="sm-f0a">
         <name>SysTick_setPeriod</name>
         <value>0xc899</value>
         <object_component_ref idref="oc-d7"/>
      </symbol>
      <symbol id="sm-f0b">
         <name>SysTick_registerInterrupt</name>
         <value>0xc8c5</value>
         <object_component_ref idref="oc-d1"/>
      </symbol>
      <symbol id="sm-f0c">
         <name>SysTick_enableInterrupt</name>
         <value>0xc7e5</value>
         <object_component_ref idref="oc-e3"/>
      </symbol>
      <symbol id="sm-f0d">
         <name>SysTick_enableModule</name>
         <value>0xc7f9</value>
         <object_component_ref idref="oc-dd"/>
      </symbol>
      <symbol id="sm-f1f">
         <name>CPU_wfi</name>
         <value>0xc8df</value>
         <object_component_ref idref="oc-585"/>
      </symbol>
      <symbol id="sm-f20">
         <name>CPU_cpsie</name>
         <value>0xc873</value>
         <object_component_ref idref="oc-31d"/>
      </symbol>
      <symbol id="sm-f32">
         <name>_c_int00</name>
         <value>0xc0c1</value>
         <object_component_ref idref="oc-22"/>
      </symbol>
      <symbol id="sm-f33">
         <name>__stack</name>
         <value>0x2000fe00</value>
         <object_component_ref idref="oc-2a"/>
      </symbol>
      <symbol id="sm-f4a">
         <name>__TI_decompress_none</name>
         <value>0xc865</value>
         <object_component_ref idref="oc-10"/>
      </symbol>
      <symbol id="sm-f6d">
         <name>__TI_decompress_rle24</name>
         <value>0xc8d9</value>
         <object_component_ref idref="oc-16"/>
      </symbol>
      <symbol id="sm-f7f">
         <name>__TI_zero_init</name>
         <value>0xc8a5</value>
         <object_component_ref idref="oc-1c"/>
      </symbol>
      <symbol id="sm-f9e">
         <name>C$$EXIT</name>
         <value>0xc289</value>
         <object_component_ref idref="oc-62"/>
      </symbol>
      <symbol id="sm-f9f">
         <name>abort</name>
         <value>0xc28d</value>
         <object_component_ref idref="oc-62"/>
      </symbol>
      <symbol id="sm-fa0">
         <name>exit</name>
         <value>0xc295</value>
         <object_component_ref idref="oc-62"/>
      </symbol>
      <symbol id="sm-fa1">
         <name>__TI_dtors_ptr</name>
         <value>0x20001dd8</value>
         <object_component_ref idref="oc-b3"/>
      </symbol>
      <symbol id="sm-fa2">
         <name>__TI_cleanup_ptr</name>
         <value>0x20001dd4</value>
         <object_component_ref idref="oc-b3"/>
      </symbol>
      <symbol id="sm-fc2">
         <name>__aeabi_ddiv</name>
         <value>0xae05</value>
         <object_component_ref idref="oc-13f"/>
      </symbol>
      <symbol id="sm-fd9">
         <name>__aeabi_dmul</name>
         <value>0xb4f5</value>
         <object_component_ref idref="oc-144"/>
      </symbol>
      <symbol id="sm-fe6">
         <name>__aeabi_d2uiz</name>
         <value>0xc2cd</value>
         <object_component_ref idref="oc-149"/>
      </symbol>
      <symbol id="sm-ff2">
         <name>__aeabi_i2d</name>
         <value>0xc529</value>
         <object_component_ref idref="oc-13a"/>
      </symbol>
      <symbol id="sm-100e">
         <name>memcpy</name>
         <value>0xb9c9</value>
         <object_component_ref idref="oc-2b"/>
      </symbol>
      <symbol id="sm-100f">
         <name>__aeabi_memcpy</name>
         <value>0xb9c9</value>
         <object_component_ref idref="oc-2b"/>
      </symbol>
      <symbol id="sm-1010">
         <name>__aeabi_memcpy8</name>
         <value>0xb9c9</value>
         <object_component_ref idref="oc-2b"/>
      </symbol>
      <symbol id="sm-1011">
         <name>__aeabi_memcpy4</name>
         <value>0xb9c9</value>
         <object_component_ref idref="oc-2b"/>
      </symbol>
      <symbol id="sm-1020">
         <name>__aeabi_memset</name>
         <value>0xbceb</value>
         <object_component_ref idref="oc-44"/>
      </symbol>
      <symbol id="sm-1021">
         <name>memset</name>
         <value>0xbcf1</value>
         <object_component_ref idref="oc-44"/>
      </symbol>
      <symbol id="sm-1022">
         <name>__aeabi_memset8</name>
         <value>0xbceb</value>
         <object_component_ref idref="oc-44"/>
      </symbol>
      <symbol id="sm-1023">
         <name>__aeabi_memset4</name>
         <value>0xbceb</value>
         <object_component_ref idref="oc-44"/>
      </symbol>
      <symbol id="sm-1024">
         <name>__aeabi_memclr8</name>
         <value>0xbce9</value>
         <object_component_ref idref="oc-44"/>
      </symbol>
      <symbol id="sm-1025">
         <name>__aeabi_memclr4</name>
         <value>0xbce9</value>
         <object_component_ref idref="oc-44"/>
      </symbol>
      <symbol id="sm-1026">
         <name>__aeabi_memclr</name>
         <value>0xbce9</value>
         <object_component_ref idref="oc-44"/>
      </symbol>
      <symbol id="sm-1030">
         <name>_system_pre_init</name>
         <value>0xc8eb</value>
         <object_component_ref idref="oc-50"/>
      </symbol>
      <symbol id="sm-104a">
         <name>sprintf</name>
         <value>0xbf69</value>
         <object_component_ref idref="oc-107"/>
      </symbol>
      <symbol id="sm-1052">
         <name>main_func_sp</name>
         <value>0x20001dec</value>
         <object_component_ref idref="oc-68"/>
      </symbol>
      <symbol id="sm-1060">
         <name>strlen</name>
         <value>0xc821</value>
         <object_component_ref idref="oc-c5"/>
      </symbol>
      <symbol id="sm-1070">
         <name>strncmp</name>
         <value>0xc659</value>
         <object_component_ref idref="oc-3f5"/>
      </symbol>
      <symbol id="sm-1080">
         <name>strncpy</name>
         <value>0xc499</value>
         <object_component_ref idref="oc-128"/>
      </symbol>
      <symbol id="sm-1098">
         <name>strtok</name>
         <value>0xc391</value>
         <object_component_ref idref="oc-12e"/>
      </symbol>
      <symbol id="sm-10bd">
         <name>strtol</name>
         <value>0xb071</value>
         <object_component_ref idref="oc-134"/>
      </symbol>
      <symbol id="sm-10d6">
         <name>_nop</name>
         <value>0xc81b</value>
         <object_component_ref idref="oc-1c4"/>
      </symbol>
      <symbol id="sm-10d7">
         <name>_lock</name>
         <value>0x20001dcc</value>
         <object_component_ref idref="oc-b0"/>
      </symbol>
      <symbol id="sm-10d8">
         <name>_unlock</name>
         <value>0x20001dd0</value>
         <object_component_ref idref="oc-b0"/>
      </symbol>
      <symbol id="sm-10d9">
         <name>_register_lock</name>
         <value>0xc813</value>
         <object_component_ref idref="oc-1c4"/>
      </symbol>
      <symbol id="sm-10da">
         <name>_register_unlock</name>
         <value>0xc80d</value>
         <object_component_ref idref="oc-1c4"/>
      </symbol>
      <symbol id="sm-11df">
         <name>__TI_printfi</name>
         <value>0x2f1d</value>
         <object_component_ref idref="oc-2c3"/>
      </symbol>
      <symbol id="sm-11f4">
         <name>_args_main</name>
         <value>0xc78d</value>
         <object_component_ref idref="oc-5c"/>
      </symbol>
      <symbol id="sm-120a">
         <name>atoi</name>
         <value>0xc1a9</value>
         <object_component_ref idref="oc-45e"/>
      </symbol>
      <symbol id="sm-1230">
         <name>__TI_auto_init</name>
         <value>0xbd65</value>
         <object_component_ref idref="oc-56"/>
      </symbol>
      <symbol id="sm-124a">
         <name>copy_in</name>
         <value>0xc1f5</value>
         <object_component_ref idref="oc-a6"/>
      </symbol>
      <symbol id="sm-1255">
         <name>_ctypes_</name>
         <value>0xcbe8</value>
         <object_component_ref idref="oc-2fb"/>
      </symbol>
      <symbol id="sm-125d">
         <name>_Errno</name>
         <value>0x20001de8</value>
         <object_component_ref idref="oc-2fe"/>
      </symbol>
      <symbol id="sm-1281">
         <name>__aeabi_dsub</name>
         <value>0xa69d</value>
         <object_component_ref idref="oc-43b"/>
      </symbol>
      <symbol id="sm-1282">
         <name>__aeabi_dadd</name>
         <value>0xa6a7</value>
         <object_component_ref idref="oc-43b"/>
      </symbol>
      <symbol id="sm-12a9">
         <name>__aeabi_cdcmpeq</name>
         <value>0xba65</value>
         <object_component_ref idref="oc-426"/>
      </symbol>
      <symbol id="sm-12aa">
         <name>__aeabi_cdcmple</name>
         <value>0xba65</value>
         <object_component_ref idref="oc-426"/>
      </symbol>
      <symbol id="sm-12ab">
         <name>__aeabi_cdrcmple</name>
         <value>0xbaeb</value>
         <object_component_ref idref="oc-42b"/>
      </symbol>
      <symbol id="sm-12b9">
         <name>__aeabi_d2iz</name>
         <value>0xc241</value>
         <object_component_ref idref="oc-430"/>
      </symbol>
      <symbol id="sm-12c6">
         <name>frexp</name>
         <value>0xc5db</value>
         <object_component_ref idref="oc-440"/>
      </symbol>
      <symbol id="sm-12d7">
         <name>ldexp</name>
         <value>0xc01f</value>
         <object_component_ref idref="oc-446"/>
      </symbol>
      <symbol id="sm-12e6">
         <name>ltoa</name>
         <value>0xbfc9</value>
         <object_component_ref idref="oc-435"/>
      </symbol>
      <symbol id="sm-12f6">
         <name>memccpy</name>
         <value>0xc70d</value>
         <object_component_ref idref="oc-458"/>
      </symbol>
      <symbol id="sm-1306">
         <name>strchr</name>
         <value>0xc7a5</value>
         <object_component_ref idref="oc-44c"/>
      </symbol>
      <symbol id="sm-1317">
         <name>strcspn</name>
         <value>0xc6c9</value>
         <object_component_ref idref="oc-2f0"/>
      </symbol>
      <symbol id="sm-1329">
         <name>strspn</name>
         <value>0xc605</value>
         <object_component_ref idref="oc-2ea"/>
      </symbol>
      <symbol id="sm-1353">
         <name>__aeabi_uldivmod</name>
         <value>0xa4a9</value>
         <object_component_ref idref="oc-421"/>
      </symbol>
      <symbol id="sm-1361">
         <name>_Dclass</name>
         <value>0xc4c9</value>
         <object_component_ref idref="oc-452"/>
      </symbol>
      <symbol id="sm-1382">
         <name>_Dscale</name>
         <value>0xb3e5</value>
         <object_component_ref idref="oc-555"/>
      </symbol>
      <symbol id="sm-1396">
         <name>_Dunscale</name>
         <value>0xbe3b</value>
         <object_component_ref idref="oc-54d"/>
      </symbol>
      <symbol id="sm-13a5">
         <name>_Feraise</name>
         <value>0xc4f9</value>
         <object_component_ref idref="oc-55b"/>
      </symbol>
      <symbol id="sm-13b5">
         <name>_Rteps</name>
         <value>0x20001d30</value>
         <object_component_ref idref="oc-5d1"/>
      </symbol>
      <symbol id="sm-13b6">
         <name>_Zero</name>
         <value>0x20001d48</value>
         <object_component_ref idref="oc-5d1"/>
      </symbol>
      <symbol id="sm-13b7">
         <name>_Hugeval</name>
         <value>0x20001cf0</value>
         <object_component_ref idref="oc-5d1"/>
      </symbol>
      <symbol id="sm-13b8">
         <name>_Snan</name>
         <value>0x20001d20</value>
         <object_component_ref idref="oc-5d1"/>
      </symbol>
      <symbol id="sm-13b9">
         <name>_Nan</name>
         <value>0x20001d10</value>
         <object_component_ref idref="oc-5d1"/>
      </symbol>
      <symbol id="sm-13ba">
         <name>_Inf</name>
         <value>0x20001d00</value>
         <object_component_ref idref="oc-5d1"/>
      </symbol>
      <symbol id="sm-13bb">
         <name>_Xbig</name>
         <value>0x20001d40</value>
         <object_component_ref idref="oc-5d1"/>
      </symbol>
      <symbol id="sm-13bc">
         <name>_Eps</name>
         <value>0x20001ce0</value>
         <object_component_ref idref="oc-5d1"/>
      </symbol>
      <symbol id="sm-13bd">
         <name>_Denorm</name>
         <value>0x20001cd0</value>
         <object_component_ref idref="oc-5d1"/>
      </symbol>
      <symbol id="sm-13db">
         <name>feraiseexcept</name>
         <value>0xc405</value>
         <object_component_ref idref="oc-5d6"/>
      </symbol>
      <symbol id="sm-13dc">
         <name>_Tls_setup__Fenv</name>
         <value>0x20001de0</value>
         <object_component_ref idref="oc-607"/>
      </symbol>
      <symbol id="sm-13dd">
         <name>_Fenv</name>
         <value>0x20001ddc</value>
         <object_component_ref idref="oc-607"/>
      </symbol>
      <symbol id="sm-13f1">
         <name>raise</name>
         <value>0xc557</value>
         <object_component_ref idref="oc-601"/>
      </symbol>
      <symbol id="sm-140b">
         <name>signal</name>
         <value>0xc351</value>
         <object_component_ref idref="oc-60d"/>
      </symbol>
      <symbol id="sm-1420">
         <name>_Dnorm</name>
         <value>0xb7a5</value>
         <object_component_ref idref="oc-5c7"/>
      </symbol>
      <symbol id="sm-1421">
         <name>__TI_static_base__</name>
         <value>0x0</value>
      </symbol>
      <symbol id="sm-1424">
         <name>SHT$$INIT_ARRAY$$Limit</name>
         <value>0x0</value>
      </symbol>
      <symbol id="sm-1425">
         <name>SHT$$INIT_ARRAY$$Base</name>
         <value>0x0</value>
      </symbol>
   </symbol_table>
   <title>Link successful</title>
</link_info>
