******************************************************************************
                  TI ARM Linker Unix v5.2.6                    
******************************************************************************
>> Linked Thu Apr 28 13:56:11 2016

OUTPUT FILE NAME:   <final_ece461.out>
ENTRY POINT SYMBOL: "_c_int00"  address: 0000a215


MEMORY CONFIGURATION

         name            origin    length      used     unused   attr    fill
----------------------  --------  ---------  --------  --------  ----  --------
  MAIN                  00000000   00040000  0000b1c2  00034e3e  R  X
  INFO                  00200000   00004000  00000000  00004000  R  X
  SRAM_CODE             01000000   00010000  00000000  00010000  RW X
  SRAM_DATA             20000000   00010000  00000ba7  0000f459  RW  


SEGMENT ALLOCATION MAP

run origin  load origin   length   init length attrs members
----------  ----------- ---------- ----------- ----- -------
00000000    00000000    0000b1c8   0000b1c8    r-x
  00000000    00000000    00000144   00000144    r-- .intvecs
  00000144    00000144    0000a762   0000a762    r-x .text
  0000a8a8    0000a8a8    000008bc   000008bc    r-- .const
  0000b168    0000b168    00000060   00000060    r-- .cinit
20000000    20000000    000009a8   00000000    rw-
  20000000    20000000    000000e4   00000000    rw- .vtable
  200000e4    200000e4    00000877   00000000    rw- .bss
  2000095c    2000095c    0000004c   00000000    rw- .data
2000fe00    2000fe00    00000200   00000000    rw-
  2000fe00    2000fe00    00000200   00000000    rw- .stack


SECTION ALLOCATION MAP

 output                                  attributes/
section   page    origin      length       input sections
--------  ----  ----------  ----------   ----------------
.intvecs   0    00000000    00000144     
                  00000000    00000144     msp432_startup_ccs.obj (.intvecs:retain)

.text      0    00000144    0000a762     
                  00000144    00002024     driver.obj (.text)
                  00002168    00000ed4     socket.obj (.text)
                  0000303c    00000b44     netapp.obj (.text)
                  00003b80    00000ab8     wlan.obj (.text)
                  00004638    00000a00     MQTTClient.obj (.text)
                  00005038    00000678     Crystalfontz128x128_ST7735.obj (.text)
                  000056b0    00000630     string.obj (.text)
                  00005ce0    000005b4     device.obj (.text)
                  00006294    00000570     myinit.obj (.text)
                  00006804    00000514     main.obj (.text)
                  00006d18    00000490     line.obj (.text)
                  000071a8    000003f8     MQTTPacket.obj (.text)
                  000075a0    000003ac     MQTTConnectClient.obj (.text)
                  0000794c    00000388     MQTTCC3100.obj (.text)
                  00007cd4    00000354     board.obj (.text)
                  00008028    000002d4     events.obj (.text)
                  000082fc    000002ac     lcd_display.obj (.text)
                  000085a8    00000266     context.obj (.text)
                  0000880e    00000002     --HOLE-- [fill = 0]
                  00008810    00000218     MQTTSerializePublish.obj (.text)
                  00008a28    00000218     MQTTSubscribeClient.obj (.text)
                  00008c40    00000214     spi_cc3100.obj (.text)
                  00008e54    000001a0     MQTTUnsubscribeClient.obj (.text)
                  00008ff4    00000182     msp432p4xx_driverlib.lib : pcm.o (.text:PCM_setPowerStateWithTimeout)
                  00009176    00000002     --HOLE-- [fill = 0]
                  00009178    00000138     MQTTDeserializePublish.obj (.text)
                  000092b0    00000136     rtsv7M4_T_le_v4SPD16_eabi.lib : fd_div_t2.obj (.text)
                  000093e6    00000134     display.obj (.text)
                  0000951a    00000002     --HOLE-- [fill = 0]
                  0000951c    00000134     rtsv7M4_T_le_v4SPD16_eabi.lib : strtol.obj (.text)
                  00009650    00000130     nonos.obj (.text)
                  00009780    00000110     netcfg.obj (.text)
                  00009890    000000fc     rtsv7M4_T_le_v4SPD16_eabi.lib : fd_mul_t2.obj (.text)
                  0000998c    000000f0     ped_adc.obj (.text)
                  00009a7c    000000e0     msp432p4xx_driverlib.lib : cs.o (.text:CS_initClockSignal)
                  00009b5c    000000d4                              : pcm.o (.text:PCM_setPowerModeWithTimeout)
                  00009c30    000000bc     HAL_MSP_EXP432P401R_Crystalfontz128x128_ST7735.obj (.text)
                  00009cec    000000a8     msp432p4xx_driverlib.lib : pcm.o (.text:PCM_setCoreVoltageLevelWithTimeout)
                  00009d94    0000009c     rtsv7M4_T_le_v4SPD16_eabi.lib : memcpy_t2.obj (.text)
                  00009e30    00000080     flowcont.obj (.text)
                  00009eb0    0000007c     msp432p4xx_driverlib.lib : pcm.o (.text:PCM_gotoLPM3)
                  00009f2c    0000007c                              : spi.o (.text:SPI_initMaster)
                  00009fa8    0000007a     rtsv7M4_T_le_v4SPD16_eabi.lib : memset_t2.obj (.text)
                  0000a022    00000002     --HOLE-- [fill = 0]
                  0000a024    0000006c                                   : autoinit.obj (.text)
                  0000a090    0000006a                                   : copy_decompress_rle.obj (.text)
                  0000a0fa    00000002     --HOLE-- [fill = 0]
                  0000a0fc    00000064     msp432p4xx_driverlib.lib : interrupt.o (.text:Interrupt_disableInterrupt)
                  0000a160    00000064                              : interrupt.o (.text:Interrupt_enableInterrupt)
                  0000a1c4    00000050                              : pcm.o (.text:PCM_shutdownDevice)
                  0000a214    00000050     rtsv7M4_T_le_v4SPD16_eabi.lib : boot.obj (.text)
                  0000a264    0000004c     msp432p4xx_driverlib.lib : gpio.o (.text:GPIO_setAsPeripheralModuleFunctionInputPin)
                  0000a2b0    0000004c                              : gpio.o (.text:GPIO_setAsPeripheralModuleFunctionOutputPin)
                  0000a2fc    0000004c     rtsv7M4_T_le_v4SPD16_eabi.lib : cpy_tbl.obj (.text)
                  0000a348    00000044                                   : exit.obj (.text)
                  0000a38c    00000044                                   : fd_tou_t2.obj (.text)
                  0000a3d0    00000040     cli_uart.obj (.text)
                  0000a410    00000040     rtsv7M4_T_le_v4SPD16_eabi.lib : strtok.obj (.text)
                  0000a450    00000034     msp432p4xx_driverlib.lib : interrupt.o (.text:Interrupt_registerInterrupt)
                  0000a484    00000030                              : gpio.o (.text:GPIO_getEnabledInterruptStatus)
                  0000a4b4    00000030                              : gpio.o (.text:GPIO_setAsInputPinWithPullUpResistor)
                  0000a4e4    00000030                              : spi.o (.text:is_A_Module)
                  0000a514    00000030     rtsv7M4_T_le_v4SPD16_eabi.lib : strncpy.obj (.text)
                  0000a544    0000002e                                   : i_tofd_t2.obj (.text)
                  0000a572    0000002c     msp432p4xx_driverlib.lib : pcm.o (.text:PCM_getCoreVoltageLevel)
                  0000a59e    0000002a                              : pcm.o (.text:PCM_getPowerMode)
                  0000a5c8    0000002a     rtsv7M4_T_le_v4SPD16_eabi.lib : strspn.obj (.text)
                  0000a5f2    00000002     --HOLE-- [fill = 0]
                  0000a5f4    00000028     msp432p4xx_driverlib.lib : pcm.o (.text:PCM_gotoLPM0)
                  0000a61c    00000026     rtsv7M4_T_le_v4SPD16_eabi.lib : strncmp.obj (.text)
                  0000a642    00000002     --HOLE-- [fill = 0]
                  0000a644    00000024     msp432p4xx_driverlib.lib : cs.o (.text:CS_setDCOCenteredFrequency)
                  0000a668    00000024                              : gpio.o (.text:GPIO_setAsOutputPin)
                  0000a68c    00000024     rtsv7M4_T_le_v4SPD16_eabi.lib : strcspn.obj (.text)
                  0000a6b0    00000020     msp432p4xx_driverlib.lib : gpio.o (.text:GPIO_interruptEdgeSelect)
                  0000a6d0    00000020                              : spi.o (.text:SPI_transmitData)
                  0000a6f0    0000001a                              : spi.o (.text:SPI_enableModule)
                  0000a70a    00000002     --HOLE-- [fill = 0]
                  0000a70c    00000018                              : gpio.o (.text:GPIO_clearInterruptFlag)
                  0000a724    00000018                              : gpio.o (.text:GPIO_setOutputLowOnPin)
                  0000a73c    00000018     rtsv7M4_T_le_v4SPD16_eabi.lib : args_main.obj (.text)
                  0000a754    00000014     msp432p4xx_driverlib.lib : cs.o (.text:CS_setExternalClockSourceFrequency)
                  0000a768    00000014                              : gpio.o (.text:GPIO_enableInterrupt)
                  0000a77c    00000014                              : gpio.o (.text:GPIO_setOutputHighOnPin)
                  0000a790    00000014                              : systick.o (.text:SysTick_enableInterrupt)
                  0000a7a4    00000014                              : systick.o (.text:SysTick_enableModule)
                  0000a7b8    00000014     rtsv7M4_T_le_v4SPD16_eabi.lib : _lock.obj (.text)
                  0000a7cc    00000014                                   : strlen.obj (.text)
                  0000a7e0    00000010     msp432p4xx_driverlib.lib : gpio.o (.text:GPIO_getInterruptStatus)
                  0000a7f0    00000010                              : interrupt.o (.text:Interrupt_enableMaster)
                  0000a800    00000010                              : pcm.o (.text:PCM_getPowerState)
                  0000a810    0000000e     rtsv7M4_T_le_v4SPD16_eabi.lib : copy_decompress_none.obj (.text:decompress:none)
                  0000a81e    0000000c     msp432p4xx_driverlib.lib : cpu.o (.text:CPU_cpsie)
                  0000a82a    0000000c                              : spi.o (.text:EUSCI_A_SPI_enable)
                  0000a836    0000000c                              : spi.o (.text:EUSCI_B_SPI_enable)
                  0000a842    00000002     --HOLE-- [fill = 0]
                  0000a844    0000000c                              : systick.o (.text:SysTick_setPeriod)
                  0000a850    0000000c                              : timer_a.o (.text:Timer_A_stopTimer)
                  0000a85c    0000000c     rtsv7M4_T_le_v4SPD16_eabi.lib : copy_zero_init.obj (.text:decompress:ZI)
                  0000a868    0000000c     msp432_startup_ccs.obj (.text)
                  0000a874    00000008     msp432p4xx_driverlib.lib : spi.o (.text:EUSCI_B_SPI_getInterruptStatus)
                  0000a87c    00000008                              : systick.o (.text:SysTick_registerInterrupt)
                  0000a884    00000006                              : pcm.o (.text:PCM_setPowerMode)
                  0000a88a    00000006                              : pcm.o (.text:PCM_setPowerState)
                  0000a890    00000006     rtsv7M4_T_le_v4SPD16_eabi.lib : copy_decompress_rle.obj (.text:decompress:rle24)
                  0000a896    00000004     msp432p4xx_driverlib.lib : cpu.o (.text:CPU_wfi)
                  0000a89a    00000004                              : spi.o (.text:EUSCI_A_SPI_transmitData)
                  0000a89e    00000004                              : spi.o (.text:EUSCI_B_SPI_transmitData)
                  0000a8a2    00000004     rtsv7M4_T_le_v4SPD16_eabi.lib : pre_init.obj (.text)

.const     0    0000a8a8    000008bc     
                  0000a8a8    000002f8     fontfixed6x8.obj (.const:.string:g_pucFontFixed6x8Data)
                  0000aba0    00000101     rtsv7M4_T_le_v4SPD16_eabi.lib : ctype.obj (.const:.string:_ctypes_)
                  0000aca1    00000003     --HOLE-- [fill = 0]
                  0000aca4    000000c8     fontfixed6x8.obj (.const:g_sFontFixed6x8)
                  0000ad6c    000000b0     wlan.obj (.const:$P$T0$1)
                  0000ae1c    00000058     main.obj (.const:$P$T0$1)
                  0000ae74    00000058     MQTTClient.obj (.const:$P$T1$2)
                  0000aecc    00000040     msp432p4xx_driverlib.lib : interrupt.o (.const)
                  0000af0c    0000003c     wlan.obj (.const)
                  0000af48    00000038     driver.obj (.const:_SlActionLookupTable)
                  0000af80    00000038     myinit.obj (.const)
                  0000afb8    00000034     socket.obj (.const)
                  0000afec    00000030     msp432p4xx_driverlib.lib : gpio.o (.const:GPIO_PORT_TO_BASE)
                  0000b01c    0000002c     myinit.obj (.const:$P$T0$1)
                  0000b048    0000002c     Crystalfontz128x128_ST7735.obj (.const:g_sCrystalfontz128x128)
                  0000b074    00000028     MQTTClient.obj (.const)
                  0000b09c    00000028     netapp.obj (.const)
                  0000b0c4    0000001c     HAL_MSP_EXP432P401R_Crystalfontz128x128_ST7735.obj (.const)
                  0000b0e0    00000014     MQTTConnectClient.obj (.const)
                  0000b0f4    00000014     device.obj (.const)
                  0000b108    00000014     driver.obj (.const)
                  0000b11c    0000000f     lcd_display.obj (.const:.string)
                  0000b12b    00000008     main.obj (.const:.string)
                  0000b133    00000001     --HOLE-- [fill = 0]
                  0000b134    00000008     Crystalfontz128x128_ST7735.obj (.const)
                  0000b13c    00000008     MQTTDeserializePublish.obj (.const)
                  0000b144    00000008     MQTTSerializePublish.obj (.const)
                  0000b14c    00000008     MQTTSubscribeClient.obj (.const)
                  0000b154    00000008     netcfg.obj (.const)
                  0000b15c    00000004     MQTTPacket.obj (.const)
                  0000b160    00000004     MQTTUnsubscribeClient.obj (.const)

.cinit     0    0000b168    00000060     
                  0000b168    00000029     (.cinit..data.load) [load image, compression = rle]
                  0000b191    00000003     --HOLE-- [fill = 0]
                  0000b194    0000000c     (__TI_handler_table)
                  0000b1a0    00000008     (.cinit..bss.load) [load image, compression = zero_init]
                  0000b1a8    00000008     (.cinit..vtable.load) [load image, compression = zero_init]
                  0000b1b0    00000018     (__TI_cinit_table)

.init_array 
*          0    00000000    00000000     UNINITIALIZED

.vtable    0    20000000    000000e4     UNINITIALIZED
                  20000000    000000e4     msp432p4xx_driverlib.lib : interrupt.o (.vtable)

.bss       0    200000e4    00000877     UNINITIALIZED
                  200000e4    00000648     myinit.obj (.bss:g_AppData)
                  2000072c    00000164     driver.obj (.bss:g_StatMem)
                  20000890    0000005c     main.obj (.bss:hMQTTClient)
                  200008ec    00000028     nonos.obj (.bss:g__SlNonOsCB)
                  20000914    0000001c     (.common:g_sContext)
                  20000930    00000010     (.common:n)
                  20000940    00000004     (.common:MilliTimer)
                  20000944    00000004     (.common:bufptr)
                  20000948    00000004     (.common:hfxtFreq)
                  2000094c    00000004     (.common:lfxtFreq)
                  20000950    00000002     (.common:Lcd_ScreenHeigth)
                  20000952    00000002     (.common:Lcd_ScreenWidth)
                  20000954    00000002     (.common:Lcd_TouchTrim)
                  20000956    00000001     (.common:IntIsMasked)
                  20000957    00000001     (.common:Lcd_FlagRead)
                  20000958    00000001     (.common:Lcd_FontSolid)
                  20000959    00000001     (.common:Lcd_Orientation)
                  2000095a    00000001     (.common:Lcd_PenSolid)

.TI.noinit 
*          0    200000e4    00000000     UNINITIALIZED

.data      0    2000095c    0000004c     UNINITIALIZED
                  2000095c    0000001d     main.obj (.data)
                  20000979    00000003     --HOLE--
                  2000097c    00000009     driver.obj (.data)
                  20000985    00000003     --HOLE--
                  20000988    00000008     rtsv7M4_T_le_v4SPD16_eabi.lib : _lock.obj (.data)
                  20000990    00000008                                   : exit.obj (.data)
                  20000998    00000004     board.obj (.data)
                  2000099c    00000004     rtsv7M4_T_le_v4SPD16_eabi.lib : errno.obj (.data)
                  200009a0    00000004                                   : stkdepth_vars.obj (.data)
                  200009a4    00000004                                   : strtok.obj (.data)

.TI.persistent 
*          0    2000095c    00000000     UNINITIALIZED

.stack     0    2000fe00    00000200     UNINITIALIZED
                  2000fe00    00000200     --HOLE--


LINKER GENERATED COPY TABLES

__TI_cinit_table @ 0000b1b0 records: 3, size/record: 8, table size: 24
	.data: load addr=0000b168, load size=00000029 bytes, run addr=2000095c, run size=0000004c bytes, compression=rle
	.bss: load addr=0000b1a0, load size=00000008 bytes, run addr=200000e4, run size=00000877 bytes, compression=zero_init
	.vtable: load addr=0000b1a8, load size=00000008 bytes, run addr=20000000, run size=000000e4 bytes, compression=zero_init


LINKER GENERATED HANDLER TABLE

__TI_handler_table @ 0000b194 records: 3, size/record: 4, table size: 12
	index: 0, handler: __TI_zero_init
	index: 1, handler: __TI_decompress_rle24
	index: 2, handler: __TI_decompress_none


GLOBAL SYMBOLS: SORTED ALPHABETICALLY BY Name 

address   name                                       
-------   ----                                       
00006ca9  ADC14_IRQHandler                           
0000a349  C$$EXIT                                    
00007d23  CC3100_InterruptDisable                    
00007d01  CC3100_InterruptEnable                     
00007fd7  CC3100_UART_ISR                            
00007ce9  CC3100_disable                             
00007cf5  CC3100_enable                              
0000a409  CLI_Configure                              
0000a3dd  CLI_Read                                   
0000a3f3  CLI_Write                                  
0000a81f  CPU_cpsie                                  
0000a897  CPU_wfi                                    
00009a7d  CS_initClockSignal                         
0000a645  CS_setDCOCenteredFrequency                 
0000a755  CS_setExternalClockSourceFrequency         
00007c29  ConnectNetwork                             
0000369d  CopyPingResultsToReport                    
00005039  Crystalfontz128x128_Init                   
0000514d  Crystalfontz128x128_SetDrawFrame           
0000527b  Crystalfontz128x128_SetOrientation         
00007f81  Delay                                      
0000a3d1  EUSCIA0_IRQHandler                         
0000a82b  EUSCI_A_SPI_enable                         
0000a89b  EUSCI_A_SPI_transmitData                   
0000a837  EUSCI_B_SPI_enable                         
0000a875  EUSCI_B_SPI_getInterruptStatus             
0000a89f  EUSCI_B_SPI_transmitData                   
0000a70d  GPIO_clearInterruptFlag                    
0000a769  GPIO_enableInterrupt                       
0000a485  GPIO_getEnabledInterruptStatus             
0000a7e1  GPIO_getInterruptStatus                    
0000a6b1  GPIO_interruptEdgeSelect                   
0000a4b5  GPIO_setAsInputPinWithPullUpResistor       
0000a669  GPIO_setAsOutputPin                        
0000a265  GPIO_setAsPeripheralModuleFunctionInputPin 
0000a2b1  GPIO_setAsPeripheralModuleFunctionOutputPin
0000a77d  GPIO_setOutputHighOnPin                    
0000a725  GPIO_setOutputLowOnPin                     
00007ecd  GetLEDStatus                               
00008795  Graphics_clearDisplay                      
00009503  Graphics_clearDisplayOnDisplay             
00009455  Graphics_drawHorizontalLineOnDisplay       
00007035  Graphics_drawLine                          
00006d19  Graphics_drawLineH                         
00006db5  Graphics_drawLineV                         
00009411  Graphics_drawMultiplePixelsOnDisplay       
000087a7  Graphics_drawPixel                         
000093e7  Graphics_drawPixelOnDisplay                
000057eb  Graphics_drawString                        
00005c79  Graphics_drawStringCentered                
00009489  Graphics_drawVerticalLineOnDisplay         
000094bd  Graphics_fillRectangleOnDisplay            
00008787  Graphics_flushBuffer                       
000094f1  Graphics_flushOnDisplay                    
00008769  Graphics_getDisplayHeight                  
00008759  Graphics_getDisplayWidth                   
00008707  Graphics_getFontBaseline                   
0000873d  Graphics_getFontHeight                     
0000874b  Graphics_getFontMaxWidth                   
00008779  Graphics_getHeightOfDisplay                
00005c69  Graphics_getStringBaseline                 
00005cc1  Graphics_getStringHeight                   
00005cd1  Graphics_getStringMaxWidth                 
000056f1  Graphics_getStringWidth                    
00008801  Graphics_getWidthOfDisplay                 
000085a9  Graphics_initContext                       
000086bd  Graphics_setBackgroundColor                
000086d7  Graphics_setBackgroundColorTranslated      
000085f3  Graphics_setClipRegion                     
000086ed  Graphics_setFont                           
00008715  Graphics_setForegroundColor                
0000872b  Graphics_setForegroundColorTranslated      
000094db  Graphics_translateColorOnDisplay           
00009c31  HAL_LCD_PortInit                           
00009c61  HAL_LCD_SpiInit                            
00009c97  HAL_LCD_writeCommand                       
00009cc5  HAL_LCD_writeData                          
000079cf  InitTimer                                  
20000956  IntIsMasked                                
0000a0fd  Interrupt_disableInterrupt                 
0000a161  Interrupt_enableInterrupt                  
0000a7f1  Interrupt_enableMaster                     
0000a451  Interrupt_registerInterrupt                
20000957  Lcd_FlagRead                               
20000958  Lcd_FontSolid                              
20000959  Lcd_Orientation                            
2000095a  Lcd_PenSolid                               
20000950  Lcd_ScreenHeigth                           
20000952  Lcd_ScreenWidth                            
20000954  Lcd_TouchTrim                              
000046f7  MQTTClient                                 
00004c41  MQTTConnect                                
00009231  MQTTDeserialize_ack                        
00007813  MQTTDeserialize_connack                    
00009179  MQTTDeserialize_publish                    
00008b8f  MQTTDeserialize_suback                     
00008faf  MQTTDeserialize_unsuback                   
00004fe7  MQTTDisconnect                             
000071ff  MQTTPacket_decode                          
000072e5  MQTTPacket_decodeBuf                       
000071a9  MQTTPacket_encode                          
000074c1  MQTTPacket_equals                          
00007267  MQTTPacket_len                             
00007525  MQTTPacket_read                            
00004ebd  MQTTPublish                                
00008925  MQTTSerialize_ack                          
00007659  MQTTSerialize_connect                      
000075a1  MQTTSerialize_connectLength                
00007903  MQTTSerialize_disconnect                   
00007919  MQTTSerialize_pingreq                      
000089af  MQTTSerialize_puback                       
000089fd  MQTTSerialize_pubcomp                      
0000884f  MQTTSerialize_publish                      
00008811  MQTTSerialize_publishLength                
000089d3  MQTTSerialize_pubrel                       
00008a8d  MQTTSerialize_subscribe                    
00008a29  MQTTSerialize_subscribeLength              
00008eb9  MQTTSerialize_unsubscribe                  
00008e55  MQTTSerialize_unsubscribeLength            
0000789b  MQTTSerialize_zero                         
00004d0b  MQTTSubscribe                              
00004e13  MQTTUnsubscribe                            
00004bcd  MQTTYield                                  
00007495  MQTTstrlen                                 
00007d37  MaskIntHdlr                                
20000940  MilliTimer                                 
00004639  NewMessageData                             
00007adb  NewNetwork                                 
0000a573  PCM_getCoreVoltageLevel                    
0000a59f  PCM_getPowerMode                           
0000a801  PCM_getPowerState                          
0000a5f5  PCM_gotoLPM0                               
00009eb1  PCM_gotoLPM3                               
00009ced  PCM_setCoreVoltageLevelWithTimeout         
0000a885  PCM_setPowerMode                           
00009b5d  PCM_setPowerModeWithTimeout                
0000a88b  PCM_setPowerState                          
00008ff5  PCM_setPowerStateWithTimeout               
0000a1c5  PCM_shutdownDevice                         
00006913  PORT1_IRQHandler                           
00007fb1  PORT2_IRQHandler                           
00007f7f  Port1_ISR                                  
2000095c  S1buttonDebounce                           
20000960  S2buttonDebounce                           
UNDEFED   SHT$$INIT_ARRAY$$Base                      
UNDEFED   SHT$$INIT_ARRAY$$Limit                     
00002f3f  SL_FD_CLR                                  
00002f65  SL_FD_ISSET                                
00002f1d  SL_FD_SET                                  
00002f8d  SL_FD_ZERO                                 
0000a6f1  SPI_enableModule                           
00009f2d  SPI_initMaster                             
0000a6d1  SPI_transmitData                           
00007f3b  SelAntenna                                 
00008113  SimpleLinkGeneralEventHandler              
000080c5  SimpleLinkHttpServerCallback               
00008095  SimpleLinkNetAppEventHandler               
000080d3  SimpleLinkSockEventHandler                 
00008029  SimpleLinkWlanEventHandler                 
0000794d  SysTick_Handler                            
0000a791  SysTick_enableInterrupt                    
0000a7a5  SysTick_enableModule                       
0000a87d  SysTick_registerInterrupt                  
0000a845  SysTick_setPeriod                          
00006975  TA1_0_IRQHandler                           
00007b01  TLSConnectNetwork                          
0000a851  Timer_A_stopTimer                          
00007d3f  UnMaskIntHdlr                              
4000480c  WDTCTL_SYM                                 
2000099c  _Errno                                     
0000afcc  _SlAcceptCmdCtrl                           
0000af48  _SlActionLookupTable                       
00001011  _SlAsyncEventGenericHandler                
0000b100  _SlDeviceGetCmdCtrl                        
0000b104  _SlDeviceSetCmdCtrl                        
00001a23  _SlDrvBasicCmd                             
000016d9  _SlDrvClassifyRxMsg                        
0000030f  _SlDrvCmdOp                                
000003bf  _SlDrvCmdSend                              
00000415  _SlDrvDataReadOp                           
00000619  _SlDrvDataWriteOp                          
00006215  _SlDrvDeviceEventHandler                   
00000229  _SlDrvDriverCBDeinit                       
00000145  _SlDrvDriverCBInit                         
00009e6f  _SlDrvFlowContDeinit                       
00009e31  _SlDrvFlowContInit                         
000009dd  _SlDrvMsgRead                              
000014f5  _SlDrvMsgReadCmdCtx                        
000015ef  _SlDrvMsgReadSpawnCtx                      
000007e9  _SlDrvMsgWrite                             
00003a6d  _SlDrvNetAppEventHandler                   
00001f17  _SlDrvObjDeInit                            
00001e9b  _SlDrvObjInit                              
00001c91  _SlDrvReleasePoolObj                       
0000181d  _SlDrvRxHdrRead                            
000002cd  _SlDrvRxIrqHandler                         
000017d7  _SlDrvShiftDWord                           
00001a89  _SlDrvWaitForPoolObj                       
0000b0fc  _SlEventMaskGetCmdCtrl                     
0000b0f8  _SlEventMaskSetCmdCtrl                     
00001ff9  _SlFindAndSetActiveObj                     
0000b0b0  _SlGetHostByNameCtrl                       
0000b0ac  _SlGetHostByServiceCtrl                    
0000b0a4  _SlGetServiceListeCtrl                     
0000afd8  _SlGetSockOptCmdCtrl                       
0000afc8  _SlListenCmdCtrl                           
0000b0bc  _SlNetAppGetCmdCtrl                        
0000b0b8  _SlNetAppSendTokenValueCmdCtrl             
0000b0b4  _SlNetAppSetCmdCtrl                        
0000b09c  _SlNetAppStartCtrl                         
0000b0a0  _SlNetAppStopCtrl                          
0000b158  _SlNetCfgGetCmdCtrl                        
0000b154  _SlNetCfgSetCmdCtrl                        
00009715  _SlNonOsMainLoopTask                       
00009669  _SlNonOsSemGet                             
00009651  _SlNonOsSemSet                             
000096c5  _SlNonOsSpawn                              
0000af10  _SlPolicyGetCmdCtrl                        
0000af0c  _SlPolicySetCmdCtrl                        
0000af18  _SlProfileDelCmdCtrl                       
0000af14  _SlProfileGetCmdCtrl                       
0000afd0  _SlRecvCmdCtrl                             
0000afc0  _SlRecvfomCmdCtrl                          
0000b0a8  _SlRegisterServiceCtrl                     
00001f37  _SlRemoveFromList                          
0000af20  _SlRxFilterAddtCmdCtrl                     
0000af28  _SlRxFilterGetCmdCtrl                      
0000af24  _SlRxFilterSetCmdCtrl                      
0000afdc  _SlSelectCmdCtrl                           
0000afc4  _SlSendCmdCtrl                             
0000afd4  _SlSetSockOptCmdCtrl                       
0000af2c  _SlSmartConfigStartCmdCtrl                 
0000afbc  _SlSockCloseCmdCtrl                        
0000afb8  _SlSockSocketCmdCtrl                       
0000b0f4  _SlStopCmdCtrl                             
0000af38  _SlWlanCfgGetCmdCtrl                       
0000af34  _SlWlanCfgSetCmdCtrl                       
0000af1c  _SlWlanGetNetworkListCtrl                  
0000af30  _SlWlanSetModeCmdCtrl                      
20010000  __STACK_END                                
00000200  __STACK_SIZE                               
0000b1b0  __TI_CINIT_Base                            
0000b1c8  __TI_CINIT_Limit                           
0000b194  __TI_Handler_Table_Base                    
0000b1a0  __TI_Handler_Table_Limit                   
0000a025  __TI_auto_init                             
20000990  __TI_cleanup_ptr                           
0000a811  __TI_decompress_none                       
0000a891  __TI_decompress_rle24                      
20000994  __TI_dtors_ptr                             
00000000  __TI_static_base__                         
0000a85d  __TI_zero_init                             
0000a38d  __aeabi_d2uiz                              
000092b1  __aeabi_ddiv                               
00009891  __aeabi_dmul                               
0000a545  __aeabi_i2d                                
00009fa9  __aeabi_memclr                             
00009fa9  __aeabi_memclr4                            
00009fa9  __aeabi_memclr8                            
00009d95  __aeabi_memcpy                             
00009d95  __aeabi_memcpy4                            
00009d95  __aeabi_memcpy8                            
00009fab  __aeabi_memset                             
00009fab  __aeabi_memset4                            
00009fab  __aeabi_memset8                            
ffffffff  __binit__                                  
ffffffff  __c_args__                                 
2000fe00  __stack                                    
0000a73d  _args_main                                 
0000a215  _c_int00                                   
0000aba0  _ctypes_                                   
20000988  _lock                                      
0000a7c7  _nop                                       
0000a7bf  _register_lock                             
0000a7b9  _register_unlock                           
00002169  _sl_BuildAddress                           
00005ce1  _sl_GetStartResponseConvert                
00002b7d  _sl_HandleAsync_Accept                     
00002777  _sl_HandleAsync_Connect                    
00003485  _sl_HandleAsync_DnsGetHostByAddr           
000035d9  _sl_HandleAsync_DnsGetHostByName           
000033b5  _sl_HandleAsync_DnsGetHostByService        
00005e45  _sl_HandleAsync_InitComplete               
000036d9  _sl_HandleAsync_PingResponse               
00002fa5  _sl_HandleAsync_Select                     
00005ef7  _sl_HandleAsync_Stop                       
00002281  _sl_ParseAddress                           
000021b9  _sl_TruncatePayloadByProtocol              
0000a8a3  _system_pre_init                           
2000098c  _unlock                                    
0000a34d  abort                                      
00008575  backlight_off                              
00008561  backlight_on                               
ffffffff  binit                                      
000072ad  bufchar                                    
00007acb  cc3100_disconnect                          
000079df  cc3100_read                                
00007a61  cc3100_write                               
00007d53  clear_rts                                  
0000840b  combine_ints_to_string                     
00006295  configureSimpleLinkToDefaultState          
0000a2fd  copy_in                                    
0000798f  countdown                                  
00007977  countdown_ms                               
00004a61  cycle                                      
00004769  decodePacket                               
00004943  deliverMessage                             
00006483  establishConnectionWithAP                  
0000a355  exit                                       
00007957  expired                                    
20000984  gFirstCmdMode                              
200000e4  g_AppData                                  
0000b110  g_H2NCnysPattern                           
0000b108  g_H2NSyncPattern                           
2000072c  g_StatMem                                  
2000096c  g_Status                                   
200008ec  g__SlNonOsCB                               
2000097c  g_pCB                                      
20000000  g_pfnRAMVectors                            
20000914  g_sContext                                 
0000b048  g_sCrystalfontz128x128                     
0000aca4  g_sFontFixed6x8                            
000073d1  getLenStringLen                            
00004653  getNextPacketId                            
20000890  hMQTTClient                                
00007f07  initAntSelGPIO                             
00007d5f  initClk                                    
00007ddf  initLEDs                                   
0000998d  init_adc                                   
00009a49  init_clocks                                
000082fd  init_lcd                                   
00006505  init_main                                  
000064dd  initializeAppVariables                     
00000000  interruptVectors                           
0000488f  isTopicMatched                             
000083a7  itoa                                       
000049f3  keepalive                                  
000079ad  left_ms                                    
20000968  macAddressLen                              
00006805  main                                       
200009a0  main_func_sp                               
00009d95  memcpy                                     
00009fb1  memset                                     
00006b75  messageArrived                             
000069c1  mqtt_subscribe                             
20000930  n                                          
20000998  pIraEventHandler                           
20000980  pPingCallBackFunc                          
0000b12b  port_mapping                               
20000964  publishID                                  
00007323  readChar                                   
000072fb  readInt                                    
0000743b  readMQTTLenString                          
000047e5  readPacket                                 
00007cd5  registerInterruptHandler                   
00008355  reverse                                    
00004677  sendPacket                                 
000069c9  send_steps                                 
00007d47  set_rts                                    
00002979  sl_Accept                                  
0000235b  sl_Bind                                    
00002331  sl_Close                                   
00002621  sl_Connect                                 
00006111  sl_DevGet                                  
000061af  sl_DevSet                                  
000060dd  sl_EventMaskGet                            
000060a3  sl_EventMaskSet                            
00002cfd  sl_GetSockOpt                              
00002afb  sl_Htonl                                   
00002b3d  sl_Htons                                   
00002939  sl_Listen                                  
00003495  sl_NetAppDnsGetHostByName                  
00003285  sl_NetAppDnsGetHostByService               
000039dd  sl_NetAppGet                               
00003085  sl_NetAppGetServiceList                    
00003209  sl_NetAppMDNSRegisterService               
00003155  sl_NetAppMDNSRegisterUnregisterService     
00003245  sl_NetAppMDNSUnRegisterService             
0000379d  sl_NetAppPingStart                         
00003979  sl_NetAppSendTokenValue                    
0000390f  sl_NetAppSet                               
0000303d  sl_NetAppStart                             
00003061  sl_NetAppStop                              
000097e7  sl_NetCfgGet                               
00009781  sl_NetCfgSet                               
00002c15  sl_Recv                                    
000024ff  sl_RecvFrom                                
00002d97  sl_Select                                  
00002829  sl_Send                                    
000023e3  sl_SendTo                                  
00002c91  sl_SetSockOpt                              
000022db  sl_Socket                                  
00005d41  sl_Start                                   
00005f7b  sl_Stop                                    
00005d39  sl_Task                                    
00003b81  sl_WlanConnect                             
00003db3  sl_WlanDisconnect                          
00004581  sl_WlanGet                                 
00004249  sl_WlanGetNetworkList                      
00003e29  sl_WlanPolicyGet                           
00003dbf  sl_WlanPolicySet                           
00003ecd  sl_WlanProfileAdd                          
0000421b  sl_WlanProfileDel                          
00004139  sl_WlanProfileGet                          
000042bb  sl_WlanRxFilterAdd                         
0000437d  sl_WlanRxFilterGet                         
00004329  sl_WlanRxFilterSet                         
0000440b  sl_WlanRxStatGet                           
000043f3  sl_WlanRxStatStart                         
000043ff  sl_WlanRxStatStop                          
0000450d  sl_WlanSet                                 
000044dd  sl_WlanSetMode                             
00004451  sl_WlanSmartConfigStart                    
00004441  sl_WlanSmartConfigStop                     
00008c41  spi_Close                                  
00008c4d  spi_Open                                   
00008d99  spi_Read                                   
00008d3f  spi_Write                                  
00007dd5  stopWDT                                    
0000a68d  strcspn                                    
000084f7  string_to_int                              
0000a7cd  strlen                                     
0000a61d  strncmp                                    
0000a515  strncpy                                    
0000a5c9  strspn                                     
0000a411  strtok                                     
0000951d  strtol                                     
00007e99  toggleLed                                  
00007e65  turnLedOff                                 
00007e31  turnLedOn                                  
20000970  uniqueID                                   
0000af80  upConfig                                   
00004c11  waitfor                                    
000073a3  writeCString                               
00007343  writeChar                                  
00007363  writeInt                                   
000073eb  writeMQTTString                            
00008335  write_lcd                                  


GLOBAL SYMBOLS: SORTED BY Symbol Address 

address   name                                       
-------   ----                                       
00000000  __TI_static_base__                         
00000000  interruptVectors                           
00000145  _SlDrvDriverCBInit                         
00000200  __STACK_SIZE                               
00000229  _SlDrvDriverCBDeinit                       
000002cd  _SlDrvRxIrqHandler                         
0000030f  _SlDrvCmdOp                                
000003bf  _SlDrvCmdSend                              
00000415  _SlDrvDataReadOp                           
00000619  _SlDrvDataWriteOp                          
000007e9  _SlDrvMsgWrite                             
000009dd  _SlDrvMsgRead                              
00001011  _SlAsyncEventGenericHandler                
000014f5  _SlDrvMsgReadCmdCtx                        
000015ef  _SlDrvMsgReadSpawnCtx                      
000016d9  _SlDrvClassifyRxMsg                        
000017d7  _SlDrvShiftDWord                           
0000181d  _SlDrvRxHdrRead                            
00001a23  _SlDrvBasicCmd                             
00001a89  _SlDrvWaitForPoolObj                       
00001c91  _SlDrvReleasePoolObj                       
00001e9b  _SlDrvObjInit                              
00001f17  _SlDrvObjDeInit                            
00001f37  _SlRemoveFromList                          
00001ff9  _SlFindAndSetActiveObj                     
00002169  _sl_BuildAddress                           
000021b9  _sl_TruncatePayloadByProtocol              
00002281  _sl_ParseAddress                           
000022db  sl_Socket                                  
00002331  sl_Close                                   
0000235b  sl_Bind                                    
000023e3  sl_SendTo                                  
000024ff  sl_RecvFrom                                
00002621  sl_Connect                                 
00002777  _sl_HandleAsync_Connect                    
00002829  sl_Send                                    
00002939  sl_Listen                                  
00002979  sl_Accept                                  
00002afb  sl_Htonl                                   
00002b3d  sl_Htons                                   
00002b7d  _sl_HandleAsync_Accept                     
00002c15  sl_Recv                                    
00002c91  sl_SetSockOpt                              
00002cfd  sl_GetSockOpt                              
00002d97  sl_Select                                  
00002f1d  SL_FD_SET                                  
00002f3f  SL_FD_CLR                                  
00002f65  SL_FD_ISSET                                
00002f8d  SL_FD_ZERO                                 
00002fa5  _sl_HandleAsync_Select                     
0000303d  sl_NetAppStart                             
00003061  sl_NetAppStop                              
00003085  sl_NetAppGetServiceList                    
00003155  sl_NetAppMDNSRegisterUnregisterService     
00003209  sl_NetAppMDNSRegisterService               
00003245  sl_NetAppMDNSUnRegisterService             
00003285  sl_NetAppDnsGetHostByService               
000033b5  _sl_HandleAsync_DnsGetHostByService        
00003485  _sl_HandleAsync_DnsGetHostByAddr           
00003495  sl_NetAppDnsGetHostByName                  
000035d9  _sl_HandleAsync_DnsGetHostByName           
0000369d  CopyPingResultsToReport                    
000036d9  _sl_HandleAsync_PingResponse               
0000379d  sl_NetAppPingStart                         
0000390f  sl_NetAppSet                               
00003979  sl_NetAppSendTokenValue                    
000039dd  sl_NetAppGet                               
00003a6d  _SlDrvNetAppEventHandler                   
00003b81  sl_WlanConnect                             
00003db3  sl_WlanDisconnect                          
00003dbf  sl_WlanPolicySet                           
00003e29  sl_WlanPolicyGet                           
00003ecd  sl_WlanProfileAdd                          
00004139  sl_WlanProfileGet                          
0000421b  sl_WlanProfileDel                          
00004249  sl_WlanGetNetworkList                      
000042bb  sl_WlanRxFilterAdd                         
00004329  sl_WlanRxFilterSet                         
0000437d  sl_WlanRxFilterGet                         
000043f3  sl_WlanRxStatStart                         
000043ff  sl_WlanRxStatStop                          
0000440b  sl_WlanRxStatGet                           
00004441  sl_WlanSmartConfigStop                     
00004451  sl_WlanSmartConfigStart                    
000044dd  sl_WlanSetMode                             
0000450d  sl_WlanSet                                 
00004581  sl_WlanGet                                 
00004639  NewMessageData                             
00004653  getNextPacketId                            
00004677  sendPacket                                 
000046f7  MQTTClient                                 
00004769  decodePacket                               
000047e5  readPacket                                 
0000488f  isTopicMatched                             
00004943  deliverMessage                             
000049f3  keepalive                                  
00004a61  cycle                                      
00004bcd  MQTTYield                                  
00004c11  waitfor                                    
00004c41  MQTTConnect                                
00004d0b  MQTTSubscribe                              
00004e13  MQTTUnsubscribe                            
00004ebd  MQTTPublish                                
00004fe7  MQTTDisconnect                             
00005039  Crystalfontz128x128_Init                   
0000514d  Crystalfontz128x128_SetDrawFrame           
0000527b  Crystalfontz128x128_SetOrientation         
000056f1  Graphics_getStringWidth                    
000057eb  Graphics_drawString                        
00005c69  Graphics_getStringBaseline                 
00005c79  Graphics_drawStringCentered                
00005cc1  Graphics_getStringHeight                   
00005cd1  Graphics_getStringMaxWidth                 
00005ce1  _sl_GetStartResponseConvert                
00005d39  sl_Task                                    
00005d41  sl_Start                                   
00005e45  _sl_HandleAsync_InitComplete               
00005ef7  _sl_HandleAsync_Stop                       
00005f7b  sl_Stop                                    
000060a3  sl_EventMaskSet                            
000060dd  sl_EventMaskGet                            
00006111  sl_DevGet                                  
000061af  sl_DevSet                                  
00006215  _SlDrvDeviceEventHandler                   
00006295  configureSimpleLinkToDefaultState          
00006483  establishConnectionWithAP                  
000064dd  initializeAppVariables                     
00006505  init_main                                  
00006805  main                                       
00006913  PORT1_IRQHandler                           
00006975  TA1_0_IRQHandler                           
000069c1  mqtt_subscribe                             
000069c9  send_steps                                 
00006b75  messageArrived                             
00006ca9  ADC14_IRQHandler                           
00006d19  Graphics_drawLineH                         
00006db5  Graphics_drawLineV                         
00007035  Graphics_drawLine                          
000071a9  MQTTPacket_encode                          
000071ff  MQTTPacket_decode                          
00007267  MQTTPacket_len                             
000072ad  bufchar                                    
000072e5  MQTTPacket_decodeBuf                       
000072fb  readInt                                    
00007323  readChar                                   
00007343  writeChar                                  
00007363  writeInt                                   
000073a3  writeCString                               
000073d1  getLenStringLen                            
000073eb  writeMQTTString                            
0000743b  readMQTTLenString                          
00007495  MQTTstrlen                                 
000074c1  MQTTPacket_equals                          
00007525  MQTTPacket_read                            
000075a1  MQTTSerialize_connectLength                
00007659  MQTTSerialize_connect                      
00007813  MQTTDeserialize_connack                    
0000789b  MQTTSerialize_zero                         
00007903  MQTTSerialize_disconnect                   
00007919  MQTTSerialize_pingreq                      
0000794d  SysTick_Handler                            
00007957  expired                                    
00007977  countdown_ms                               
0000798f  countdown                                  
000079ad  left_ms                                    
000079cf  InitTimer                                  
000079df  cc3100_read                                
00007a61  cc3100_write                               
00007acb  cc3100_disconnect                          
00007adb  NewNetwork                                 
00007b01  TLSConnectNetwork                          
00007c29  ConnectNetwork                             
00007cd5  registerInterruptHandler                   
00007ce9  CC3100_disable                             
00007cf5  CC3100_enable                              
00007d01  CC3100_InterruptEnable                     
00007d23  CC3100_InterruptDisable                    
00007d37  MaskIntHdlr                                
00007d3f  UnMaskIntHdlr                              
00007d47  set_rts                                    
00007d53  clear_rts                                  
00007d5f  initClk                                    
00007dd5  stopWDT                                    
00007ddf  initLEDs                                   
00007e31  turnLedOn                                  
00007e65  turnLedOff                                 
00007e99  toggleLed                                  
00007ecd  GetLEDStatus                               
00007f07  initAntSelGPIO                             
00007f3b  SelAntenna                                 
00007f7f  Port1_ISR                                  
00007f81  Delay                                      
00007fb1  PORT2_IRQHandler                           
00007fd7  CC3100_UART_ISR                            
00008029  SimpleLinkWlanEventHandler                 
00008095  SimpleLinkNetAppEventHandler               
000080c5  SimpleLinkHttpServerCallback               
000080d3  SimpleLinkSockEventHandler                 
00008113  SimpleLinkGeneralEventHandler              
000082fd  init_lcd                                   
00008335  write_lcd                                  
00008355  reverse                                    
000083a7  itoa                                       
0000840b  combine_ints_to_string                     
000084f7  string_to_int                              
00008561  backlight_on                               
00008575  backlight_off                              
000085a9  Graphics_initContext                       
000085f3  Graphics_setClipRegion                     
000086bd  Graphics_setBackgroundColor                
000086d7  Graphics_setBackgroundColorTranslated      
000086ed  Graphics_setFont                           
00008707  Graphics_getFontBaseline                   
00008715  Graphics_setForegroundColor                
0000872b  Graphics_setForegroundColorTranslated      
0000873d  Graphics_getFontHeight                     
0000874b  Graphics_getFontMaxWidth                   
00008759  Graphics_getDisplayWidth                   
00008769  Graphics_getDisplayHeight                  
00008779  Graphics_getHeightOfDisplay                
00008787  Graphics_flushBuffer                       
00008795  Graphics_clearDisplay                      
000087a7  Graphics_drawPixel                         
00008801  Graphics_getWidthOfDisplay                 
00008811  MQTTSerialize_publishLength                
0000884f  MQTTSerialize_publish                      
00008925  MQTTSerialize_ack                          
000089af  MQTTSerialize_puback                       
000089d3  MQTTSerialize_pubrel                       
000089fd  MQTTSerialize_pubcomp                      
00008a29  MQTTSerialize_subscribeLength              
00008a8d  MQTTSerialize_subscribe                    
00008b8f  MQTTDeserialize_suback                     
00008c41  spi_Close                                  
00008c4d  spi_Open                                   
00008d3f  spi_Write                                  
00008d99  spi_Read                                   
00008e55  MQTTSerialize_unsubscribeLength            
00008eb9  MQTTSerialize_unsubscribe                  
00008faf  MQTTDeserialize_unsuback                   
00008ff5  PCM_setPowerStateWithTimeout               
00009179  MQTTDeserialize_publish                    
00009231  MQTTDeserialize_ack                        
000092b1  __aeabi_ddiv                               
000093e7  Graphics_drawPixelOnDisplay                
00009411  Graphics_drawMultiplePixelsOnDisplay       
00009455  Graphics_drawHorizontalLineOnDisplay       
00009489  Graphics_drawVerticalLineOnDisplay         
000094bd  Graphics_fillRectangleOnDisplay            
000094db  Graphics_translateColorOnDisplay           
000094f1  Graphics_flushOnDisplay                    
00009503  Graphics_clearDisplayOnDisplay             
0000951d  strtol                                     
00009651  _SlNonOsSemSet                             
00009669  _SlNonOsSemGet                             
000096c5  _SlNonOsSpawn                              
00009715  _SlNonOsMainLoopTask                       
00009781  sl_NetCfgSet                               
000097e7  sl_NetCfgGet                               
00009891  __aeabi_dmul                               
0000998d  init_adc                                   
00009a49  init_clocks                                
00009a7d  CS_initClockSignal                         
00009b5d  PCM_setPowerModeWithTimeout                
00009c31  HAL_LCD_PortInit                           
00009c61  HAL_LCD_SpiInit                            
00009c97  HAL_LCD_writeCommand                       
00009cc5  HAL_LCD_writeData                          
00009ced  PCM_setCoreVoltageLevelWithTimeout         
00009d95  __aeabi_memcpy                             
00009d95  __aeabi_memcpy4                            
00009d95  __aeabi_memcpy8                            
00009d95  memcpy                                     
00009e31  _SlDrvFlowContInit                         
00009e6f  _SlDrvFlowContDeinit                       
00009eb1  PCM_gotoLPM3                               
00009f2d  SPI_initMaster                             
00009fa9  __aeabi_memclr                             
00009fa9  __aeabi_memclr4                            
00009fa9  __aeabi_memclr8                            
00009fab  __aeabi_memset                             
00009fab  __aeabi_memset4                            
00009fab  __aeabi_memset8                            
00009fb1  memset                                     
0000a025  __TI_auto_init                             
0000a0fd  Interrupt_disableInterrupt                 
0000a161  Interrupt_enableInterrupt                  
0000a1c5  PCM_shutdownDevice                         
0000a215  _c_int00                                   
0000a265  GPIO_setAsPeripheralModuleFunctionInputPin 
0000a2b1  GPIO_setAsPeripheralModuleFunctionOutputPin
0000a2fd  copy_in                                    
0000a349  C$$EXIT                                    
0000a34d  abort                                      
0000a355  exit                                       
0000a38d  __aeabi_d2uiz                              
0000a3d1  EUSCIA0_IRQHandler                         
0000a3dd  CLI_Read                                   
0000a3f3  CLI_Write                                  
0000a409  CLI_Configure                              
0000a411  strtok                                     
0000a451  Interrupt_registerInterrupt                
0000a485  GPIO_getEnabledInterruptStatus             
0000a4b5  GPIO_setAsInputPinWithPullUpResistor       
0000a515  strncpy                                    
0000a545  __aeabi_i2d                                
0000a573  PCM_getCoreVoltageLevel                    
0000a59f  PCM_getPowerMode                           
0000a5c9  strspn                                     
0000a5f5  PCM_gotoLPM0                               
0000a61d  strncmp                                    
0000a645  CS_setDCOCenteredFrequency                 
0000a669  GPIO_setAsOutputPin                        
0000a68d  strcspn                                    
0000a6b1  GPIO_interruptEdgeSelect                   
0000a6d1  SPI_transmitData                           
0000a6f1  SPI_enableModule                           
0000a70d  GPIO_clearInterruptFlag                    
0000a725  GPIO_setOutputLowOnPin                     
0000a73d  _args_main                                 
0000a755  CS_setExternalClockSourceFrequency         
0000a769  GPIO_enableInterrupt                       
0000a77d  GPIO_setOutputHighOnPin                    
0000a791  SysTick_enableInterrupt                    
0000a7a5  SysTick_enableModule                       
0000a7b9  _register_unlock                           
0000a7bf  _register_lock                             
0000a7c7  _nop                                       
0000a7cd  strlen                                     
0000a7e1  GPIO_getInterruptStatus                    
0000a7f1  Interrupt_enableMaster                     
0000a801  PCM_getPowerState                          
0000a811  __TI_decompress_none                       
0000a81f  CPU_cpsie                                  
0000a82b  EUSCI_A_SPI_enable                         
0000a837  EUSCI_B_SPI_enable                         
0000a845  SysTick_setPeriod                          
0000a851  Timer_A_stopTimer                          
0000a85d  __TI_zero_init                             
0000a875  EUSCI_B_SPI_getInterruptStatus             
0000a87d  SysTick_registerInterrupt                  
0000a885  PCM_setPowerMode                           
0000a88b  PCM_setPowerState                          
0000a891  __TI_decompress_rle24                      
0000a897  CPU_wfi                                    
0000a89b  EUSCI_A_SPI_transmitData                   
0000a89f  EUSCI_B_SPI_transmitData                   
0000a8a3  _system_pre_init                           
0000aba0  _ctypes_                                   
0000aca4  g_sFontFixed6x8                            
0000af0c  _SlPolicySetCmdCtrl                        
0000af10  _SlPolicyGetCmdCtrl                        
0000af14  _SlProfileGetCmdCtrl                       
0000af18  _SlProfileDelCmdCtrl                       
0000af1c  _SlWlanGetNetworkListCtrl                  
0000af20  _SlRxFilterAddtCmdCtrl                     
0000af24  _SlRxFilterSetCmdCtrl                      
0000af28  _SlRxFilterGetCmdCtrl                      
0000af2c  _SlSmartConfigStartCmdCtrl                 
0000af30  _SlWlanSetModeCmdCtrl                      
0000af34  _SlWlanCfgSetCmdCtrl                       
0000af38  _SlWlanCfgGetCmdCtrl                       
0000af48  _SlActionLookupTable                       
0000af80  upConfig                                   
0000afb8  _SlSockSocketCmdCtrl                       
0000afbc  _SlSockCloseCmdCtrl                        
0000afc0  _SlRecvfomCmdCtrl                          
0000afc4  _SlSendCmdCtrl                             
0000afc8  _SlListenCmdCtrl                           
0000afcc  _SlAcceptCmdCtrl                           
0000afd0  _SlRecvCmdCtrl                             
0000afd4  _SlSetSockOptCmdCtrl                       
0000afd8  _SlGetSockOptCmdCtrl                       
0000afdc  _SlSelectCmdCtrl                           
0000b048  g_sCrystalfontz128x128                     
0000b09c  _SlNetAppStartCtrl                         
0000b0a0  _SlNetAppStopCtrl                          
0000b0a4  _SlGetServiceListeCtrl                     
0000b0a8  _SlRegisterServiceCtrl                     
0000b0ac  _SlGetHostByServiceCtrl                    
0000b0b0  _SlGetHostByNameCtrl                       
0000b0b4  _SlNetAppSetCmdCtrl                        
0000b0b8  _SlNetAppSendTokenValueCmdCtrl             
0000b0bc  _SlNetAppGetCmdCtrl                        
0000b0f4  _SlStopCmdCtrl                             
0000b0f8  _SlEventMaskSetCmdCtrl                     
0000b0fc  _SlEventMaskGetCmdCtrl                     
0000b100  _SlDeviceGetCmdCtrl                        
0000b104  _SlDeviceSetCmdCtrl                        
0000b108  g_H2NSyncPattern                           
0000b110  g_H2NCnysPattern                           
0000b12b  port_mapping                               
0000b154  _SlNetCfgSetCmdCtrl                        
0000b158  _SlNetCfgGetCmdCtrl                        
0000b194  __TI_Handler_Table_Base                    
0000b1a0  __TI_Handler_Table_Limit                   
0000b1b0  __TI_CINIT_Base                            
0000b1c8  __TI_CINIT_Limit                           
20000000  g_pfnRAMVectors                            
200000e4  g_AppData                                  
2000072c  g_StatMem                                  
20000890  hMQTTClient                                
200008ec  g__SlNonOsCB                               
20000914  g_sContext                                 
20000930  n                                          
20000940  MilliTimer                                 
20000950  Lcd_ScreenHeigth                           
20000952  Lcd_ScreenWidth                            
20000954  Lcd_TouchTrim                              
20000956  IntIsMasked                                
20000957  Lcd_FlagRead                               
20000958  Lcd_FontSolid                              
20000959  Lcd_Orientation                            
2000095a  Lcd_PenSolid                               
2000095c  S1buttonDebounce                           
20000960  S2buttonDebounce                           
20000964  publishID                                  
20000968  macAddressLen                              
2000096c  g_Status                                   
20000970  uniqueID                                   
2000097c  g_pCB                                      
20000980  pPingCallBackFunc                          
20000984  gFirstCmdMode                              
20000988  _lock                                      
2000098c  _unlock                                    
20000990  __TI_cleanup_ptr                           
20000994  __TI_dtors_ptr                             
20000998  pIraEventHandler                           
2000099c  _Errno                                     
200009a0  main_func_sp                               
2000fe00  __stack                                    
20010000  __STACK_END                                
4000480c  WDTCTL_SYM                                 
ffffffff  __binit__                                  
ffffffff  __c_args__                                 
ffffffff  binit                                      
UNDEFED   SHT$$INIT_ARRAY$$Base                      
UNDEFED   SHT$$INIT_ARRAY$$Limit                     

[438 symbols]
