******************************************************************************
                  TI ARM Linker Unix v5.2.6                    
******************************************************************************
>> Linked Fri Apr 29 05:02:40 2016

OUTPUT FILE NAME:   <final_ece461.out>
ENTRY POINT SYMBOL: "_c_int00"  address: 0000d591


MEMORY CONFIGURATION

         name            origin    length      used     unused   attr    fill
----------------------  --------  ---------  --------  --------  ----  --------
  MAIN                  00000000   00040000  0000e8aa  00031756  R  X
  INFO                  00200000   00004000  00000000  00004000  R  X
  SRAM_CODE             01000000   00010000  00000000  00010000  RW X
  SRAM_DATA             20000000   00010000  00001ff3  0000e00d  RW  


SEGMENT ALLOCATION MAP

run origin  load origin   length   init length attrs members
----------  ----------- ---------- ----------- ----- -------
00000000    00000000    0000e8b0   0000e8b0    r-x
  00000000    00000000    00000144   00000144    r-- .intvecs
  00000144    00000144    0000dc8e   0000dc8e    r-x .text
  0000ddd8    0000ddd8    00000a40   00000a40    r-- .const
  0000e818    0000e818    00000098   00000098    r-- .cinit
20000000    20000000    00001df8   00000000    rw-
  20000000    20000000    000000e4   00000000    rw- .vtable
  200000e4    200000e4    00001b37   00000000    rw- .bss
  20001c20    20001c20    000001d8   00000000    rw- .data
2000fe00    2000fe00    00000200   00000000    rw-
  2000fe00    2000fe00    00000200   00000000    rw- .stack


SECTION ALLOCATION MAP

 output                                  attributes/
section   page    origin      length       input sections
--------  ----  ----------  ----------   ----------------
.intvecs   0    00000000    00000144     
                  00000000    00000144     msp432_startup_ccs.obj (.intvecs:retain)

.text      0    00000144    0000dc8e     
                  00000144    00002024     driver.obj (.text)
                  00002168    000010ba     rtsv7M4_T_le_v4SPD16_eabi.lib : _printfi.obj (.text)
                  00003222    00000002     --HOLE-- [fill = 0]
                  00003224    00000ed4     socket.obj (.text)
                  000040f8    00000b44     netapp.obj (.text)
                  00004c3c    00000ab8     wlan.obj (.text)
                  000056f4    00000a00     MQTTClient.obj (.text)
                  000060f4    0000092a     rtsv7M4_T_le_v4SPD16_eabi.lib : _scanfi.obj (.text)
                  00006a1e    00000002     --HOLE-- [fill = 0]
                  00006a20    00000678     Crystalfontz128x128_ST7735.obj (.text)
                  00007098    00000630     main.obj (.text)
                  000076c8    00000630     string.obj (.text)
                  00007cf8    000005d8     myinit.obj (.text)
                  000082d0    000005b4     device.obj (.text)
                  00008884    000005ac     lcd_display.obj (.text)
                  00008e30    00000490     line.obj (.text)
                  000092c0    000003f8     MQTTPacket.obj (.text)
                  000096b8    000003ac     MQTTConnectClient.obj (.text)
                  00009a64    00000388     MQTTCC3100.obj (.text)
                  00009dec    0000036c     ped_adc.obj (.text)
                  0000a158    00000354     board.obj (.text)
                  0000a4ac    000002d4     events.obj (.text)
                  0000a780    00000266     context.obj (.text)
                  0000a9e6    00000002     --HOLE-- [fill = 0]
                  0000a9e8    0000023c     rtsv7M4_T_le_v4SPD16_eabi.lib : strtod.obj (.text)
                  0000ac24    00000218     MQTTSerializePublish.obj (.text)
                  0000ae3c    00000218     MQTTSubscribeClient.obj (.text)
                  0000b054    00000214     spi_cc3100.obj (.text)
                  0000b268    000001f4     rtsv7M4_T_le_v4SPD16_eabi.lib : ull_div_t2.obj (.text)
                  0000b45c    000001e4                                   : strtoll.obj (.text)
                  0000b640    000001b6                                   : fd_add_t2.obj (.text)
                  0000b7f6    00000002     --HOLE-- [fill = 0]
                  0000b7f8    000001a0     MQTTUnsubscribeClient.obj (.text)
                  0000b998    00000182     msp432p4xx_driverlib.lib : pcm.o (.text:PCM_setPowerStateWithTimeout)
                  0000bb1a    00000002     --HOLE-- [fill = 0]
                  0000bb1c    0000016c     rtsv7M4_T_le_v4SPD16_eabi.lib : strtoull.obj (.text)
                  0000bc88    00000154     msp432p4xx_driverlib.lib : adc14.o (.text:_getIndexForMemRegister)
                  0000bddc    00000138     MQTTDeserializePublish.obj (.text)
                  0000bf14    00000136     rtsv7M4_T_le_v4SPD16_eabi.lib : fd_div_t2.obj (.text)
                  0000c04a    00000134     display.obj (.text)
                  0000c17e    00000002     --HOLE-- [fill = 0]
                  0000c180    00000134     rtsv7M4_T_le_v4SPD16_eabi.lib : strtol.obj (.text)
                  0000c2b4    00000130     nonos.obj (.text)
                  0000c3e4    00000114     rtsv7M4_T_le_v4SPD16_eabi.lib : strtoul.obj (.text)
                  0000c4f8    00000110     netcfg.obj (.text)
                  0000c608    00000110     rtsv7M4_T_le_v4SPD16_eabi.lib : xdscale.obj (.text)
                  0000c718    000000fc                                   : fd_mul_t2.obj (.text)
                  0000c814    000000e0     msp432p4xx_driverlib.lib : cs.o (.text:CS_initClockSignal)
                  0000c8f4    000000d4                              : pcm.o (.text:PCM_setPowerModeWithTimeout)
                  0000c9c8    000000cc     rtsv7M4_T_le_v4SPD16_eabi.lib : sscanf.obj (.text)
                  0000ca94    000000be                                   : xdnorm.obj (.text)
                  0000cb52    00000002     --HOLE-- [fill = 0]
                  0000cb54    000000bc     HAL_MSP_EXP432P401R_Crystalfontz128x128_ST7735.obj (.text)
                  0000cc10    000000a8     msp432p4xx_driverlib.lib : pcm.o (.text:PCM_setCoreVoltageLevelWithTimeout)
                  0000ccb8    0000009c     rtsv7M4_T_le_v4SPD16_eabi.lib : memcpy_t2.obj (.text)
                  0000cd54    00000088     msp432p4xx_driverlib.lib : flash.o (.text:_FlashCtl_Program32)
                  0000cddc    00000086     rtsv7M4_T_le_v4SPD16_eabi.lib : fd_cmp_t2.obj (.text:__aeabi_cdcmple)
                  0000ce62    00000086                                   : fd_cmp_t2.obj (.text:__aeabi_cdrcmple)
                  0000cee8    00000080     msp432p4xx_driverlib.lib : flash.o (.text:_FlashCtl_Program8)
                  0000cf68    00000080     flowcont.obj (.text)
                  0000cfe8    0000007c     msp432p4xx_driverlib.lib : pcm.o (.text:PCM_gotoLPM3)
                  0000d064    0000007c                              : spi.o (.text:SPI_initMaster)
                  0000d0e0    0000007a     rtsv7M4_T_le_v4SPD16_eabi.lib : memset_t2.obj (.text)
                  0000d15a    0000006e                                   : fd_tos_t2.obj (.text)
                  0000d1c8    0000006c                                   : autoinit.obj (.text)
                  0000d234    0000006a     msp432p4xx_driverlib.lib : flash.o (.text:FlashCtl_programMemory)
                  0000d29e    0000006a     rtsv7M4_T_le_v4SPD16_eabi.lib : copy_decompress_rle.obj (.text)
                  0000d308    00000066                                   : xdunscal.obj (.text)
                  0000d36e    00000002     --HOLE-- [fill = 0]
                  0000d370    00000064     msp432p4xx_driverlib.lib : interrupt.o (.text:Interrupt_disableInterrupt)
                  0000d3d4    00000064                              : interrupt.o (.text:Interrupt_enableInterrupt)
                  0000d438    00000060     rtsv7M4_T_le_v4SPD16_eabi.lib : sprintf.obj (.text)
                  0000d498    00000056                                   : ltoa.obj (.text)
                  0000d4ee    00000052                                   : ldexp.obj (.text)
                  0000d540    00000050     msp432p4xx_driverlib.lib : pcm.o (.text:PCM_shutdownDevice)
                  0000d590    00000050     rtsv7M4_T_le_v4SPD16_eabi.lib : boot.obj (.text)
                  0000d5e0    0000004c     msp432p4xx_driverlib.lib : gpio.o (.text:GPIO_setAsPeripheralModuleFunctionInputPin)
                  0000d62c    0000004c                              : gpio.o (.text:GPIO_setAsPeripheralModuleFunctionOutputPin)
                  0000d678    0000004c     rtsv7M4_T_le_v4SPD16_eabi.lib : atoi.obj (.text)
                  0000d6c4    0000004c                                   : cpy_tbl.obj (.text)
                  0000d710    00000048                                   : fd_toi_t2.obj (.text)
                  0000d758    00000044                                   : exit.obj (.text)
                  0000d79c    00000040     cli_uart.obj (.text)
                  0000d7dc    00000040     rtsv7M4_T_le_v4SPD16_eabi.lib : signal.obj (.text)
                  0000d81c    0000003c     msp432p4xx_driverlib.lib : flash.o (.text:FlashCtl_clearProgramVerification)
                  0000d858    00000038                              : flash.o (.text:FlashCtl_setProgramVerification)
                  0000d890    00000034                              : interrupt.o (.text:Interrupt_registerInterrupt)
                  0000d8c4    00000034     rtsv7M4_T_le_v4SPD16_eabi.lib : feraiseexcept.obj (.text)
                  0000d8f8    00000030     msp432p4xx_driverlib.lib : gpio.o (.text:GPIO_getEnabledInterruptStatus)
                  0000d928    00000030                              : spi.o (.text:is_A_Module)
                  0000d958    00000030     rtsv7M4_T_le_v4SPD16_eabi.lib : xdclass.obj (.text)
                  0000d988    00000030                                   : xferaise.obj (.text)
                  0000d9b8    0000002e                                   : i_tofd_t2.obj (.text)
                  0000d9e6    0000002e                                   : raise.obj (.text)
                  0000da14    0000002c     msp432p4xx_driverlib.lib : pcm.o (.text:PCM_getCoreVoltageLevel)
                  0000da40    0000002a                              : pcm.o (.text:PCM_getPowerMode)
                  0000da6a    0000002a     rtsv7M4_T_le_v4SPD16_eabi.lib : frexp.obj (.text)
                  0000da94    00000028     msp432p4xx_driverlib.lib : flash.o (.text:FlashCtl_eraseSector)
                  0000dabc    00000028                              : pcm.o (.text:PCM_gotoLPM0)
                  0000dae4    00000026     rtsv7M4_T_le_v4SPD16_eabi.lib : strncmp.obj (.text)
                  0000db0a    00000002     --HOLE-- [fill = 0]
                  0000db0c    00000024     msp432p4xx_driverlib.lib : cs.o (.text:CS_setDCOCenteredFrequency)
                  0000db30    00000024                              : gpio.o (.text:GPIO_setAsOutputPin)
                  0000db54    00000020                              : flash.o (.text:FlashCtl_enableWordProgramming)
                  0000db74    00000020                              : spi.o (.text:SPI_transmitData)
                  0000db94    0000001c     rtsv7M4_T_le_v4SPD16_eabi.lib : memccpy.obj (.text)
                  0000dbb0    0000001a     msp432p4xx_driverlib.lib : spi.o (.text:SPI_enableModule)
                  0000dbca    00000002     --HOLE-- [fill = 0]
                  0000dbcc    00000018                              : adc14.o (.text:ADC14_getResult)
                  0000dbe4    00000018                              : gpio.o (.text:GPIO_clearInterruptFlag)
                  0000dbfc    00000018                              : gpio.o (.text:GPIO_setOutputLowOnPin)
                  0000dc14    00000018     rtsv7M4_T_le_v4SPD16_eabi.lib : args_main.obj (.text)
                  0000dc2c    00000018                                   : ll_mul_t2.obj (.text)
                  0000dc44    00000018                                   : strrchr.obj (.text)
                  0000dc5c    00000016                                   : strchr.obj (.text)
                  0000dc72    00000002     --HOLE-- [fill = 0]
                  0000dc74    00000014     msp432p4xx_driverlib.lib : cs.o (.text:CS_setExternalClockSourceFrequency)
                  0000dc88    00000014                              : gpio.o (.text:GPIO_setOutputHighOnPin)
                  0000dc9c    00000014                              : systick.o (.text:SysTick_enableInterrupt)
                  0000dcb0    00000014                              : systick.o (.text:SysTick_enableModule)
                  0000dcc4    00000014     rtsv7M4_T_le_v4SPD16_eabi.lib : _lock.obj (.text)
                  0000dcd8    00000014                                   : strcpy.obj (.text)
                  0000dcec    00000014                                   : strlen.obj (.text)
                  0000dd00    00000010     msp432p4xx_driverlib.lib : gpio.o (.text:GPIO_getInterruptStatus)
                  0000dd10    00000010                              : interrupt.o (.text:Interrupt_enableMaster)
                  0000dd20    00000010                              : pcm.o (.text:PCM_getPowerState)
                  0000dd30    0000000e     rtsv7M4_T_le_v4SPD16_eabi.lib : copy_decompress_none.obj (.text:decompress:none)
                  0000dd3e    0000000c     msp432p4xx_driverlib.lib : cpu.o (.text:CPU_cpsie)
                  0000dd4a    0000000c                              : spi.o (.text:EUSCI_A_SPI_enable)
                  0000dd56    0000000c                              : spi.o (.text:EUSCI_B_SPI_enable)
                  0000dd62    00000002     --HOLE-- [fill = 0]
                  0000dd64    0000000c                              : flash.o (.text:FlashCtl_disableWordProgramming)
                  0000dd70    0000000c                              : flash.o (.text:FlashCtl_getInterruptStatus)
                  0000dd7c    0000000c                              : systick.o (.text:SysTick_setPeriod)
                  0000dd88    0000000c     rtsv7M4_T_le_v4SPD16_eabi.lib : copy_zero_init.obj (.text:decompress:ZI)
                  0000dd94    0000000c     msp432_startup_ccs.obj (.text)
                  0000dda0    00000008     msp432p4xx_driverlib.lib : spi.o (.text:EUSCI_B_SPI_getInterruptStatus)
                  0000dda8    00000008                              : systick.o (.text:SysTick_registerInterrupt)
                  0000ddb0    00000006                              : pcm.o (.text:PCM_setPowerMode)
                  0000ddb6    00000006                              : pcm.o (.text:PCM_setPowerState)
                  0000ddbc    00000006     rtsv7M4_T_le_v4SPD16_eabi.lib : copy_decompress_rle.obj (.text:decompress:rle24)
                  0000ddc2    00000004     msp432p4xx_driverlib.lib : cpu.o (.text:CPU_wfi)
                  0000ddc6    00000004                              : spi.o (.text:EUSCI_A_SPI_transmitData)
                  0000ddca    00000004                              : spi.o (.text:EUSCI_B_SPI_transmitData)
                  0000ddce    00000004     rtsv7M4_T_le_v4SPD16_eabi.lib : pre_init.obj (.text)

.const     0    0000ddd8    00000a40     
                  0000ddd8    000002f8     fontfixed6x8.obj (.const:.string:g_pucFontFixed6x8Data)
                  0000e0d0    00000101     rtsv7M4_T_le_v4SPD16_eabi.lib : ctype.obj (.const:.string:_ctypes_)
                  0000e1d1    00000003     --HOLE-- [fill = 0]
                  0000e1d4    000000c8     fontfixed6x8.obj (.const:g_sFontFixed6x8)
                  0000e29c    000000b0     wlan.obj (.const:$P$T0$1)
                  0000e34c    00000004     MQTTPacket.obj (.const)
                  0000e350    00000098     rtsv7M4_T_le_v4SPD16_eabi.lib : strtod.obj (.const)
                  0000e3e8    00000080     msp432p4xx_driverlib.lib : adc14.o (.const:_ctlRegs)
                  0000e468    00000058     main.obj (.const:$P$T0$1)
                  0000e4c0    00000058     MQTTClient.obj (.const:$P$T1$2)
                  0000e518    0000004b     lcd_display.obj (.const:.string)
                  0000e563    00000001     --HOLE-- [fill = 0]
                  0000e564    00000040     msp432p4xx_driverlib.lib : interrupt.o (.const)
                  0000e5a4    0000003c     wlan.obj (.const)
                  0000e5e0    00000038     driver.obj (.const:_SlActionLookupTable)
                  0000e618    00000038     myinit.obj (.const)
                  0000e650    00000034     socket.obj (.const)
                  0000e684    00000030     msp432p4xx_driverlib.lib : gpio.o (.const:GPIO_PORT_TO_BASE)
                  0000e6b4    0000002c     myinit.obj (.const:$P$T0$1)
                  0000e6e0    0000002c     Crystalfontz128x128_ST7735.obj (.const:g_sCrystalfontz128x128)
                  0000e70c    00000028     MQTTClient.obj (.const)
                  0000e734    00000028     netapp.obj (.const)
                  0000e75c    00000020     main.obj (.const:.string)
                  0000e77c    0000001c     HAL_MSP_EXP432P401R_Crystalfontz128x128_ST7735.obj (.const)
                  0000e798    00000014     MQTTConnectClient.obj (.const)
                  0000e7ac    00000014     device.obj (.const)
                  0000e7c0    00000014     driver.obj (.const)
                  0000e7d4    00000010     rtsv7M4_T_le_v4SPD16_eabi.lib : _scanfi.obj (.const)
                  0000e7e4    00000008     ped_adc.obj (.const:.string)
                  0000e7ec    00000008     Crystalfontz128x128_ST7735.obj (.const)
                  0000e7f4    00000008     MQTTDeserializePublish.obj (.const)
                  0000e7fc    00000008     MQTTSerializePublish.obj (.const)
                  0000e804    00000008     MQTTSubscribeClient.obj (.const)
                  0000e80c    00000008     netcfg.obj (.const)
                  0000e814    00000004     MQTTUnsubscribeClient.obj (.const)

.cinit     0    0000e818    00000098     
                  0000e818    0000005f     (.cinit..data.load) [load image, compression = rle]
                  0000e877    00000001     --HOLE-- [fill = 0]
                  0000e878    0000000c     (__TI_handler_table)
                  0000e884    00000004     --HOLE-- [fill = 0]
                  0000e888    00000008     (.cinit..bss.load) [load image, compression = zero_init]
                  0000e890    00000008     (.cinit..vtable.load) [load image, compression = zero_init]
                  0000e898    00000018     (__TI_cinit_table)

.init_array 
*          0    00000000    00000000     UNINITIALIZED

.vtable    0    20000000    000000e4     UNINITIALIZED
                  20000000    000000e4     msp432p4xx_driverlib.lib : interrupt.o (.vtable)

.bss       0    200000e4    00001b37     UNINITIALIZED
                  200000e4    00000648     myinit.obj (.bss:g_AppData)
                  2000072c    00000640     ped_adc.obj (.bss:old_diffs_x)
                  20000d6c    00000640     ped_adc.obj (.bss:old_diffs_y)
                  200013ac    00000640     ped_adc.obj (.bss:old_diffs_z)
                  200019ec    00000164     driver.obj (.bss:g_StatMem)
                  20001b50    0000005c     main.obj (.bss:hMQTTClient)
                  20001bac    00000028     nonos.obj (.bss:g__SlNonOsCB)
                  20001bd4    0000001c     (.common:g_sContext)
                  20001bf0    00000010     (.common:n)
                  20001c00    00000004     (.common:MilliTimer)
                  20001c04    00000004     (.common:bufptr)
                  20001c08    00000004     (.common:hfxtFreq)
                  20001c0c    00000004     (.common:lfxtFreq)
                  20001c10    00000002     (.common:Lcd_ScreenHeigth)
                  20001c12    00000002     (.common:Lcd_ScreenWidth)
                  20001c14    00000002     (.common:Lcd_TouchTrim)
                  20001c16    00000001     (.common:IntIsMasked)
                  20001c17    00000001     (.common:Lcd_FlagRead)
                  20001c18    00000001     (.common:Lcd_FontSolid)
                  20001c19    00000001     (.common:Lcd_Orientation)
                  20001c1a    00000001     (.common:Lcd_PenSolid)

.TI.noinit 
*          0    200000e4    00000000     UNINITIALIZED

.data      0    20001c20    000001d8     UNINITIALIZED
                  20001c20    000000b0     rtsv7M4_T_le_v4SPD16_eabi.lib : signal.obj (.data:sigtable)
                  20001cd0    00000080                                   : xvalues.obj (.data)
                  20001d50    0000003c     main.obj (.data)
                  20001d8c    0000002c     ped_adc.obj (.data)
                  20001db8    0000000f     lcd_display.obj (.data)
                  20001dc7    00000001     --HOLE--
                  20001dc8    00000009     driver.obj (.data)
                  20001dd1    00000003     --HOLE--
                  20001dd4    00000008     rtsv7M4_T_le_v4SPD16_eabi.lib : _lock.obj (.data)
                  20001ddc    00000008                                   : exit.obj (.data)
                  20001de4    00000008                                   : feraiseexcept.obj (.data)
                  20001dec    00000004     board.obj (.data)
                  20001df0    00000004     rtsv7M4_T_le_v4SPD16_eabi.lib : errno.obj (.data)
                  20001df4    00000004                                   : stkdepth_vars.obj (.data)

.TI.persistent 
*          0    20001c20    00000000     UNINITIALIZED

.stack     0    2000fe00    00000200     UNINITIALIZED
                  2000fe00    00000200     --HOLE--


LINKER GENERATED COPY TABLES

__TI_cinit_table @ 0000e898 records: 3, size/record: 8, table size: 24
	.data: load addr=0000e818, load size=0000005f bytes, run addr=20001c20, run size=000001d8 bytes, compression=rle
	.bss: load addr=0000e888, load size=00000008 bytes, run addr=200000e4, run size=00001b37 bytes, compression=zero_init
	.vtable: load addr=0000e890, load size=00000008 bytes, run addr=20000000, run size=000000e4 bytes, compression=zero_init


LINKER GENERATED HANDLER TABLE

__TI_handler_table @ 0000e878 records: 3, size/record: 4, table size: 12
	index: 0, handler: __TI_zero_init
	index: 1, handler: __TI_decompress_rle24
	index: 2, handler: __TI_decompress_none


GLOBAL SYMBOLS: SORTED ALPHABETICALLY BY Name 

address   name                                       
-------   ----                                       
0000736d  ADC14_IRQHandler                           
0000dbcd  ADC14_getResult                            
0000d759  C$$EXIT                                    
0000a1a7  CC3100_InterruptDisable                    
0000a185  CC3100_InterruptEnable                     
0000a45b  CC3100_UART_ISR                            
0000a16d  CC3100_disable                             
0000a179  CC3100_enable                              
0000d7d5  CLI_Configure                              
0000d7a9  CLI_Read                                   
0000d7bf  CLI_Write                                  
0000dd3f  CPU_cpsie                                  
0000ddc3  CPU_wfi                                    
0000c815  CS_initClockSignal                         
0000db0d  CS_setDCOCenteredFrequency                 
0000dc75  CS_setExternalClockSourceFrequency         
00009d41  ConnectNetwork                             
00004759  CopyPingResultsToReport                    
00006a21  Crystalfontz128x128_Init                   
00006b35  Crystalfontz128x128_SetDrawFrame           
00006c63  Crystalfontz128x128_SetOrientation         
0000a405  Delay                                      
0000d79d  EUSCIA0_IRQHandler                         
0000dd4b  EUSCI_A_SPI_enable                         
0000ddc7  EUSCI_A_SPI_transmitData                   
0000dd57  EUSCI_B_SPI_enable                         
0000dda1  EUSCI_B_SPI_getInterruptStatus             
0000ddcb  EUSCI_B_SPI_transmitData                   
0000d81d  FlashCtl_clearProgramVerification          
0000dd65  FlashCtl_disableWordProgramming            
0000db55  FlashCtl_enableWordProgramming             
0000da95  FlashCtl_eraseSector                       
0000dd71  FlashCtl_getInterruptStatus                
0000d235  FlashCtl_programMemory                     
0000d859  FlashCtl_setProgramVerification            
0000dbe5  GPIO_clearInterruptFlag                    
0000d8f9  GPIO_getEnabledInterruptStatus             
0000dd01  GPIO_getInterruptStatus                    
0000db31  GPIO_setAsOutputPin                        
0000d5e1  GPIO_setAsPeripheralModuleFunctionInputPin 
0000d62d  GPIO_setAsPeripheralModuleFunctionOutputPin
0000dc89  GPIO_setOutputHighOnPin                    
0000dbfd  GPIO_setOutputLowOnPin                     
0000a351  GetLEDStatus                               
0000a96d  Graphics_clearDisplay                      
0000c167  Graphics_clearDisplayOnDisplay             
0000c0b9  Graphics_drawHorizontalLineOnDisplay       
0000914d  Graphics_drawLine                          
00008e31  Graphics_drawLineH                         
00008ecd  Graphics_drawLineV                         
0000c075  Graphics_drawMultiplePixelsOnDisplay       
0000a97f  Graphics_drawPixel                         
0000c04b  Graphics_drawPixelOnDisplay                
00007803  Graphics_drawString                        
00007c91  Graphics_drawStringCentered                
0000c0ed  Graphics_drawVerticalLineOnDisplay         
0000c121  Graphics_fillRectangleOnDisplay            
0000a95f  Graphics_flushBuffer                       
0000c155  Graphics_flushOnDisplay                    
0000a941  Graphics_getDisplayHeight                  
0000a931  Graphics_getDisplayWidth                   
0000a8df  Graphics_getFontBaseline                   
0000a915  Graphics_getFontHeight                     
0000a923  Graphics_getFontMaxWidth                   
0000a951  Graphics_getHeightOfDisplay                
00007c81  Graphics_getStringBaseline                 
00007cd9  Graphics_getStringHeight                   
00007ce9  Graphics_getStringMaxWidth                 
00007709  Graphics_getStringWidth                    
0000a9d9  Graphics_getWidthOfDisplay                 
0000a781  Graphics_initContext                       
0000a895  Graphics_setBackgroundColor                
0000a8af  Graphics_setBackgroundColorTranslated      
0000a7cb  Graphics_setClipRegion                     
0000a8c5  Graphics_setFont                           
0000a8ed  Graphics_setForegroundColor                
0000a903  Graphics_setForegroundColorTranslated      
0000c13f  Graphics_translateColorOnDisplay           
0000cb55  HAL_LCD_PortInit                           
0000cb85  HAL_LCD_SpiInit                            
0000cbbb  HAL_LCD_writeCommand                       
0000cbe9  HAL_LCD_writeData                          
00009ae7  InitTimer                                  
20001c16  IntIsMasked                                
0000d371  Interrupt_disableInterrupt                 
0000d3d5  Interrupt_enableInterrupt                  
0000dd11  Interrupt_enableMaster                     
0000d891  Interrupt_registerInterrupt                
20001c17  Lcd_FlagRead                               
20001c18  Lcd_FontSolid                              
20001c19  Lcd_Orientation                            
20001c1a  Lcd_PenSolid                               
20001c10  Lcd_ScreenHeigth                           
20001c12  Lcd_ScreenWidth                            
20001c14  Lcd_TouchTrim                              
000057b3  MQTTClient                                 
00005cfd  MQTTConnect                                
0000be95  MQTTDeserialize_ack                        
0000992b  MQTTDeserialize_connack                    
0000bddd  MQTTDeserialize_publish                    
0000afa3  MQTTDeserialize_suback                     
0000b953  MQTTDeserialize_unsuback                   
000060a3  MQTTDisconnect                             
00009317  MQTTPacket_decode                          
000093fd  MQTTPacket_decodeBuf                       
000092c1  MQTTPacket_encode                          
000095d9  MQTTPacket_equals                          
0000937f  MQTTPacket_len                             
0000963d  MQTTPacket_read                            
00005f79  MQTTPublish                                
0000ad39  MQTTSerialize_ack                          
00009771  MQTTSerialize_connect                      
000096b9  MQTTSerialize_connectLength                
00009a1b  MQTTSerialize_disconnect                   
00009a31  MQTTSerialize_pingreq                      
0000adc3  MQTTSerialize_puback                       
0000ae11  MQTTSerialize_pubcomp                      
0000ac63  MQTTSerialize_publish                      
0000ac25  MQTTSerialize_publishLength                
0000ade7  MQTTSerialize_pubrel                       
0000aea1  MQTTSerialize_subscribe                    
0000ae3d  MQTTSerialize_subscribeLength              
0000b85d  MQTTSerialize_unsubscribe                  
0000b7f9  MQTTSerialize_unsubscribeLength            
000099b3  MQTTSerialize_zero                         
00005dc7  MQTTSubscribe                              
00005ecf  MQTTUnsubscribe                            
00005c89  MQTTYield                                  
000095ad  MQTTstrlen                                 
0000a1bb  MaskIntHdlr                                
20001c00  MilliTimer                                 
000056f5  NewMessageData                             
00009bf3  NewNetwork                                 
0000da15  PCM_getCoreVoltageLevel                    
0000da41  PCM_getPowerMode                           
0000dd21  PCM_getPowerState                          
0000dabd  PCM_gotoLPM0                               
0000cfe9  PCM_gotoLPM3                               
0000cc11  PCM_setCoreVoltageLevelWithTimeout         
0000ddb1  PCM_setPowerMode                           
0000c8f5  PCM_setPowerModeWithTimeout                
0000ddb7  PCM_setPowerState                          
0000b999  PCM_setPowerStateWithTimeout               
0000d541  PCM_shutdownDevice                         
000072d7  PORT1_IRQHandler                           
0000a435  PORT2_IRQHandler                           
0000a403  Port1_ISR                                  
20001d50  S1buttonDebounce                           
20001d54  S2buttonDebounce                           
UNDEFED   SHT$$INIT_ARRAY$$Base                      
UNDEFED   SHT$$INIT_ARRAY$$Limit                     
00003ffb  SL_FD_CLR                                  
00004021  SL_FD_ISSET                                
00003fd9  SL_FD_SET                                  
00004049  SL_FD_ZERO                                 
0000dbb1  SPI_enableModule                           
0000d065  SPI_initMaster                             
0000db75  SPI_transmitData                           
0000a3bf  SelAntenna                                 
0000a597  SimpleLinkGeneralEventHandler              
0000a549  SimpleLinkHttpServerCallback               
0000a519  SimpleLinkNetAppEventHandler               
0000a557  SimpleLinkSockEventHandler                 
0000a4ad  SimpleLinkWlanEventHandler                 
00009a65  SysTick_Handler                            
0000dc9d  SysTick_enableInterrupt                    
0000dcb1  SysTick_enableModule                       
0000dda9  SysTick_registerInterrupt                  
0000dd7d  SysTick_setPeriod                          
000072eb  TA1_0_IRQHandler                           
00009c19  TLSConnectNetwork                          
0000a1c3  UnMaskIntHdlr                              
4000480c  WDTCTL_SYM                                 
0000d959  _Dclass                                    
20001cd0  _Denorm                                    
0000ca95  _Dnorm                                     
0000c609  _Dscale                                    
0000d309  _Dunscale                                  
20001ce0  _Eps                                       
20001df0  _Errno                                     
20001de4  _Fenv                                      
0000d989  _Feraise                                   
20001cf0  _Hugeval                                   
20001d00  _Inf                                       
20001d10  _Nan                                       
20001d30  _Rteps                                     
0000e664  _SlAcceptCmdCtrl                           
0000e5e0  _SlActionLookupTable                       
00001011  _SlAsyncEventGenericHandler                
0000e7b8  _SlDeviceGetCmdCtrl                        
0000e7bc  _SlDeviceSetCmdCtrl                        
00001a23  _SlDrvBasicCmd                             
000016d9  _SlDrvClassifyRxMsg                        
0000030f  _SlDrvCmdOp                                
000003bf  _SlDrvCmdSend                              
00000415  _SlDrvDataReadOp                           
00000619  _SlDrvDataWriteOp                          
00008805  _SlDrvDeviceEventHandler                   
00000229  _SlDrvDriverCBDeinit                       
00000145  _SlDrvDriverCBInit                         
0000cfa7  _SlDrvFlowContDeinit                       
0000cf69  _SlDrvFlowContInit                         
000009dd  _SlDrvMsgRead                              
000014f5  _SlDrvMsgReadCmdCtx                        
000015ef  _SlDrvMsgReadSpawnCtx                      
000007e9  _SlDrvMsgWrite                             
00004b29  _SlDrvNetAppEventHandler                   
00001f17  _SlDrvObjDeInit                            
00001e9b  _SlDrvObjInit                              
00001c91  _SlDrvReleasePoolObj                       
0000181d  _SlDrvRxHdrRead                            
000002cd  _SlDrvRxIrqHandler                         
000017d7  _SlDrvShiftDWord                           
00001a89  _SlDrvWaitForPoolObj                       
0000e7b4  _SlEventMaskGetCmdCtrl                     
0000e7b0  _SlEventMaskSetCmdCtrl                     
00001ff9  _SlFindAndSetActiveObj                     
0000e748  _SlGetHostByNameCtrl                       
0000e744  _SlGetHostByServiceCtrl                    
0000e73c  _SlGetServiceListeCtrl                     
0000e670  _SlGetSockOptCmdCtrl                       
0000e660  _SlListenCmdCtrl                           
0000e754  _SlNetAppGetCmdCtrl                        
0000e750  _SlNetAppSendTokenValueCmdCtrl             
0000e74c  _SlNetAppSetCmdCtrl                        
0000e734  _SlNetAppStartCtrl                         
0000e738  _SlNetAppStopCtrl                          
0000e810  _SlNetCfgGetCmdCtrl                        
0000e80c  _SlNetCfgSetCmdCtrl                        
0000c379  _SlNonOsMainLoopTask                       
0000c2cd  _SlNonOsSemGet                             
0000c2b5  _SlNonOsSemSet                             
0000c329  _SlNonOsSpawn                              
0000e5a8  _SlPolicyGetCmdCtrl                        
0000e5a4  _SlPolicySetCmdCtrl                        
0000e5b0  _SlProfileDelCmdCtrl                       
0000e5ac  _SlProfileGetCmdCtrl                       
0000e668  _SlRecvCmdCtrl                             
0000e658  _SlRecvfomCmdCtrl                          
0000e740  _SlRegisterServiceCtrl                     
00001f37  _SlRemoveFromList                          
0000e5b8  _SlRxFilterAddtCmdCtrl                     
0000e5c0  _SlRxFilterGetCmdCtrl                      
0000e5bc  _SlRxFilterSetCmdCtrl                      
0000e674  _SlSelectCmdCtrl                           
0000e65c  _SlSendCmdCtrl                             
0000e66c  _SlSetSockOptCmdCtrl                       
0000e5c4  _SlSmartConfigStartCmdCtrl                 
0000e654  _SlSockCloseCmdCtrl                        
0000e650  _SlSockSocketCmdCtrl                       
0000e7ac  _SlStopCmdCtrl                             
0000e5d0  _SlWlanCfgGetCmdCtrl                       
0000e5cc  _SlWlanCfgSetCmdCtrl                       
0000e5b4  _SlWlanGetNetworkListCtrl                  
0000e5c8  _SlWlanSetModeCmdCtrl                      
20001d20  _Snan                                      
20001de8  _Tls_setup__Fenv                           
20001d40  _Xbig                                      
20001d48  _Zero                                      
20010000  __STACK_END                                
00000200  __STACK_SIZE                               
0000e898  __TI_CINIT_Base                            
0000e8b0  __TI_CINIT_Limit                           
0000e878  __TI_Handler_Table_Base                    
0000e884  __TI_Handler_Table_Limit                   
0000d1c9  __TI_auto_init                             
20001ddc  __TI_cleanup_ptr                           
0000dd31  __TI_decompress_none                       
0000ddbd  __TI_decompress_rle24                      
20001de0  __TI_dtors_ptr                             
00002f1d  __TI_printfi                               
00006571  __TI_scanfi                                
00000000  __TI_static_base__                         
0000dd89  __TI_zero_init                             
0000cddd  __aeabi_cdcmpeq                            
0000cddd  __aeabi_cdcmple                            
0000ce63  __aeabi_cdrcmple                           
0000d15b  __aeabi_d2f                                
0000d711  __aeabi_d2iz                               
0000b64b  __aeabi_dadd                               
0000bf15  __aeabi_ddiv                               
0000c719  __aeabi_dmul                               
0000b641  __aeabi_dsub                               
0000d9b9  __aeabi_i2d                                
0000dc2d  __aeabi_lmul                               
0000d0e1  __aeabi_memclr                             
0000d0e1  __aeabi_memclr4                            
0000d0e1  __aeabi_memclr8                            
0000ccb9  __aeabi_memcpy                             
0000ccb9  __aeabi_memcpy4                            
0000ccb9  __aeabi_memcpy8                            
0000d0e3  __aeabi_memset                             
0000d0e3  __aeabi_memset4                            
0000d0e3  __aeabi_memset8                            
0000b269  __aeabi_uldivmod                           
ffffffff  __binit__                                  
ffffffff  __c_args__                                 
2000fe00  __stack                                    
0000dc15  _args_main                                 
0000d591  _c_int00                                   
0000e0d0  _ctypes_                                   
20001dd4  _lock                                      
0000dcd3  _nop                                       
0000dccb  _register_lock                             
0000dcc5  _register_unlock                           
00003225  _sl_BuildAddress                           
000082d1  _sl_GetStartResponseConvert                
00003c39  _sl_HandleAsync_Accept                     
00003833  _sl_HandleAsync_Connect                    
00004541  _sl_HandleAsync_DnsGetHostByAddr           
00004695  _sl_HandleAsync_DnsGetHostByName           
00004471  _sl_HandleAsync_DnsGetHostByService        
00008435  _sl_HandleAsync_InitComplete               
00004795  _sl_HandleAsync_PingResponse               
00004061  _sl_HandleAsync_Select                     
000084e7  _sl_HandleAsync_Stop                       
0000333d  _sl_ParseAddress                           
00003275  _sl_TruncatePayloadByProtocol              
0000ddcf  _system_pre_init                           
20001dd8  _unlock                                    
0000d75d  abort                                      
20001d7c  active_bool                                
0000d679  atoi                                       
20001da4  average_x                                  
20001da8  average_y                                  
20001dac  average_z                                  
0000892f  backlight_off                              
0000891b  backlight_on                               
ffffffff  binit                                      
000093c5  bufchar                                    
00009be3  cc3100_disconnect                          
00009af7  cc3100_read                                
00009b79  cc3100_write                               
0000a1d7  clear_rts                                  
00007cf9  configureSimpleLinkToDefaultState          
0000d6c5  copy_in                                    
00009aa7  countdown                                  
00009a8f  countdown_ms                               
20001db0  counter                                    
00005b1d  cycle                                      
20001d80  debounce                                   
00005825  decodePacket                               
000059ff  deliverMessage                             
00007ee7  establishConnectionWithAP                  
0000d765  exit                                       
00009a6f  expired                                    
0000d8c5  feraiseexcept                              
0000da6b  frexp                                      
20001dd0  gFirstCmdMode                              
200000e4  g_AppData                                  
0000e7c8  g_H2NCnysPattern                           
0000e7c0  g_H2NSyncPattern                           
200019ec  g_StatMem                                  
20001d5c  g_Status                                   
20001bac  g__SlNonOsCB                               
20001dc8  g_pCB                                      
20000000  g_pfnRAMVectors                            
20001bd4  g_sContext                                 
0000e6e0  g_sCrystalfontz128x128                     
0000e1d4  g_sFontFixed6x8                            
000094e9  getLenStringLen                            
0000570f  getNextPacketId                            
20001d6c  goal_steps                                 
20001b50  hMQTTClient                                
0000a38b  initAntSelGPIO                             
0000a1e3  initClk                                    
0000a263  initLEDs                                   
00009ded  init_adc                                   
0000a06b  init_clocks                                
00008885  init_lcd                                   
00007f6d  init_main                                  
00007f41  initializeAppVariables                     
00000000  interruptVectors                           
0000594b  isTopicMatched                             
00005aaf  keepalive                                  
0000d4ef  ldexp                                      
00009ac5  left_ms                                    
0000763d  load_data                                  
20001db4  loop_index                                 
0000d499  ltoa                                       
00007099  main                                       
20001df4  main_func_sp                               
0000db95  memccpy                                    
0000ccb9  memcpy                                     
0000d0e9  memset                                     
00007489  menu                                       
0000893b  menu1                                      
000089a1  menu2                                      
00008a07  menu3                                      
00008a6d  menu4                                      
00007551  menu_select                                
20001d84  menu_state                                 
0000730d  messageArrived                             
20001bf0  n                                          
20001d98  new_x                                      
20001d9c  new_y                                      
20001da0  new_z                                      
2000072c  old_diffs_x                                
20000d6c  old_diffs_y                                
200013ac  old_diffs_z                                
20001d8c  old_x                                      
20001d90  old_y                                      
20001d94  old_z                                      
20001dec  pIraEventHandler                           
20001dcc  pPingCallBackFunc                          
0000e75c  port_mapping                               
20001d58  publishID                                  
0000d9e7  raise                                      
0000943b  readChar                                   
00009413  readInt                                    
00009553  readMQTTLenString                          
000058a1  readPacket                                 
0000a159  registerInterruptHandler                   
00005733  sendPacket                                 
20001d74  send_goal_bool                             
20001d78  send_on_bool                               
00008add  set_goal_menu1                             
0000a1cb  set_rts                                    
000088df  show_steps                                 
0000d7dd  signal                                     
00003a35  sl_Accept                                  
00003417  sl_Bind                                    
000033ed  sl_Close                                   
000036dd  sl_Connect                                 
00008701  sl_DevGet                                  
0000879f  sl_DevSet                                  
000086cd  sl_EventMaskGet                            
00008693  sl_EventMaskSet                            
00003db9  sl_GetSockOpt                              
00003bb7  sl_Htonl                                   
00003bf9  sl_Htons                                   
000039f5  sl_Listen                                  
00004551  sl_NetAppDnsGetHostByName                  
00004341  sl_NetAppDnsGetHostByService               
00004a99  sl_NetAppGet                               
00004141  sl_NetAppGetServiceList                    
000042c5  sl_NetAppMDNSRegisterService               
00004211  sl_NetAppMDNSRegisterUnregisterService     
00004301  sl_NetAppMDNSUnRegisterService             
00004859  sl_NetAppPingStart                         
00004a35  sl_NetAppSendTokenValue                    
000049cb  sl_NetAppSet                               
000040f9  sl_NetAppStart                             
0000411d  sl_NetAppStop                              
0000c55f  sl_NetCfgGet                               
0000c4f9  sl_NetCfgSet                               
00003cd1  sl_Recv                                    
000035bb  sl_RecvFrom                                
00003e53  sl_Select                                  
000038e5  sl_Send                                    
0000349f  sl_SendTo                                  
00003d4d  sl_SetSockOpt                              
00003397  sl_Socket                                  
00008331  sl_Start                                   
0000856b  sl_Stop                                    
00008329  sl_Task                                    
00004c3d  sl_WlanConnect                             
00004e6f  sl_WlanDisconnect                          
0000563d  sl_WlanGet                                 
00005305  sl_WlanGetNetworkList                      
00004ee5  sl_WlanPolicyGet                           
00004e7b  sl_WlanPolicySet                           
00004f89  sl_WlanProfileAdd                          
000052d7  sl_WlanProfileDel                          
000051f5  sl_WlanProfileGet                          
00005377  sl_WlanRxFilterAdd                         
00005439  sl_WlanRxFilterGet                         
000053e5  sl_WlanRxFilterSet                         
000054c7  sl_WlanRxStatGet                           
000054af  sl_WlanRxStatStart                         
000054bb  sl_WlanRxStatStop                          
000055c9  sl_WlanSet                                 
00005599  sl_WlanSetMode                             
0000550d  sl_WlanSmartConfigStart                    
000054fd  sl_WlanSmartConfigStop                     
0000b055  spi_Close                                  
0000b061  spi_Open                                   
0000b1ad  spi_Read                                   
0000b153  spi_Write                                  
0000d439  sprintf                                    
0000c9db  sscanf                                     
20001d88  state2                                     
20001db8  step_string                                
00009ea9  step_track_and_alert                       
20001d70  steps_taken                                
0000a259  stopWDT                                    
0000dc5d  strchr                                     
0000dcd9  strcpy                                     
0000dced  strlen                                     
0000dae5  strncmp                                    
0000dc45  strrchr                                    
0000a9e9  strtod                                     
0000c181  strtol                                     
0000a9e9  strtold                                    
0000b45d  strtoll                                    
0000c3e5  strtoul                                    
0000bb1d  strtoull                                   
0000a31d  toggleLed                                  
0000a2e9  turnLedOff                                 
0000a2b5  turnLedOn                                  
20001d60  uniqueID                                   
0000e618  upConfig                                   
00008ba5  view_activity_menu                         
00008cff  view_goal_menu                             
0000c9c9  vsscanf                                    
00005ccd  waitfor                                    
0000a099  write                                      
000094bb  writeCString                               
0000945b  writeChar                                  
0000947b  writeInt                                   
00009503  writeMQTTString                            
000088bd  write_buff_to_lcd                          


GLOBAL SYMBOLS: SORTED BY Symbol Address 

address   name                                       
-------   ----                                       
00000000  __TI_static_base__                         
00000000  interruptVectors                           
00000145  _SlDrvDriverCBInit                         
00000200  __STACK_SIZE                               
00000229  _SlDrvDriverCBDeinit                       
000002cd  _SlDrvRxIrqHandler                         
0000030f  _SlDrvCmdOp                                
000003bf  _SlDrvCmdSend                              
00000415  _SlDrvDataReadOp                           
00000619  _SlDrvDataWriteOp                          
000007e9  _SlDrvMsgWrite                             
000009dd  _SlDrvMsgRead                              
00001011  _SlAsyncEventGenericHandler                
000014f5  _SlDrvMsgReadCmdCtx                        
000015ef  _SlDrvMsgReadSpawnCtx                      
000016d9  _SlDrvClassifyRxMsg                        
000017d7  _SlDrvShiftDWord                           
0000181d  _SlDrvRxHdrRead                            
00001a23  _SlDrvBasicCmd                             
00001a89  _SlDrvWaitForPoolObj                       
00001c91  _SlDrvReleasePoolObj                       
00001e9b  _SlDrvObjInit                              
00001f17  _SlDrvObjDeInit                            
00001f37  _SlRemoveFromList                          
00001ff9  _SlFindAndSetActiveObj                     
00002f1d  __TI_printfi                               
00003225  _sl_BuildAddress                           
00003275  _sl_TruncatePayloadByProtocol              
0000333d  _sl_ParseAddress                           
00003397  sl_Socket                                  
000033ed  sl_Close                                   
00003417  sl_Bind                                    
0000349f  sl_SendTo                                  
000035bb  sl_RecvFrom                                
000036dd  sl_Connect                                 
00003833  _sl_HandleAsync_Connect                    
000038e5  sl_Send                                    
000039f5  sl_Listen                                  
00003a35  sl_Accept                                  
00003bb7  sl_Htonl                                   
00003bf9  sl_Htons                                   
00003c39  _sl_HandleAsync_Accept                     
00003cd1  sl_Recv                                    
00003d4d  sl_SetSockOpt                              
00003db9  sl_GetSockOpt                              
00003e53  sl_Select                                  
00003fd9  SL_FD_SET                                  
00003ffb  SL_FD_CLR                                  
00004021  SL_FD_ISSET                                
00004049  SL_FD_ZERO                                 
00004061  _sl_HandleAsync_Select                     
000040f9  sl_NetAppStart                             
0000411d  sl_NetAppStop                              
00004141  sl_NetAppGetServiceList                    
00004211  sl_NetAppMDNSRegisterUnregisterService     
000042c5  sl_NetAppMDNSRegisterService               
00004301  sl_NetAppMDNSUnRegisterService             
00004341  sl_NetAppDnsGetHostByService               
00004471  _sl_HandleAsync_DnsGetHostByService        
00004541  _sl_HandleAsync_DnsGetHostByAddr           
00004551  sl_NetAppDnsGetHostByName                  
00004695  _sl_HandleAsync_DnsGetHostByName           
00004759  CopyPingResultsToReport                    
00004795  _sl_HandleAsync_PingResponse               
00004859  sl_NetAppPingStart                         
000049cb  sl_NetAppSet                               
00004a35  sl_NetAppSendTokenValue                    
00004a99  sl_NetAppGet                               
00004b29  _SlDrvNetAppEventHandler                   
00004c3d  sl_WlanConnect                             
00004e6f  sl_WlanDisconnect                          
00004e7b  sl_WlanPolicySet                           
00004ee5  sl_WlanPolicyGet                           
00004f89  sl_WlanProfileAdd                          
000051f5  sl_WlanProfileGet                          
000052d7  sl_WlanProfileDel                          
00005305  sl_WlanGetNetworkList                      
00005377  sl_WlanRxFilterAdd                         
000053e5  sl_WlanRxFilterSet                         
00005439  sl_WlanRxFilterGet                         
000054af  sl_WlanRxStatStart                         
000054bb  sl_WlanRxStatStop                          
000054c7  sl_WlanRxStatGet                           
000054fd  sl_WlanSmartConfigStop                     
0000550d  sl_WlanSmartConfigStart                    
00005599  sl_WlanSetMode                             
000055c9  sl_WlanSet                                 
0000563d  sl_WlanGet                                 
000056f5  NewMessageData                             
0000570f  getNextPacketId                            
00005733  sendPacket                                 
000057b3  MQTTClient                                 
00005825  decodePacket                               
000058a1  readPacket                                 
0000594b  isTopicMatched                             
000059ff  deliverMessage                             
00005aaf  keepalive                                  
00005b1d  cycle                                      
00005c89  MQTTYield                                  
00005ccd  waitfor                                    
00005cfd  MQTTConnect                                
00005dc7  MQTTSubscribe                              
00005ecf  MQTTUnsubscribe                            
00005f79  MQTTPublish                                
000060a3  MQTTDisconnect                             
00006571  __TI_scanfi                                
00006a21  Crystalfontz128x128_Init                   
00006b35  Crystalfontz128x128_SetDrawFrame           
00006c63  Crystalfontz128x128_SetOrientation         
00007099  main                                       
000072d7  PORT1_IRQHandler                           
000072eb  TA1_0_IRQHandler                           
0000730d  messageArrived                             
0000736d  ADC14_IRQHandler                           
00007489  menu                                       
00007551  menu_select                                
0000763d  load_data                                  
00007709  Graphics_getStringWidth                    
00007803  Graphics_drawString                        
00007c81  Graphics_getStringBaseline                 
00007c91  Graphics_drawStringCentered                
00007cd9  Graphics_getStringHeight                   
00007ce9  Graphics_getStringMaxWidth                 
00007cf9  configureSimpleLinkToDefaultState          
00007ee7  establishConnectionWithAP                  
00007f41  initializeAppVariables                     
00007f6d  init_main                                  
000082d1  _sl_GetStartResponseConvert                
00008329  sl_Task                                    
00008331  sl_Start                                   
00008435  _sl_HandleAsync_InitComplete               
000084e7  _sl_HandleAsync_Stop                       
0000856b  sl_Stop                                    
00008693  sl_EventMaskSet                            
000086cd  sl_EventMaskGet                            
00008701  sl_DevGet                                  
0000879f  sl_DevSet                                  
00008805  _SlDrvDeviceEventHandler                   
00008885  init_lcd                                   
000088bd  write_buff_to_lcd                          
000088df  show_steps                                 
0000891b  backlight_on                               
0000892f  backlight_off                              
0000893b  menu1                                      
000089a1  menu2                                      
00008a07  menu3                                      
00008a6d  menu4                                      
00008add  set_goal_menu1                             
00008ba5  view_activity_menu                         
00008cff  view_goal_menu                             
00008e31  Graphics_drawLineH                         
00008ecd  Graphics_drawLineV                         
0000914d  Graphics_drawLine                          
000092c1  MQTTPacket_encode                          
00009317  MQTTPacket_decode                          
0000937f  MQTTPacket_len                             
000093c5  bufchar                                    
000093fd  MQTTPacket_decodeBuf                       
00009413  readInt                                    
0000943b  readChar                                   
0000945b  writeChar                                  
0000947b  writeInt                                   
000094bb  writeCString                               
000094e9  getLenStringLen                            
00009503  writeMQTTString                            
00009553  readMQTTLenString                          
000095ad  MQTTstrlen                                 
000095d9  MQTTPacket_equals                          
0000963d  MQTTPacket_read                            
000096b9  MQTTSerialize_connectLength                
00009771  MQTTSerialize_connect                      
0000992b  MQTTDeserialize_connack                    
000099b3  MQTTSerialize_zero                         
00009a1b  MQTTSerialize_disconnect                   
00009a31  MQTTSerialize_pingreq                      
00009a65  SysTick_Handler                            
00009a6f  expired                                    
00009a8f  countdown_ms                               
00009aa7  countdown                                  
00009ac5  left_ms                                    
00009ae7  InitTimer                                  
00009af7  cc3100_read                                
00009b79  cc3100_write                               
00009be3  cc3100_disconnect                          
00009bf3  NewNetwork                                 
00009c19  TLSConnectNetwork                          
00009d41  ConnectNetwork                             
00009ded  init_adc                                   
00009ea9  step_track_and_alert                       
0000a06b  init_clocks                                
0000a099  write                                      
0000a159  registerInterruptHandler                   
0000a16d  CC3100_disable                             
0000a179  CC3100_enable                              
0000a185  CC3100_InterruptEnable                     
0000a1a7  CC3100_InterruptDisable                    
0000a1bb  MaskIntHdlr                                
0000a1c3  UnMaskIntHdlr                              
0000a1cb  set_rts                                    
0000a1d7  clear_rts                                  
0000a1e3  initClk                                    
0000a259  stopWDT                                    
0000a263  initLEDs                                   
0000a2b5  turnLedOn                                  
0000a2e9  turnLedOff                                 
0000a31d  toggleLed                                  
0000a351  GetLEDStatus                               
0000a38b  initAntSelGPIO                             
0000a3bf  SelAntenna                                 
0000a403  Port1_ISR                                  
0000a405  Delay                                      
0000a435  PORT2_IRQHandler                           
0000a45b  CC3100_UART_ISR                            
0000a4ad  SimpleLinkWlanEventHandler                 
0000a519  SimpleLinkNetAppEventHandler               
0000a549  SimpleLinkHttpServerCallback               
0000a557  SimpleLinkSockEventHandler                 
0000a597  SimpleLinkGeneralEventHandler              
0000a781  Graphics_initContext                       
0000a7cb  Graphics_setClipRegion                     
0000a895  Graphics_setBackgroundColor                
0000a8af  Graphics_setBackgroundColorTranslated      
0000a8c5  Graphics_setFont                           
0000a8df  Graphics_getFontBaseline                   
0000a8ed  Graphics_setForegroundColor                
0000a903  Graphics_setForegroundColorTranslated      
0000a915  Graphics_getFontHeight                     
0000a923  Graphics_getFontMaxWidth                   
0000a931  Graphics_getDisplayWidth                   
0000a941  Graphics_getDisplayHeight                  
0000a951  Graphics_getHeightOfDisplay                
0000a95f  Graphics_flushBuffer                       
0000a96d  Graphics_clearDisplay                      
0000a97f  Graphics_drawPixel                         
0000a9d9  Graphics_getWidthOfDisplay                 
0000a9e9  strtod                                     
0000a9e9  strtold                                    
0000ac25  MQTTSerialize_publishLength                
0000ac63  MQTTSerialize_publish                      
0000ad39  MQTTSerialize_ack                          
0000adc3  MQTTSerialize_puback                       
0000ade7  MQTTSerialize_pubrel                       
0000ae11  MQTTSerialize_pubcomp                      
0000ae3d  MQTTSerialize_subscribeLength              
0000aea1  MQTTSerialize_subscribe                    
0000afa3  MQTTDeserialize_suback                     
0000b055  spi_Close                                  
0000b061  spi_Open                                   
0000b153  spi_Write                                  
0000b1ad  spi_Read                                   
0000b269  __aeabi_uldivmod                           
0000b45d  strtoll                                    
0000b641  __aeabi_dsub                               
0000b64b  __aeabi_dadd                               
0000b7f9  MQTTSerialize_unsubscribeLength            
0000b85d  MQTTSerialize_unsubscribe                  
0000b953  MQTTDeserialize_unsuback                   
0000b999  PCM_setPowerStateWithTimeout               
0000bb1d  strtoull                                   
0000bddd  MQTTDeserialize_publish                    
0000be95  MQTTDeserialize_ack                        
0000bf15  __aeabi_ddiv                               
0000c04b  Graphics_drawPixelOnDisplay                
0000c075  Graphics_drawMultiplePixelsOnDisplay       
0000c0b9  Graphics_drawHorizontalLineOnDisplay       
0000c0ed  Graphics_drawVerticalLineOnDisplay         
0000c121  Graphics_fillRectangleOnDisplay            
0000c13f  Graphics_translateColorOnDisplay           
0000c155  Graphics_flushOnDisplay                    
0000c167  Graphics_clearDisplayOnDisplay             
0000c181  strtol                                     
0000c2b5  _SlNonOsSemSet                             
0000c2cd  _SlNonOsSemGet                             
0000c329  _SlNonOsSpawn                              
0000c379  _SlNonOsMainLoopTask                       
0000c3e5  strtoul                                    
0000c4f9  sl_NetCfgSet                               
0000c55f  sl_NetCfgGet                               
0000c609  _Dscale                                    
0000c719  __aeabi_dmul                               
0000c815  CS_initClockSignal                         
0000c8f5  PCM_setPowerModeWithTimeout                
0000c9c9  vsscanf                                    
0000c9db  sscanf                                     
0000ca95  _Dnorm                                     
0000cb55  HAL_LCD_PortInit                           
0000cb85  HAL_LCD_SpiInit                            
0000cbbb  HAL_LCD_writeCommand                       
0000cbe9  HAL_LCD_writeData                          
0000cc11  PCM_setCoreVoltageLevelWithTimeout         
0000ccb9  __aeabi_memcpy                             
0000ccb9  __aeabi_memcpy4                            
0000ccb9  __aeabi_memcpy8                            
0000ccb9  memcpy                                     
0000cddd  __aeabi_cdcmpeq                            
0000cddd  __aeabi_cdcmple                            
0000ce63  __aeabi_cdrcmple                           
0000cf69  _SlDrvFlowContInit                         
0000cfa7  _SlDrvFlowContDeinit                       
0000cfe9  PCM_gotoLPM3                               
0000d065  SPI_initMaster                             
0000d0e1  __aeabi_memclr                             
0000d0e1  __aeabi_memclr4                            
0000d0e1  __aeabi_memclr8                            
0000d0e3  __aeabi_memset                             
0000d0e3  __aeabi_memset4                            
0000d0e3  __aeabi_memset8                            
0000d0e9  memset                                     
0000d15b  __aeabi_d2f                                
0000d1c9  __TI_auto_init                             
0000d235  FlashCtl_programMemory                     
0000d309  _Dunscale                                  
0000d371  Interrupt_disableInterrupt                 
0000d3d5  Interrupt_enableInterrupt                  
0000d439  sprintf                                    
0000d499  ltoa                                       
0000d4ef  ldexp                                      
0000d541  PCM_shutdownDevice                         
0000d591  _c_int00                                   
0000d5e1  GPIO_setAsPeripheralModuleFunctionInputPin 
0000d62d  GPIO_setAsPeripheralModuleFunctionOutputPin
0000d679  atoi                                       
0000d6c5  copy_in                                    
0000d711  __aeabi_d2iz                               
0000d759  C$$EXIT                                    
0000d75d  abort                                      
0000d765  exit                                       
0000d79d  EUSCIA0_IRQHandler                         
0000d7a9  CLI_Read                                   
0000d7bf  CLI_Write                                  
0000d7d5  CLI_Configure                              
0000d7dd  signal                                     
0000d81d  FlashCtl_clearProgramVerification          
0000d859  FlashCtl_setProgramVerification            
0000d891  Interrupt_registerInterrupt                
0000d8c5  feraiseexcept                              
0000d8f9  GPIO_getEnabledInterruptStatus             
0000d959  _Dclass                                    
0000d989  _Feraise                                   
0000d9b9  __aeabi_i2d                                
0000d9e7  raise                                      
0000da15  PCM_getCoreVoltageLevel                    
0000da41  PCM_getPowerMode                           
0000da6b  frexp                                      
0000da95  FlashCtl_eraseSector                       
0000dabd  PCM_gotoLPM0                               
0000dae5  strncmp                                    
0000db0d  CS_setDCOCenteredFrequency                 
0000db31  GPIO_setAsOutputPin                        
0000db55  FlashCtl_enableWordProgramming             
0000db75  SPI_transmitData                           
0000db95  memccpy                                    
0000dbb1  SPI_enableModule                           
0000dbcd  ADC14_getResult                            
0000dbe5  GPIO_clearInterruptFlag                    
0000dbfd  GPIO_setOutputLowOnPin                     
0000dc15  _args_main                                 
0000dc2d  __aeabi_lmul                               
0000dc45  strrchr                                    
0000dc5d  strchr                                     
0000dc75  CS_setExternalClockSourceFrequency         
0000dc89  GPIO_setOutputHighOnPin                    
0000dc9d  SysTick_enableInterrupt                    
0000dcb1  SysTick_enableModule                       
0000dcc5  _register_unlock                           
0000dccb  _register_lock                             
0000dcd3  _nop                                       
0000dcd9  strcpy                                     
0000dced  strlen                                     
0000dd01  GPIO_getInterruptStatus                    
0000dd11  Interrupt_enableMaster                     
0000dd21  PCM_getPowerState                          
0000dd31  __TI_decompress_none                       
0000dd3f  CPU_cpsie                                  
0000dd4b  EUSCI_A_SPI_enable                         
0000dd57  EUSCI_B_SPI_enable                         
0000dd65  FlashCtl_disableWordProgramming            
0000dd71  FlashCtl_getInterruptStatus                
0000dd7d  SysTick_setPeriod                          
0000dd89  __TI_zero_init                             
0000dda1  EUSCI_B_SPI_getInterruptStatus             
0000dda9  SysTick_registerInterrupt                  
0000ddb1  PCM_setPowerMode                           
0000ddb7  PCM_setPowerState                          
0000ddbd  __TI_decompress_rle24                      
0000ddc3  CPU_wfi                                    
0000ddc7  EUSCI_A_SPI_transmitData                   
0000ddcb  EUSCI_B_SPI_transmitData                   
0000ddcf  _system_pre_init                           
0000e0d0  _ctypes_                                   
0000e1d4  g_sFontFixed6x8                            
0000e5a4  _SlPolicySetCmdCtrl                        
0000e5a8  _SlPolicyGetCmdCtrl                        
0000e5ac  _SlProfileGetCmdCtrl                       
0000e5b0  _SlProfileDelCmdCtrl                       
0000e5b4  _SlWlanGetNetworkListCtrl                  
0000e5b8  _SlRxFilterAddtCmdCtrl                     
0000e5bc  _SlRxFilterSetCmdCtrl                      
0000e5c0  _SlRxFilterGetCmdCtrl                      
0000e5c4  _SlSmartConfigStartCmdCtrl                 
0000e5c8  _SlWlanSetModeCmdCtrl                      
0000e5cc  _SlWlanCfgSetCmdCtrl                       
0000e5d0  _SlWlanCfgGetCmdCtrl                       
0000e5e0  _SlActionLookupTable                       
0000e618  upConfig                                   
0000e650  _SlSockSocketCmdCtrl                       
0000e654  _SlSockCloseCmdCtrl                        
0000e658  _SlRecvfomCmdCtrl                          
0000e65c  _SlSendCmdCtrl                             
0000e660  _SlListenCmdCtrl                           
0000e664  _SlAcceptCmdCtrl                           
0000e668  _SlRecvCmdCtrl                             
0000e66c  _SlSetSockOptCmdCtrl                       
0000e670  _SlGetSockOptCmdCtrl                       
0000e674  _SlSelectCmdCtrl                           
0000e6e0  g_sCrystalfontz128x128                     
0000e734  _SlNetAppStartCtrl                         
0000e738  _SlNetAppStopCtrl                          
0000e73c  _SlGetServiceListeCtrl                     
0000e740  _SlRegisterServiceCtrl                     
0000e744  _SlGetHostByServiceCtrl                    
0000e748  _SlGetHostByNameCtrl                       
0000e74c  _SlNetAppSetCmdCtrl                        
0000e750  _SlNetAppSendTokenValueCmdCtrl             
0000e754  _SlNetAppGetCmdCtrl                        
0000e75c  port_mapping                               
0000e7ac  _SlStopCmdCtrl                             
0000e7b0  _SlEventMaskSetCmdCtrl                     
0000e7b4  _SlEventMaskGetCmdCtrl                     
0000e7b8  _SlDeviceGetCmdCtrl                        
0000e7bc  _SlDeviceSetCmdCtrl                        
0000e7c0  g_H2NSyncPattern                           
0000e7c8  g_H2NCnysPattern                           
0000e80c  _SlNetCfgSetCmdCtrl                        
0000e810  _SlNetCfgGetCmdCtrl                        
0000e878  __TI_Handler_Table_Base                    
0000e884  __TI_Handler_Table_Limit                   
0000e898  __TI_CINIT_Base                            
0000e8b0  __TI_CINIT_Limit                           
20000000  g_pfnRAMVectors                            
200000e4  g_AppData                                  
2000072c  old_diffs_x                                
20000d6c  old_diffs_y                                
200013ac  old_diffs_z                                
200019ec  g_StatMem                                  
20001b50  hMQTTClient                                
20001bac  g__SlNonOsCB                               
20001bd4  g_sContext                                 
20001bf0  n                                          
20001c00  MilliTimer                                 
20001c10  Lcd_ScreenHeigth                           
20001c12  Lcd_ScreenWidth                            
20001c14  Lcd_TouchTrim                              
20001c16  IntIsMasked                                
20001c17  Lcd_FlagRead                               
20001c18  Lcd_FontSolid                              
20001c19  Lcd_Orientation                            
20001c1a  Lcd_PenSolid                               
20001cd0  _Denorm                                    
20001ce0  _Eps                                       
20001cf0  _Hugeval                                   
20001d00  _Inf                                       
20001d10  _Nan                                       
20001d20  _Snan                                      
20001d30  _Rteps                                     
20001d40  _Xbig                                      
20001d48  _Zero                                      
20001d50  S1buttonDebounce                           
20001d54  S2buttonDebounce                           
20001d58  publishID                                  
20001d5c  g_Status                                   
20001d60  uniqueID                                   
20001d6c  goal_steps                                 
20001d70  steps_taken                                
20001d74  send_goal_bool                             
20001d78  send_on_bool                               
20001d7c  active_bool                                
20001d80  debounce                                   
20001d84  menu_state                                 
20001d88  state2                                     
20001d8c  old_x                                      
20001d90  old_y                                      
20001d94  old_z                                      
20001d98  new_x                                      
20001d9c  new_y                                      
20001da0  new_z                                      
20001da4  average_x                                  
20001da8  average_y                                  
20001dac  average_z                                  
20001db0  counter                                    
20001db4  loop_index                                 
20001db8  step_string                                
20001dc8  g_pCB                                      
20001dcc  pPingCallBackFunc                          
20001dd0  gFirstCmdMode                              
20001dd4  _lock                                      
20001dd8  _unlock                                    
20001ddc  __TI_cleanup_ptr                           
20001de0  __TI_dtors_ptr                             
20001de4  _Fenv                                      
20001de8  _Tls_setup__Fenv                           
20001dec  pIraEventHandler                           
20001df0  _Errno                                     
20001df4  main_func_sp                               
2000fe00  __stack                                    
20010000  __STACK_END                                
4000480c  WDTCTL_SYM                                 
ffffffff  __binit__                                  
ffffffff  __c_args__                                 
ffffffff  binit                                      
UNDEFED   SHT$$INIT_ARRAY$$Base                      
UNDEFED   SHT$$INIT_ARRAY$$Limit                     

[512 symbols]
