******************************************************************************
                  TI ARM Linker Unix v5.2.6                    
******************************************************************************
>> Linked Sun Apr 24 17:34:45 2016

OUTPUT FILE NAME:   <final_ece461.out>
ENTRY POINT SYMBOL: "_c_int00"  address: 00006a21


MEMORY CONFIGURATION

         name            origin    length      used     unused   attr    fill
----------------------  --------  ---------  --------  --------  ----  --------
  MAIN                  00000000   00040000  0000719a  00038e66  R  X
  INFO                  00200000   00004000  00000000  00004000  R  X
  SRAM_CODE             01000000   00010000  00000000  00010000  RW X
  SRAM_DATA             20000000   00010000  00001075  0000ef8b  RW  


SEGMENT ALLOCATION MAP

run origin  load origin   length   init length attrs members
----------  ----------- ---------- ----------- ----- -------
00000000    00000000    000071a0   000071a0    r-x
  00000000    00000000    00000144   00000144    r-- .intvecs
  00000144    00000144    00006d7a   00006d7a    r-x .text
  00006ec0    00006ec0    0000028c   0000028c    r-- .const
  00007150    00007150    00000050   00000050    r-- .cinit
20000000    20000000    00000e78   00000000    rw-
  20000000    20000000    000000e4   00000000    rw- .vtable
  200000e4    200000e4    00000d59   00000000    rw- .bss
  20000e40    20000e40    00000038   00000000    rw- .data
2000fe00    2000fe00    00000200   00000000    rw-
  2000fe00    2000fe00    00000200   00000000    rw- .stack


SECTION ALLOCATION MAP

 output                                  attributes/
section   page    origin      length       input sections
--------  ----  ----------  ----------   ----------------
.intvecs   0    00000000    00000144     
                  00000000    00000144     msp432_startup_ccs.obj (.intvecs:retain)

.text      0    00000144    00006d7a     
                  00000144    00002024     driver.obj (.text)
                  00002168    00000ed4     socket.obj (.text)
                  0000303c    00000b44     netapp.obj (.text)
                  00003b80    00000ab8     wlan.obj (.text)
                  00004638    000005b4     device.obj (.text)
                  00004bec    000004ec     myinit.obj (.text)
                  000050d8    00000388     MQTTCC3100.obj (.text)
                  00005460    00000384     main.obj (.text)
                  000057e4    00000354     board.obj (.text)
                  00005b38    00000214     spi_cc3100.obj (.text)
                  00005d4c    000001fc     events.obj (.text)
                  00005f48    00000182     msp432p4xx_driverlib.lib : pcm.o (.text:PCM_setPowerStateWithTimeout)
                  000060ca    00000002     --HOLE-- [fill = 0]
                  000060cc    00000130     nonos.obj (.text)
                  000061fc    00000110     netcfg.obj (.text)
                  0000630c    000000e0     msp432p4xx_driverlib.lib : cs.o (.text:CS_initClockSignal)
                  000063ec    000000d4                              : pcm.o (.text:PCM_setPowerModeWithTimeout)
                  000064c0    000000b2                              : timer_a.o (.text:privateTimer_AProcessClockSourceDivider)
                  00006572    00000002     --HOLE-- [fill = 0]
                  00006574    000000a8                              : pcm.o (.text:PCM_setCoreVoltageLevelWithTimeout)
                  0000661c    0000009c     rtsv7M4_T_le_v4SPD16_eabi.lib : memcpy_t2.obj (.text)
                  000066b8    00000080     flowcont.obj (.text)
                  00006738    0000007c     msp432p4xx_driverlib.lib : pcm.o (.text:PCM_gotoLPM3)
                  000067b4    0000007a     rtsv7M4_T_le_v4SPD16_eabi.lib : memset_t2.obj (.text)
                  0000682e    00000002     --HOLE-- [fill = 0]
                  00006830    0000006c                                   : autoinit.obj (.text)
                  0000689c    0000006a                                   : copy_decompress_rle.obj (.text)
                  00006906    00000002     --HOLE-- [fill = 0]
                  00006908    00000064     msp432p4xx_driverlib.lib : interrupt.o (.text:Interrupt_disableInterrupt)
                  0000696c    00000064                              : interrupt.o (.text:Interrupt_enableInterrupt)
                  000069d0    00000050                              : pcm.o (.text:PCM_shutdownDevice)
                  00006a20    00000050     rtsv7M4_T_le_v4SPD16_eabi.lib : boot.obj (.text)
                  00006a70    0000004c     msp432p4xx_driverlib.lib : gpio.o (.text:GPIO_setAsPeripheralModuleFunctionOutputPin)
                  00006abc    0000004c     rtsv7M4_T_le_v4SPD16_eabi.lib : cpy_tbl.obj (.text)
                  00006b08    00000044     msp432p4xx_driverlib.lib : timer_a.o (.text:Timer_A_configureUpMode)
                  00006b4c    00000044     rtsv7M4_T_le_v4SPD16_eabi.lib : exit.obj (.text)
                  00006b90    00000040     cli_uart.obj (.text)
                  00006bd0    00000034     msp432p4xx_driverlib.lib : interrupt.o (.text:Interrupt_registerInterrupt)
                  00006c04    00000030                              : gpio.o (.text:GPIO_getEnabledInterruptStatus)
                  00006c34    00000030                              : gpio.o (.text:GPIO_setAsInputPinWithPullUpResistor)
                  00006c64    0000002c                              : pcm.o (.text:PCM_getCoreVoltageLevel)
                  00006c90    0000002a                              : pcm.o (.text:PCM_getPowerMode)
                  00006cba    00000002     --HOLE-- [fill = 0]
                  00006cbc    00000028                              : pcm.o (.text:PCM_gotoLPM0)
                  00006ce4    00000024                              : cs.o (.text:CS_setDCOCenteredFrequency)
                  00006d08    00000024                              : gpio.o (.text:GPIO_setAsOutputPin)
                  00006d2c    00000020                              : gpio.o (.text:GPIO_interruptEdgeSelect)
                  00006d4c    00000018                              : gpio.o (.text:GPIO_clearInterruptFlag)
                  00006d64    00000018                              : gpio.o (.text:GPIO_setOutputLowOnPin)
                  00006d7c    00000018     rtsv7M4_T_le_v4SPD16_eabi.lib : args_main.obj (.text)
                  00006d94    00000014     msp432p4xx_driverlib.lib : cs.o (.text:CS_setExternalClockSourceFrequency)
                  00006da8    00000014                              : gpio.o (.text:GPIO_enableInterrupt)
                  00006dbc    00000014                              : gpio.o (.text:GPIO_setOutputHighOnPin)
                  00006dd0    00000014                              : systick.o (.text:SysTick_enableInterrupt)
                  00006de4    00000014                              : systick.o (.text:SysTick_enableModule)
                  00006df8    00000014     rtsv7M4_T_le_v4SPD16_eabi.lib : _lock.obj (.text)
                  00006e0c    00000014                                   : strlen.obj (.text)
                  00006e20    00000010     msp432p4xx_driverlib.lib : gpio.o (.text:GPIO_getInterruptStatus)
                  00006e30    00000010                              : interrupt.o (.text:Interrupt_enableMaster)
                  00006e40    00000010                              : pcm.o (.text:PCM_getPowerState)
                  00006e50    0000000e     rtsv7M4_T_le_v4SPD16_eabi.lib : copy_decompress_none.obj (.text:decompress:none)
                  00006e5e    0000000c     msp432p4xx_driverlib.lib : cpu.o (.text:CPU_cpsie)
                  00006e6a    00000002     --HOLE-- [fill = 0]
                  00006e6c    0000000c                              : systick.o (.text:SysTick_setPeriod)
                  00006e78    0000000c                              : timer_a.o (.text:Timer_A_stopTimer)
                  00006e84    0000000c     rtsv7M4_T_le_v4SPD16_eabi.lib : copy_zero_init.obj (.text:decompress:ZI)
                  00006e90    0000000c     msp432_startup_ccs.obj (.text)
                  00006e9c    00000008     msp432p4xx_driverlib.lib : systick.o (.text:SysTick_registerInterrupt)
                  00006ea4    00000006                              : pcm.o (.text:PCM_setPowerMode)
                  00006eaa    00000006                              : pcm.o (.text:PCM_setPowerState)
                  00006eb0    00000006     rtsv7M4_T_le_v4SPD16_eabi.lib : copy_decompress_rle.obj (.text:decompress:rle24)
                  00006eb6    00000004     msp432p4xx_driverlib.lib : cpu.o (.text:CPU_wfi)
                  00006eba    00000004     rtsv7M4_T_le_v4SPD16_eabi.lib : pre_init.obj (.text)

.const     0    00006ec0    0000028c     
                  00006ec0    000000b0     wlan.obj (.const:$P$T0$1)
                  00006f70    00000040     msp432p4xx_driverlib.lib : interrupt.o (.const)
                  00006fb0    0000003c     wlan.obj (.const)
                  00006fec    00000038     driver.obj (.const:_SlActionLookupTable)
                  00007024    00000038     myinit.obj (.const)
                  0000705c    00000034     socket.obj (.const)
                  00007090    00000030     msp432p4xx_driverlib.lib : gpio.o (.const:GPIO_PORT_TO_BASE)
                  000070c0    0000002c     myinit.obj (.const:$P$T0$1)
                  000070ec    00000028     netapp.obj (.const)
                  00007114    00000014     device.obj (.const)
                  00007128    00000014     driver.obj (.const)
                  0000713c    00000008     main.obj (.const:.string)
                  00007144    00000008     netcfg.obj (.const)

.cinit     0    00007150    00000050     
                  00007150    00000019     (.cinit..data.load) [load image, compression = rle]
                  00007169    00000003     --HOLE-- [fill = 0]
                  0000716c    0000000c     (__TI_handler_table)
                  00007178    00000008     (.cinit..bss.load) [load image, compression = zero_init]
                  00007180    00000008     (.cinit..vtable.load) [load image, compression = zero_init]
                  00007188    00000018     (__TI_cinit_table)

.init_array 
*          0    00000000    00000000     UNINITIALIZED

.vtable    0    20000000    000000e4     UNINITIALIZED
                  20000000    000000e4     msp432p4xx_driverlib.lib : interrupt.o (.vtable)

.bss       0    200000e4    00000d59     UNINITIALIZED
                  200000e4    00000648     myinit.obj (.bss:g_AppData)
                  2000072c    00000578     main.obj (.bss:uBuf)
                  20000ca4    00000164     driver.obj (.bss:g_StatMem)
                  20000e08    00000028     nonos.obj (.bss:g__SlNonOsCB)
                  20000e30    00000004     (.common:MilliTimer)
                  20000e34    00000004     (.common:hfxtFreq)
                  20000e38    00000004     (.common:lfxtFreq)
                  20000e3c    00000001     (.common:IntIsMasked)

.TI.noinit 
*          0    200000e4    00000000     UNINITIALIZED

.data      0    20000e40    00000038     UNINITIALIZED
                  20000e40    00000014     main.obj (.data)
                  20000e54    00000009     driver.obj (.data)
                  20000e5d    00000003     --HOLE--
                  20000e60    00000008     rtsv7M4_T_le_v4SPD16_eabi.lib : _lock.obj (.data)
                  20000e68    00000008                                   : exit.obj (.data)
                  20000e70    00000004     board.obj (.data)
                  20000e74    00000004     rtsv7M4_T_le_v4SPD16_eabi.lib : stkdepth_vars.obj (.data)

.TI.persistent 
*          0    20000e40    00000000     UNINITIALIZED

.stack     0    2000fe00    00000200     UNINITIALIZED
                  2000fe00    00000200     --HOLE--


LINKER GENERATED COPY TABLES

__TI_cinit_table @ 00007188 records: 3, size/record: 8, table size: 24
	.data: load addr=00007150, load size=00000019 bytes, run addr=20000e40, run size=00000038 bytes, compression=rle
	.bss: load addr=00007178, load size=00000008 bytes, run addr=200000e4, run size=00000d59 bytes, compression=zero_init
	.vtable: load addr=00007180, load size=00000008 bytes, run addr=20000000, run size=000000e4 bytes, compression=zero_init


LINKER GENERATED HANDLER TABLE

__TI_handler_table @ 0000716c records: 3, size/record: 4, table size: 12
	index: 0, handler: __TI_zero_init
	index: 1, handler: __TI_decompress_rle24
	index: 2, handler: __TI_decompress_none


GLOBAL SYMBOLS: SORTED ALPHABETICALLY BY Name 

address   name                                       
-------   ----                                       
00006b4d  C$$EXIT                                    
00005833  CC3100_InterruptDisable                    
00005811  CC3100_InterruptEnable                     
00005ae7  CC3100_UART_ISR                            
000057f9  CC3100_disable                             
00005805  CC3100_enable                              
00006bc9  CLI_Configure                              
00006b9d  CLI_Read                                   
00006bb3  CLI_Write                                  
00006e5f  CPU_cpsie                                  
00006eb7  CPU_wfi                                    
0000630d  CS_initClockSignal                         
00006ce5  CS_setDCOCenteredFrequency                 
00006d95  CS_setExternalClockSourceFrequency         
000053b5  ConnectNetwork                             
0000369d  CopyPingResultsToReport                    
00005a91  Delay                                      
00006b91  EUSCIA0_IRQHandler                         
00006d4d  GPIO_clearInterruptFlag                    
00006da9  GPIO_enableInterrupt                       
00006c05  GPIO_getEnabledInterruptStatus             
00006e21  GPIO_getInterruptStatus                    
00006d2d  GPIO_interruptEdgeSelect                   
00006c35  GPIO_setAsInputPinWithPullUpResistor       
00006d09  GPIO_setAsOutputPin                        
00006a71  GPIO_setAsPeripheralModuleFunctionOutputPin
00006dbd  GPIO_setOutputHighOnPin                    
00006d65  GPIO_setOutputLowOnPin                     
000059dd  GetLEDStatus                               
0000515b  InitTimer                                  
20000e3c  IntIsMasked                                
00006909  Interrupt_disableInterrupt                 
0000696d  Interrupt_enableInterrupt                  
00006e31  Interrupt_enableMaster                     
00006bd1  Interrupt_registerInterrupt                
00005847  MaskIntHdlr                                
20000e30  MilliTimer                                 
00005267  NewNetwork                                 
00006c65  PCM_getCoreVoltageLevel                    
00006c91  PCM_getPowerMode                           
00006e41  PCM_getPowerState                          
00006cbd  PCM_gotoLPM0                               
00006739  PCM_gotoLPM3                               
00006575  PCM_setCoreVoltageLevelWithTimeout         
00006ea5  PCM_setPowerMode                           
000063ed  PCM_setPowerModeWithTimeout                
00006eab  PCM_setPowerState                          
00005f49  PCM_setPowerStateWithTimeout               
000069d1  PCM_shutdownDevice                         
00005601  PORT1_IRQHandler                           
00005ac1  PORT2_IRQHandler                           
00005a8f  Port1_ISR                                  
20000e40  S1buttonDebounce                           
20000e44  S2buttonDebounce                           
UNDEFED   SHT$$INIT_ARRAY$$Base                      
UNDEFED   SHT$$INIT_ARRAY$$Limit                     
00002f3f  SL_FD_CLR                                  
00002f65  SL_FD_ISSET                                
00002f1d  SL_FD_SET                                  
00002f8d  SL_FD_ZERO                                 
00005a4b  SelAntenna                                 
00005df7  SimpleLinkGeneralEventHandler              
00005de9  SimpleLinkHttpServerCallback               
00005db9  SimpleLinkNetAppEventHandler               
000055a7  SimpleLinkSockEventHandler                 
00005d4d  SimpleLinkWlanEventHandler                 
000050d9  SysTick_Handler                            
00006dd1  SysTick_enableInterrupt                    
00006de5  SysTick_enableModule                       
00006e9d  SysTick_registerInterrupt                  
00006e6d  SysTick_setPeriod                          
00005663  TA1_0_IRQHandler                           
0000528d  TLSConnectNetwork                          
00006b09  Timer_A_configureUpMode                    
00006e79  Timer_A_stopTimer                          
0000584f  UnMaskIntHdlr                              
4000480c  WDTCTL_SYM                                 
00007070  _SlAcceptCmdCtrl                           
00006fec  _SlActionLookupTable                       
00001011  _SlAsyncEventGenericHandler                
00007120  _SlDeviceGetCmdCtrl                        
00007124  _SlDeviceSetCmdCtrl                        
00001a23  _SlDrvBasicCmd                             
000016d9  _SlDrvClassifyRxMsg                        
0000030f  _SlDrvCmdOp                                
000003bf  _SlDrvCmdSend                              
00000415  _SlDrvDataReadOp                           
00000619  _SlDrvDataWriteOp                          
00004b6d  _SlDrvDeviceEventHandler                   
00000229  _SlDrvDriverCBDeinit                       
00000145  _SlDrvDriverCBInit                         
000066f7  _SlDrvFlowContDeinit                       
000066b9  _SlDrvFlowContInit                         
000009dd  _SlDrvMsgRead                              
000014f5  _SlDrvMsgReadCmdCtx                        
000015ef  _SlDrvMsgReadSpawnCtx                      
000007e9  _SlDrvMsgWrite                             
00003a6d  _SlDrvNetAppEventHandler                   
00001f17  _SlDrvObjDeInit                            
00001e9b  _SlDrvObjInit                              
00001c91  _SlDrvReleasePoolObj                       
0000181d  _SlDrvRxHdrRead                            
000002cd  _SlDrvRxIrqHandler                         
000017d7  _SlDrvShiftDWord                           
00001a89  _SlDrvWaitForPoolObj                       
0000711c  _SlEventMaskGetCmdCtrl                     
00007118  _SlEventMaskSetCmdCtrl                     
00001ff9  _SlFindAndSetActiveObj                     
00007100  _SlGetHostByNameCtrl                       
000070fc  _SlGetHostByServiceCtrl                    
000070f4  _SlGetServiceListeCtrl                     
0000707c  _SlGetSockOptCmdCtrl                       
0000706c  _SlListenCmdCtrl                           
0000710c  _SlNetAppGetCmdCtrl                        
00007108  _SlNetAppSendTokenValueCmdCtrl             
00007104  _SlNetAppSetCmdCtrl                        
000070ec  _SlNetAppStartCtrl                         
000070f0  _SlNetAppStopCtrl                          
00007148  _SlNetCfgGetCmdCtrl                        
00007144  _SlNetCfgSetCmdCtrl                        
00006191  _SlNonOsMainLoopTask                       
000060e5  _SlNonOsSemGet                             
000060cd  _SlNonOsSemSet                             
00006141  _SlNonOsSpawn                              
00006fb4  _SlPolicyGetCmdCtrl                        
00006fb0  _SlPolicySetCmdCtrl                        
00006fbc  _SlProfileDelCmdCtrl                       
00006fb8  _SlProfileGetCmdCtrl                       
00007074  _SlRecvCmdCtrl                             
00007064  _SlRecvfomCmdCtrl                          
000070f8  _SlRegisterServiceCtrl                     
00001f37  _SlRemoveFromList                          
00006fc4  _SlRxFilterAddtCmdCtrl                     
00006fcc  _SlRxFilterGetCmdCtrl                      
00006fc8  _SlRxFilterSetCmdCtrl                      
00007080  _SlSelectCmdCtrl                           
00007068  _SlSendCmdCtrl                             
00007078  _SlSetSockOptCmdCtrl                       
00006fd0  _SlSmartConfigStartCmdCtrl                 
00007060  _SlSockCloseCmdCtrl                        
0000705c  _SlSockSocketCmdCtrl                       
00007114  _SlStopCmdCtrl                             
00006fdc  _SlWlanCfgGetCmdCtrl                       
00006fd8  _SlWlanCfgSetCmdCtrl                       
00006fc0  _SlWlanGetNetworkListCtrl                  
00006fd4  _SlWlanSetModeCmdCtrl                      
20010000  __STACK_END                                
00000200  __STACK_SIZE                               
00007188  __TI_CINIT_Base                            
000071a0  __TI_CINIT_Limit                           
0000716c  __TI_Handler_Table_Base                    
00007178  __TI_Handler_Table_Limit                   
00006831  __TI_auto_init                             
20000e68  __TI_cleanup_ptr                           
00006e51  __TI_decompress_none                       
00006eb1  __TI_decompress_rle24                      
20000e6c  __TI_dtors_ptr                             
00000000  __TI_static_base__                         
00006e85  __TI_zero_init                             
000067b5  __aeabi_memclr                             
000067b5  __aeabi_memclr4                            
000067b5  __aeabi_memclr8                            
0000661d  __aeabi_memcpy                             
0000661d  __aeabi_memcpy4                            
0000661d  __aeabi_memcpy8                            
000067b7  __aeabi_memset                             
000067b7  __aeabi_memset4                            
000067b7  __aeabi_memset8                            
ffffffff  __binit__                                  
ffffffff  __c_args__                                 
2000fe00  __stack                                    
00006d7d  _args_main                                 
00006a21  _c_int00                                   
20000e60  _lock                                      
00006e07  _nop                                       
00006dff  _register_lock                             
00006df9  _register_unlock                           
00002169  _sl_BuildAddress                           
00004639  _sl_GetStartResponseConvert                
00002b7d  _sl_HandleAsync_Accept                     
00002777  _sl_HandleAsync_Connect                    
00003485  _sl_HandleAsync_DnsGetHostByAddr           
000035d9  _sl_HandleAsync_DnsGetHostByName           
000033b5  _sl_HandleAsync_DnsGetHostByService        
0000479d  _sl_HandleAsync_InitComplete               
000036d9  _sl_HandleAsync_PingResponse               
00002fa5  _sl_HandleAsync_Select                     
0000484f  _sl_HandleAsync_Stop                       
00002281  _sl_ParseAddress                           
000021b9  _sl_TruncatePayloadByProtocol              
00006ebb  _system_pre_init                           
20000e64  _unlock                                    
00006b51  abort                                      
ffffffff  binit                                      
00005257  cc3100_disconnect                          
0000516b  cc3100_read                                
000051ed  cc3100_write                               
00005863  clear_rts                                  
00004bed  configureSimpleLinkToDefaultState          
00006abd  copy_in                                    
0000511b  countdown                                  
00005103  countdown_ms                               
00004ddb  establishConnectionWithAP                  
00006b59  exit                                       
000050e3  expired                                    
20000e5c  gFirstCmdMode                              
200000e4  g_AppData                                  
00007130  g_H2NCnysPattern                           
00007128  g_H2NSyncPattern                           
20000ca4  g_StatMem                                  
20000e50  g_Status                                   
20000e08  g__SlNonOsCB                               
20000e54  g_pCB                                      
20000000  g_pfnRAMVectors                            
00005a17  initAntSelGPIO                             
0000586f  initClk                                    
000058ef  initLEDs                                   
00004e5d  init_main                                  
00004e35  initializeAppVariables                     
00000000  interruptVectors                           
00005139  left_ms                                    
20000e4c  macAddressLen                              
000055e7  main                                       
20000e74  main_func_sp                               
0000661d  memcpy                                     
000067bd  memset                                     
20000e70  pIraEventHandler                           
20000e58  pPingCallBackFunc                          
0000713c  port_mapping                               
20000e48  publishID                                  
000057e5  registerInterruptHandler                   
00005857  set_rts                                    
00002979  sl_Accept                                  
0000235b  sl_Bind                                    
00002331  sl_Close                                   
00002621  sl_Connect                                 
00004a69  sl_DevGet                                  
00004b07  sl_DevSet                                  
00004a35  sl_EventMaskGet                            
000049fb  sl_EventMaskSet                            
00002cfd  sl_GetSockOpt                              
00002afb  sl_Htonl                                   
00002b3d  sl_Htons                                   
00002939  sl_Listen                                  
00003495  sl_NetAppDnsGetHostByName                  
00003285  sl_NetAppDnsGetHostByService               
000039dd  sl_NetAppGet                               
00003085  sl_NetAppGetServiceList                    
00003209  sl_NetAppMDNSRegisterService               
00003155  sl_NetAppMDNSRegisterUnregisterService     
00003245  sl_NetAppMDNSUnRegisterService             
0000379d  sl_NetAppPingStart                         
00003979  sl_NetAppSendTokenValue                    
0000390f  sl_NetAppSet                               
0000303d  sl_NetAppStart                             
00003061  sl_NetAppStop                              
00006263  sl_NetCfgGet                               
000061fd  sl_NetCfgSet                               
00002c15  sl_Recv                                    
000024ff  sl_RecvFrom                                
00002d97  sl_Select                                  
00002829  sl_Send                                    
000023e3  sl_SendTo                                  
00002c91  sl_SetSockOpt                              
000022db  sl_Socket                                  
00004699  sl_Start                                   
000048d3  sl_Stop                                    
00004691  sl_Task                                    
00003b81  sl_WlanConnect                             
00003db3  sl_WlanDisconnect                          
00004581  sl_WlanGet                                 
00004249  sl_WlanGetNetworkList                      
00003e29  sl_WlanPolicyGet                           
00003dbf  sl_WlanPolicySet                           
00003ecd  sl_WlanProfileAdd                          
0000421b  sl_WlanProfileDel                          
00004139  sl_WlanProfileGet                          
000042bb  sl_WlanRxFilterAdd                         
0000437d  sl_WlanRxFilterGet                         
00004329  sl_WlanRxFilterSet                         
0000440b  sl_WlanRxStatGet                           
000043f3  sl_WlanRxStatStart                         
000043ff  sl_WlanRxStatStop                          
0000450d  sl_WlanSet                                 
000044dd  sl_WlanSetMode                             
00004451  sl_WlanSmartConfigStart                    
00004441  sl_WlanSmartConfigStop                     
00005b39  spi_Close                                  
00005b45  spi_Open                                   
00005c91  spi_Read                                   
00005c37  spi_Write                                  
000058e5  stopWDT                                    
00006e0d  strlen                                     
000059a9  toggleLed                                  
00005975  turnLedOff                                 
00005941  turnLedOn                                  
2000072c  uBuf                                       
00007024  upConfig                                   


GLOBAL SYMBOLS: SORTED BY Symbol Address 

address   name                                       
-------   ----                                       
00000000  __TI_static_base__                         
00000000  interruptVectors                           
00000145  _SlDrvDriverCBInit                         
00000200  __STACK_SIZE                               
00000229  _SlDrvDriverCBDeinit                       
000002cd  _SlDrvRxIrqHandler                         
0000030f  _SlDrvCmdOp                                
000003bf  _SlDrvCmdSend                              
00000415  _SlDrvDataReadOp                           
00000619  _SlDrvDataWriteOp                          
000007e9  _SlDrvMsgWrite                             
000009dd  _SlDrvMsgRead                              
00001011  _SlAsyncEventGenericHandler                
000014f5  _SlDrvMsgReadCmdCtx                        
000015ef  _SlDrvMsgReadSpawnCtx                      
000016d9  _SlDrvClassifyRxMsg                        
000017d7  _SlDrvShiftDWord                           
0000181d  _SlDrvRxHdrRead                            
00001a23  _SlDrvBasicCmd                             
00001a89  _SlDrvWaitForPoolObj                       
00001c91  _SlDrvReleasePoolObj                       
00001e9b  _SlDrvObjInit                              
00001f17  _SlDrvObjDeInit                            
00001f37  _SlRemoveFromList                          
00001ff9  _SlFindAndSetActiveObj                     
00002169  _sl_BuildAddress                           
000021b9  _sl_TruncatePayloadByProtocol              
00002281  _sl_ParseAddress                           
000022db  sl_Socket                                  
00002331  sl_Close                                   
0000235b  sl_Bind                                    
000023e3  sl_SendTo                                  
000024ff  sl_RecvFrom                                
00002621  sl_Connect                                 
00002777  _sl_HandleAsync_Connect                    
00002829  sl_Send                                    
00002939  sl_Listen                                  
00002979  sl_Accept                                  
00002afb  sl_Htonl                                   
00002b3d  sl_Htons                                   
00002b7d  _sl_HandleAsync_Accept                     
00002c15  sl_Recv                                    
00002c91  sl_SetSockOpt                              
00002cfd  sl_GetSockOpt                              
00002d97  sl_Select                                  
00002f1d  SL_FD_SET                                  
00002f3f  SL_FD_CLR                                  
00002f65  SL_FD_ISSET                                
00002f8d  SL_FD_ZERO                                 
00002fa5  _sl_HandleAsync_Select                     
0000303d  sl_NetAppStart                             
00003061  sl_NetAppStop                              
00003085  sl_NetAppGetServiceList                    
00003155  sl_NetAppMDNSRegisterUnregisterService     
00003209  sl_NetAppMDNSRegisterService               
00003245  sl_NetAppMDNSUnRegisterService             
00003285  sl_NetAppDnsGetHostByService               
000033b5  _sl_HandleAsync_DnsGetHostByService        
00003485  _sl_HandleAsync_DnsGetHostByAddr           
00003495  sl_NetAppDnsGetHostByName                  
000035d9  _sl_HandleAsync_DnsGetHostByName           
0000369d  CopyPingResultsToReport                    
000036d9  _sl_HandleAsync_PingResponse               
0000379d  sl_NetAppPingStart                         
0000390f  sl_NetAppSet                               
00003979  sl_NetAppSendTokenValue                    
000039dd  sl_NetAppGet                               
00003a6d  _SlDrvNetAppEventHandler                   
00003b81  sl_WlanConnect                             
00003db3  sl_WlanDisconnect                          
00003dbf  sl_WlanPolicySet                           
00003e29  sl_WlanPolicyGet                           
00003ecd  sl_WlanProfileAdd                          
00004139  sl_WlanProfileGet                          
0000421b  sl_WlanProfileDel                          
00004249  sl_WlanGetNetworkList                      
000042bb  sl_WlanRxFilterAdd                         
00004329  sl_WlanRxFilterSet                         
0000437d  sl_WlanRxFilterGet                         
000043f3  sl_WlanRxStatStart                         
000043ff  sl_WlanRxStatStop                          
0000440b  sl_WlanRxStatGet                           
00004441  sl_WlanSmartConfigStop                     
00004451  sl_WlanSmartConfigStart                    
000044dd  sl_WlanSetMode                             
0000450d  sl_WlanSet                                 
00004581  sl_WlanGet                                 
00004639  _sl_GetStartResponseConvert                
00004691  sl_Task                                    
00004699  sl_Start                                   
0000479d  _sl_HandleAsync_InitComplete               
0000484f  _sl_HandleAsync_Stop                       
000048d3  sl_Stop                                    
000049fb  sl_EventMaskSet                            
00004a35  sl_EventMaskGet                            
00004a69  sl_DevGet                                  
00004b07  sl_DevSet                                  
00004b6d  _SlDrvDeviceEventHandler                   
00004bed  configureSimpleLinkToDefaultState          
00004ddb  establishConnectionWithAP                  
00004e35  initializeAppVariables                     
00004e5d  init_main                                  
000050d9  SysTick_Handler                            
000050e3  expired                                    
00005103  countdown_ms                               
0000511b  countdown                                  
00005139  left_ms                                    
0000515b  InitTimer                                  
0000516b  cc3100_read                                
000051ed  cc3100_write                               
00005257  cc3100_disconnect                          
00005267  NewNetwork                                 
0000528d  TLSConnectNetwork                          
000053b5  ConnectNetwork                             
000055a7  SimpleLinkSockEventHandler                 
000055e7  main                                       
00005601  PORT1_IRQHandler                           
00005663  TA1_0_IRQHandler                           
000057e5  registerInterruptHandler                   
000057f9  CC3100_disable                             
00005805  CC3100_enable                              
00005811  CC3100_InterruptEnable                     
00005833  CC3100_InterruptDisable                    
00005847  MaskIntHdlr                                
0000584f  UnMaskIntHdlr                              
00005857  set_rts                                    
00005863  clear_rts                                  
0000586f  initClk                                    
000058e5  stopWDT                                    
000058ef  initLEDs                                   
00005941  turnLedOn                                  
00005975  turnLedOff                                 
000059a9  toggleLed                                  
000059dd  GetLEDStatus                               
00005a17  initAntSelGPIO                             
00005a4b  SelAntenna                                 
00005a8f  Port1_ISR                                  
00005a91  Delay                                      
00005ac1  PORT2_IRQHandler                           
00005ae7  CC3100_UART_ISR                            
00005b39  spi_Close                                  
00005b45  spi_Open                                   
00005c37  spi_Write                                  
00005c91  spi_Read                                   
00005d4d  SimpleLinkWlanEventHandler                 
00005db9  SimpleLinkNetAppEventHandler               
00005de9  SimpleLinkHttpServerCallback               
00005df7  SimpleLinkGeneralEventHandler              
00005f49  PCM_setPowerStateWithTimeout               
000060cd  _SlNonOsSemSet                             
000060e5  _SlNonOsSemGet                             
00006141  _SlNonOsSpawn                              
00006191  _SlNonOsMainLoopTask                       
000061fd  sl_NetCfgSet                               
00006263  sl_NetCfgGet                               
0000630d  CS_initClockSignal                         
000063ed  PCM_setPowerModeWithTimeout                
00006575  PCM_setCoreVoltageLevelWithTimeout         
0000661d  __aeabi_memcpy                             
0000661d  __aeabi_memcpy4                            
0000661d  __aeabi_memcpy8                            
0000661d  memcpy                                     
000066b9  _SlDrvFlowContInit                         
000066f7  _SlDrvFlowContDeinit                       
00006739  PCM_gotoLPM3                               
000067b5  __aeabi_memclr                             
000067b5  __aeabi_memclr4                            
000067b5  __aeabi_memclr8                            
000067b7  __aeabi_memset                             
000067b7  __aeabi_memset4                            
000067b7  __aeabi_memset8                            
000067bd  memset                                     
00006831  __TI_auto_init                             
00006909  Interrupt_disableInterrupt                 
0000696d  Interrupt_enableInterrupt                  
000069d1  PCM_shutdownDevice                         
00006a21  _c_int00                                   
00006a71  GPIO_setAsPeripheralModuleFunctionOutputPin
00006abd  copy_in                                    
00006b09  Timer_A_configureUpMode                    
00006b4d  C$$EXIT                                    
00006b51  abort                                      
00006b59  exit                                       
00006b91  EUSCIA0_IRQHandler                         
00006b9d  CLI_Read                                   
00006bb3  CLI_Write                                  
00006bc9  CLI_Configure                              
00006bd1  Interrupt_registerInterrupt                
00006c05  GPIO_getEnabledInterruptStatus             
00006c35  GPIO_setAsInputPinWithPullUpResistor       
00006c65  PCM_getCoreVoltageLevel                    
00006c91  PCM_getPowerMode                           
00006cbd  PCM_gotoLPM0                               
00006ce5  CS_setDCOCenteredFrequency                 
00006d09  GPIO_setAsOutputPin                        
00006d2d  GPIO_interruptEdgeSelect                   
00006d4d  GPIO_clearInterruptFlag                    
00006d65  GPIO_setOutputLowOnPin                     
00006d7d  _args_main                                 
00006d95  CS_setExternalClockSourceFrequency         
00006da9  GPIO_enableInterrupt                       
00006dbd  GPIO_setOutputHighOnPin                    
00006dd1  SysTick_enableInterrupt                    
00006de5  SysTick_enableModule                       
00006df9  _register_unlock                           
00006dff  _register_lock                             
00006e07  _nop                                       
00006e0d  strlen                                     
00006e21  GPIO_getInterruptStatus                    
00006e31  Interrupt_enableMaster                     
00006e41  PCM_getPowerState                          
00006e51  __TI_decompress_none                       
00006e5f  CPU_cpsie                                  
00006e6d  SysTick_setPeriod                          
00006e79  Timer_A_stopTimer                          
00006e85  __TI_zero_init                             
00006e9d  SysTick_registerInterrupt                  
00006ea5  PCM_setPowerMode                           
00006eab  PCM_setPowerState                          
00006eb1  __TI_decompress_rle24                      
00006eb7  CPU_wfi                                    
00006ebb  _system_pre_init                           
00006fb0  _SlPolicySetCmdCtrl                        
00006fb4  _SlPolicyGetCmdCtrl                        
00006fb8  _SlProfileGetCmdCtrl                       
00006fbc  _SlProfileDelCmdCtrl                       
00006fc0  _SlWlanGetNetworkListCtrl                  
00006fc4  _SlRxFilterAddtCmdCtrl                     
00006fc8  _SlRxFilterSetCmdCtrl                      
00006fcc  _SlRxFilterGetCmdCtrl                      
00006fd0  _SlSmartConfigStartCmdCtrl                 
00006fd4  _SlWlanSetModeCmdCtrl                      
00006fd8  _SlWlanCfgSetCmdCtrl                       
00006fdc  _SlWlanCfgGetCmdCtrl                       
00006fec  _SlActionLookupTable                       
00007024  upConfig                                   
0000705c  _SlSockSocketCmdCtrl                       
00007060  _SlSockCloseCmdCtrl                        
00007064  _SlRecvfomCmdCtrl                          
00007068  _SlSendCmdCtrl                             
0000706c  _SlListenCmdCtrl                           
00007070  _SlAcceptCmdCtrl                           
00007074  _SlRecvCmdCtrl                             
00007078  _SlSetSockOptCmdCtrl                       
0000707c  _SlGetSockOptCmdCtrl                       
00007080  _SlSelectCmdCtrl                           
000070ec  _SlNetAppStartCtrl                         
000070f0  _SlNetAppStopCtrl                          
000070f4  _SlGetServiceListeCtrl                     
000070f8  _SlRegisterServiceCtrl                     
000070fc  _SlGetHostByServiceCtrl                    
00007100  _SlGetHostByNameCtrl                       
00007104  _SlNetAppSetCmdCtrl                        
00007108  _SlNetAppSendTokenValueCmdCtrl             
0000710c  _SlNetAppGetCmdCtrl                        
00007114  _SlStopCmdCtrl                             
00007118  _SlEventMaskSetCmdCtrl                     
0000711c  _SlEventMaskGetCmdCtrl                     
00007120  _SlDeviceGetCmdCtrl                        
00007124  _SlDeviceSetCmdCtrl                        
00007128  g_H2NSyncPattern                           
00007130  g_H2NCnysPattern                           
0000713c  port_mapping                               
00007144  _SlNetCfgSetCmdCtrl                        
00007148  _SlNetCfgGetCmdCtrl                        
0000716c  __TI_Handler_Table_Base                    
00007178  __TI_Handler_Table_Limit                   
00007188  __TI_CINIT_Base                            
000071a0  __TI_CINIT_Limit                           
20000000  g_pfnRAMVectors                            
200000e4  g_AppData                                  
2000072c  uBuf                                       
20000ca4  g_StatMem                                  
20000e08  g__SlNonOsCB                               
20000e30  MilliTimer                                 
20000e3c  IntIsMasked                                
20000e40  S1buttonDebounce                           
20000e44  S2buttonDebounce                           
20000e48  publishID                                  
20000e4c  macAddressLen                              
20000e50  g_Status                                   
20000e54  g_pCB                                      
20000e58  pPingCallBackFunc                          
20000e5c  gFirstCmdMode                              
20000e60  _lock                                      
20000e64  _unlock                                    
20000e68  __TI_cleanup_ptr                           
20000e6c  __TI_dtors_ptr                             
20000e70  pIraEventHandler                           
20000e74  main_func_sp                               
2000fe00  __stack                                    
20010000  __STACK_END                                
4000480c  WDTCTL_SYM                                 
ffffffff  __binit__                                  
ffffffff  __c_args__                                 
ffffffff  binit                                      
UNDEFED   SHT$$INIT_ARRAY$$Base                      
UNDEFED   SHT$$INIT_ARRAY$$Limit                     

[298 symbols]
