<?xml version="1.0"?>
<link_info>
   <banner>TI ARM Linker Unix v5.2.6</banner>
   <copyright>Copyright (c) 1996-2015 Texas Instruments Incorporated</copyright>
   <link_time>0x571da942</link_time>
   <link_errors>0x0</link_errors>
   <output_file>final_ece461.out</output_file>
   <entry_point>
      <name>_c_int00</name>
      <address>0x88b5</address>
   </entry_point>
   <input_file_list>
      <input_file id="fl-2">
         <path>./</path>
         <kind>object</kind>
         <file>MQTTCC3100.obj</file>
         <name>MQTTCC3100.obj</name>
      </input_file>
      <input_file id="fl-3">
         <path>./</path>
         <kind>object</kind>
         <file>MQTTClient.obj</file>
         <name>MQTTClient.obj</name>
      </input_file>
      <input_file id="fl-4">
         <path>./</path>
         <kind>object</kind>
         <file>MQTTConnectClient.obj</file>
         <name>MQTTConnectClient.obj</name>
      </input_file>
      <input_file id="fl-5">
         <path>./</path>
         <kind>object</kind>
         <file>MQTTConnectServer.obj</file>
         <name>MQTTConnectServer.obj</name>
      </input_file>
      <input_file id="fl-6">
         <path>./</path>
         <kind>object</kind>
         <file>MQTTDeserializePublish.obj</file>
         <name>MQTTDeserializePublish.obj</name>
      </input_file>
      <input_file id="fl-7">
         <path>./</path>
         <kind>object</kind>
         <file>MQTTFormat.obj</file>
         <name>MQTTFormat.obj</name>
      </input_file>
      <input_file id="fl-8">
         <path>./</path>
         <kind>object</kind>
         <file>MQTTPacket.obj</file>
         <name>MQTTPacket.obj</name>
      </input_file>
      <input_file id="fl-9">
         <path>./</path>
         <kind>object</kind>
         <file>MQTTSerializePublish.obj</file>
         <name>MQTTSerializePublish.obj</name>
      </input_file>
      <input_file id="fl-a">
         <path>./</path>
         <kind>object</kind>
         <file>MQTTSubscribeClient.obj</file>
         <name>MQTTSubscribeClient.obj</name>
      </input_file>
      <input_file id="fl-b">
         <path>./</path>
         <kind>object</kind>
         <file>MQTTSubscribeServer.obj</file>
         <name>MQTTSubscribeServer.obj</name>
      </input_file>
      <input_file id="fl-c">
         <path>./</path>
         <kind>object</kind>
         <file>MQTTUnsubscribeClient.obj</file>
         <name>MQTTUnsubscribeClient.obj</name>
      </input_file>
      <input_file id="fl-d">
         <path>./</path>
         <kind>object</kind>
         <file>MQTTUnsubscribeServer.obj</file>
         <name>MQTTUnsubscribeServer.obj</name>
      </input_file>
      <input_file id="fl-e">
         <path>./</path>
         <kind>object</kind>
         <file>board.obj</file>
         <name>board.obj</name>
      </input_file>
      <input_file id="fl-f">
         <path>./</path>
         <kind>object</kind>
         <file>cli_uart.obj</file>
         <name>cli_uart.obj</name>
      </input_file>
      <input_file id="fl-10">
         <path>./</path>
         <kind>object</kind>
         <file>device.obj</file>
         <name>device.obj</name>
      </input_file>
      <input_file id="fl-11">
         <path>./</path>
         <kind>object</kind>
         <file>driver.obj</file>
         <name>driver.obj</name>
      </input_file>
      <input_file id="fl-12">
         <path>./</path>
         <kind>object</kind>
         <file>events.obj</file>
         <name>events.obj</name>
      </input_file>
      <input_file id="fl-13">
         <path>./</path>
         <kind>object</kind>
         <file>flowcont.obj</file>
         <name>flowcont.obj</name>
      </input_file>
      <input_file id="fl-14">
         <path>./</path>
         <kind>object</kind>
         <file>fs.obj</file>
         <name>fs.obj</name>
      </input_file>
      <input_file id="fl-15">
         <path>./</path>
         <kind>object</kind>
         <file>main.obj</file>
         <name>main.obj</name>
      </input_file>
      <input_file id="fl-16">
         <path>./</path>
         <kind>object</kind>
         <file>msp432_startup_ccs.obj</file>
         <name>msp432_startup_ccs.obj</name>
      </input_file>
      <input_file id="fl-17">
         <path>./</path>
         <kind>object</kind>
         <file>my_mqtt.obj</file>
         <name>my_mqtt.obj</name>
      </input_file>
      <input_file id="fl-18">
         <path>./</path>
         <kind>object</kind>
         <file>myinit.obj</file>
         <name>myinit.obj</name>
      </input_file>
      <input_file id="fl-19">
         <path>./</path>
         <kind>object</kind>
         <file>netapp.obj</file>
         <name>netapp.obj</name>
      </input_file>
      <input_file id="fl-1a">
         <path>./</path>
         <kind>object</kind>
         <file>netcfg.obj</file>
         <name>netcfg.obj</name>
      </input_file>
      <input_file id="fl-1b">
         <path>./</path>
         <kind>object</kind>
         <file>nonos.obj</file>
         <name>nonos.obj</name>
      </input_file>
      <input_file id="fl-1c">
         <path>./</path>
         <kind>object</kind>
         <file>socket.obj</file>
         <name>socket.obj</name>
      </input_file>
      <input_file id="fl-1d">
         <path>./</path>
         <kind>object</kind>
         <file>spawn.obj</file>
         <name>spawn.obj</name>
      </input_file>
      <input_file id="fl-1e">
         <path>./</path>
         <kind>object</kind>
         <file>spi_cc3100.obj</file>
         <name>spi_cc3100.obj</name>
      </input_file>
      <input_file id="fl-1f">
         <path>./</path>
         <kind>object</kind>
         <file>uart_cc3100.obj</file>
         <name>uart_cc3100.obj</name>
      </input_file>
      <input_file id="fl-20">
         <path>./</path>
         <kind>object</kind>
         <file>wlan.obj</file>
         <name>wlan.obj</name>
      </input_file>
      <input_file id="fl-26">
         <path>../</path>
         <kind>archive</kind>
         <file>msp432p4xx_driverlib.lib</file>
         <name>cs.o</name>
      </input_file>
      <input_file id="fl-27">
         <path>../</path>
         <kind>archive</kind>
         <file>msp432p4xx_driverlib.lib</file>
         <name>gpio.o</name>
      </input_file>
      <input_file id="fl-28">
         <path>../</path>
         <kind>archive</kind>
         <file>msp432p4xx_driverlib.lib</file>
         <name>interrupt.o</name>
      </input_file>
      <input_file id="fl-29">
         <path>../</path>
         <kind>archive</kind>
         <file>msp432p4xx_driverlib.lib</file>
         <name>pcm.o</name>
      </input_file>
      <input_file id="fl-2a">
         <path>../</path>
         <kind>archive</kind>
         <file>msp432p4xx_driverlib.lib</file>
         <name>sysctl.o</name>
      </input_file>
      <input_file id="fl-2b">
         <path>../</path>
         <kind>archive</kind>
         <file>msp432p4xx_driverlib.lib</file>
         <name>systick.o</name>
      </input_file>
      <input_file id="fl-2c">
         <path>../</path>
         <kind>archive</kind>
         <file>msp432p4xx_driverlib.lib</file>
         <name>timer_a.o</name>
      </input_file>
      <input_file id="fl-2d">
         <path>../</path>
         <kind>archive</kind>
         <file>msp432p4xx_driverlib.lib</file>
         <name>cpu.o</name>
      </input_file>
      <input_file id="fl-14f">
         <path>/home/daniel/Programs/ti/ccsv6/tools/compiler/ti-cgt-arm_5.2.6/lib/</path>
         <kind>archive</kind>
         <file>rtsv7M4_T_le_v4SPD16_eabi.lib</file>
         <name>boot.obj</name>
      </input_file>
      <input_file id="fl-150">
         <path>/home/daniel/Programs/ti/ccsv6/tools/compiler/ti-cgt-arm_5.2.6/lib/</path>
         <kind>archive</kind>
         <file>rtsv7M4_T_le_v4SPD16_eabi.lib</file>
         <name>copy_decompress_none.obj</name>
      </input_file>
      <input_file id="fl-151">
         <path>/home/daniel/Programs/ti/ccsv6/tools/compiler/ti-cgt-arm_5.2.6/lib/</path>
         <kind>archive</kind>
         <file>rtsv7M4_T_le_v4SPD16_eabi.lib</file>
         <name>copy_decompress_rle.obj</name>
      </input_file>
      <input_file id="fl-152">
         <path>/home/daniel/Programs/ti/ccsv6/tools/compiler/ti-cgt-arm_5.2.6/lib/</path>
         <kind>archive</kind>
         <file>rtsv7M4_T_le_v4SPD16_eabi.lib</file>
         <name>copy_zero_init.obj</name>
      </input_file>
      <input_file id="fl-153">
         <path>/home/daniel/Programs/ti/ccsv6/tools/compiler/ti-cgt-arm_5.2.6/lib/</path>
         <kind>archive</kind>
         <file>rtsv7M4_T_le_v4SPD16_eabi.lib</file>
         <name>exit.obj</name>
      </input_file>
      <input_file id="fl-154">
         <path>/home/daniel/Programs/ti/ccsv6/tools/compiler/ti-cgt-arm_5.2.6/lib/</path>
         <kind>archive</kind>
         <file>rtsv7M4_T_le_v4SPD16_eabi.lib</file>
         <name>fd_div_t2.obj</name>
      </input_file>
      <input_file id="fl-155">
         <path>/home/daniel/Programs/ti/ccsv6/tools/compiler/ti-cgt-arm_5.2.6/lib/</path>
         <kind>archive</kind>
         <file>rtsv7M4_T_le_v4SPD16_eabi.lib</file>
         <name>fd_mul_t2.obj</name>
      </input_file>
      <input_file id="fl-156">
         <path>/home/daniel/Programs/ti/ccsv6/tools/compiler/ti-cgt-arm_5.2.6/lib/</path>
         <kind>archive</kind>
         <file>rtsv7M4_T_le_v4SPD16_eabi.lib</file>
         <name>fd_tou_t2.obj</name>
      </input_file>
      <input_file id="fl-157">
         <path>/home/daniel/Programs/ti/ccsv6/tools/compiler/ti-cgt-arm_5.2.6/lib/</path>
         <kind>archive</kind>
         <file>rtsv7M4_T_le_v4SPD16_eabi.lib</file>
         <name>i_tofd_t2.obj</name>
      </input_file>
      <input_file id="fl-158">
         <path>/home/daniel/Programs/ti/ccsv6/tools/compiler/ti-cgt-arm_5.2.6/lib/</path>
         <kind>archive</kind>
         <file>rtsv7M4_T_le_v4SPD16_eabi.lib</file>
         <name>memcmp.obj</name>
      </input_file>
      <input_file id="fl-159">
         <path>/home/daniel/Programs/ti/ccsv6/tools/compiler/ti-cgt-arm_5.2.6/lib/</path>
         <kind>archive</kind>
         <file>rtsv7M4_T_le_v4SPD16_eabi.lib</file>
         <name>memcpy_t2.obj</name>
      </input_file>
      <input_file id="fl-15a">
         <path>/home/daniel/Programs/ti/ccsv6/tools/compiler/ti-cgt-arm_5.2.6/lib/</path>
         <kind>archive</kind>
         <file>rtsv7M4_T_le_v4SPD16_eabi.lib</file>
         <name>memset_t2.obj</name>
      </input_file>
      <input_file id="fl-15b">
         <path>/home/daniel/Programs/ti/ccsv6/tools/compiler/ti-cgt-arm_5.2.6/lib/</path>
         <kind>archive</kind>
         <file>rtsv7M4_T_le_v4SPD16_eabi.lib</file>
         <name>pre_init.obj</name>
      </input_file>
      <input_file id="fl-15c">
         <path>/home/daniel/Programs/ti/ccsv6/tools/compiler/ti-cgt-arm_5.2.6/lib/</path>
         <kind>archive</kind>
         <file>rtsv7M4_T_le_v4SPD16_eabi.lib</file>
         <name>snprintf.obj</name>
      </input_file>
      <input_file id="fl-15d">
         <path>/home/daniel/Programs/ti/ccsv6/tools/compiler/ti-cgt-arm_5.2.6/lib/</path>
         <kind>archive</kind>
         <file>rtsv7M4_T_le_v4SPD16_eabi.lib</file>
         <name>stkdepth_vars.obj</name>
      </input_file>
      <input_file id="fl-15e">
         <path>/home/daniel/Programs/ti/ccsv6/tools/compiler/ti-cgt-arm_5.2.6/lib/</path>
         <kind>archive</kind>
         <file>rtsv7M4_T_le_v4SPD16_eabi.lib</file>
         <name>strlen.obj</name>
      </input_file>
      <input_file id="fl-15f">
         <path>/home/daniel/Programs/ti/ccsv6/tools/compiler/ti-cgt-arm_5.2.6/lib/</path>
         <kind>archive</kind>
         <file>rtsv7M4_T_le_v4SPD16_eabi.lib</file>
         <name>strncmp.obj</name>
      </input_file>
      <input_file id="fl-160">
         <path>/home/daniel/Programs/ti/ccsv6/tools/compiler/ti-cgt-arm_5.2.6/lib/</path>
         <kind>archive</kind>
         <file>rtsv7M4_T_le_v4SPD16_eabi.lib</file>
         <name>strncpy.obj</name>
      </input_file>
      <input_file id="fl-161">
         <path>/home/daniel/Programs/ti/ccsv6/tools/compiler/ti-cgt-arm_5.2.6/lib/</path>
         <kind>archive</kind>
         <file>rtsv7M4_T_le_v4SPD16_eabi.lib</file>
         <name>strtok.obj</name>
      </input_file>
      <input_file id="fl-162">
         <path>/home/daniel/Programs/ti/ccsv6/tools/compiler/ti-cgt-arm_5.2.6/lib/</path>
         <kind>archive</kind>
         <file>rtsv7M4_T_le_v4SPD16_eabi.lib</file>
         <name>strtol.obj</name>
      </input_file>
      <input_file id="fl-163">
         <path>/home/daniel/Programs/ti/ccsv6/tools/compiler/ti-cgt-arm_5.2.6/lib/</path>
         <kind>archive</kind>
         <file>rtsv7M4_T_le_v4SPD16_eabi.lib</file>
         <name>_lock.obj</name>
      </input_file>
      <input_file id="fl-164">
         <path>/home/daniel/Programs/ti/ccsv6/tools/compiler/ti-cgt-arm_5.2.6/lib/</path>
         <kind>archive</kind>
         <file>rtsv7M4_T_le_v4SPD16_eabi.lib</file>
         <name>_printfi.obj</name>
      </input_file>
      <input_file id="fl-165">
         <path>/home/daniel/Programs/ti/ccsv6/tools/compiler/ti-cgt-arm_5.2.6/lib/</path>
         <kind>archive</kind>
         <file>rtsv7M4_T_le_v4SPD16_eabi.lib</file>
         <name>args_main.obj</name>
      </input_file>
      <input_file id="fl-166">
         <path>/home/daniel/Programs/ti/ccsv6/tools/compiler/ti-cgt-arm_5.2.6/lib/</path>
         <kind>archive</kind>
         <file>rtsv7M4_T_le_v4SPD16_eabi.lib</file>
         <name>atoi.obj</name>
      </input_file>
      <input_file id="fl-167">
         <path>/home/daniel/Programs/ti/ccsv6/tools/compiler/ti-cgt-arm_5.2.6/lib/</path>
         <kind>archive</kind>
         <file>rtsv7M4_T_le_v4SPD16_eabi.lib</file>
         <name>autoinit.obj</name>
      </input_file>
      <input_file id="fl-168">
         <path>/home/daniel/Programs/ti/ccsv6/tools/compiler/ti-cgt-arm_5.2.6/lib/</path>
         <kind>archive</kind>
         <file>rtsv7M4_T_le_v4SPD16_eabi.lib</file>
         <name>cpy_tbl.obj</name>
      </input_file>
      <input_file id="fl-169">
         <path>/home/daniel/Programs/ti/ccsv6/tools/compiler/ti-cgt-arm_5.2.6/lib/</path>
         <kind>archive</kind>
         <file>rtsv7M4_T_le_v4SPD16_eabi.lib</file>
         <name>ctype.obj</name>
      </input_file>
      <input_file id="fl-16a">
         <path>/home/daniel/Programs/ti/ccsv6/tools/compiler/ti-cgt-arm_5.2.6/lib/</path>
         <kind>archive</kind>
         <file>rtsv7M4_T_le_v4SPD16_eabi.lib</file>
         <name>errno.obj</name>
      </input_file>
      <input_file id="fl-16b">
         <path>/home/daniel/Programs/ti/ccsv6/tools/compiler/ti-cgt-arm_5.2.6/lib/</path>
         <kind>archive</kind>
         <file>rtsv7M4_T_le_v4SPD16_eabi.lib</file>
         <name>fd_add_t2.obj</name>
      </input_file>
      <input_file id="fl-16c">
         <path>/home/daniel/Programs/ti/ccsv6/tools/compiler/ti-cgt-arm_5.2.6/lib/</path>
         <kind>archive</kind>
         <file>rtsv7M4_T_le_v4SPD16_eabi.lib</file>
         <name>fd_cmp_t2.obj</name>
      </input_file>
      <input_file id="fl-16d">
         <path>/home/daniel/Programs/ti/ccsv6/tools/compiler/ti-cgt-arm_5.2.6/lib/</path>
         <kind>archive</kind>
         <file>rtsv7M4_T_le_v4SPD16_eabi.lib</file>
         <name>fd_toi_t2.obj</name>
      </input_file>
      <input_file id="fl-16e">
         <path>/home/daniel/Programs/ti/ccsv6/tools/compiler/ti-cgt-arm_5.2.6/lib/</path>
         <kind>archive</kind>
         <file>rtsv7M4_T_le_v4SPD16_eabi.lib</file>
         <name>frexp.obj</name>
      </input_file>
      <input_file id="fl-16f">
         <path>/home/daniel/Programs/ti/ccsv6/tools/compiler/ti-cgt-arm_5.2.6/lib/</path>
         <kind>archive</kind>
         <file>rtsv7M4_T_le_v4SPD16_eabi.lib</file>
         <name>ldexp.obj</name>
      </input_file>
      <input_file id="fl-170">
         <path>/home/daniel/Programs/ti/ccsv6/tools/compiler/ti-cgt-arm_5.2.6/lib/</path>
         <kind>archive</kind>
         <file>rtsv7M4_T_le_v4SPD16_eabi.lib</file>
         <name>ltoa.obj</name>
      </input_file>
      <input_file id="fl-171">
         <path>/home/daniel/Programs/ti/ccsv6/tools/compiler/ti-cgt-arm_5.2.6/lib/</path>
         <kind>archive</kind>
         <file>rtsv7M4_T_le_v4SPD16_eabi.lib</file>
         <name>memccpy.obj</name>
      </input_file>
      <input_file id="fl-172">
         <path>/home/daniel/Programs/ti/ccsv6/tools/compiler/ti-cgt-arm_5.2.6/lib/</path>
         <kind>archive</kind>
         <file>rtsv7M4_T_le_v4SPD16_eabi.lib</file>
         <name>strchr.obj</name>
      </input_file>
      <input_file id="fl-173">
         <path>/home/daniel/Programs/ti/ccsv6/tools/compiler/ti-cgt-arm_5.2.6/lib/</path>
         <kind>archive</kind>
         <file>rtsv7M4_T_le_v4SPD16_eabi.lib</file>
         <name>strcspn.obj</name>
      </input_file>
      <input_file id="fl-174">
         <path>/home/daniel/Programs/ti/ccsv6/tools/compiler/ti-cgt-arm_5.2.6/lib/</path>
         <kind>archive</kind>
         <file>rtsv7M4_T_le_v4SPD16_eabi.lib</file>
         <name>strspn.obj</name>
      </input_file>
      <input_file id="fl-175">
         <path>/home/daniel/Programs/ti/ccsv6/tools/compiler/ti-cgt-arm_5.2.6/lib/</path>
         <kind>archive</kind>
         <file>rtsv7M4_T_le_v4SPD16_eabi.lib</file>
         <name>ull_div_t2.obj</name>
      </input_file>
      <input_file id="fl-176">
         <path>/home/daniel/Programs/ti/ccsv6/tools/compiler/ti-cgt-arm_5.2.6/lib/</path>
         <kind>archive</kind>
         <file>rtsv7M4_T_le_v4SPD16_eabi.lib</file>
         <name>xdclass.obj</name>
      </input_file>
      <input_file id="fl-177">
         <path>/home/daniel/Programs/ti/ccsv6/tools/compiler/ti-cgt-arm_5.2.6/lib/</path>
         <kind>archive</kind>
         <file>rtsv7M4_T_le_v4SPD16_eabi.lib</file>
         <name>xdscale.obj</name>
      </input_file>
      <input_file id="fl-178">
         <path>/home/daniel/Programs/ti/ccsv6/tools/compiler/ti-cgt-arm_5.2.6/lib/</path>
         <kind>archive</kind>
         <file>rtsv7M4_T_le_v4SPD16_eabi.lib</file>
         <name>xdunscal.obj</name>
      </input_file>
      <input_file id="fl-179">
         <path>/home/daniel/Programs/ti/ccsv6/tools/compiler/ti-cgt-arm_5.2.6/lib/</path>
         <kind>archive</kind>
         <file>rtsv7M4_T_le_v4SPD16_eabi.lib</file>
         <name>xferaise.obj</name>
      </input_file>
      <input_file id="fl-17a">
         <path>/home/daniel/Programs/ti/ccsv6/tools/compiler/ti-cgt-arm_5.2.6/lib/</path>
         <kind>archive</kind>
         <file>rtsv7M4_T_le_v4SPD16_eabi.lib</file>
         <name>xvalues.obj</name>
      </input_file>
      <input_file id="fl-17b">
         <path>/home/daniel/Programs/ti/ccsv6/tools/compiler/ti-cgt-arm_5.2.6/lib/</path>
         <kind>archive</kind>
         <file>rtsv7M4_T_le_v4SPD16_eabi.lib</file>
         <name>feraiseexcept.obj</name>
      </input_file>
      <input_file id="fl-17c">
         <path>/home/daniel/Programs/ti/ccsv6/tools/compiler/ti-cgt-arm_5.2.6/lib/</path>
         <kind>archive</kind>
         <file>rtsv7M4_T_le_v4SPD16_eabi.lib</file>
         <name>raise.obj</name>
      </input_file>
      <input_file id="fl-17d">
         <path>/home/daniel/Programs/ti/ccsv6/tools/compiler/ti-cgt-arm_5.2.6/lib/</path>
         <kind>archive</kind>
         <file>rtsv7M4_T_le_v4SPD16_eabi.lib</file>
         <name>signal.obj</name>
      </input_file>
      <input_file id="fl-17e">
         <path>/home/daniel/Programs/ti/ccsv6/tools/compiler/ti-cgt-arm_5.2.6/lib/</path>
         <kind>archive</kind>
         <file>rtsv7M4_T_le_v4SPD16_eabi.lib</file>
         <name>xdnorm.obj</name>
      </input_file>
   </input_file_list>
   <object_component_list>
      <object_component id="oc-27">
         <name>.intvecs:retain</name>
         <load_address>0x0</load_address>
         <run_address>0x0</run_address>
         <size>0x144</size>
         <input_file_ref idref="fl-16"/>
      </object_component>
      <object_component id="oc-1c3">
         <name>.text</name>
         <load_address>0x144</load_address>
         <run_address>0x144</run_address>
         <size>0x2024</size>
         <input_file_ref idref="fl-11"/>
      </object_component>
      <object_component id="oc-bc">
         <name>.text</name>
         <load_address>0x2168</load_address>
         <run_address>0x2168</run_address>
         <size>0xed4</size>
         <input_file_ref idref="fl-1c"/>
      </object_component>
      <object_component id="oc-cb">
         <name>.text</name>
         <load_address>0x303c</load_address>
         <run_address>0x303c</run_address>
         <size>0xb44</size>
         <input_file_ref idref="fl-19"/>
      </object_component>
      <object_component id="oc-224">
         <name>.text</name>
         <load_address>0x3b80</load_address>
         <run_address>0x3b80</run_address>
         <size>0xab8</size>
         <input_file_ref idref="fl-20"/>
      </object_component>
      <object_component id="oc-116">
         <name>.text</name>
         <load_address>0x4638</load_address>
         <run_address>0x4638</run_address>
         <size>0xa00</size>
         <input_file_ref idref="fl-3"/>
      </object_component>
      <object_component id="oc-78">
         <name>.text</name>
         <load_address>0x5038</load_address>
         <run_address>0x5038</run_address>
         <size>0x600</size>
         <input_file_ref idref="fl-15"/>
      </object_component>
      <object_component id="oc-21e">
         <name>.text</name>
         <load_address>0x5638</load_address>
         <run_address>0x5638</run_address>
         <size>0x5b4</size>
         <input_file_ref idref="fl-10"/>
      </object_component>
      <object_component id="oc-ef">
         <name>.text</name>
         <load_address>0x5bec</load_address>
         <run_address>0x5bec</run_address>
         <size>0x4f0</size>
         <input_file_ref idref="fl-18"/>
      </object_component>
      <object_component id="oc-277">
         <name>.text</name>
         <load_address>0x60dc</load_address>
         <run_address>0x60dc</run_address>
         <size>0x3f8</size>
         <input_file_ref idref="fl-8"/>
      </object_component>
      <object_component id="oc-27d">
         <name>.text</name>
         <load_address>0x64d4</load_address>
         <run_address>0x64d4</run_address>
         <size>0x3ac</size>
         <input_file_ref idref="fl-4"/>
      </object_component>
      <object_component id="oc-72">
         <name>.text</name>
         <load_address>0x6880</load_address>
         <run_address>0x6880</run_address>
         <size>0x388</size>
         <input_file_ref idref="fl-2"/>
      </object_component>
      <object_component id="oc-84">
         <name>.text</name>
         <load_address>0x6c08</load_address>
         <run_address>0x6c08</run_address>
         <size>0x354</size>
         <input_file_ref idref="fl-e"/>
      </object_component>
      <object_component id="oc-28c">
         <name>.text</name>
         <load_address>0x6f5c</load_address>
         <run_address>0x6f5c</run_address>
         <size>0x218</size>
         <input_file_ref idref="fl-9"/>
      </object_component>
      <object_component id="oc-292">
         <name>.text</name>
         <load_address>0x7174</load_address>
         <run_address>0x7174</run_address>
         <size>0x218</size>
         <input_file_ref idref="fl-a"/>
      </object_component>
      <object_component id="oc-312">
         <name>.text</name>
         <load_address>0x738c</load_address>
         <run_address>0x738c</run_address>
         <size>0x214</size>
         <input_file_ref idref="fl-1e"/>
      </object_component>
      <object_component id="oc-206">
         <name>.text</name>
         <load_address>0x75a0</load_address>
         <run_address>0x75a0</run_address>
         <size>0x1fc</size>
         <input_file_ref idref="fl-12"/>
      </object_component>
      <object_component id="oc-298">
         <name>.text</name>
         <load_address>0x779c</load_address>
         <run_address>0x779c</run_address>
         <size>0x1a0</size>
         <input_file_ref idref="fl-c"/>
      </object_component>
      <object_component id="oc-2f1">
         <name>.text:PCM_setPowerStateWithTimeout</name>
         <load_address>0x793c</load_address>
         <run_address>0x793c</run_address>
         <size>0x182</size>
         <input_file_ref idref="fl-29"/>
      </object_component>
      <object_component id="oc-286">
         <name>.text</name>
         <load_address>0x7ac0</load_address>
         <run_address>0x7ac0</run_address>
         <size>0x138</size>
         <input_file_ref idref="fl-6"/>
      </object_component>
      <object_component id="oc-13c">
         <name>.text</name>
         <load_address>0x7bf8</load_address>
         <run_address>0x7bf8</run_address>
         <size>0x136</size>
         <input_file_ref idref="fl-154"/>
      </object_component>
      <object_component id="oc-131">
         <name>.text</name>
         <load_address>0x7d30</load_address>
         <run_address>0x7d30</run_address>
         <size>0x134</size>
         <input_file_ref idref="fl-162"/>
      </object_component>
      <object_component id="oc-1cc">
         <name>.text</name>
         <load_address>0x7e64</load_address>
         <run_address>0x7e64</run_address>
         <size>0x130</size>
         <input_file_ref idref="fl-1b"/>
      </object_component>
      <object_component id="oc-22a">
         <name>.text</name>
         <load_address>0x7f94</load_address>
         <run_address>0x7f94</run_address>
         <size>0x110</size>
         <input_file_ref idref="fl-1a"/>
      </object_component>
      <object_component id="oc-141">
         <name>.text</name>
         <load_address>0x80a4</load_address>
         <run_address>0x80a4</run_address>
         <size>0xfc</size>
         <input_file_ref idref="fl-155"/>
      </object_component>
      <object_component id="oc-187">
         <name>.text:CS_initClockSignal</name>
         <load_address>0x81a0</load_address>
         <run_address>0x81a0</run_address>
         <size>0xe0</size>
         <input_file_ref idref="fl-26"/>
      </object_component>
      <object_component id="oc-3ea">
         <name>.text:PCM_setPowerModeWithTimeout</name>
         <load_address>0x8280</load_address>
         <run_address>0x8280</run_address>
         <size>0xd4</size>
         <input_file_ref idref="fl-29"/>
      </object_component>
      <object_component id="oc-372">
         <name>.text:privateTimer_AProcessClockSourceDivider</name>
         <load_address>0x8354</load_address>
         <run_address>0x8354</run_address>
         <size>0xb2</size>
         <input_file_ref idref="fl-2c"/>
      </object_component>
      <object_component id="oc-3e4">
         <name>.text:PCM_setCoreVoltageLevelWithTimeout</name>
         <load_address>0x8408</load_address>
         <run_address>0x8408</run_address>
         <size>0xa8</size>
         <input_file_ref idref="fl-29"/>
      </object_component>
      <object_component id="oc-2b">
         <name>.text</name>
         <load_address>0x84b0</load_address>
         <run_address>0x84b0</run_address>
         <size>0x9c</size>
         <input_file_ref idref="fl-159"/>
      </object_component>
      <object_component id="oc-309">
         <name>.text</name>
         <load_address>0x854c</load_address>
         <run_address>0x854c</run_address>
         <size>0x80</size>
         <input_file_ref idref="fl-13"/>
      </object_component>
      <object_component id="oc-3d8">
         <name>.text:PCM_gotoLPM3</name>
         <load_address>0x85cc</load_address>
         <run_address>0x85cc</run_address>
         <size>0x7c</size>
         <input_file_ref idref="fl-29"/>
      </object_component>
      <object_component id="oc-44">
         <name>.text</name>
         <load_address>0x8648</load_address>
         <run_address>0x8648</run_address>
         <size>0x7a</size>
         <input_file_ref idref="fl-15a"/>
      </object_component>
      <object_component id="oc-56">
         <name>.text</name>
         <load_address>0x86c4</load_address>
         <run_address>0x86c4</run_address>
         <size>0x6c</size>
         <input_file_ref idref="fl-167"/>
      </object_component>
      <object_component id="oc-37">
         <name>.text</name>
         <load_address>0x8730</load_address>
         <run_address>0x8730</run_address>
         <size>0x6a</size>
         <input_file_ref idref="fl-151"/>
      </object_component>
      <object_component id="oc-169">
         <name>.text:Interrupt_disableInterrupt</name>
         <load_address>0x879c</load_address>
         <run_address>0x879c</run_address>
         <size>0x64</size>
         <input_file_ref idref="fl-28"/>
      </object_component>
      <object_component id="oc-15d">
         <name>.text:Interrupt_enableInterrupt</name>
         <load_address>0x8800</load_address>
         <run_address>0x8800</run_address>
         <size>0x64</size>
         <input_file_ref idref="fl-28"/>
      </object_component>
      <object_component id="oc-3de">
         <name>.text:PCM_shutdownDevice</name>
         <load_address>0x8864</load_address>
         <run_address>0x8864</run_address>
         <size>0x50</size>
         <input_file_ref idref="fl-29"/>
      </object_component>
      <object_component id="oc-22">
         <name>.text</name>
         <load_address>0x88b4</load_address>
         <run_address>0x88b4</run_address>
         <size>0x50</size>
         <input_file_ref idref="fl-14f"/>
      </object_component>
      <object_component id="oc-16f">
         <name>.text:GPIO_setAsPeripheralModuleFunctionOutputPin</name>
         <load_address>0x8904</load_address>
         <run_address>0x8904</run_address>
         <size>0x4c</size>
         <input_file_ref idref="fl-27"/>
      </object_component>
      <object_component id="oc-a6">
         <name>.text</name>
         <load_address>0x8950</load_address>
         <run_address>0x8950</run_address>
         <size>0x4c</size>
         <input_file_ref idref="fl-168"/>
      </object_component>
      <object_component id="oc-24e">
         <name>.text:Timer_A_configureUpMode</name>
         <load_address>0x899c</load_address>
         <run_address>0x899c</run_address>
         <size>0x44</size>
         <input_file_ref idref="fl-2c"/>
      </object_component>
      <object_component id="oc-62">
         <name>.text</name>
         <load_address>0x89e0</load_address>
         <run_address>0x89e0</run_address>
         <size>0x44</size>
         <input_file_ref idref="fl-153"/>
      </object_component>
      <object_component id="oc-146">
         <name>.text</name>
         <load_address>0x8a24</load_address>
         <run_address>0x8a24</run_address>
         <size>0x44</size>
         <input_file_ref idref="fl-156"/>
      </object_component>
      <object_component id="oc-7e">
         <name>.text</name>
         <load_address>0x8a68</load_address>
         <run_address>0x8a68</run_address>
         <size>0x40</size>
         <input_file_ref idref="fl-f"/>
      </object_component>
      <object_component id="oc-12b">
         <name>.text</name>
         <load_address>0x8aa8</load_address>
         <run_address>0x8aa8</run_address>
         <size>0x40</size>
         <input_file_ref idref="fl-161"/>
      </object_component>
      <object_component id="oc-213">
         <name>.text:Interrupt_registerInterrupt</name>
         <load_address>0x8ae8</load_address>
         <run_address>0x8ae8</run_address>
         <size>0x34</size>
         <input_file_ref idref="fl-28"/>
      </object_component>
      <object_component id="oc-f5">
         <name>.text:GPIO_getEnabledInterruptStatus</name>
         <load_address>0x8b1c</load_address>
         <run_address>0x8b1c</run_address>
         <size>0x30</size>
         <input_file_ref idref="fl-27"/>
      </object_component>
      <object_component id="oc-236">
         <name>.text:GPIO_setAsInputPinWithPullUpResistor</name>
         <load_address>0x8b4c</load_address>
         <run_address>0x8b4c</run_address>
         <size>0x30</size>
         <input_file_ref idref="fl-27"/>
      </object_component>
      <object_component id="oc-125">
         <name>.text</name>
         <load_address>0x8b7c</load_address>
         <run_address>0x8b7c</run_address>
         <size>0x30</size>
         <input_file_ref idref="fl-160"/>
      </object_component>
      <object_component id="oc-137">
         <name>.text</name>
         <load_address>0x8bac</load_address>
         <run_address>0x8bac</run_address>
         <size>0x2e</size>
         <input_file_ref idref="fl-157"/>
      </object_component>
      <object_component id="oc-45c">
         <name>.text:PCM_getCoreVoltageLevel</name>
         <load_address>0x8bda</load_address>
         <run_address>0x8bda</run_address>
         <size>0x2c</size>
         <input_file_ref idref="fl-29"/>
      </object_component>
      <object_component id="oc-448">
         <name>.text:PCM_getPowerMode</name>
         <load_address>0x8c06</load_address>
         <run_address>0x8c06</run_address>
         <size>0x2a</size>
         <input_file_ref idref="fl-29"/>
      </object_component>
      <object_component id="oc-2bf">
         <name>.text</name>
         <load_address>0x8c30</load_address>
         <run_address>0x8c30</run_address>
         <size>0x2a</size>
         <input_file_ref idref="fl-174"/>
      </object_component>
      <object_component id="oc-3f0">
         <name>.text:PCM_gotoLPM0</name>
         <load_address>0x8c5c</load_address>
         <run_address>0x8c5c</run_address>
         <size>0x28</size>
         <input_file_ref idref="fl-29"/>
      </object_component>
      <object_component id="oc-38e">
         <name>.text</name>
         <load_address>0x8c84</load_address>
         <run_address>0x8c84</run_address>
         <size>0x26</size>
         <input_file_ref idref="fl-15f"/>
      </object_component>
      <object_component id="oc-181">
         <name>.text:CS_setDCOCenteredFrequency</name>
         <load_address>0x8cac</load_address>
         <run_address>0x8cac</run_address>
         <size>0x24</size>
         <input_file_ref idref="fl-26"/>
      </object_component>
      <object_component id="oc-248">
         <name>.text:GPIO_setAsOutputPin</name>
         <load_address>0x8cd0</load_address>
         <run_address>0x8cd0</run_address>
         <size>0x24</size>
         <input_file_ref idref="fl-27"/>
      </object_component>
      <object_component id="oc-2c5">
         <name>.text</name>
         <load_address>0x8cf4</load_address>
         <run_address>0x8cf4</run_address>
         <size>0x24</size>
         <input_file_ref idref="fl-173"/>
      </object_component>
      <object_component id="oc-242">
         <name>.text:GPIO_interruptEdgeSelect</name>
         <load_address>0x8d18</load_address>
         <run_address>0x8d18</run_address>
         <size>0x20</size>
         <input_file_ref idref="fl-27"/>
      </object_component>
      <object_component id="oc-fb">
         <name>.text:GPIO_clearInterruptFlag</name>
         <load_address>0x8d38</load_address>
         <run_address>0x8d38</run_address>
         <size>0x18</size>
         <input_file_ref idref="fl-27"/>
      </object_component>
      <object_component id="oc-107">
         <name>.text:GPIO_setOutputLowOnPin</name>
         <load_address>0x8d50</load_address>
         <run_address>0x8d50</run_address>
         <size>0x18</size>
         <input_file_ref idref="fl-27"/>
      </object_component>
      <object_component id="oc-5c">
         <name>.text</name>
         <load_address>0x8d68</load_address>
         <run_address>0x8d68</run_address>
         <size>0x18</size>
         <input_file_ref idref="fl-165"/>
      </object_component>
      <object_component id="oc-175">
         <name>.text:CS_setExternalClockSourceFrequency</name>
         <load_address>0x8d80</load_address>
         <run_address>0x8d80</run_address>
         <size>0x14</size>
         <input_file_ref idref="fl-26"/>
      </object_component>
      <object_component id="oc-23c">
         <name>.text:GPIO_enableInterrupt</name>
         <load_address>0x8d94</load_address>
         <run_address>0x8d94</run_address>
         <size>0x14</size>
         <input_file_ref idref="fl-27"/>
      </object_component>
      <object_component id="oc-101">
         <name>.text:GPIO_setOutputHighOnPin</name>
         <load_address>0x8da8</load_address>
         <run_address>0x8da8</run_address>
         <size>0x14</size>
         <input_file_ref idref="fl-27"/>
      </object_component>
      <object_component id="oc-e3">
         <name>.text:SysTick_enableInterrupt</name>
         <load_address>0x8dbc</load_address>
         <run_address>0x8dbc</run_address>
         <size>0x14</size>
         <input_file_ref idref="fl-2b"/>
      </object_component>
      <object_component id="oc-dd">
         <name>.text:SysTick_enableModule</name>
         <load_address>0x8dd0</load_address>
         <run_address>0x8dd0</run_address>
         <size>0x14</size>
         <input_file_ref idref="fl-2b"/>
      </object_component>
      <object_component id="oc-1b5">
         <name>.text</name>
         <load_address>0x8de4</load_address>
         <run_address>0x8de4</run_address>
         <size>0x14</size>
         <input_file_ref idref="fl-163"/>
      </object_component>
      <object_component id="oc-c5">
         <name>.text</name>
         <load_address>0x8df8</load_address>
         <run_address>0x8df8</run_address>
         <size>0x14</size>
         <input_file_ref idref="fl-15e"/>
      </object_component>
      <object_component id="oc-265">
         <name>.text:GPIO_getInterruptStatus</name>
         <load_address>0x8e0c</load_address>
         <run_address>0x8e0c</run_address>
         <size>0x10</size>
         <input_file_ref idref="fl-27"/>
      </object_component>
      <object_component id="oc-163">
         <name>.text:Interrupt_enableMaster</name>
         <load_address>0x8e1c</load_address>
         <run_address>0x8e1c</run_address>
         <size>0x10</size>
         <input_file_ref idref="fl-28"/>
      </object_component>
      <object_component id="oc-3d2">
         <name>.text:PCM_getPowerState</name>
         <load_address>0x8e2c</load_address>
         <run_address>0x8e2c</run_address>
         <size>0x10</size>
         <input_file_ref idref="fl-29"/>
      </object_component>
      <object_component id="oc-10">
         <name>.text:decompress:none</name>
         <load_address>0x8e3c</load_address>
         <run_address>0x8e3c</run_address>
         <size>0xe</size>
         <input_file_ref idref="fl-150"/>
      </object_component>
      <object_component id="oc-2e3">
         <name>.text:CPU_cpsie</name>
         <load_address>0x8e4a</load_address>
         <run_address>0x8e4a</run_address>
         <size>0xc</size>
         <input_file_ref idref="fl-2d"/>
      </object_component>
      <object_component id="oc-d7">
         <name>.text:SysTick_setPeriod</name>
         <load_address>0x8e58</load_address>
         <run_address>0x8e58</run_address>
         <size>0xc</size>
         <input_file_ref idref="fl-2b"/>
      </object_component>
      <object_component id="oc-10d">
         <name>.text:Timer_A_stopTimer</name>
         <load_address>0x8e64</load_address>
         <run_address>0x8e64</run_address>
         <size>0xc</size>
         <input_file_ref idref="fl-2c"/>
      </object_component>
      <object_component id="oc-1c">
         <name>.text:decompress:ZI</name>
         <load_address>0x8e70</load_address>
         <run_address>0x8e70</run_address>
         <size>0xc</size>
         <input_file_ref idref="fl-152"/>
      </object_component>
      <object_component id="oc-6c">
         <name>.text</name>
         <load_address>0x8e7c</load_address>
         <run_address>0x8e7c</run_address>
         <size>0xc</size>
         <input_file_ref idref="fl-16"/>
      </object_component>
      <object_component id="oc-d1">
         <name>.text:SysTick_registerInterrupt</name>
         <load_address>0x8e88</load_address>
         <run_address>0x8e88</run_address>
         <size>0x8</size>
         <input_file_ref idref="fl-2b"/>
      </object_component>
      <object_component id="oc-44e">
         <name>.text:PCM_setPowerMode</name>
         <load_address>0x8e90</load_address>
         <run_address>0x8e90</run_address>
         <size>0x6</size>
         <input_file_ref idref="fl-29"/>
      </object_component>
      <object_component id="oc-17b">
         <name>.text:PCM_setPowerState</name>
         <load_address>0x8e96</load_address>
         <run_address>0x8e96</run_address>
         <size>0x6</size>
         <input_file_ref idref="fl-29"/>
      </object_component>
      <object_component id="oc-16">
         <name>.text:decompress:rle24</name>
         <load_address>0x8e9c</load_address>
         <run_address>0x8e9c</run_address>
         <size>0x6</size>
         <input_file_ref idref="fl-151"/>
      </object_component>
      <object_component id="oc-454">
         <name>.text:CPU_wfi</name>
         <load_address>0x8ea2</load_address>
         <run_address>0x8ea2</run_address>
         <size>0x4</size>
         <input_file_ref idref="fl-2d"/>
      </object_component>
      <object_component id="oc-50">
         <name>.text</name>
         <load_address>0x8ea6</load_address>
         <run_address>0x8ea6</run_address>
         <size>0x4</size>
         <input_file_ref idref="fl-15b"/>
      </object_component>
      <object_component id="oc-2d0">
         <name>.const:.string:_ctypes_</name>
         <load_address>0x8eac</load_address>
         <run_address>0x8eac</run_address>
         <size>0x101</size>
         <input_file_ref idref="fl-169"/>
      </object_component>
      <object_component id="oc-352">
         <name>.const:$P$T0$1</name>
         <load_address>0x8fb0</load_address>
         <run_address>0x8fb0</run_address>
         <size>0xb0</size>
         <input_file_ref idref="fl-20"/>
      </object_component>
      <object_component id="oc-122">
         <name>.const:$P$T0$1</name>
         <load_address>0x9060</load_address>
         <run_address>0x9060</run_address>
         <size>0x58</size>
         <input_file_ref idref="fl-15"/>
      </object_component>
      <object_component id="oc-29e">
         <name>.const:$P$T1$2</name>
         <load_address>0x90b8</load_address>
         <run_address>0x90b8</run_address>
         <size>0x58</size>
         <input_file_ref idref="fl-3"/>
      </object_component>
      <object_component id="oc-2de">
         <name>.const</name>
         <load_address>0x9110</load_address>
         <run_address>0x9110</run_address>
         <size>0x40</size>
         <input_file_ref idref="fl-28"/>
      </object_component>
      <object_component id="oc-355">
         <name>.const</name>
         <load_address>0x9150</load_address>
         <run_address>0x9150</run_address>
         <size>0x3c</size>
         <input_file_ref idref="fl-20"/>
      </object_component>
      <object_component id="oc-31b">
         <name>.const:_SlActionLookupTable</name>
         <load_address>0x918c</load_address>
         <run_address>0x918c</run_address>
         <size>0x38</size>
         <input_file_ref idref="fl-11"/>
      </object_component>
      <object_component id="oc-233">
         <name>.const</name>
         <load_address>0x91c4</load_address>
         <run_address>0x91c4</run_address>
         <size>0x38</size>
         <input_file_ref idref="fl-18"/>
      </object_component>
      <object_component id="oc-1c9">
         <name>.const</name>
         <load_address>0x91fc</load_address>
         <run_address>0x91fc</run_address>
         <size>0x34</size>
         <input_file_ref idref="fl-1c"/>
      </object_component>
      <object_component id="oc-26b">
         <name>.const:GPIO_PORT_TO_BASE</name>
         <load_address>0x9230</load_address>
         <run_address>0x9230</run_address>
         <size>0x30</size>
         <input_file_ref idref="fl-27"/>
      </object_component>
      <object_component id="oc-230">
         <name>.const:$P$T0$1</name>
         <load_address>0x9260</load_address>
         <run_address>0x9260</run_address>
         <size>0x2c</size>
         <input_file_ref idref="fl-18"/>
      </object_component>
      <object_component id="oc-283">
         <name>.const</name>
         <load_address>0x928c</load_address>
         <run_address>0x928c</run_address>
         <size>0x28</size>
         <input_file_ref idref="fl-3"/>
      </object_component>
      <object_component id="oc-203">
         <name>.const</name>
         <load_address>0x92b4</load_address>
         <run_address>0x92b4</run_address>
         <size>0x28</size>
         <input_file_ref idref="fl-19"/>
      </object_component>
      <object_component id="oc-39b">
         <name>.const</name>
         <load_address>0x92dc</load_address>
         <run_address>0x92dc</run_address>
         <size>0x14</size>
         <input_file_ref idref="fl-4"/>
      </object_component>
      <object_component id="oc-349">
         <name>.const</name>
         <load_address>0x92f0</load_address>
         <run_address>0x92f0</run_address>
         <size>0x14</size>
         <input_file_ref idref="fl-10"/>
      </object_component>
      <object_component id="oc-318">
         <name>.const</name>
         <load_address>0x9304</load_address>
         <run_address>0x9304</run_address>
         <size>0x14</size>
         <input_file_ref idref="fl-11"/>
      </object_component>
      <object_component id="oc-257">
         <name>.const:.string</name>
         <load_address>0x9318</load_address>
         <run_address>0x9318</run_address>
         <size>0x8</size>
         <input_file_ref idref="fl-15"/>
      </object_component>
      <object_component id="oc-3a2">
         <name>.const</name>
         <load_address>0x9320</load_address>
         <run_address>0x9320</run_address>
         <size>0x8</size>
         <input_file_ref idref="fl-6"/>
      </object_component>
      <object_component id="oc-3a7">
         <name>.const</name>
         <load_address>0x9328</load_address>
         <run_address>0x9328</run_address>
         <size>0x8</size>
         <input_file_ref idref="fl-9"/>
      </object_component>
      <object_component id="oc-3ac">
         <name>.const</name>
         <load_address>0x9330</load_address>
         <run_address>0x9330</run_address>
         <size>0x8</size>
         <input_file_ref idref="fl-a"/>
      </object_component>
      <object_component id="oc-35f">
         <name>.const</name>
         <load_address>0x9338</load_address>
         <run_address>0x9338</run_address>
         <size>0x8</size>
         <input_file_ref idref="fl-1a"/>
      </object_component>
      <object_component id="oc-397">
         <name>.const</name>
         <load_address>0x9340</load_address>
         <run_address>0x9340</run_address>
         <size>0x4</size>
         <input_file_ref idref="fl-8"/>
      </object_component>
      <object_component id="oc-3b1">
         <name>.const</name>
         <load_address>0x9344</load_address>
         <run_address>0x9344</run_address>
         <size>0x4</size>
         <input_file_ref idref="fl-c"/>
      </object_component>
      <object_component id="oc-492">
         <name>.cinit..data.load</name>
         <load_address>0x9348</load_address>
         <run_address>0x9348</run_address>
         <size>0x29</size>
      </object_component>
      <object_component id="oc-48f">
         <name>__TI_handler_table</name>
         <load_address>0x9374</load_address>
         <run_address>0x9374</run_address>
         <size>0xc</size>
      </object_component>
      <object_component id="oc-493">
         <name>.cinit..bss.load</name>
         <load_address>0x9380</load_address>
         <run_address>0x9380</run_address>
         <size>0x8</size>
      </object_component>
      <object_component id="oc-491">
         <name>.cinit..vtable.load</name>
         <load_address>0x9388</load_address>
         <run_address>0x9388</run_address>
         <size>0x8</size>
      </object_component>
      <object_component id="oc-490">
         <name>__TI_cinit_table</name>
         <load_address>0x9390</load_address>
         <run_address>0x9390</run_address>
         <size>0x18</size>
      </object_component>
      <object_component id="oc-33e">
         <name>.vtable</name>
         <uninitialized>true</uninitialized>
         <run_address>0x20000000</run_address>
         <size>0xe4</size>
         <input_file_ref idref="fl-28"/>
      </object_component>
      <object_component id="oc-2a">
         <name>.stack</name>
         <uninitialized>true</uninitialized>
         <run_address>0x2000fe00</run_address>
         <size>0x0</size>
         <input_file_ref idref="fl-14f"/>
      </object_component>
      <object_component id="oc-494">
         <name>.stack</name>
         <uninitialized>true</uninitialized>
         <run_address>0x2000fe00</run_address>
         <size>0x0</size>
      </object_component>
      <object_component id="oc-30f">
         <name>.bss:g_StatMem</name>
         <uninitialized>true</uninitialized>
         <run_address>0x2000072c</run_address>
         <size>0x164</size>
         <input_file_ref idref="fl-11"/>
      </object_component>
      <object_component id="oc-11f">
         <name>.bss:hMQTTClient</name>
         <uninitialized>true</uninitialized>
         <run_address>0x20000890</run_address>
         <size>0x5c</size>
         <input_file_ref idref="fl-15"/>
      </object_component>
      <object_component id="oc-254">
         <name>.bss:g_AppData</name>
         <uninitialized>true</uninitialized>
         <run_address>0x200000e4</run_address>
         <size>0x648</size>
         <input_file_ref idref="fl-18"/>
      </object_component>
      <object_component id="oc-327">
         <name>.bss:g__SlNonOsCB</name>
         <uninitialized>true</uninitialized>
         <run_address>0x200008ec</run_address>
         <size>0x28</size>
         <input_file_ref idref="fl-1b"/>
      </object_component>
      <object_component id="oc-c2">
         <name>.common:MilliTimer</name>
         <uninitialized>true</uninitialized>
         <run_address>0x20000924</run_address>
         <size>0x4</size>
      </object_component>
      <object_component id="oc-394">
         <name>.common:bufptr</name>
         <uninitialized>true</uninitialized>
         <run_address>0x20000928</run_address>
         <size>0x4</size>
      </object_component>
      <object_component id="oc-190">
         <name>.common:IntIsMasked</name>
         <uninitialized>true</uninitialized>
         <run_address>0x20000934</run_address>
         <size>0x1</size>
      </object_component>
      <object_component id="oc-11c">
         <name>.common:n</name>
         <uninitialized>true</uninitialized>
         <run_address>0x20000914</run_address>
         <size>0x10</size>
      </object_component>
      <object_component id="oc-2ef">
         <name>.common:hfxtFreq</name>
         <uninitialized>true</uninitialized>
         <run_address>0x2000092c</run_address>
         <size>0x4</size>
      </object_component>
      <object_component id="oc-2ec">
         <name>.common:lfxtFreq</name>
         <uninitialized>true</uninitialized>
         <run_address>0x20000930</run_address>
         <size>0x4</size>
      </object_component>
      <object_component id="oc-18d">
         <name>.data</name>
         <load_address>0x20000974</load_address>
         <run_address>0x20000974</run_address>
         <size>0x4</size>
         <input_file_ref idref="fl-e"/>
      </object_component>
      <object_component id="oc-1d2">
         <name>.data</name>
         <load_address>0x20000958</load_address>
         <run_address>0x20000958</run_address>
         <size>0x9</size>
         <input_file_ref idref="fl-11"/>
      </object_component>
      <object_component id="oc-113">
         <name>.data</name>
         <load_address>0x20000938</load_address>
         <run_address>0x20000938</run_address>
         <size>0x1d</size>
         <input_file_ref idref="fl-15"/>
      </object_component>
      <object_component id="oc-b3">
         <name>.data</name>
         <load_address>0x2000096c</load_address>
         <run_address>0x2000096c</run_address>
         <size>0x8</size>
         <input_file_ref idref="fl-153"/>
      </object_component>
      <object_component id="oc-68">
         <name>.data</name>
         <load_address>0x2000097c</load_address>
         <run_address>0x2000097c</run_address>
         <size>0x4</size>
         <input_file_ref idref="fl-15d"/>
      </object_component>
      <object_component id="oc-2cb">
         <name>.data</name>
         <load_address>0x20000980</load_address>
         <run_address>0x20000980</run_address>
         <size>0x4</size>
         <input_file_ref idref="fl-161"/>
      </object_component>
      <object_component id="oc-b0">
         <name>.data</name>
         <load_address>0x20000964</load_address>
         <run_address>0x20000964</run_address>
         <size>0x8</size>
         <input_file_ref idref="fl-163"/>
      </object_component>
      <object_component id="oc-2d3">
         <name>.data</name>
         <load_address>0x20000978</load_address>
         <run_address>0x20000978</run_address>
         <size>0x4</size>
         <input_file_ref idref="fl-16a"/>
      </object_component>
      <object_component id="oc-c3">
         <name>.debug_info</name>
         <load_address>0x0</load_address>
         <run_address>0x0</run_address>
         <size>0x977</size>
         <input_file_ref idref="fl-2"/>
      </object_component>
      <object_component id="oc-73">
         <name>.debug_info</name>
         <load_address>0x977</load_address>
         <run_address>0x977</run_address>
         <size>0xd15</size>
         <input_file_ref idref="fl-2"/>
      </object_component>
      <object_component id="oc-25b">
         <name>.debug_info</name>
         <load_address>0x168c</load_address>
         <run_address>0x168c</run_address>
         <size>0x30f</size>
         <input_file_ref idref="fl-2"/>
      </object_component>
      <object_component id="oc-199">
         <name>.debug_info</name>
         <load_address>0x199b</load_address>
         <run_address>0x199b</run_address>
         <size>0x13e</size>
         <input_file_ref idref="fl-2"/>
      </object_component>
      <object_component id="oc-ea">
         <name>.debug_info</name>
         <load_address>0x1ad9</load_address>
         <run_address>0x1ad9</run_address>
         <size>0x827</size>
         <input_file_ref idref="fl-2"/>
      </object_component>
      <object_component id="oc-1ed">
         <name>.debug_info</name>
         <load_address>0x2300</load_address>
         <run_address>0x2300</run_address>
         <size>0x60f</size>
         <input_file_ref idref="fl-2"/>
      </object_component>
      <object_component id="oc-260">
         <name>.debug_info</name>
         <load_address>0x290f</load_address>
         <run_address>0x290f</run_address>
         <size>0x92b</size>
         <input_file_ref idref="fl-2"/>
      </object_component>
      <object_component id="oc-1f2">
         <name>.debug_info</name>
         <load_address>0x323a</load_address>
         <run_address>0x323a</run_address>
         <size>0x103e</size>
         <input_file_ref idref="fl-2"/>
      </object_component>
      <object_component id="oc-1f7">
         <name>.debug_info</name>
         <load_address>0x4278</load_address>
         <run_address>0x4278</run_address>
         <size>0xcd</size>
         <input_file_ref idref="fl-2"/>
      </object_component>
      <object_component id="oc-1fc">
         <name>.debug_info</name>
         <load_address>0x4345</load_address>
         <run_address>0x4345</run_address>
         <size>0x6c8</size>
         <input_file_ref idref="fl-2"/>
      </object_component>
      <object_component id="oc-95">
         <name>.debug_info</name>
         <load_address>0x4a0d</load_address>
         <run_address>0x4a0d</run_address>
         <size>0x84</size>
         <input_file_ref idref="fl-2"/>
      </object_component>
      <object_component id="oc-1dc">
         <name>.debug_info</name>
         <load_address>0x4a91</load_address>
         <run_address>0x4a91</run_address>
         <size>0x65</size>
         <input_file_ref idref="fl-2"/>
      </object_component>
      <object_component id="oc-32b">
         <name>.debug_info</name>
         <load_address>0x4af6</load_address>
         <run_address>0x4af6</run_address>
         <size>0x46</size>
         <input_file_ref idref="fl-2"/>
      </object_component>
      <object_component id="oc-14c">
         <name>.debug_info</name>
         <load_address>0x4b3c</load_address>
         <run_address>0x4b3c</run_address>
         <size>0x18b</size>
         <input_file_ref idref="fl-2"/>
      </object_component>
      <object_component id="oc-3fd">
         <name>.debug_info</name>
         <load_address>0x4cc7</load_address>
         <run_address>0x4cc7</run_address>
         <size>0x2c</size>
         <input_file_ref idref="fl-2"/>
      </object_component>
      <object_component id="oc-9d">
         <name>.debug_info</name>
         <load_address>0x4cf3</load_address>
         <run_address>0x4cf3</run_address>
         <size>0x2c</size>
         <input_file_ref idref="fl-2"/>
      </object_component>
      <object_component id="oc-2a2">
         <name>.debug_info</name>
         <load_address>0x4d1f</load_address>
         <run_address>0x4d1f</run_address>
         <size>0xb34</size>
         <input_file_ref idref="fl-3"/>
      </object_component>
      <object_component id="oc-284">
         <name>.debug_info</name>
         <load_address>0x5853</load_address>
         <run_address>0x5853</run_address>
         <size>0x130</size>
         <input_file_ref idref="fl-3"/>
      </object_component>
      <object_component id="oc-29f">
         <name>.debug_info</name>
         <load_address>0x5983</load_address>
         <run_address>0x5983</run_address>
         <size>0xd4</size>
         <input_file_ref idref="fl-3"/>
      </object_component>
      <object_component id="oc-117">
         <name>.debug_info</name>
         <load_address>0x5a57</load_address>
         <run_address>0x5a57</run_address>
         <size>0x1986</size>
         <input_file_ref idref="fl-3"/>
      </object_component>
      <object_component id="oc-2a8">
         <name>.debug_info</name>
         <load_address>0x73dd</load_address>
         <run_address>0x73dd</run_address>
         <size>0x1f3</size>
         <input_file_ref idref="fl-3"/>
      </object_component>
      <object_component id="oc-151">
         <name>.debug_info</name>
         <load_address>0x75d0</load_address>
         <run_address>0x75d0</run_address>
         <size>0x2b9</size>
         <input_file_ref idref="fl-3"/>
      </object_component>
      <object_component id="oc-2a3">
         <name>.debug_info</name>
         <load_address>0x7889</load_address>
         <run_address>0x7889</run_address>
         <size>0xc8</size>
         <input_file_ref idref="fl-3"/>
      </object_component>
      <object_component id="oc-2ad">
         <name>.debug_info</name>
         <load_address>0x7951</load_address>
         <run_address>0x7951</run_address>
         <size>0x280</size>
         <input_file_ref idref="fl-3"/>
      </object_component>
      <object_component id="oc-39f">
         <name>.debug_info</name>
         <load_address>0x7bd1</load_address>
         <run_address>0x7bd1</run_address>
         <size>0x2be</size>
         <input_file_ref idref="fl-4"/>
      </object_component>
      <object_component id="oc-39c">
         <name>.debug_info</name>
         <load_address>0x7e8f</load_address>
         <run_address>0x7e8f</run_address>
         <size>0x152</size>
         <input_file_ref idref="fl-4"/>
      </object_component>
      <object_component id="oc-27e">
         <name>.debug_info</name>
         <load_address>0x7fe1</load_address>
         <run_address>0x7fe1</run_address>
         <size>0x9b5</size>
         <input_file_ref idref="fl-4"/>
      </object_component>
      <object_component id="oc-3a6">
         <name>.debug_info</name>
         <load_address>0x8996</load_address>
         <run_address>0x8996</run_address>
         <size>0x1cd</size>
         <input_file_ref idref="fl-6"/>
      </object_component>
      <object_component id="oc-3a3">
         <name>.debug_info</name>
         <load_address>0x8b63</load_address>
         <run_address>0x8b63</run_address>
         <size>0xfd</size>
         <input_file_ref idref="fl-6"/>
      </object_component>
      <object_component id="oc-287">
         <name>.debug_info</name>
         <load_address>0x8c60</load_address>
         <run_address>0x8c60</run_address>
         <size>0x527</size>
         <input_file_ref idref="fl-6"/>
      </object_component>
      <object_component id="oc-395">
         <name>.debug_info</name>
         <load_address>0x9187</load_address>
         <run_address>0x9187</run_address>
         <size>0x1e8</size>
         <input_file_ref idref="fl-8"/>
      </object_component>
      <object_component id="oc-398">
         <name>.debug_info</name>
         <load_address>0x936f</load_address>
         <run_address>0x936f</run_address>
         <size>0xd4</size>
         <input_file_ref idref="fl-8"/>
      </object_component>
      <object_component id="oc-278">
         <name>.debug_info</name>
         <load_address>0x9443</load_address>
         <run_address>0x9443</run_address>
         <size>0xd45</size>
         <input_file_ref idref="fl-8"/>
      </object_component>
      <object_component id="oc-3ab">
         <name>.debug_info</name>
         <load_address>0xa188</load_address>
         <run_address>0xa188</run_address>
         <size>0x23f</size>
         <input_file_ref idref="fl-9"/>
      </object_component>
      <object_component id="oc-3a8">
         <name>.debug_info</name>
         <load_address>0xa3c7</load_address>
         <run_address>0xa3c7</run_address>
         <size>0xfb</size>
         <input_file_ref idref="fl-9"/>
      </object_component>
      <object_component id="oc-28d">
         <name>.debug_info</name>
         <load_address>0xa4c2</load_address>
         <run_address>0xa4c2</run_address>
         <size>0x959</size>
         <input_file_ref idref="fl-9"/>
      </object_component>
      <object_component id="oc-3b0">
         <name>.debug_info</name>
         <load_address>0xae1b</load_address>
         <run_address>0xae1b</run_address>
         <size>0x2a6</size>
         <input_file_ref idref="fl-a"/>
      </object_component>
      <object_component id="oc-3ad">
         <name>.debug_info</name>
         <load_address>0xb0c1</load_address>
         <run_address>0xb0c1</run_address>
         <size>0xfa</size>
         <input_file_ref idref="fl-a"/>
      </object_component>
      <object_component id="oc-293">
         <name>.debug_info</name>
         <load_address>0xb1bb</load_address>
         <run_address>0xb1bb</run_address>
         <size>0x694</size>
         <input_file_ref idref="fl-a"/>
      </object_component>
      <object_component id="oc-3b5">
         <name>.debug_info</name>
         <load_address>0xb84f</load_address>
         <run_address>0xb84f</run_address>
         <size>0x265</size>
         <input_file_ref idref="fl-c"/>
      </object_component>
      <object_component id="oc-3b2">
         <name>.debug_info</name>
         <load_address>0xbab4</load_address>
         <run_address>0xbab4</run_address>
         <size>0xde</size>
         <input_file_ref idref="fl-c"/>
      </object_component>
      <object_component id="oc-299">
         <name>.debug_info</name>
         <load_address>0xbb92</load_address>
         <run_address>0xbb92</run_address>
         <size>0x592</size>
         <input_file_ref idref="fl-c"/>
      </object_component>
      <object_component id="oc-191">
         <name>.debug_info</name>
         <load_address>0xc124</load_address>
         <run_address>0xc124</run_address>
         <size>0x7d7</size>
         <input_file_ref idref="fl-e"/>
      </object_component>
      <object_component id="oc-18e">
         <name>.debug_info</name>
         <load_address>0xc8fb</load_address>
         <run_address>0xc8fb</run_address>
         <size>0xe1</size>
         <input_file_ref idref="fl-e"/>
      </object_component>
      <object_component id="oc-85">
         <name>.debug_info</name>
         <load_address>0xc9dc</load_address>
         <run_address>0xc9dc</run_address>
         <size>0xa36</size>
         <input_file_ref idref="fl-e"/>
      </object_component>
      <object_component id="oc-389">
         <name>.debug_info</name>
         <load_address>0xd412</load_address>
         <run_address>0xd412</run_address>
         <size>0x341</size>
         <input_file_ref idref="fl-e"/>
      </object_component>
      <object_component id="oc-194">
         <name>.debug_info</name>
         <load_address>0xd753</load_address>
         <run_address>0xd753</run_address>
         <size>0x8b</size>
         <input_file_ref idref="fl-e"/>
      </object_component>
      <object_component id="oc-15c">
         <name>.debug_info</name>
         <load_address>0xd7de</load_address>
         <run_address>0xd7de</run_address>
         <size>0x309</size>
         <input_file_ref idref="fl-f"/>
      </object_component>
      <object_component id="oc-7f">
         <name>.debug_info</name>
         <load_address>0xdae7</load_address>
         <run_address>0xdae7</run_address>
         <size>0x261</size>
         <input_file_ref idref="fl-f"/>
      </object_component>
      <object_component id="oc-335">
         <name>.debug_info</name>
         <load_address>0xdd48</load_address>
         <run_address>0xdd48</run_address>
         <size>0x924</size>
         <input_file_ref idref="fl-10"/>
      </object_component>
      <object_component id="oc-34a">
         <name>.debug_info</name>
         <load_address>0xe66c</load_address>
         <run_address>0xe66c</run_address>
         <size>0x1ca</size>
         <input_file_ref idref="fl-10"/>
      </object_component>
      <object_component id="oc-21f">
         <name>.debug_info</name>
         <load_address>0xe836</load_address>
         <run_address>0xe836</run_address>
         <size>0x1044</size>
         <input_file_ref idref="fl-10"/>
      </object_component>
      <object_component id="oc-1e1">
         <name>.debug_info</name>
         <load_address>0xf87a</load_address>
         <run_address>0xf87a</run_address>
         <size>0x5d5</size>
         <input_file_ref idref="fl-10"/>
      </object_component>
      <object_component id="oc-1e6">
         <name>.debug_info</name>
         <load_address>0xfe4f</load_address>
         <run_address>0xfe4f</run_address>
         <size>0x235a</size>
         <input_file_ref idref="fl-10"/>
      </object_component>
      <object_component id="oc-34d">
         <name>.debug_info</name>
         <load_address>0x121a9</load_address>
         <run_address>0x121a9</run_address>
         <size>0x178</size>
         <input_file_ref idref="fl-10"/>
      </object_component>
      <object_component id="oc-31f">
         <name>.debug_info</name>
         <load_address>0x12321</load_address>
         <run_address>0x12321</run_address>
         <size>0xb46</size>
         <input_file_ref idref="fl-11"/>
      </object_component>
      <object_component id="oc-310">
         <name>.debug_info</name>
         <load_address>0x12e67</load_address>
         <run_address>0x12e67</run_address>
         <size>0xd4</size>
         <input_file_ref idref="fl-11"/>
      </object_component>
      <object_component id="oc-319">
         <name>.debug_info</name>
         <load_address>0x12f3b</load_address>
         <run_address>0x12f3b</run_address>
         <size>0x132</size>
         <input_file_ref idref="fl-11"/>
      </object_component>
      <object_component id="oc-31c">
         <name>.debug_info</name>
         <load_address>0x1306d</load_address>
         <run_address>0x1306d</run_address>
         <size>0xea</size>
         <input_file_ref idref="fl-11"/>
      </object_component>
      <object_component id="oc-1d3">
         <name>.debug_info</name>
         <load_address>0x13157</load_address>
         <run_address>0x13157</run_address>
         <size>0x12a</size>
         <input_file_ref idref="fl-11"/>
      </object_component>
      <object_component id="oc-1c4">
         <name>.debug_info</name>
         <load_address>0x13281</load_address>
         <run_address>0x13281</run_address>
         <size>0x2a78</size>
         <input_file_ref idref="fl-11"/>
      </object_component>
      <object_component id="oc-320">
         <name>.debug_info</name>
         <load_address>0x15cf9</load_address>
         <run_address>0x15cf9</run_address>
         <size>0xe5</size>
         <input_file_ref idref="fl-11"/>
      </object_component>
      <object_component id="oc-33b">
         <name>.debug_info</name>
         <load_address>0x15dde</load_address>
         <run_address>0x15dde</run_address>
         <size>0x5c8</size>
         <input_file_ref idref="fl-12"/>
      </object_component>
      <object_component id="oc-207">
         <name>.debug_info</name>
         <load_address>0x163a6</load_address>
         <run_address>0x163a6</run_address>
         <size>0x456</size>
         <input_file_ref idref="fl-12"/>
      </object_component>
      <object_component id="oc-2b4">
         <name>.debug_info</name>
         <load_address>0x167fc</load_address>
         <run_address>0x167fc</run_address>
         <size>0x110</size>
         <input_file_ref idref="fl-12"/>
      </object_component>
      <object_component id="oc-30a">
         <name>.debug_info</name>
         <load_address>0x1690c</load_address>
         <run_address>0x1690c</run_address>
         <size>0x269</size>
         <input_file_ref idref="fl-13"/>
      </object_component>
      <object_component id="oc-11d">
         <name>.debug_info</name>
         <load_address>0x16b75</load_address>
         <run_address>0x16b75</run_address>
         <size>0xa5c</size>
         <input_file_ref idref="fl-15"/>
      </object_component>
      <object_component id="oc-114">
         <name>.debug_info</name>
         <load_address>0x175d1</load_address>
         <run_address>0x175d1</run_address>
         <size>0x1a1</size>
         <input_file_ref idref="fl-15"/>
      </object_component>
      <object_component id="oc-258">
         <name>.debug_info</name>
         <load_address>0x17772</load_address>
         <run_address>0x17772</run_address>
         <size>0xd8</size>
         <input_file_ref idref="fl-15"/>
      </object_component>
      <object_component id="oc-120">
         <name>.debug_info</name>
         <load_address>0x1784a</load_address>
         <run_address>0x1784a</run_address>
         <size>0xd6</size>
         <input_file_ref idref="fl-15"/>
      </object_component>
      <object_component id="oc-123">
         <name>.debug_info</name>
         <load_address>0x17920</load_address>
         <run_address>0x17920</run_address>
         <size>0xce</size>
         <input_file_ref idref="fl-15"/>
      </object_component>
      <object_component id="oc-79">
         <name>.debug_info</name>
         <load_address>0x179ee</load_address>
         <run_address>0x179ee</run_address>
         <size>0x798</size>
         <input_file_ref idref="fl-15"/>
      </object_component>
      <object_component id="oc-156">
         <name>.debug_info</name>
         <load_address>0x18186</load_address>
         <run_address>0x18186</run_address>
         <size>0x280</size>
         <input_file_ref idref="fl-15"/>
      </object_component>
      <object_component id="oc-8c">
         <name>.debug_info</name>
         <load_address>0x18406</load_address>
         <run_address>0x18406</run_address>
         <size>0x1cb</size>
         <input_file_ref idref="fl-16"/>
      </object_component>
      <object_component id="oc-28">
         <name>.debug_info</name>
         <load_address>0x185d1</load_address>
         <run_address>0x185d1</run_address>
         <size>0xee</size>
         <input_file_ref idref="fl-16"/>
      </object_component>
      <object_component id="oc-6d">
         <name>.debug_info</name>
         <load_address>0x186bf</load_address>
         <run_address>0x186bf</run_address>
         <size>0x21c</size>
         <input_file_ref idref="fl-16"/>
      </object_component>
      <object_component id="oc-36b">
         <name>.debug_info</name>
         <load_address>0x188db</load_address>
         <run_address>0x188db</run_address>
         <size>0xd07</size>
         <input_file_ref idref="fl-18"/>
      </object_component>
      <object_component id="oc-255">
         <name>.debug_info</name>
         <load_address>0x195e2</load_address>
         <run_address>0x195e2</run_address>
         <size>0xd4</size>
         <input_file_ref idref="fl-18"/>
      </object_component>
      <object_component id="oc-234">
         <name>.debug_info</name>
         <load_address>0x196b6</load_address>
         <run_address>0x196b6</run_address>
         <size>0x10e</size>
         <input_file_ref idref="fl-18"/>
      </object_component>
      <object_component id="oc-231">
         <name>.debug_info</name>
         <load_address>0x197c4</load_address>
         <run_address>0x197c4</run_address>
         <size>0xcf</size>
         <input_file_ref idref="fl-18"/>
      </object_component>
      <object_component id="oc-f0">
         <name>.debug_info</name>
         <load_address>0x19893</load_address>
         <run_address>0x19893</run_address>
         <size>0x7d0</size>
         <input_file_ref idref="fl-18"/>
      </object_component>
      <object_component id="oc-37b">
         <name>.debug_info</name>
         <load_address>0x1a063</load_address>
         <run_address>0x1a063</run_address>
         <size>0x11c</size>
         <input_file_ref idref="fl-18"/>
      </object_component>
      <object_component id="oc-212">
         <name>.debug_info</name>
         <load_address>0x1a17f</load_address>
         <run_address>0x1a17f</run_address>
         <size>0x88b</size>
         <input_file_ref idref="fl-19"/>
      </object_component>
      <object_component id="oc-204">
         <name>.debug_info</name>
         <load_address>0x1aa0a</load_address>
         <run_address>0x1aa0a</run_address>
         <size>0x2eb</size>
         <input_file_ref idref="fl-19"/>
      </object_component>
      <object_component id="oc-cc">
         <name>.debug_info</name>
         <load_address>0x1acf5</load_address>
         <run_address>0x1acf5</run_address>
         <size>0x1fbc</size>
         <input_file_ref idref="fl-19"/>
      </object_component>
      <object_component id="oc-20d">
         <name>.debug_info</name>
         <load_address>0x1ccb1</load_address>
         <run_address>0x1ccb1</run_address>
         <size>0x5c8</size>
         <input_file_ref idref="fl-19"/>
      </object_component>
      <object_component id="oc-363">
         <name>.debug_info</name>
         <load_address>0x1d279</load_address>
         <run_address>0x1d279</run_address>
         <size>0x5b9</size>
         <input_file_ref idref="fl-1a"/>
      </object_component>
      <object_component id="oc-360">
         <name>.debug_info</name>
         <load_address>0x1d832</load_address>
         <run_address>0x1d832</run_address>
         <size>0x11f</size>
         <input_file_ref idref="fl-1a"/>
      </object_component>
      <object_component id="oc-22b">
         <name>.debug_info</name>
         <load_address>0x1d951</load_address>
         <run_address>0x1d951</run_address>
         <size>0x3c3</size>
         <input_file_ref idref="fl-1a"/>
      </object_component>
      <object_component id="oc-364">
         <name>.debug_info</name>
         <load_address>0x1dd14</load_address>
         <run_address>0x1dd14</run_address>
         <size>0xaa</size>
         <input_file_ref idref="fl-1a"/>
      </object_component>
      <object_component id="oc-330">
         <name>.debug_info</name>
         <load_address>0x1ddbe</load_address>
         <run_address>0x1ddbe</run_address>
         <size>0x5b3</size>
         <input_file_ref idref="fl-1b"/>
      </object_component>
      <object_component id="oc-328">
         <name>.debug_info</name>
         <load_address>0x1e371</load_address>
         <run_address>0x1e371</run_address>
         <size>0xd9</size>
         <input_file_ref idref="fl-1b"/>
      </object_component>
      <object_component id="oc-1cd">
         <name>.debug_info</name>
         <load_address>0x1e44a</load_address>
         <run_address>0x1e44a</run_address>
         <size>0x435</size>
         <input_file_ref idref="fl-1b"/>
      </object_component>
      <object_component id="oc-40b">
         <name>.debug_info</name>
         <load_address>0x1e87f</load_address>
         <run_address>0x1e87f</run_address>
         <size>0x96</size>
         <input_file_ref idref="fl-1b"/>
      </object_component>
      <object_component id="oc-1d6">
         <name>.debug_info</name>
         <load_address>0x1e915</load_address>
         <run_address>0x1e915</run_address>
         <size>0x7da</size>
         <input_file_ref idref="fl-1c"/>
      </object_component>
      <object_component id="oc-1ca">
         <name>.debug_info</name>
         <load_address>0x1f0ef</load_address>
         <run_address>0x1f0ef</run_address>
         <size>0x318</size>
         <input_file_ref idref="fl-1c"/>
      </object_component>
      <object_component id="oc-bd">
         <name>.debug_info</name>
         <load_address>0x1f407</load_address>
         <run_address>0x1f407</run_address>
         <size>0x1e63</size>
         <input_file_ref idref="fl-1c"/>
      </object_component>
      <object_component id="oc-1d7">
         <name>.debug_info</name>
         <load_address>0x2126a</load_address>
         <run_address>0x2126a</run_address>
         <size>0x372</size>
         <input_file_ref idref="fl-1c"/>
      </object_component>
      <object_component id="oc-402">
         <name>.debug_info</name>
         <load_address>0x215dc</load_address>
         <run_address>0x215dc</run_address>
         <size>0x5b1</size>
         <input_file_ref idref="fl-1e"/>
      </object_component>
      <object_component id="oc-313">
         <name>.debug_info</name>
         <load_address>0x21b8d</load_address>
         <run_address>0x21b8d</run_address>
         <size>0x3b3</size>
         <input_file_ref idref="fl-1e"/>
      </object_component>
      <object_component id="oc-359">
         <name>.debug_info</name>
         <load_address>0x21f40</load_address>
         <run_address>0x21f40</run_address>
         <size>0x6ed</size>
         <input_file_ref idref="fl-20"/>
      </object_component>
      <object_component id="oc-356">
         <name>.debug_info</name>
         <load_address>0x2262d</load_address>
         <run_address>0x2262d</run_address>
         <size>0x3de</size>
         <input_file_ref idref="fl-20"/>
      </object_component>
      <object_component id="oc-353">
         <name>.debug_info</name>
         <load_address>0x22a0b</load_address>
         <run_address>0x22a0b</run_address>
         <size>0xcd</size>
         <input_file_ref idref="fl-20"/>
      </object_component>
      <object_component id="oc-225">
         <name>.debug_info</name>
[...]
         <value>0x2cfd</value>
         <object_component_ref idref="oc-bc"/>
      </symbol>
      <symbol id="sm-90c">
         <name>sl_SetSockOpt</name>
         <value>0x2c91</value>
         <object_component_ref idref="oc-bc"/>
      </symbol>
      <symbol id="sm-90d">
         <name>_sl_ParseAddress</name>
         <value>0x2281</value>
         <object_component_ref idref="oc-bc"/>
      </symbol>
      <symbol id="sm-90e">
         <name>sl_Listen</name>
         <value>0x2939</value>
         <object_component_ref idref="oc-bc"/>
      </symbol>
      <symbol id="sm-90f">
         <name>SL_FD_ISSET</name>
         <value>0x2f65</value>
         <object_component_ref idref="oc-bc"/>
      </symbol>
      <symbol id="sm-910">
         <name>sl_Bind</name>
         <value>0x235b</value>
         <object_component_ref idref="oc-bc"/>
      </symbol>
      <symbol id="sm-93e">
         <name>spi_Read</name>
         <value>0x74e5</value>
         <object_component_ref idref="oc-312"/>
      </symbol>
      <symbol id="sm-93f">
         <name>spi_Close</name>
         <value>0x738d</value>
         <object_component_ref idref="oc-312"/>
      </symbol>
      <symbol id="sm-940">
         <name>spi_Write</name>
         <value>0x748b</value>
         <object_component_ref idref="oc-312"/>
      </symbol>
      <symbol id="sm-941">
         <name>spi_Open</name>
         <value>0x7399</value>
         <object_component_ref idref="oc-312"/>
      </symbol>
      <symbol id="sm-9fb">
         <name>sl_WlanSmartConfigStop</name>
         <value>0x4441</value>
         <object_component_ref idref="oc-224"/>
      </symbol>
      <symbol id="sm-9fc">
         <name>sl_WlanProfileAdd</name>
         <value>0x3ecd</value>
         <object_component_ref idref="oc-224"/>
      </symbol>
      <symbol id="sm-9fd">
         <name>sl_WlanDisconnect</name>
         <value>0x3db3</value>
         <object_component_ref idref="oc-224"/>
      </symbol>
      <symbol id="sm-9fe">
         <name>_SlPolicyGetCmdCtrl</name>
         <value>0x9154</value>
         <object_component_ref idref="oc-355"/>
      </symbol>
      <symbol id="sm-9ff">
         <name>_SlPolicySetCmdCtrl</name>
         <value>0x9150</value>
         <object_component_ref idref="oc-355"/>
      </symbol>
      <symbol id="sm-a00">
         <name>_SlRxFilterGetCmdCtrl</name>
         <value>0x916c</value>
         <object_component_ref idref="oc-355"/>
      </symbol>
      <symbol id="sm-a01">
         <name>_SlRxFilterSetCmdCtrl</name>
         <value>0x9168</value>
         <object_component_ref idref="oc-355"/>
      </symbol>
      <symbol id="sm-a02">
         <name>sl_WlanRxFilterGet</name>
         <value>0x437d</value>
         <object_component_ref idref="oc-224"/>
      </symbol>
      <symbol id="sm-a03">
         <name>_SlProfileGetCmdCtrl</name>
         <value>0x9158</value>
         <object_component_ref idref="oc-355"/>
      </symbol>
      <symbol id="sm-a04">
         <name>sl_WlanRxStatGet</name>
         <value>0x440b</value>
         <object_component_ref idref="oc-224"/>
      </symbol>
      <symbol id="sm-a05">
         <name>_SlWlanGetNetworkListCtrl</name>
         <value>0x9160</value>
         <object_component_ref idref="oc-355"/>
      </symbol>
      <symbol id="sm-a06">
         <name>sl_WlanPolicySet</name>
         <value>0x3dbf</value>
         <object_component_ref idref="oc-224"/>
      </symbol>
      <symbol id="sm-a07">
         <name>_SlProfileDelCmdCtrl</name>
         <value>0x915c</value>
         <object_component_ref idref="oc-355"/>
      </symbol>
      <symbol id="sm-a08">
         <name>sl_WlanRxStatStart</name>
         <value>0x43f3</value>
         <object_component_ref idref="oc-224"/>
      </symbol>
      <symbol id="sm-a09">
         <name>sl_WlanProfileGet</name>
         <value>0x4139</value>
         <object_component_ref idref="oc-224"/>
      </symbol>
      <symbol id="sm-a0a">
         <name>_SlWlanSetModeCmdCtrl</name>
         <value>0x9174</value>
         <object_component_ref idref="oc-355"/>
      </symbol>
      <symbol id="sm-a0b">
         <name>sl_WlanPolicyGet</name>
         <value>0x3e29</value>
         <object_component_ref idref="oc-224"/>
      </symbol>
      <symbol id="sm-a0c">
         <name>_SlWlanCfgSetCmdCtrl</name>
         <value>0x9178</value>
         <object_component_ref idref="oc-355"/>
      </symbol>
      <symbol id="sm-a0d">
         <name>_SlWlanCfgGetCmdCtrl</name>
         <value>0x917c</value>
         <object_component_ref idref="oc-355"/>
      </symbol>
      <symbol id="sm-a0e">
         <name>sl_WlanGet</name>
         <value>0x4581</value>
         <object_component_ref idref="oc-224"/>
      </symbol>
      <symbol id="sm-a0f">
         <name>sl_WlanRxStatStop</name>
         <value>0x43ff</value>
         <object_component_ref idref="oc-224"/>
      </symbol>
      <symbol id="sm-a10">
         <name>sl_WlanSmartConfigStart</name>
         <value>0x4451</value>
         <object_component_ref idref="oc-224"/>
      </symbol>
      <symbol id="sm-a11">
         <name>sl_WlanRxFilterAdd</name>
         <value>0x42bb</value>
         <object_component_ref idref="oc-224"/>
      </symbol>
      <symbol id="sm-a12">
         <name>sl_WlanProfileDel</name>
         <value>0x421b</value>
         <object_component_ref idref="oc-224"/>
      </symbol>
      <symbol id="sm-a13">
         <name>_SlRxFilterAddtCmdCtrl</name>
         <value>0x9164</value>
         <object_component_ref idref="oc-355"/>
      </symbol>
      <symbol id="sm-a14">
         <name>sl_WlanRxFilterSet</name>
         <value>0x4329</value>
         <object_component_ref idref="oc-224"/>
      </symbol>
      <symbol id="sm-a15">
         <name>sl_WlanConnect</name>
         <value>0x3b81</value>
         <object_component_ref idref="oc-224"/>
      </symbol>
      <symbol id="sm-a16">
         <name>sl_WlanSet</name>
         <value>0x450d</value>
         <object_component_ref idref="oc-224"/>
      </symbol>
      <symbol id="sm-a17">
         <name>_SlSmartConfigStartCmdCtrl</name>
         <value>0x9170</value>
         <object_component_ref idref="oc-355"/>
      </symbol>
      <symbol id="sm-a18">
         <name>sl_WlanGetNetworkList</name>
         <value>0x4249</value>
         <object_component_ref idref="oc-224"/>
      </symbol>
      <symbol id="sm-a19">
         <name>sl_WlanSetMode</name>
         <value>0x44dd</value>
         <object_component_ref idref="oc-224"/>
      </symbol>
      <symbol id="sm-a5b">
         <name>CS_setExternalClockSourceFrequency</name>
         <value>0x8d81</value>
         <object_component_ref idref="oc-175"/>
      </symbol>
      <symbol id="sm-a5c">
         <name>CS_setDCOCenteredFrequency</name>
         <value>0x8cad</value>
         <object_component_ref idref="oc-181"/>
      </symbol>
      <symbol id="sm-a5d">
         <name>CS_initClockSignal</name>
         <value>0x81a1</value>
         <object_component_ref idref="oc-187"/>
      </symbol>
      <symbol id="sm-ad7">
         <name>GPIO_setOutputHighOnPin</name>
         <value>0x8da9</value>
         <object_component_ref idref="oc-101"/>
      </symbol>
      <symbol id="sm-ad8">
         <name>GPIO_setAsInputPinWithPullUpResistor</name>
         <value>0x8b4d</value>
         <object_component_ref idref="oc-236"/>
      </symbol>
      <symbol id="sm-ad9">
         <name>GPIO_getInterruptStatus</name>
         <value>0x8e0d</value>
         <object_component_ref idref="oc-265"/>
      </symbol>
      <symbol id="sm-ada">
         <name>GPIO_enableInterrupt</name>
         <value>0x8d95</value>
         <object_component_ref idref="oc-23c"/>
      </symbol>
      <symbol id="sm-adb">
         <name>GPIO_getEnabledInterruptStatus</name>
         <value>0x8b1d</value>
         <object_component_ref idref="oc-f5"/>
      </symbol>
      <symbol id="sm-adc">
         <name>GPIO_setAsOutputPin</name>
         <value>0x8cd1</value>
         <object_component_ref idref="oc-248"/>
      </symbol>
      <symbol id="sm-add">
         <name>GPIO_interruptEdgeSelect</name>
         <value>0x8d19</value>
         <object_component_ref idref="oc-242"/>
      </symbol>
      <symbol id="sm-ade">
         <name>GPIO_setOutputLowOnPin</name>
         <value>0x8d51</value>
         <object_component_ref idref="oc-107"/>
      </symbol>
      <symbol id="sm-adf">
         <name>GPIO_clearInterruptFlag</name>
         <value>0x8d39</value>
         <object_component_ref idref="oc-fb"/>
      </symbol>
      <symbol id="sm-ae0">
         <name>GPIO_setAsPeripheralModuleFunctionOutputPin</name>
         <value>0x8905</value>
         <object_component_ref idref="oc-16f"/>
      </symbol>
      <symbol id="sm-b35">
         <name>Interrupt_disableInterrupt</name>
         <value>0x879d</value>
         <object_component_ref idref="oc-169"/>
      </symbol>
      <symbol id="sm-b36">
         <name>Interrupt_enableMaster</name>
         <value>0x8e1d</value>
         <object_component_ref idref="oc-163"/>
      </symbol>
      <symbol id="sm-b37">
         <name>Interrupt_enableInterrupt</name>
         <value>0x8801</value>
         <object_component_ref idref="oc-15d"/>
      </symbol>
      <symbol id="sm-b38">
         <name>Interrupt_registerInterrupt</name>
         <value>0x8ae9</value>
         <object_component_ref idref="oc-213"/>
      </symbol>
      <symbol id="sm-b39">
         <name>g_pfnRAMVectors</name>
         <value>0x20000000</value>
         <object_component_ref idref="oc-33e"/>
      </symbol>
      <symbol id="sm-be8">
         <name>PCM_getCoreVoltageLevel</name>
         <value>0x8bdb</value>
         <object_component_ref idref="oc-45c"/>
      </symbol>
      <symbol id="sm-be9">
         <name>PCM_shutdownDevice</name>
         <value>0x8865</value>
         <object_component_ref idref="oc-3de"/>
      </symbol>
      <symbol id="sm-bea">
         <name>PCM_setPowerStateWithTimeout</name>
         <value>0x793d</value>
         <object_component_ref idref="oc-2f1"/>
      </symbol>
      <symbol id="sm-beb">
         <name>PCM_setPowerState</name>
         <value>0x8e97</value>
         <object_component_ref idref="oc-17b"/>
      </symbol>
      <symbol id="sm-bec">
         <name>PCM_setPowerModeWithTimeout</name>
         <value>0x8281</value>
         <object_component_ref idref="oc-3ea"/>
      </symbol>
      <symbol id="sm-bed">
         <name>PCM_getPowerMode</name>
         <value>0x8c07</value>
         <object_component_ref idref="oc-448"/>
      </symbol>
      <symbol id="sm-bee">
         <name>PCM_getPowerState</name>
         <value>0x8e2d</value>
         <object_component_ref idref="oc-3d2"/>
      </symbol>
      <symbol id="sm-bef">
         <name>PCM_setCoreVoltageLevelWithTimeout</name>
         <value>0x8409</value>
         <object_component_ref idref="oc-3e4"/>
      </symbol>
      <symbol id="sm-bf0">
         <name>PCM_gotoLPM3</name>
         <value>0x85cd</value>
         <object_component_ref idref="oc-3d8"/>
      </symbol>
      <symbol id="sm-bf1">
         <name>PCM_gotoLPM0</name>
         <value>0x8c5d</value>
         <object_component_ref idref="oc-3f0"/>
      </symbol>
      <symbol id="sm-bf2">
         <name>PCM_setPowerMode</name>
         <value>0x8e91</value>
         <object_component_ref idref="oc-44e"/>
      </symbol>
      <symbol id="sm-c1e">
         <name>SysTick_setPeriod</name>
         <value>0x8e59</value>
         <object_component_ref idref="oc-d7"/>
      </symbol>
      <symbol id="sm-c1f">
         <name>SysTick_registerInterrupt</name>
         <value>0x8e89</value>
         <object_component_ref idref="oc-d1"/>
      </symbol>
      <symbol id="sm-c20">
         <name>SysTick_enableInterrupt</name>
         <value>0x8dbd</value>
         <object_component_ref idref="oc-e3"/>
      </symbol>
      <symbol id="sm-c21">
         <name>SysTick_enableModule</name>
         <value>0x8dd1</value>
         <object_component_ref idref="oc-dd"/>
      </symbol>
      <symbol id="sm-c4d">
         <name>Timer_A_stopTimer</name>
         <value>0x8e65</value>
         <object_component_ref idref="oc-10d"/>
      </symbol>
      <symbol id="sm-c4e">
         <name>Timer_A_configureUpMode</name>
         <value>0x899d</value>
         <object_component_ref idref="oc-24e"/>
      </symbol>
      <symbol id="sm-c60">
         <name>CPU_wfi</name>
         <value>0x8ea3</value>
         <object_component_ref idref="oc-454"/>
      </symbol>
      <symbol id="sm-c61">
         <name>CPU_cpsie</name>
         <value>0x8e4b</value>
         <object_component_ref idref="oc-2e3"/>
      </symbol>
      <symbol id="sm-c73">
         <name>_c_int00</name>
         <value>0x88b5</value>
         <object_component_ref idref="oc-22"/>
      </symbol>
      <symbol id="sm-c74">
         <name>__stack</name>
         <value>0x2000fe00</value>
         <object_component_ref idref="oc-2a"/>
      </symbol>
      <symbol id="sm-c8b">
         <name>__TI_decompress_none</name>
         <value>0x8e3d</value>
         <object_component_ref idref="oc-10"/>
      </symbol>
      <symbol id="sm-cae">
         <name>__TI_decompress_rle24</name>
         <value>0x8e9d</value>
         <object_component_ref idref="oc-16"/>
      </symbol>
      <symbol id="sm-cc0">
         <name>__TI_zero_init</name>
         <value>0x8e71</value>
         <object_component_ref idref="oc-1c"/>
      </symbol>
      <symbol id="sm-cdf">
         <name>C$$EXIT</name>
         <value>0x89e1</value>
         <object_component_ref idref="oc-62"/>
      </symbol>
      <symbol id="sm-ce0">
         <name>abort</name>
         <value>0x89e5</value>
         <object_component_ref idref="oc-62"/>
      </symbol>
      <symbol id="sm-ce1">
         <name>exit</name>
         <value>0x89ed</value>
         <object_component_ref idref="oc-62"/>
      </symbol>
      <symbol id="sm-ce2">
         <name>__TI_dtors_ptr</name>
         <value>0x20000970</value>
         <object_component_ref idref="oc-b3"/>
      </symbol>
      <symbol id="sm-ce3">
         <name>__TI_cleanup_ptr</name>
         <value>0x2000096c</value>
         <object_component_ref idref="oc-b3"/>
      </symbol>
      <symbol id="sm-d03">
         <name>__aeabi_ddiv</name>
         <value>0x7bf9</value>
         <object_component_ref idref="oc-13c"/>
      </symbol>
      <symbol id="sm-d1a">
         <name>__aeabi_dmul</name>
         <value>0x80a5</value>
         <object_component_ref idref="oc-141"/>
      </symbol>
      <symbol id="sm-d27">
         <name>__aeabi_d2uiz</name>
         <value>0x8a25</value>
         <object_component_ref idref="oc-146"/>
      </symbol>
      <symbol id="sm-d33">
         <name>__aeabi_i2d</name>
         <value>0x8bad</value>
         <object_component_ref idref="oc-137"/>
      </symbol>
      <symbol id="sm-d4f">
         <name>memcpy</name>
         <value>0x84b1</value>
         <object_component_ref idref="oc-2b"/>
      </symbol>
      <symbol id="sm-d50">
         <name>__aeabi_memcpy</name>
         <value>0x84b1</value>
         <object_component_ref idref="oc-2b"/>
      </symbol>
      <symbol id="sm-d51">
         <name>__aeabi_memcpy8</name>
         <value>0x84b1</value>
         <object_component_ref idref="oc-2b"/>
      </symbol>
      <symbol id="sm-d52">
         <name>__aeabi_memcpy4</name>
         <value>0x84b1</value>
         <object_component_ref idref="oc-2b"/>
      </symbol>
      <symbol id="sm-d61">
         <name>__aeabi_memset</name>
         <value>0x864b</value>
         <object_component_ref idref="oc-44"/>
      </symbol>
      <symbol id="sm-d62">
         <name>memset</name>
         <value>0x8651</value>
         <object_component_ref idref="oc-44"/>
      </symbol>
      <symbol id="sm-d63">
         <name>__aeabi_memset8</name>
         <value>0x864b</value>
         <object_component_ref idref="oc-44"/>
      </symbol>
      <symbol id="sm-d64">
         <name>__aeabi_memset4</name>
         <value>0x864b</value>
         <object_component_ref idref="oc-44"/>
      </symbol>
      <symbol id="sm-d65">
         <name>__aeabi_memclr8</name>
         <value>0x8649</value>
         <object_component_ref idref="oc-44"/>
      </symbol>
      <symbol id="sm-d66">
         <name>__aeabi_memclr4</name>
         <value>0x8649</value>
         <object_component_ref idref="oc-44"/>
      </symbol>
      <symbol id="sm-d67">
         <name>__aeabi_memclr</name>
         <value>0x8649</value>
         <object_component_ref idref="oc-44"/>
      </symbol>
      <symbol id="sm-d71">
         <name>_system_pre_init</name>
         <value>0x8ea7</value>
         <object_component_ref idref="oc-50"/>
      </symbol>
      <symbol id="sm-d7a">
         <name>main_func_sp</name>
         <value>0x2000097c</value>
         <object_component_ref idref="oc-68"/>
      </symbol>
      <symbol id="sm-d88">
         <name>strlen</name>
         <value>0x8df9</value>
         <object_component_ref idref="oc-c5"/>
      </symbol>
      <symbol id="sm-d98">
         <name>strncmp</name>
         <value>0x8c85</value>
         <object_component_ref idref="oc-38e"/>
      </symbol>
      <symbol id="sm-da8">
         <name>strncpy</name>
         <value>0x8b7d</value>
         <object_component_ref idref="oc-125"/>
      </symbol>
      <symbol id="sm-dc0">
         <name>strtok</name>
         <value>0x8aa9</value>
         <object_component_ref idref="oc-12b"/>
      </symbol>
      <symbol id="sm-de5">
         <name>strtol</name>
         <value>0x7d31</value>
         <object_component_ref idref="oc-131"/>
      </symbol>
      <symbol id="sm-dfe">
         <name>_nop</name>
         <value>0x8df3</value>
         <object_component_ref idref="oc-1b5"/>
      </symbol>
      <symbol id="sm-dff">
         <name>_lock</name>
         <value>0x20000964</value>
         <object_component_ref idref="oc-b0"/>
      </symbol>
      <symbol id="sm-e00">
         <name>_unlock</name>
         <value>0x20000968</value>
         <object_component_ref idref="oc-b0"/>
      </symbol>
      <symbol id="sm-e01">
         <name>_register_lock</name>
         <value>0x8deb</value>
         <object_component_ref idref="oc-1b5"/>
      </symbol>
      <symbol id="sm-e02">
         <name>_register_unlock</name>
         <value>0x8de5</value>
         <object_component_ref idref="oc-1b5"/>
      </symbol>
      <symbol id="sm-e18">
         <name>_args_main</name>
         <value>0x8d69</value>
         <object_component_ref idref="oc-5c"/>
      </symbol>
      <symbol id="sm-e3f">
         <name>__TI_auto_init</name>
         <value>0x86c5</value>
         <object_component_ref idref="oc-56"/>
      </symbol>
      <symbol id="sm-e59">
         <name>copy_in</name>
         <value>0x8951</value>
         <object_component_ref idref="oc-a6"/>
      </symbol>
      <symbol id="sm-e64">
         <name>_ctypes_</name>
         <value>0x8eac</value>
         <object_component_ref idref="oc-2d0"/>
      </symbol>
      <symbol id="sm-e6c">
         <name>_Errno</name>
         <value>0x20000978</value>
         <object_component_ref idref="oc-2d3"/>
      </symbol>
      <symbol id="sm-e9b">
         <name>strcspn</name>
         <value>0x8cf5</value>
         <object_component_ref idref="oc-2c5"/>
      </symbol>
      <symbol id="sm-ead">
         <name>strspn</name>
         <value>0x8c31</value>
         <object_component_ref idref="oc-2bf"/>
      </symbol>
      <symbol id="sm-ec6">
         <name>__TI_static_base__</name>
         <value>0x0</value>
      </symbol>
      <symbol id="sm-ec9">
         <name>SHT$$INIT_ARRAY$$Limit</name>
         <value>0x0</value>
      </symbol>
      <symbol id="sm-eca">
         <name>SHT$$INIT_ARRAY$$Base</name>
         <value>0x0</value>
      </symbol>
   </symbol_table>
   <title>Link successful</title>
</link_info>
